[    0.000000] Linux version 5.19.0-rc5-xfstests-perf-00989-g119d2587483a-dirty (harshads@harshads.c.googlers.com) (gcc (Debian 13.2.0-5) 13.2.0, GNU ld (GNU Binutils for Debian) 2.41) #133 SMP PREEMPT_DYNAMIC Thu Jan 11 01:17:27 UTC 2024
[    0.000000] Command line: root=/dev/sda1 console=tty0 console=ttyS0,115200 earlyprintk=ttyS0,115200 consoleblank=0 intel_iommu=off
[    0.000000] x86/fpu: Supporting XSAVE feature 0x001: 'x87 floating point registers'
[    0.000000] x86/fpu: Supporting XSAVE feature 0x002: 'SSE registers'
[    0.000000] x86/fpu: Supporting XSAVE feature 0x004: 'AVX registers'
[    0.000000] x86/fpu: Supporting XSAVE feature 0x020: 'AVX-512 opmask'
[    0.000000] x86/fpu: Supporting XSAVE feature 0x040: 'AVX-512 Hi256'
[    0.000000] x86/fpu: Supporting XSAVE feature 0x080: 'AVX-512 ZMM_Hi256'
[    0.000000] x86/fpu: xstate_offset[2]:  576, xstate_sizes[2]:  256
[    0.000000] x86/fpu: xstate_offset[5]:  832, xstate_sizes[5]:   64
[    0.000000] x86/fpu: xstate_offset[6]:  896, xstate_sizes[6]:  512
[    0.000000] x86/fpu: xstate_offset[7]: 1408, xstate_sizes[7]: 1024
[    0.000000] x86/fpu: Enabled xstate features 0xe7, context size is 2432 bytes, using 'compacted' format.
[    0.000000] signal: max sigframe size: 3632
[    0.000000] BIOS-provided physical RAM map:
[    0.000000] BIOS-e820: [mem 0x0000000000000000-0x0000000000000fff] reserved
[    0.000000] BIOS-e820: [mem 0x0000000000001000-0x0000000000054fff] usable
[    0.000000] BIOS-e820: [mem 0x0000000000055000-0x000000000005ffff] reserved
[    0.000000] BIOS-e820: [mem 0x0000000000060000-0x0000000000097fff] usable
[    0.000000] BIOS-e820: [mem 0x0000000000098000-0x000000000009ffff] reserved
[    0.000000] BIOS-e820: [mem 0x0000000000100000-0x00000000bf6ecfff] usable
[    0.000000] BIOS-e820: [mem 0x00000000bf6ed000-0x00000000bf96cfff] reserved
[    0.000000] BIOS-e820: [mem 0x00000000bf96d000-0x00000000bf97efff] ACPI data
[    0.000000] BIOS-e820: [mem 0x00000000bf97f000-0x00000000bf9fefff] ACPI NVS
[    0.000000] BIOS-e820: [mem 0x00000000bf9ff000-0x00000000bffdffff] usable
[    0.000000] BIOS-e820: [mem 0x00000000bffe0000-0x00000000bfffffff] reserved
[    0.000000] BIOS-e820: [mem 0x0000000100000000-0x000000203fffffff] usable
[    0.000000] printk: bootconsole [earlyser0] enabled
[    0.000000] NX (Execute Disable) protection: active
[    0.000000] e820: update [mem 0x00100000-0x0010006f] usable ==> usable
[    0.000000] extended physical RAM map:
[    0.000000] reserve setup_data: [mem 0x0000000000000000-0x0000000000000fff] reserved
[    0.000000] reserve setup_data: [mem 0x0000000000001000-0x0000000000054fff] usable
[    0.000000] reserve setup_data: [mem 0x0000000000055000-0x000000000005ffff] reserved
[    0.000000] reserve setup_data: [mem 0x0000000000060000-0x0000000000097fff] usable
[    0.000000] reserve setup_data: [mem 0x0000000000098000-0x000000000009ffff] reserved
[    0.000000] reserve setup_data: [mem 0x0000000000100000-0x000000000010006f] usable
[    0.000000] reserve setup_data: [mem 0x0000000000100070-0x00000000bf6ecfff] usable
[    0.000000] reserve setup_data: [mem 0x00000000bf6ed000-0x00000000bf96cfff] reserved
[    0.000000] reserve setup_data: [mem 0x00000000bf96d000-0x00000000bf97efff] ACPI data
[    0.000000] reserve setup_data: [mem 0x00000000bf97f000-0x00000000bf9fefff] ACPI NVS
[    0.000000] reserve setup_data: [mem 0x00000000bf9ff000-0x00000000bffdffff] usable
[    0.000000] reserve setup_data: [mem 0x00000000bffe0000-0x00000000bfffffff] reserved
[    0.000000] reserve setup_data: [mem 0x0000000100000000-0x000000203fffffff] usable
[    0.000000] efi: EFI v2.70 by EDK II
[    0.000000] efi: TPMFinalLog=0xbf9f7000 ACPI=0xbf97e000 ACPI 2.0=0xbf97e014 SMBIOS=0xbf7ca000 MEMATTR=0xbdf4d018 
[    0.000000] SMBIOS 2.4 present.
[    0.000000] DMI: Google Google Compute Engine/Google Compute Engine, BIOS Google 01/11/2024
[    0.000000] Hypervisor detected: KVM
[    0.000000] kvm-clock: Using msrs 4b564d01 and 4b564d00
[    0.000001] kvm-clock: using sched offset of 64401820790 cycles
[    0.000674] clocksource: kvm-clock: mask: 0xffffffffffffffff max_cycles: 0x1cd42e4dffb, max_idle_ns: 881590591483 ns
[    0.002774] tsc: Detected 2800.252 MHz processor
[    0.003381] e820: update [mem 0x00000000-0x00000fff] usable ==> reserved
[    0.003384] e820: remove [mem 0x000a0000-0x000fffff] usable
[    0.003388] last_pfn = 0x2040000 max_arch_pfn = 0x400000000
[    0.004147] x86/PAT: Configuration [0-7]: WB  WC  UC- UC  WB  WP  UC- WT  
[    0.005433] x2apic: enabled by BIOS, switching to x2apic ops
[    0.006153] last_pfn = 0xbffe0 max_arch_pfn = 0x400000000
[    0.018402] Using GB pages for direct mapping
[    0.019148] Secure boot could not be determined
[    0.019732] ACPI: Early table checksum verification disabled
[    0.020467] ACPI: RSDP 0x00000000BF97E014 000024 (v02 Google)
[    0.021198] ACPI: XSDT 0x00000000BF97D0E8 00005C (v01 Google GOOGFACP 00000001      01000013)
[    0.022292] ACPI: FACP 0x00000000BF978000 0000F4 (v02 Google GOOGFACP 00000001 GOOG 00000001)
[    0.023378] ACPI: DSDT 0x00000000BF979000 001A64 (v01 Google GOOGDSDT 00000001 GOOG 00000001)
[    0.024484] ACPI: FACS 0x00000000BF9F1000 000040
[    0.025071] ACPI: SSDT 0x00000000BF97C000 000316 (v02 GOOGLE Tpm2Tabl 00001000 INTL 20211217)
[    0.026187] ACPI: TPM2 0x00000000BF97B000 000034 (v04 GOOGLE          00000001 GOOG 00000001)
[    0.027275] ACPI: SRAT 0x00000000BF977000 0002D0 (v03 Google GOOGSRAT 00000001 GOOG 00000001)
[    0.028365] ACPI: APIC 0x00000000BF976000 000166 (v05 Google GOOGAPIC 00000001 GOOG 00000001)
[    0.029452] ACPI: SSDT 0x00000000BF974000 0014DE (v01 Google GOOGSSDT 00000001 GOOG 00000001)
[    0.030542] ACPI: WAET 0x00000000BF973000 000028 (v01 Google GOOGWAET 00000001 GOOG 00000001)
[    0.031658] ACPI: Reserving FACP table memory at [mem 0xbf978000-0xbf9780f3]
[    0.032557] ACPI: Reserving DSDT table memory at [mem 0xbf979000-0xbf97aa63]
[    0.033457] ACPI: Reserving FACS table memory at [mem 0xbf9f1000-0xbf9f103f]
[    0.034356] ACPI: Reserving SSDT table memory at [mem 0xbf97c000-0xbf97c315]
[    0.035256] ACPI: Reserving TPM2 table memory at [mem 0xbf97b000-0xbf97b033]
[    0.036156] ACPI: Reserving SRAT table memory at [mem 0xbf977000-0xbf9772cf]
[    0.037057] ACPI: Reserving APIC table memory at [mem 0xbf976000-0xbf976165]
[    0.037956] ACPI: Reserving SSDT table memory at [mem 0xbf974000-0xbf9754dd]
[    0.038856] ACPI: Reserving WAET table memory at [mem 0xbf973000-0xbf973027]
[    0.039776] Setting APIC routing to cluster x2apic.
[    0.040422] SRAT: PXM 0 -> APIC 0x00 -> Node 0
[    0.040993] SRAT: PXM 0 -> APIC 0x01 -> Node 0
[    0.041561] SRAT: PXM 0 -> APIC 0x02 -> Node 0
[    0.042128] SRAT: PXM 0 -> APIC 0x03 -> Node 0
[    0.042694] SRAT: PXM 0 -> APIC 0x04 -> Node 0
[    0.043260] SRAT: PXM 0 -> APIC 0x05 -> Node 0
[    0.043826] SRAT: PXM 0 -> APIC 0x06 -> Node 0
[    0.044928] SRAT: PXM 0 -> APIC 0x07 -> Node 0
[    0.045493] SRAT: PXM 0 -> APIC 0x08 -> Node 0
[    0.046060] SRAT: PXM 0 -> APIC 0x09 -> Node 0
[    0.046626] SRAT: PXM 0 -> APIC 0x0a -> Node 0
[    0.047192] SRAT: PXM 0 -> APIC 0x0b -> Node 0
[    0.047760] SRAT: PXM 0 -> APIC 0x0c -> Node 0
[    0.048326] SRAT: PXM 0 -> APIC 0x0d -> Node 0
[    0.048892] SRAT: PXM 0 -> APIC 0x0e -> Node 0
[    0.049458] SRAT: PXM 0 -> APIC 0x0f -> Node 0
[    0.050025] SRAT: PXM 1 -> APIC 0x10 -> Node 1
[    0.050592] SRAT: PXM 1 -> APIC 0x11 -> Node 1
[    0.051159] SRAT: PXM 1 -> APIC 0x12 -> Node 1
[    0.051726] SRAT: PXM 1 -> APIC 0x13 -> Node 1
[    0.052292] SRAT: PXM 1 -> APIC 0x14 -> Node 1
[    0.052858] SRAT: PXM 1 -> APIC 0x15 -> Node 1
[    0.053437] SRAT: PXM 1 -> APIC 0x16 -> Node 1
[    0.054003] SRAT: PXM 1 -> APIC 0x17 -> Node 1
[    0.054569] SRAT: PXM 1 -> APIC 0x18 -> Node 1
[    0.055135] SRAT: PXM 1 -> APIC 0x19 -> Node 1
[    0.055703] SRAT: PXM 1 -> APIC 0x1a -> Node 1
[    0.056268] SRAT: PXM 1 -> APIC 0x1b -> Node 1
[    0.056834] SRAT: PXM 1 -> APIC 0x1c -> Node 1
[    0.057401] SRAT: PXM 1 -> APIC 0x1d -> Node 1
[    0.057968] SRAT: PXM 1 -> APIC 0x1e -> Node 1
[    0.058546] SRAT: PXM 1 -> APIC 0x1f -> Node 1
[    0.059137] ACPI: SRAT: Node 0 PXM 0 [mem 0x00000000-0x0009ffff]
[    0.059902] ACPI: SRAT: Node 0 PXM 0 [mem 0x00100000-0xbfffffff]
[    0.060668] ACPI: SRAT: Node 0 PXM 0 [mem 0x100000000-0x103fffffff]
[    0.061468] ACPI: SRAT: Node 1 PXM 1 [mem 0x1040000000-0x203fffffff]
[    0.062281] NUMA: Node 0 [mem 0x00000000-0x0009ffff] + [mem 0x00100000-0xbfffffff] -> [mem 0x00000000-0xbfffffff]
[    0.063590] NUMA: Node 0 [mem 0x00000000-0xbfffffff] + [mem 0x100000000-0x103fffffff] -> [mem 0x00000000-0x103fffffff]
[    0.064974] NODE_DATA(0) allocated [mem 0x103fffb000-0x103fffffff]
[    0.065765] NODE_DATA(1) allocated [mem 0x203fffb000-0x203fffffff]
[    0.066672] Zone ranges:
[    0.066998]   DMA      [mem 0x0000000000001000-0x0000000000ffffff]
[    0.067799]   DMA32    [mem 0x0000000001000000-0x00000000ffffffff]
[    0.068586]   Normal   [mem 0x0000000100000000-0x000000203fffffff]
[    0.069393]   Device   empty
[    0.069758] Movable zone start for each node
[    0.070302] Early memory node ranges
[    0.070758]   node   0: [mem 0x0000000000001000-0x0000000000054fff]
[    0.071581]   node   0: [mem 0x0000000000060000-0x0000000000097fff]
[    0.072402]   node   0: [mem 0x0000000000100000-0x00000000bf6ecfff]
[    0.073202]   node   0: [mem 0x00000000bf9ff000-0x00000000bffdffff]
[    0.074004]   node   0: [mem 0x0000000100000000-0x000000103fffffff]
[    0.074807]   node   1: [mem 0x0000001040000000-0x000000203fffffff]
[    0.075609] Initmem setup node 0 [mem 0x0000000000001000-0x000000103fffffff]
[    0.076503] Initmem setup node 1 [mem 0x0000001040000000-0x000000203fffffff]
[    0.077404] On node 0, zone DMA: 1 pages in unavailable ranges
[    0.077406] On node 0, zone DMA: 11 pages in unavailable ranges
[    0.078175] On node 0, zone DMA: 104 pages in unavailable ranges
[    0.084433] On node 0, zone DMA32: 786 pages in unavailable ranges
[    0.199285] On node 0, zone Normal: 32 pages in unavailable ranges
[    0.378192] ACPI: PM-Timer IO Port: 0xb008
[    0.379540] ACPI: LAPIC_NMI (acpi_id[0xff] dfl dfl lint[0x1])
[    0.380331] IOAPIC[0]: apic_id 0, version 17, address 0xfec00000, GSI 0-23
[    0.381215] ACPI: INT_SRC_OVR (bus 0 bus_irq 5 global_irq 5 high level)
[    0.382096] ACPI: INT_SRC_OVR (bus 0 bus_irq 9 global_irq 9 high level)
[    0.382941] ACPI: INT_SRC_OVR (bus 0 bus_irq 10 global_irq 10 high level)
[    0.383807] ACPI: INT_SRC_OVR (bus 0 bus_irq 11 global_irq 11 high level)
[    0.384699] ACPI: Using ACPI (MADT) for SMP configuration information
[    0.385520] smpboot: Allowing 32 CPUs, 0 hotplug CPUs
[    0.386191] [mem 0xc0000000-0xffffffff] available for PCI devices
[    0.386974] Booting paravirtualized kernel on KVM
[    0.387576] clocksource: refined-jiffies: mask: 0xffffffff max_cycles: 0xffffffff, max_idle_ns: 6370452778343963 ns
[    0.394039] setup_percpu: NR_CPUS:48 nr_cpumask_bits:48 nr_cpu_ids:32 nr_node_ids:2
[    0.397804] percpu: Embedded 51 pages/cpu s179048 r0 d29848 u262144
[    0.398620] pcpu-alloc: s179048 r0 d29848 u262144 alloc=1*2097152
[    0.398623] pcpu-alloc: [0] 00 01 02 03 04 05 06 07 [0] 16 17 18 19 20 21 22 23 
[    0.398632] pcpu-alloc: [1] 08 09 10 11 12 13 14 15 [1] 24 25 26 27 28 29 30 31 
[    0.398659] kvm-guest: PV spinlocks enabled
[    0.399237] PV qspinlock hash table entries: 256 (order: 0, 4096 bytes, linear)
[    0.400177] Fallback order for Node 0: 0 1 
[    0.400714] Fallback order for Node 1: 1 0 
[    0.401250] Built 2 zonelists, mobility grouping on.  Total pages: 33029080
[    0.402135] Policy zone: Normal
[    0.402535] Kernel command line: root=/dev/sda1 console=tty0 console=ttyS0,115200 earlyprintk=ttyS0,115200 consoleblank=0 intel_iommu=off
[    0.404168] Unknown kernel command line parameters "intel_iommu=off", will be passed to user space.
[    0.405328] printk: log_buf_len individual max cpu contribution: 4096 bytes
[    0.406216] printk: log_buf_len total cpu_extra contributions: 126976 bytes
[    0.407107] printk: log_buf_len min size: 131072 bytes
[    0.408230] printk: log_buf_len: 262144 bytes
[    0.408796] printk: early log buf free: 119736(91%)
[    0.409805] mem auto-init: stack:all(zero), heap alloc:off, heap free:off
[    0.721426] Memory: 132009036K/134213992K available (16401K kernel code, 2641K rwdata, 3428K rodata, 1540K init, 1152K bss, 2204696K reserved, 0K cma-reserved)
[    0.724228] ftrace: allocating 44543 entries in 174 pages
[    0.735428] ftrace: allocated 174 pages with 5 groups
[    0.737656] Dynamic Preempt: none
[    0.738240] rcu: Preemptible hierarchical RCU implementation.
[    0.738979] rcu: 	RCU event tracing is enabled.
[    0.739556] rcu: 	RCU restricting CPUs from NR_CPUS=48 to nr_cpu_ids=32.
[    0.740413] 	Trampoline variant of Tasks RCU enabled.
[    0.741057] 	Rude variant of Tasks RCU enabled.
[    0.741634] 	Tracing variant of Tasks RCU enabled.
[    0.742246] rcu: RCU calculated value of scheduler-enlistment delay is 30 jiffies.
[    0.743212] rcu: Adjusting geometry for rcu_fanout_leaf=16, nr_cpu_ids=32
[    0.748951] NR_IRQS: 4352, nr_irqs: 680, preallocated irqs: 16
[    0.750019] rcu: srcu_init: Setting srcu_struct sizes based on contention.
[    0.750938] random: crng init done
[    0.752316] Console: colour dummy device 80x25
[    0.753112] printk: console [tty0] enabled
[    0.753678] printk: console [ttyS0] enabled
[    0.754820] printk: bootconsole [earlyser0] disabled
[    0.756210] ACPI: Core revision 20220331
[    0.756849] APIC: Switch to symmetric I/O mode setup
[    0.760777] Switched APIC routing to physical x2apic.
[    0.765333] ..TIMER: vector=0x30 apic1=0 pin1=0 apic2=-1 pin2=-1
[    0.766382] clocksource: tsc-early: mask: 0xffffffffffffffff max_cycles: 0x285d2eb9f65, max_idle_ns: 440795297452 ns
[    0.767825] Calibrating delay loop (skipped) preset value.. 5602.85 BogoMIPS (lpj=9334173)
[    0.768936] pid_max: default: 32768 minimum: 301
[    0.769712] LSM: Security Framework initializing
[    0.781217] Dentry cache hash table entries: 8388608 (order: 14, 67108864 bytes, vmalloc hugepage)
[    0.787751] Inode-cache hash table entries: 4194304 (order: 13, 33554432 bytes, vmalloc hugepage)
[    0.788014] Mount-cache hash table entries: 131072 (order: 8, 1048576 bytes, vmalloc)
[    0.789227] Mountpoint-cache hash table entries: 131072 (order: 8, 1048576 bytes, vmalloc)
[    0.792212] Last level iTLB entries: 4KB 64, 2MB 8, 4MB 8
[    0.792941] Last level dTLB entries: 4KB 64, 2MB 0, 4MB 0, 1GB 4
[    0.793753] Spectre V1 : Mitigation: usercopy/swapgs barriers and __user pointer sanitization
[    0.794496] Spectre V2 : Mitigation: Enhanced IBRS
[    0.795143] Spectre V2 : Spectre v2 / SpectreRSB mitigation: Filling RSB on context switch
[    0.796235] Spectre V2 : mitigation: Enabling conditional Indirect Branch Prediction Barrier
[    0.797829] Speculative Store Bypass: Mitigation: Speculative Store Bypass disabled via prctl
[    0.798966] MDS: Mitigation: Clear CPU buffers
[    0.799568] TAA: Mitigation: Clear CPU buffers
[    0.800169] MMIO Stale Data: Vulnerable: Clear CPU buffers attempted, no microcode
[    0.805817] Freeing SMP alternatives memory: 48K
[    0.913261] smpboot: CPU0: Intel(R) Xeon(R) CPU @ 2.80GHz (family: 0x6, model: 0x55, stepping: 0x7)
[    0.914489] cblist_init_generic: Setting adjustable number of callback queues.
[    0.914489] cblist_init_generic: Setting shift to 5 and lim to 1.
[    0.914489] cblist_init_generic: Setting shift to 5 and lim to 1.
[    0.914508] cblist_init_generic: Setting shift to 5 and lim to 1.
[    0.915337] Performance Events: unsupported p6 CPU model 85 no PMU driver, software events only.
[    0.916534] rcu: Hierarchical SRCU implementation.
[    0.917896] NMI watchdog: Perf NMI watchdog permanently disabled
[    0.919110] smp: Bringing up secondary CPUs ...
[    0.919844] x86: Booting SMP configuration:
[    0.920414] .... node  #0, CPUs:        #1  #2  #3  #4  #5  #6  #7
[    0.925492] .... node  #1, CPUs:    #8
[    0.013573] smpboot: CPU 8 Converting physical 0 to logical die 1
[    0.931348]   #9 #10 #11 #12 #13 #14 #15
[    0.935296] .... node  #0, CPUs:   #16
[    0.938084] MDS CPU bug present and SMT on, data leak possible. See https://www.kernel.org/doc/html/latest/admin-guide/hw-vuln/mds.html for more details.
[    0.940148] TAA CPU bug present and SMT on, data leak possible. See https://www.kernel.org/doc/html/latest/admin-guide/hw-vuln/tsx_async_abort.html for more details.
[    0.941160] MMIO Stale Data CPU bug present and SMT on, data leak possible. See https://www.kernel.org/doc/html/latest/admin-guide/hw-vuln/processor_mmio_stale_data.html for more details.
[    0.944622]  #17 #18 #19 #20 #21 #22 #23
[    0.948538] .... node  #1, CPUs:   #24 #25 #26 #27 #28 #29 #30 #31
[    0.954883] smp: Brought up 2 nodes, 32 CPUs
[    0.956105] smpboot: Max logical packages: 2
[    0.956688] smpboot: Total of 32 processors activated (179287.46 BogoMIPS)
[    0.963792] devtmpfs: initialized
[    0.963792] x86/mm: Memory block size: 1024MB
[    0.965322] clocksource: jiffies: mask: 0xffffffff max_cycles: 0xffffffff, max_idle_ns: 6370867519511994 ns
[    0.965851] futex hash table entries: 8192 (order: 7, 524288 bytes, vmalloc)
[    0.968146] NET: Registered PF_NETLINK/PF_ROUTE protocol family
[    0.969143] thermal_sys: Registered thermal governor 'step_wise'
[    0.969167] cpuidle: using governor menu
[    0.969167] PCI: Using configuration type 1 for base access
[    0.971231] cryptd: max_cpu_qlen set to 1000
[    1.031158] raid6: avx512x4 gen() 18849 MB/s
[    1.087824] raid6: avx512x2 gen() 18878 MB/s
[    1.144491] raid6: avx512x1 gen() 18854 MB/s
[    1.201157] raid6: avx2x4   gen() 18820 MB/s
[    1.257823] raid6: avx2x2   gen() 18774 MB/s
[    1.314491] raid6: avx2x1   gen() 14332 MB/s
[    1.315100] raid6: using algorithm avx512x2 gen() 18878 MB/s
[    1.371156] raid6: .... xor() 27140 MB/s, rmw enabled
[    1.371854] raid6: using avx512x2 recovery algorithm
[    1.372585] ACPI: Added _OSI(Module Device)
[    1.373155] ACPI: Added _OSI(Processor Device)
[    1.373769] ACPI: Added _OSI(3.0 _SCP Extensions)
[    1.374408] ACPI: Added _OSI(Processor Aggregator Device)
[    1.374493] ACPI: Added _OSI(Linux-Dell-Video)
[    1.375094] ACPI: Added _OSI(Linux-Lenovo-NV-HDMI-Audio)
[    1.375826] ACPI: Added _OSI(Linux-HPI-Hybrid-Graphics)
[    1.378661] ACPI: 3 ACPI AML tables successfully acquired and loaded
[    1.381888] ACPI: Interpreter enabled
[    1.382417] ACPI: PM: (supports S0 S5)
[    1.382930] ACPI: Using IOAPIC for interrupt routing
[    1.383616] PCI: Using host bridge windows from ACPI; if necessary, use "pci=nocrs" and report a bug
[    1.384492] PCI: Ignoring E820 reservations for host bridge windows
[    1.385530] ACPI: Enabled 16 GPEs in block 00 to 0F
[    1.389552] ACPI: PCI Root Bridge [PCI0] (domain 0000 [bus 00-ff])
[    1.390388] acpi PNP0A03:00: _OSC: OS supports [ASPM ClockPM Segments MSI HPX-Type3]
[    1.391160] acpi PNP0A03:00: PCIe port services disabled; not requesting _OSC control
[    1.392346] PCI host bridge to bus 0000:00
[    1.392934] pci_bus 0000:00: Unknown NUMA node; performance will be reduced
[    1.393868] pci_bus 0000:00: root bus resource [io  0x0000-0x0cf7 window]
[    1.394493] pci_bus 0000:00: root bus resource [io  0x0d00-0xffff window]
[    1.395407] pci_bus 0000:00: root bus resource [mem 0x000a0000-0x000bffff window]
[    1.396399] pci_bus 0000:00: root bus resource [mem 0xc0000000-0xfebfefff window]
[    1.397826] pci_bus 0000:00: root bus resource [bus 00-ff]
[    1.398606] pci 0000:00:00.0: [8086:1237] type 00 class 0x060000
[    1.404821] pci 0000:00:01.0: [8086:7110] type 00 class 0x060100
[    1.443421] pci 0000:00:01.3: [8086:7113] type 00 class 0x068000
[    1.480022] pci 0000:00:01.3: quirk: [io  0xb000-0xb03f] claimed by PIIX4 ACPI
[    1.481247] pci 0000:00:03.0: [1af4:1004] type 00 class 0x000000
[    1.494490] pci 0000:00:03.0: reg 0x10: [io  0xc040-0xc07f]
[    1.504491] pci 0000:00:03.0: reg 0x14: [mem 0xc0102000-0xc010207f]
[    1.531374] pci 0000:00:04.0: [1ae0:001f] type 00 class 0x010802
[    1.551158] pci 0000:00:04.0: reg 0x10: [mem 0xc0000000-0xc0003fff 64bit]
[    1.571158] pci 0000:00:04.0: reg 0x20: [mem 0xc0101000-0xc01011ff]
[    1.581444] pci 0000:00:05.0: [1af4:1000] type 00 class 0x020000
[    1.594491] pci 0000:00:05.0: reg 0x10: [io  0xc000-0xc03f]
[    1.607824] pci 0000:00:05.0: reg 0x14: [mem 0xc0100000-0xc01007ff]
[    1.638035] pci 0000:00:06.0: [1af4:1005] type 00 class 0x00ff00
[    1.654491] pci 0000:00:06.0: reg 0x10: [io  0xc080-0xc09f]
[    1.666871] pci 0000:00:06.0: reg 0x14: [mem 0xc0103000-0xc010303f]
[    1.695165] ACPI: PCI: Interrupt link LNKA configured for IRQ 10
[    1.697888] ACPI: PCI: Interrupt link LNKB configured for IRQ 11
[    1.701225] ACPI: PCI: Interrupt link LNKC configured for IRQ 10
[    1.704550] ACPI: PCI: Interrupt link LNKD configured for IRQ 11
[    1.707845] ACPI: PCI: Interrupt link LNKS configured for IRQ 9
[    1.712104] SCSI subsystem initialized
[    1.712104] Registered efivars operations
[    1.712512] PCI: Using ACPI for IRQ routing
[    1.713108] PCI: pci_cache_line_size set to 64 bytes
[    1.713200] e820: reserve RAM buffer [mem 0x00055000-0x0005ffff]
[    1.713202] e820: reserve RAM buffer [mem 0x00098000-0x0009ffff]
[    1.713203] e820: reserve RAM buffer [mem 0xbf6ed000-0xbfffffff]
[    1.713205] e820: reserve RAM buffer [mem 0xbffe0000-0xbfffffff]
[    1.713218] vgaarb: loaded
[    1.714669] clocksource: Switched to clocksource kvm-clock
[    1.715519] VFS: Disk quotas dquot_6.6.0
[    1.716105] VFS: Dquot-cache hash table entries: 512 (order 0, 4096 bytes)
[    1.717055] pnp: PnP ACPI init
[    1.717920] pnp: PnP ACPI: found 7 devices
[    1.724484] clocksource: acpi_pm: mask: 0xffffff max_cycles: 0xffffff, max_idle_ns: 2085701024 ns
[    1.725773] NET: Registered PF_INET protocol family
[    1.727042] IP idents hash table entries: 262144 (order: 9, 2097152 bytes, vmalloc)
[    1.730549] tcp_listen_portaddr_hash hash table entries: 65536 (order: 8, 1048576 bytes, vmalloc)
[    1.731887] Table-perturb hash table entries: 65536 (order: 6, 262144 bytes, vmalloc)
[    1.732948] TCP established hash table entries: 524288 (order: 10, 4194304 bytes, vmalloc hugepage)
[    1.734821] TCP bind hash table entries: 65536 (order: 8, 1048576 bytes, vmalloc)
[    1.735959] TCP: Hash tables configured (established 524288 bind 65536)
[    1.736943] UDP hash table entries: 65536 (order: 9, 2097152 bytes, vmalloc)
[    1.738288] UDP-Lite hash table entries: 65536 (order: 9, 2097152 bytes, vmalloc)
[    1.739730] NET: Registered PF_UNIX/PF_LOCAL protocol family
[    1.740678] RPC: Registered named UNIX socket transport module.
[    1.741498] RPC: Registered udp transport module.
[    1.742161] RPC: Registered tcp transport module.
[    1.742808] RPC: Registered tcp NFSv4.1 backchannel transport module.
[    1.743681] pci_bus 0000:00: resource 4 [io  0x0000-0x0cf7 window]
[    1.744529] pci_bus 0000:00: resource 5 [io  0x0d00-0xffff window]
[    1.745354] pci_bus 0000:00: resource 6 [mem 0x000a0000-0x000bffff window]
[    1.746267] pci_bus 0000:00: resource 7 [mem 0xc0000000-0xfebfefff window]
[    1.747239] pci 0000:00:00.0: Limiting direct PCI/PCI transfers
[    1.748104] PCI: CLS 0 bytes, default 64
[    1.748674] PCI-DMA: Using software bounce buffering for IO (SWIOTLB)
[    1.749583] software IO TLB: mapped [mem 0x00000000b9f4d000-0x00000000bdf4d000] (64MB)
[    1.751749] RAPL PMU: API unit is 2^-32 Joules, 0 fixed counters, 10737418240 ms ovfl timer
[    1.752965] clocksource: tsc: mask: 0xffffffffffffffff max_cycles: 0x285d2eb9f65, max_idle_ns: 440795297452 ns
[    1.754518] clocksource: Switched to clocksource tsc
[    1.755689] Initialise system trusted keyrings
[    1.756498] workingset: timestamp_bits=40 max_order=25 bucket_order=0
[    1.758699] NFS: Registering the id_resolver key type
[    1.759837] Key type id_resolver registered
[    1.760408] Key type id_legacy registered
[    1.761013] Installing knfsd (copyright (C) 1996 okir@monad.swb.de).
[    1.762086] ntfs: driver 2.1.32 [Flags: R/W].
[    1.762836] fuse: init (API version 7.36)
[    1.763532] JFS: nTxBlock = 8192, nTxLock = 65536
[    1.766376] SGI XFS with ACLs, security attributes, realtime, scrub, repair, quota, no debug enabled
[    1.767934] 9p: Installing v9fs 9p2000 file system support
[    1.768745] NILFS version 2 loaded
[    1.769262] ocfs2: Registered cluster interface o2cb
[    1.770012] OCFS2 User DLM kernel interface loaded
[    1.770880] xor: automatically using best checksumming function   avx       
[    1.771829] Key type asymmetric registered
[    1.772388] Asymmetric key parser 'x509' registered
[    1.773071] Block layer SCSI generic (bsg) driver version 0.4 loaded (major 249)
[    1.774068] io scheduler mq-deadline registered
[    1.774706] io scheduler kyber registered
[    1.777068] input: Power Button as /devices/LNXSYSTM:00/LNXPWRBN:00/input/input0
[    1.778132] ACPI: button: Power Button [PWRF]
[    1.778777] input: Sleep Button as /devices/LNXSYSTM:00/LNXSLPBN:00/input/input1
[    1.779758] ACPI: button: Sleep Button [SLPF]
[    1.784936] ACPI: \_SB_.LNKC: Enabled at IRQ 10
[    1.787979] virtio-pci 0000:00:03.0: virtio_pci: leaving for legacy driver
[    1.798697] ACPI: \_SB_.LNKA: Enabled at IRQ 11
[    1.801383] virtio-pci 0000:00:05.0: virtio_pci: leaving for legacy driver
[    1.812519] ACPI: \_SB_.LNKB: Enabled at IRQ 11
[    1.815234] virtio-pci 0000:00:06.0: virtio_pci: leaving for legacy driver
[    1.822590] Serial: 8250/16550 driver, 32 ports, IRQ sharing disabled
[    1.823553] 00:03: ttyS0 at I/O 0x3f8 (irq = 4, base_baud = 115200) is a 16550A
[    1.824669] 00:04: ttyS1 at I/O 0x2f8 (irq = 3, base_baud = 115200) is a 16550A
[    1.825785] 00:05: ttyS2 at I/O 0x3e8 (irq = 6, base_baud = 115200) is a 16550A
[    1.826904] 00:06: ttyS3 at I/O 0x2e8 (irq = 7, base_baud = 115200) is a 16550A
[    1.848011] tpm_tis MSFT0101:00: 2.0 TPM (device-id 0x9009, rev-id 0)
[    1.861561] loop: module loaded
[    1.880338] scsi host0: Virtio SCSI HBA
[    1.884846] scsi 0:0:1:0: Direct-Access     Google   PersistentDisk   1    PQ: 0 ANSI: 6
[    1.886229] scsi 0:0:2:0: Direct-Access     Google   PersistentDisk   1    PQ: 0 ANSI: 6
[    1.900710] sd 0:0:1:0: [sda] 20971520 512-byte logical blocks: (10.7 GB/10.0 GiB)
[    1.900718] sd 0:0:2:0: [sdb] 10485760000 512-byte logical blocks: (5.37 TB/4.88 TiB)
[    1.900860] nvme nvme0: pci function 0000:00:04.0
[    1.906956] sd 0:0:1:0: [sda] 4096-byte physical blocks
[    1.909581] ACPI: \_SB_.LNKD: Enabled at IRQ 10
[    1.916881] sd 0:0:2:0: [sdb] 4096-byte physical blocks
[    1.920498] sd 0:0:1:0: [sda] Write Protect is off
[    1.923767] sd 0:0:2:0: [sdb] Write Protect is off
[    1.927668] sd 0:0:1:0: [sda] Mode Sense: 1f 00 00 08
[    1.930622] sd 0:0:2:0: [sdb] Mode Sense: 1f 00 00 08
[    1.931472] sd 0:0:1:0: [sda] Write cache: enabled, read cache: enabled, doesn't support DPO or FUA
[    1.932160] sd 0:0:2:0: [sdb] Write cache: enabled, read cache: enabled, doesn't support DPO or FUA
[    1.966974]  sda: sda1 sda14 sda15
[    1.971203] sd 0:0:1:0: [sda] Attached SCSI disk
[    1.983505]  sdb: sdb1 sdb2
[    1.987395] sd 0:0:2:0: [sdb] Attached SCSI disk
[    2.016773] nvme nvme0: 15/0/0 default/read/poll queues
[    2.057867]  nvme0n1: p1 p2
[    2.226505] i8042: PNP: PS/2 Controller [PNP0303:KBD,PNP0f13:MOU] at 0x60,0x64 irq 1,12
[    2.227794] i8042: Warning: Keylock active
[    2.230010] serio: i8042 KBD port at 0x60,0x64 irq 1
[    2.230705] serio: i8042 AUX port at 0x60,0x64 irq 12
[    2.231416] device-mapper: core: CONFIG_IMA_DISABLE_HTABLE is disabled. Duplicate IMA measurements will not be recorded in the IMA log.
[    2.233132] device-mapper: ioctl: 4.46.0-ioctl (2022-02-22) initialised: dm-devel@redhat.com
[    2.234396] intel_pstate: CPU model not supported
[    2.235045] EFI Variables Facility v0.08 2004-May-17
[    2.243292] NET: Registered PF_INET6 protocol family
[    2.244454] Segment Routing with IPv6
[    2.244975] In-situ OAM (IOAM) with IPv6
[    2.245529] sit: IPv6, IPv4 and MPLS over IPv4 tunneling driver
[    2.246437] NET: Registered PF_PACKET protocol family
[    2.247153] 9pnet: Installing 9P2000 support
[    2.247754] Key type dns_resolver registered
[    2.251761] IPI shorthand broadcast: enabled
[    2.252353] AVX2 version of gcm_enc/dec engaged.
[    2.253534] AES CTR mode by8 optimization enabled
[    2.254663] sched_clock: Marking stable (2244400265, 10240480)->(2289535797, -34895052)
[    2.256746] Loading compiled-in X.509 certificates
[    2.257582] Key type ._fscrypt registered
[    2.258148] Key type .fscrypt registered
[    2.258715] Key type fscrypt-provisioning registered
[    2.260864] Btrfs loaded, crc32c=crc32c-intel, assert=on, zoned=no, fsverity=yes
[    2.262418] Key type encrypted registered
[    2.262991] ima: Allocated hash algorithm: sha1
[    2.294541] ima: No architecture policies found
[    2.295476] evm: Initialising EVM extended attributes:
[    2.296183] evm: security.selinux (disabled)
[    2.296764] evm: security.SMACK64 (disabled)
[    2.297344] evm: security.SMACK64EXEC (disabled)
[    2.297978] evm: security.SMACK64TRANSMUTE (disabled)
[    2.298662] evm: security.SMACK64MMAP (disabled)
[    2.299288] evm: security.apparmor (disabled)
[    2.299879] evm: security.ima
[    2.300293] evm: security.capability
[    2.300783] evm: HMAC attrs: 0x1
[    2.434730] input: AT Translated Set 2 keyboard as /devices/platform/i8042/serio0/input/input2
[    2.539071] EXT4-fs (sda1): INFO: recovery required on readonly filesystem
[    2.539997] EXT4-fs (sda1): write access will be enabled during recovery
[    2.685043] EXT4-fs (sda1): recovery complete
[    2.687233] EXT4-fs (sda1): mounted filesystem with ordered data mode. Quota mode: none.
[    2.688337] VFS: Mounted root (ext4 filesystem) readonly on device 8:1.
[    2.690366] Freeing unused kernel image (initmem) memory: 1540K
[    2.691212] Write protecting the kernel read-only data: 22528k
[    2.693283] Freeing unused kernel image (text/rodata gap) memory: 2028K
[    2.694592] Freeing unused kernel image (rodata/data gap) memory: 668K
[    2.695470] Run /sbin/init as init process
[    2.696029]   with arguments:
[    2.696030]     /sbin/init
[    2.696031]   with environment:
[    2.696031]     HOME=/
[    2.696032]     TERM=linux
[    2.696033]     intel_iommu=off
[    3.236210] systemd[1]: systemd 247.3-7+deb11u4 running in system mode. (+PAM +AUDIT +SELINUX +IMA +APPARMOR +SMACK +SYSVINIT +UTMP +LIBCRYPTSETUP +GCRYPT +GNUTLS +ACL +XZ +LZ4 +ZSTD +SECCOMP +BLKID +ELFUTILS +KMOD +IDN2 -IDN +PCRE2 default-hierarchy=unified)
[    3.239350] systemd[1]: Detected virtualization kvm.
[    3.240031] systemd[1]: Detected architecture x86-64.
[    3.268528] systemd[1]: Set hostname to <debian>.
[    3.958274] systemd[1]: Queued start job for default target Graphical Interface.
[    3.960402] systemd[1]: Created slice system-getty.slice.
[    3.974795] systemd[1]: Created slice system-modprobe.slice.
[    3.988067] systemd[1]: Created slice system-serial\x2dgetty.slice.
[    4.001398] systemd[1]: Created slice system-systemd\x2dgrowfs.slice.
[    4.014701] systemd[1]: Created slice User and Session Slice.
[    4.027904] systemd[1]: Started Dispatch Password Requests to Console Directory Watch.
[    4.041233] systemd[1]: Started Forward Password Requests to Wall Directory Watch.
[    4.054571] systemd[1]: Condition check resulted in Arbitrary Executable File Formats File System Automount Point being skipped.
[    4.056140] systemd[1]: Reached target Local Encrypted Volumes.
[    4.071229] systemd[1]: Reached target Paths.
[    4.084541] systemd[1]: Reached target Slices.
[    4.097867] systemd[1]: Reached target Swap.
[    4.111200] systemd[1]: Reached target System Time Set.
[    4.127600] systemd[1]: Listening on RPCbind Server Activation Socket.
[    4.141992] systemd[1]: Listening on Syslog Socket.
[    4.154602] systemd[1]: Listening on fsck to fsckd communication Socket.
[    4.167899] systemd[1]: Listening on initctl Compatibility Named Pipe.
[    4.181270] systemd[1]: Condition check resulted in Journal Audit Socket being skipped.
[    4.182509] systemd[1]: Listening on Journal Socket (/dev/log).
[    4.194615] systemd[1]: Listening on Journal Socket.
[    4.208994] systemd[1]: Listening on udev Control Socket.
[    4.221261] systemd[1]: Listening on udev Kernel Socket.
[    4.234670] systemd[1]: Condition check resulted in Huge Pages File System being skipped.
[    4.236474] systemd[1]: Mounting POSIX Message Queue File System...
[    4.251754] systemd[1]: Mounting NFSD configuration filesystem...
[    4.265091] systemd[1]: Mounting RPC Pipe File System...
[    4.278460] systemd[1]: Mounting Kernel Debug File System...
[    4.291755] systemd[1]: Mounting Kernel Trace File System...
[    4.304556] systemd[1]: Condition check resulted in Kernel Module supporting RPCSEC_GSS being skipped.
[    4.305873] systemd[1]: Condition check resulted in Create list of static device nodes for the current kernel being skipped.
[    4.307954] systemd[1]: Starting Load Kernel Module configfs...
[    4.321790] systemd[1]: Starting Load Kernel Module drm...
[    4.335104] systemd[1]: Starting Load Kernel Module fuse...
[    4.349053] systemd[1]: Condition check resulted in Set Up Additional Binary Formats being skipped.
[    4.350915] systemd[1]: Starting File System Check on Root Device...
[    4.366451] systemd[1]: Starting Journal Service...
[    4.369082] systemd[1]: Starting Load Kernel Modules...
[    4.370754] systemd[1]: Starting Coldplug All udev Devices...
[    4.372972] systemd[1]: Mounted POSIX Message Queue File System.
[    4.373984] systemd[1]: Mounted NFSD configuration filesystem.
[    4.374938] systemd[1]: Mounted RPC Pipe File System.
[    4.375776] systemd[1]: Mounted Kernel Debug File System.
[    4.376672] systemd[1]: Mounted Kernel Trace File System.
[    4.377729] systemd[1]: modprobe@configfs.service: Succeeded.
[    4.378928] systemd[1]: Finished Load Kernel Module configfs.
[    4.380088] systemd[1]: modprobe@drm.service: Succeeded.
[    4.381269] systemd[1]: Finished Load Kernel Module drm.
[    4.382351] systemd[1]: modprobe@fuse.service: Succeeded.
[    4.383409] systemd[1]: Finished Load Kernel Module fuse.
[    4.384604] systemd[1]: Finished Load Kernel Modules.
[    4.421291] systemd[1]: Started Journal Service.
[    4.802770] EXT4-fs (sda1): re-mounted. Quota mode: none.
[    4.839763] systemd-journald[389]: Received client request to flush runtime journal.
[    4.900160] systemd-journald[389]: File /var/log/journal/c196da314138752caf756665db00364c/system.journal corrupted or uncleanly shut down, renaming and replacing.
[    5.061679] virtio_net virtio1 enp0s5: renamed from eth0
[    5.139022] FAT-fs (sda15): Volume was not properly unmounted. Some data may be corrupt. Please run fsck.
[    8.818427] NFSD: Using UMH upcall client tracking operations.
[    8.819242] NFSD: starting 90-second grace period (net f0000000)
[   41.865283] systemd-journald[389]: File /var/log/journal/c196da314138752caf756665db00364c/user-1000.journal corrupted or uncleanly shut down, renaming and replacing.
[  154.075559] nfsd: last server has exited, flushing export cache
[  160.862196] EXT4-fs (nvme0n1p1): mounted filesystem with ordered data mode. Quota mode: none.
[  161.970837] NFSD: Using UMH upcall client tracking operations.
[  161.976811] NFSD: starting 90-second grace period (net f0000000)
[  162.125266] sh (2327): drop_caches: 3
