[    0.000000] Linux version 5.19.0-rc5-xfstests-perf-00989-g119d2587483a-dirty (harshads@harshads.c.googlers.com) (gcc (Debian 13.2.0-5) 13.2.0, GNU ld (GNU Binutils for Debian) 2.41) #133 SMP PREEMPT_DYNAMIC Thu Jan 11 01:17:27 UTC 2024
[    0.000000] Command line: root=/dev/sda1 console=tty0 console=ttyS0,115200 earlyprintk=ttyS0,115200 consoleblank=0 intel_iommu=off
[    0.000000] x86/fpu: Supporting XSAVE feature 0x001: 'x87 floating point registers'
[    0.000000] x86/fpu: Supporting XSAVE feature 0x002: 'SSE registers'
[    0.000000] x86/fpu: Supporting XSAVE feature 0x004: 'AVX registers'
[    0.000000] x86/fpu: Supporting XSAVE feature 0x020: 'AVX-512 opmask'
[    0.000000] x86/fpu: Supporting XSAVE feature 0x040: 'AVX-512 Hi256'
[    0.000000] x86/fpu: Supporting XSAVE feature 0x080: 'AVX-512 ZMM_Hi256'
[    0.000000] x86/fpu: xstate_offset[2]:  576, xstate_sizes[2]:  256
[    0.000000] x86/fpu: xstate_offset[5]:  832, xstate_sizes[5]:   64
[    0.000000] x86/fpu: xstate_offset[6]:  896, xstate_sizes[6]:  512
[    0.000000] x86/fpu: xstate_offset[7]: 1408, xstate_sizes[7]: 1024
[    0.000000] x86/fpu: Enabled xstate features 0xe7, context size is 2432 bytes, using 'compacted' format.
[    0.000000] signal: max sigframe size: 3632
[    0.000000] BIOS-provided physical RAM map:
[    0.000000] BIOS-e820: [mem 0x0000000000000000-0x0000000000000fff] reserved
[    0.000000] BIOS-e820: [mem 0x0000000000001000-0x0000000000054fff] usable
[    0.000000] BIOS-e820: [mem 0x0000000000055000-0x000000000005ffff] reserved
[    0.000000] BIOS-e820: [mem 0x0000000000060000-0x0000000000097fff] usable
[    0.000000] BIOS-e820: [mem 0x0000000000098000-0x000000000009ffff] reserved
[    0.000000] BIOS-e820: [mem 0x0000000000100000-0x00000000bf6ecfff] usable
[    0.000000] BIOS-e820: [mem 0x00000000bf6ed000-0x00000000bf96cfff] reserved
[    0.000000] BIOS-e820: [mem 0x00000000bf96d000-0x00000000bf97efff] ACPI data
[    0.000000] BIOS-e820: [mem 0x00000000bf97f000-0x00000000bf9fefff] ACPI NVS
[    0.000000] BIOS-e820: [mem 0x00000000bf9ff000-0x00000000bffdffff] usable
[    0.000000] BIOS-e820: [mem 0x00000000bffe0000-0x00000000bfffffff] reserved
[    0.000000] BIOS-e820: [mem 0x0000000100000000-0x000000203fffffff] usable
[    0.000000] printk: bootconsole [earlyser0] enabled
[    0.000000] NX (Execute Disable) protection: active
[    0.000000] e820: update [mem 0x00100000-0x0010006f] usable ==> usable
[    0.000000] extended physical RAM map:
[    0.000000] reserve setup_data: [mem 0x0000000000000000-0x0000000000000fff] reserved
[    0.000000] reserve setup_data: [mem 0x0000000000001000-0x0000000000054fff] usable
[    0.000000] reserve setup_data: [mem 0x0000000000055000-0x000000000005ffff] reserved
[    0.000000] reserve setup_data: [mem 0x0000000000060000-0x0000000000097fff] usable
[    0.000000] reserve setup_data: [mem 0x0000000000098000-0x000000000009ffff] reserved
[    0.000000] reserve setup_data: [mem 0x0000000000100000-0x000000000010006f] usable
[    0.000000] reserve setup_data: [mem 0x0000000000100070-0x00000000bf6ecfff] usable
[    0.000000] reserve setup_data: [mem 0x00000000bf6ed000-0x00000000bf96cfff] reserved
[    0.000000] reserve setup_data: [mem 0x00000000bf96d000-0x00000000bf97efff] ACPI data
[    0.000000] reserve setup_data: [mem 0x00000000bf97f000-0x00000000bf9fefff] ACPI NVS
[    0.000000] reserve setup_data: [mem 0x00000000bf9ff000-0x00000000bffdffff] usable
[    0.000000] reserve setup_data: [mem 0x00000000bffe0000-0x00000000bfffffff] reserved
[    0.000000] reserve setup_data: [mem 0x0000000100000000-0x000000203fffffff] usable
[    0.000000] efi: EFI v2.70 by EDK II
[    0.000000] efi: TPMFinalLog=0xbf9f7000 ACPI=0xbf97e000 ACPI 2.0=0xbf97e014 SMBIOS=0xbf7ca000 MEMATTR=0xbdf7c018 
[    0.000000] SMBIOS 2.4 present.
[    0.000000] DMI: Google Google Compute Engine/Google Compute Engine, BIOS Google 11/17/2023
[    0.000000] Hypervisor detected: KVM
[    0.000000] kvm-clock: Using msrs 4b564d01 and 4b564d00
[    0.000002] kvm-clock: using sched offset of 687098338752159 cycles
[    0.000677] clocksource: kvm-clock: mask: 0xffffffffffffffff max_cycles: 0x1cd42e4dffb, max_idle_ns: 881590591483 ns
[    0.002820] tsc: Detected 2800.210 MHz processor
[    0.003426] e820: update [mem 0x00000000-0x00000fff] usable ==> reserved
[    0.003428] e820: remove [mem 0x000a0000-0x000fffff] usable
[    0.003433] last_pfn = 0x2040000 max_arch_pfn = 0x400000000
[    0.004221] Disabled
[    0.004504] x86/PAT: MTRRs disabled, skipping PAT initialization too.
[    0.005337] CPU MTRRs all blank - virtualized system.
[    0.005988] x86/PAT: Configuration [0-7]: WB  WC  UC- UC  WB  WP  UC- WT  
[    0.007267] x2apic: enabled by BIOS, switching to x2apic ops
[    0.007987] last_pfn = 0xbffe0 max_arch_pfn = 0x400000000
[    0.020214] Using GB pages for direct mapping
[    0.021053] Secure boot could not be determined
[    0.021637] ACPI: Early table checksum verification disabled
[    0.022362] ACPI: RSDP 0x00000000BF97E014 000024 (v02 Google)
[    0.023092] ACPI: XSDT 0x00000000BF97D0E8 00005C (v01 Google GOOGFACP 00000001      01000013)
[    0.024200] ACPI: FACP 0x00000000BF978000 0000F4 (v02 Google GOOGFACP 00000001 GOOG 00000001)
[    0.025289] ACPI: DSDT 0x00000000BF979000 001A64 (v01 Google GOOGDSDT 00000001 GOOG 00000001)
[    0.026375] ACPI: FACS 0x00000000BF9F1000 000040
[    0.026964] ACPI: SSDT 0x00000000BF97C000 000316 (v02 GOOGLE Tpm2Tabl 00001000 INTL 20211217)
[    0.028052] ACPI: TPM2 0x00000000BF97B000 000034 (v04 GOOGLE          00000001 GOOG 00000001)
[    0.029159] ACPI: SRAT 0x00000000BF977000 0002D0 (v03 Google GOOGSRAT 00000001 GOOG 00000001)
[    0.030247] ACPI: APIC 0x00000000BF976000 000166 (v05 Google GOOGAPIC 00000001 GOOG 00000001)
[    0.031352] ACPI: SSDT 0x00000000BF974000 0014DE (v01 Google GOOGSSDT 00000001 GOOG 00000001)
[    0.032441] ACPI: WAET 0x00000000BF973000 000028 (v01 Google GOOGWAET 00000001 GOOG 00000001)
[    0.033528] ACPI: Reserving FACP table memory at [mem 0xbf978000-0xbf9780f3]
[    0.034427] ACPI: Reserving DSDT table memory at [mem 0xbf979000-0xbf97aa63]
[    0.035326] ACPI: Reserving FACS table memory at [mem 0xbf9f1000-0xbf9f103f]
[    0.036227] ACPI: Reserving SSDT table memory at [mem 0xbf97c000-0xbf97c315]
[    0.037127] ACPI: Reserving TPM2 table memory at [mem 0xbf97b000-0xbf97b033]
[    0.038027] ACPI: Reserving SRAT table memory at [mem 0xbf977000-0xbf9772cf]
[    0.038927] ACPI: Reserving APIC table memory at [mem 0xbf976000-0xbf976165]
[    0.039827] ACPI: Reserving SSDT table memory at [mem 0xbf974000-0xbf9754dd]
[    0.040727] ACPI: Reserving WAET table memory at [mem 0xbf973000-0xbf973027]
[    0.041649] Setting APIC routing to cluster x2apic.
[    0.042300] SRAT: PXM 0 -> APIC 0x00 -> Node 0
[    0.042872] SRAT: PXM 0 -> APIC 0x01 -> Node 0
[    0.043983] SRAT: PXM 0 -> APIC 0x02 -> Node 0
[    0.044550] SRAT: PXM 0 -> APIC 0x03 -> Node 0
[    0.045116] SRAT: PXM 0 -> APIC 0x04 -> Node 0
[    0.045683] SRAT: PXM 0 -> APIC 0x05 -> Node 0
[    0.046250] SRAT: PXM 0 -> APIC 0x06 -> Node 0
[    0.046815] SRAT: PXM 0 -> APIC 0x07 -> Node 0
[    0.047382] SRAT: PXM 0 -> APIC 0x08 -> Node 0
[    0.047972] SRAT: PXM 0 -> APIC 0x09 -> Node 0
[    0.048544] SRAT: PXM 0 -> APIC 0x0a -> Node 0
[    0.049105] SRAT: PXM 0 -> APIC 0x0b -> Node 0
[    0.049672] SRAT: PXM 0 -> APIC 0x0c -> Node 0
[    0.050238] SRAT: PXM 0 -> APIC 0x0d -> Node 0
[    0.050805] SRAT: PXM 0 -> APIC 0x0e -> Node 0
[    0.051371] SRAT: PXM 0 -> APIC 0x0f -> Node 0
[    0.051938] SRAT: PXM 1 -> APIC 0x10 -> Node 1
[    0.052505] SRAT: PXM 1 -> APIC 0x11 -> Node 1
[    0.053071] SRAT: PXM 1 -> APIC 0x12 -> Node 1
[    0.053638] SRAT: PXM 1 -> APIC 0x13 -> Node 1
[    0.054205] SRAT: PXM 1 -> APIC 0x14 -> Node 1
[    0.054770] SRAT: PXM 1 -> APIC 0x15 -> Node 1
[    0.055337] SRAT: PXM 1 -> APIC 0x16 -> Node 1
[    0.055929] SRAT: PXM 1 -> APIC 0x17 -> Node 1
[    0.056496] SRAT: PXM 1 -> APIC 0x18 -> Node 1
[    0.057062] SRAT: PXM 1 -> APIC 0x19 -> Node 1
[    0.057629] SRAT: PXM 1 -> APIC 0x1a -> Node 1
[    0.058196] SRAT: PXM 1 -> APIC 0x1b -> Node 1
[    0.058762] SRAT: PXM 1 -> APIC 0x1c -> Node 1
[    0.059329] SRAT: PXM 1 -> APIC 0x1d -> Node 1
[    0.059896] SRAT: PXM 1 -> APIC 0x1e -> Node 1
[    0.060461] SRAT: PXM 1 -> APIC 0x1f -> Node 1
[    0.061052] ACPI: SRAT: Node 0 PXM 0 [mem 0x00000000-0x0009ffff]
[    0.061817] ACPI: SRAT: Node 0 PXM 0 [mem 0x00100000-0xbfffffff]
[    0.062584] ACPI: SRAT: Node 0 PXM 0 [mem 0x100000000-0x103fffffff]
[    0.063384] ACPI: SRAT: Node 1 PXM 1 [mem 0x1040000000-0x203fffffff]
[    0.064195] NUMA: Node 0 [mem 0x00000000-0x0009ffff] + [mem 0x00100000-0xbfffffff] -> [mem 0x00000000-0xbfffffff]
[    0.065505] NUMA: Node 0 [mem 0x00000000-0xbfffffff] + [mem 0x100000000-0x103fffffff] -> [mem 0x00000000-0x103fffffff]
[    0.066895] NODE_DATA(0) allocated [mem 0x103fffb000-0x103fffffff]
[    0.067685] NODE_DATA(1) allocated [mem 0x203fffb000-0x203fffffff]
[    0.068597] Zone ranges:
[    0.068924]   DMA      [mem 0x0000000000001000-0x0000000000ffffff]
[    0.069713]   DMA32    [mem 0x0000000001000000-0x00000000ffffffff]
[    0.070501]   Normal   [mem 0x0000000100000000-0x000000203fffffff]
[    0.071289]   Device   empty
[    0.071656] Movable zone start for each node
[    0.072201] Early memory node ranges
[    0.072656]   node   0: [mem 0x0000000000001000-0x0000000000054fff]
[    0.073456]   node   0: [mem 0x0000000000060000-0x0000000000097fff]
[    0.074256]   node   0: [mem 0x0000000000100000-0x00000000bf6ecfff]
[    0.075056]   node   0: [mem 0x00000000bf9ff000-0x00000000bffdffff]
[    0.075856]   node   0: [mem 0x0000000100000000-0x000000103fffffff]
[    0.076662]   node   1: [mem 0x0000001040000000-0x000000203fffffff]
[    0.077461] Initmem setup node 0 [mem 0x0000000000001000-0x000000103fffffff]
[    0.078370] Initmem setup node 1 [mem 0x0000001040000000-0x000000203fffffff]
[    0.079268] On node 0, zone DMA: 1 pages in unavailable ranges
[    0.079270] On node 0, zone DMA: 11 pages in unavailable ranges
[    0.080040] On node 0, zone DMA: 104 pages in unavailable ranges
[    0.086363] On node 0, zone DMA32: 786 pages in unavailable ranges
[    0.202660] On node 0, zone Normal: 32 pages in unavailable ranges
[    0.369440] ACPI: PM-Timer IO Port: 0xb008
[    0.370794] ACPI: LAPIC_NMI (acpi_id[0xff] dfl dfl lint[0x1])
[    0.371592] IOAPIC[0]: apic_id 0, version 17, address 0xfec00000, GSI 0-23
[    0.372478] ACPI: INT_SRC_OVR (bus 0 bus_irq 5 global_irq 5 high level)
[    0.373320] ACPI: INT_SRC_OVR (bus 0 bus_irq 9 global_irq 9 high level)
[    0.374165] ACPI: INT_SRC_OVR (bus 0 bus_irq 10 global_irq 10 high level)
[    0.375032] ACPI: INT_SRC_OVR (bus 0 bus_irq 11 global_irq 11 high level)
[    0.375901] ACPI: Using ACPI (MADT) for SMP configuration information
[    0.376722] smpboot: Allowing 32 CPUs, 0 hotplug CPUs
[    0.377392] [mem 0xc0000000-0xffffffff] available for PCI devices
[    0.378176] Booting paravirtualized kernel on KVM
[    0.378777] clocksource: refined-jiffies: mask: 0xffffffff max_cycles: 0xffffffff, max_idle_ns: 6370452778343963 ns
[    0.385204] setup_percpu: NR_CPUS:48 nr_cpumask_bits:48 nr_cpu_ids:32 nr_node_ids:2
[    0.388541] percpu: Embedded 51 pages/cpu s179048 r0 d29848 u262144
[    0.389356] pcpu-alloc: s179048 r0 d29848 u262144 alloc=1*2097152
[    0.389359] pcpu-alloc: [0] 00 01 02 03 04 05 06 07 [0] 16 17 18 19 20 21 22 23 
[    0.389368] pcpu-alloc: [1] 08 09 10 11 12 13 14 15 [1] 24 25 26 27 28 29 30 31 
[    0.389393] kvm-guest: PV spinlocks enabled
[    0.389934] PV qspinlock hash table entries: 256 (order: 0, 4096 bytes, linear)
[    0.390873] Fallback order for Node 0: 0 1 
[    0.391400] Fallback order for Node 1: 1 0 
[    0.391935] Built 2 zonelists, mobility grouping on.  Total pages: 33029080
[    0.392822] Policy zone: Normal
[    0.393221] Kernel command line: root=/dev/sda1 console=tty0 console=ttyS0,115200 earlyprintk=ttyS0,115200 consoleblank=0 intel_iommu=off
[    0.394853] Unknown kernel command line parameters "intel_iommu=off", will be passed to user space.
[    0.396013] printk: log_buf_len individual max cpu contribution: 4096 bytes
[    0.396935] printk: log_buf_len total cpu_extra contributions: 126976 bytes
[    0.397822] printk: log_buf_len min size: 131072 bytes
[    0.398936] printk: log_buf_len: 262144 bytes
[    0.399504] printk: early log buf free: 119592(91%)
[    0.400536] mem auto-init: stack:all(zero), heap alloc:off, heap free:off
[    0.711983] Memory: 132009036K/134213992K available (16401K kernel code, 2641K rwdata, 3428K rodata, 1540K init, 1152K bss, 2204696K reserved, 0K cma-reserved)
[    0.714632] ftrace: allocating 44543 entries in 174 pages
[    0.725926] ftrace: allocated 174 pages with 5 groups
[    0.728159] Dynamic Preempt: none
[    0.728742] rcu: Preemptible hierarchical RCU implementation.
[    0.729479] rcu: 	RCU event tracing is enabled.
[    0.730057] rcu: 	RCU restricting CPUs from NR_CPUS=48 to nr_cpu_ids=32.
[    0.730913] 	Trampoline variant of Tasks RCU enabled.
[    0.731558] 	Rude variant of Tasks RCU enabled.
[    0.732135] 	Tracing variant of Tasks RCU enabled.
[    0.732746] rcu: RCU calculated value of scheduler-enlistment delay is 30 jiffies.
[    0.733713] rcu: Adjusting geometry for rcu_fanout_leaf=16, nr_cpu_ids=32
[    0.739207] NR_IRQS: 4352, nr_irqs: 680, preallocated irqs: 16
[    0.740204] rcu: srcu_init: Setting srcu_struct sizes based on contention.
[    0.741122] random: crng init done
[    0.742487] Console: colour dummy device 80x25
[    0.743290] printk: console [tty0] enabled
[    0.743880] printk: console [ttyS0] enabled
[    0.744987] printk: bootconsole [earlyser0] disabled
[    0.746360] ACPI: Core revision 20220331
[    0.746997] APIC: Switch to symmetric I/O mode setup
[    0.751075] Switched APIC routing to physical x2apic.
[    0.755778] ..TIMER: vector=0x30 apic1=0 pin1=0 apic2=-1 pin2=-1
[    0.756844] clocksource: tsc-early: mask: 0xffffffffffffffff max_cycles: 0x285d06f34a4, max_idle_ns: 440795282556 ns
[    0.758248] Calibrating delay loop (skipped) preset value.. 5602.77 BogoMIPS (lpj=9334033)
[    0.759343] pid_max: default: 32768 minimum: 301
[    0.760123] LSM: Security Framework initializing
[    0.771949] Dentry cache hash table entries: 8388608 (order: 14, 67108864 bytes, vmalloc hugepage)
[    0.778412] Inode-cache hash table entries: 4194304 (order: 13, 33554432 bytes, vmalloc hugepage)
[    0.779774] Mount-cache hash table entries: 131072 (order: 8, 1048576 bytes, vmalloc)
[    0.780991] Mountpoint-cache hash table entries: 131072 (order: 8, 1048576 bytes, vmalloc)
[    0.782624] Last level iTLB entries: 4KB 64, 2MB 8, 4MB 8
[    0.783356] Last level dTLB entries: 4KB 64, 2MB 0, 4MB 0, 1GB 4
[    0.784166] Spectre V1 : Mitigation: usercopy/swapgs barriers and __user pointer sanitization
[    0.784919] Spectre V2 : Mitigation: Enhanced IBRS
[    0.785564] Spectre V2 : Spectre v2 / SpectreRSB mitigation: Filling RSB on context switch
[    0.786657] Spectre V2 : mitigation: Enabling conditional Indirect Branch Prediction Barrier
[    0.788247] Speculative Store Bypass: Mitigation: Speculative Store Bypass disabled via prctl
[    0.789385] MDS: Mitigation: Clear CPU buffers
[    0.789988] TAA: Mitigation: Clear CPU buffers
[    0.790590] MMIO Stale Data: Vulnerable: Clear CPU buffers attempted, no microcode
[    0.796530] Freeing SMP alternatives memory: 48K
[    0.903983] smpboot: CPU0: Intel(R) Xeon(R) CPU @ 2.80GHz (family: 0x6, model: 0x55, stepping: 0x7)
[    0.904911] cblist_init_generic: Setting adjustable number of callback queues.
[    0.904911] cblist_init_generic: Setting shift to 5 and lim to 1.
[    0.904911] cblist_init_generic: Setting shift to 5 and lim to 1.
[    0.904933] cblist_init_generic: Setting shift to 5 and lim to 1.
[    0.905763] Performance Events: unsupported p6 CPU model 85 no PMU driver, software events only.
[    0.906965] rcu: Hierarchical SRCU implementation.
[    0.908325] NMI watchdog: Perf NMI watchdog permanently disabled
[    0.909538] smp: Bringing up secondary CPUs ...
[    0.910269] x86: Booting SMP configuration:
[    0.910859] .... node  #0, CPUs:        #1  #2  #3  #4  #5  #6  #7
[    0.915920] .... node  #1, CPUs:    #8
[    0.013812] smpboot: CPU 8 Converting physical 0 to logical die 1
[    0.921634]   #9 #10 #11 #12 #13 #14 #15
[    0.925732] .... node  #0, CPUs:   #16
[    0.926322] MDS CPU bug present and SMT on, data leak possible. See https://www.kernel.org/doc/html/latest/admin-guide/hw-vuln/mds.html for more details.
[    0.930120] TAA CPU bug present and SMT on, data leak possible. See https://www.kernel.org/doc/html/latest/admin-guide/hw-vuln/tsx_async_abort.html for more details.
[    0.931582] MMIO Stale Data CPU bug present and SMT on, data leak possible. See https://www.kernel.org/doc/html/latest/admin-guide/hw-vuln/processor_mmio_stale_data.html for more details.
[    0.933892]  #17 #18 #19 #20 #21 #22 #23
[    0.938969] .... node  #1, CPUs:   #24 #25 #26 #27 #28 #29 #30 #31
[    0.942178] smp: Brought up 2 nodes, 32 CPUs
[    0.945532] smpboot: Max logical packages: 2
[    0.946113] smpboot: Total of 32 processors activated (179285.66 BogoMIPS)
[    0.950920] devtmpfs: initialized
[    0.951624] x86/mm: Memory block size: 1024MB
[    0.953031] clocksource: jiffies: mask: 0xffffffff max_cycles: 0xffffffff, max_idle_ns: 6370867519511994 ns
[    0.953031] futex hash table entries: 8192 (order: 7, 524288 bytes, vmalloc)
[    0.955185] NET: Registered PF_NETLINK/PF_ROUTE protocol family
[    0.956153] thermal_sys: Registered thermal governor 'step_wise'
[    0.956174] cpuidle: using governor menu
[    0.956174] PCI: Using configuration type 1 for base access
[    0.958308] cryptd: max_cpu_qlen set to 1000
[    1.017720] raid6: avx512x4 gen() 26779 MB/s
[    1.074385] raid6: avx512x2 gen() 26198 MB/s
[    1.131053] raid6: avx512x1 gen() 26768 MB/s
[    1.187720] raid6: avx2x4   gen() 23681 MB/s
[    1.244388] raid6: avx2x2   gen() 23831 MB/s
[    1.301050] raid6: avx2x1   gen() 21638 MB/s
[    1.301582] raid6: using algorithm avx512x4 gen() 26779 MB/s
[    1.357721] raid6: .... xor() 6080 MB/s, rmw enabled
[    1.358248] raid6: using avx512x2 recovery algorithm
[    1.359027] ACPI: Added _OSI(Module Device)
[    1.359611] ACPI: Added _OSI(Processor Device)
[    1.360256] ACPI: Added _OSI(3.0 _SCP Extensions)
[    1.360915] ACPI: Added _OSI(Processor Aggregator Device)
[    1.361581] ACPI: Added _OSI(Linux-Dell-Video)
[    1.362184] ACPI: Added _OSI(Linux-Lenovo-NV-HDMI-Audio)
[    1.362933] ACPI: Added _OSI(Linux-HPI-Hybrid-Graphics)
[    1.365570] ACPI: 3 ACPI AML tables successfully acquired and loaded
[    1.368745] ACPI: Interpreter enabled
[    1.369289] ACPI: PM: (supports S0 S5)
[    1.369901] ACPI: Using IOAPIC for interrupt routing
[    1.370608] PCI: Using host bridge windows from ACPI; if necessary, use "pci=nocrs" and report a bug
[    1.371581] PCI: Ignoring E820 reservations for host bridge windows
[    1.372615] ACPI: Enabled 16 GPEs in block 00 to 0F
[    1.376627] ACPI: PCI Root Bridge [PCI0] (domain 0000 [bus 00-ff])
[    1.377553] acpi PNP0A03:00: _OSC: OS supports [ASPM ClockPM Segments MSI HPX-Type3]
[    1.378248] acpi PNP0A03:00: PCIe port services disabled; not requesting _OSC control
[    1.379437] PCI host bridge to bus 0000:00
[    1.380044] pci_bus 0000:00: Unknown NUMA node; performance will be reduced
[    1.381009] pci_bus 0000:00: root bus resource [io  0x0000-0x0cf7 window]
[    1.381581] pci_bus 0000:00: root bus resource [io  0x0d00-0xffff window]
[    1.382497] pci_bus 0000:00: root bus resource [mem 0x000a0000-0x000bffff window]
[    1.383579] pci_bus 0000:00: root bus resource [mem 0xc0000000-0xfebfefff window]
[    1.384915] pci_bus 0000:00: root bus resource [bus 00-ff]
[    1.385713] pci 0000:00:00.0: [8086:1237] type 00 class 0x060000
[    1.391920] pci 0000:00:01.0: [8086:7110] type 00 class 0x060100
[    1.454381] pci 0000:00:01.3: [8086:7113] type 00 class 0x068000
[    1.497569] pci 0000:00:01.3: quirk: [io  0xb000-0xb03f] claimed by PIIX4 ACPI
[    1.498496] pci 0000:00:03.0: [1af4:1004] type 00 class 0x000000
[    1.514069] pci 0000:00:03.0: reg 0x10: [io  0xc040-0xc07f]
[    1.524917] pci 0000:00:03.0: reg 0x14: [mem 0xc0102000-0xc010207f]
[    1.555148] pci 0000:00:04.0: [1ae0:001f] type 00 class 0x010802
[    1.578251] pci 0000:00:04.0: reg 0x10: [mem 0xc0000000-0xc0003fff 64bit]
[    1.601583] pci 0000:00:04.0: reg 0x20: [mem 0xc0101000-0xc01011ff]
[    1.611903] pci 0000:00:05.0: [1af4:1000] type 00 class 0x020000
[    1.631584] pci 0000:00:05.0: reg 0x10: [io  0xc000-0xc03f]
[    1.641582] pci 0000:00:05.0: reg 0x14: [mem 0xc0100000-0xc01007ff]
[    1.678479] pci 0000:00:06.0: [1af4:1005] type 00 class 0x00ff00
[    1.694917] pci 0000:00:06.0: reg 0x10: [io  0xc080-0xc09f]
[    1.704919] pci 0000:00:06.0: reg 0x14: [mem 0xc0103000-0xc010303f]
[    1.735634] ACPI: PCI: Interrupt link LNKA configured for IRQ 11
[    1.738329] ACPI: PCI: Interrupt link LNKB configured for IRQ 11
[    1.741651] ACPI: PCI: Interrupt link LNKC configured for IRQ 10
[    1.744979] ACPI: PCI: Interrupt link LNKD configured for IRQ 10
[    1.748278] ACPI: PCI: Interrupt link LNKS configured for IRQ 9
[    1.753945] SCSI subsystem initialized
[    1.753945] Registered efivars operations
[    1.755043] PCI: Using ACPI for IRQ routing
[    1.755750] PCI: pci_cache_line_size set to 64 bytes
[    1.755843] e820: reserve RAM buffer [mem 0x00055000-0x0005ffff]
[    1.755845] e820: reserve RAM buffer [mem 0x00098000-0x0009ffff]
[    1.755846] e820: reserve RAM buffer [mem 0xbf6ed000-0xbfffffff]
[    1.755848] e820: reserve RAM buffer [mem 0xbffe0000-0xbfffffff]
[    1.755865] vgaarb: loaded
[    1.755865] clocksource: Switched to clocksource kvm-clock
[    1.756652] VFS: Disk quotas dquot_6.6.0
[    1.756652] VFS: Dquot-cache hash table entries: 512 (order 0, 4096 bytes)
[    1.757624] pnp: PnP ACPI init
[    1.758501] pnp: PnP ACPI: found 7 devices
[    1.765570] clocksource: acpi_pm: mask: 0xffffff max_cycles: 0xffffff, max_idle_ns: 2085701024 ns
[    1.766856] NET: Registered PF_INET protocol family
[    1.768167] IP idents hash table entries: 262144 (order: 9, 2097152 bytes, vmalloc)
[    1.771811] tcp_listen_portaddr_hash hash table entries: 65536 (order: 8, 1048576 bytes, vmalloc)
[    1.774342] Table-perturb hash table entries: 65536 (order: 6, 262144 bytes, vmalloc)
[    1.775504] TCP established hash table entries: 524288 (order: 10, 4194304 bytes, vmalloc hugepage)
[    1.777372] TCP bind hash table entries: 65536 (order: 8, 1048576 bytes, vmalloc)
[    1.778538] TCP: Hash tables configured (established 524288 bind 65536)
[    1.779602] UDP hash table entries: 65536 (order: 9, 2097152 bytes, vmalloc)
[    1.780879] UDP-Lite hash table entries: 65536 (order: 9, 2097152 bytes, vmalloc)
[    1.782377] NET: Registered PF_UNIX/PF_LOCAL protocol family
[    1.783417] RPC: Registered named UNIX socket transport module.
[    1.784366] RPC: Registered udp transport module.
[    1.785198] RPC: Registered tcp transport module.
[    1.785884] RPC: Registered tcp NFSv4.1 backchannel transport module.
[    1.786787] pci_bus 0000:00: resource 4 [io  0x0000-0x0cf7 window]
[    1.787646] pci_bus 0000:00: resource 5 [io  0x0d00-0xffff window]
[    1.788497] pci_bus 0000:00: resource 6 [mem 0x000a0000-0x000bffff window]
[    1.789415] pci_bus 0000:00: resource 7 [mem 0xc0000000-0xfebfefff window]
[    1.790377] pci 0000:00:00.0: Limiting direct PCI/PCI transfers
[    1.791224] PCI: CLS 0 bytes, default 64
[    1.791817] PCI-DMA: Using software bounce buffering for IO (SWIOTLB)
[    1.792721] software IO TLB: mapped [mem 0x00000000b9f7c000-0x00000000bdf7c000] (64MB)
[    1.794947] RAPL PMU: API unit is 2^-32 Joules, 0 fixed counters, 10737418240 ms ovfl timer
[    1.796144] clocksource: tsc: mask: 0xffffffffffffffff max_cycles: 0x285d06f34a4, max_idle_ns: 440795282556 ns
[    1.797652] clocksource: Switched to clocksource tsc
[    1.798707] Initialise system trusted keyrings
[    1.800011] workingset: timestamp_bits=40 max_order=25 bucket_order=0
[    1.802452] NFS: Registering the id_resolver key type
[    1.803256] Key type id_resolver registered
[    1.803846] Key type id_legacy registered
[    1.804569] Installing knfsd (copyright (C) 1996 okir@monad.swb.de).
[    1.805613] ntfs: driver 2.1.32 [Flags: R/W].
[    1.806409] fuse: init (API version 7.36)
[    1.807124] JFS: nTxBlock = 8192, nTxLock = 65536
[    1.810535] SGI XFS with ACLs, security attributes, realtime, scrub, repair, quota, no debug enabled
[    1.812211] 9p: Installing v9fs 9p2000 file system support
[    1.813047] NILFS version 2 loaded
[    1.813576] ocfs2: Registered cluster interface o2cb
[    1.814377] OCFS2 User DLM kernel interface loaded
[    1.815274] xor: automatically using best checksumming function   avx       
[    1.816232] Key type asymmetric registered
[    1.816905] Asymmetric key parser 'x509' registered
[    1.817682] Block layer SCSI generic (bsg) driver version 0.4 loaded (major 249)
[    1.818693] io scheduler mq-deadline registered
[    1.819377] io scheduler kyber registered
[    1.821852] input: Power Button as /devices/LNXSYSTM:00/LNXPWRBN:00/input/input0
[    1.822856] ACPI: button: Power Button [PWRF]
[    1.823527] input: Sleep Button as /devices/LNXSYSTM:00/LNXSLPBN:00/input/input1
[    1.824658] ACPI: button: Sleep Button [SLPF]
[    1.830363] ACPI: \_SB_.LNKC: Enabled at IRQ 10
[    1.833911] virtio-pci 0000:00:03.0: virtio_pci: leaving for legacy driver
[    1.844765] ACPI: \_SB_.LNKA: Enabled at IRQ 11
[    1.847793] virtio-pci 0000:00:05.0: virtio_pci: leaving for legacy driver
[    1.860116] ACPI: \_SB_.LNKB: Enabled at IRQ 11
[    1.863276] virtio-pci 0000:00:06.0: virtio_pci: leaving for legacy driver
[    1.871647] Serial: 8250/16550 driver, 32 ports, IRQ sharing disabled
[    1.872711] 00:03: ttyS0 at I/O 0x3f8 (irq = 4, base_baud = 115200) is a 16550A
[    1.873879] 00:04: ttyS1 at I/O 0x2f8 (irq = 3, base_baud = 115200) is a 16550A
[    1.875016] 00:05: ttyS2 at I/O 0x3e8 (irq = 6, base_baud = 115200) is a 16550A
[    1.876275] 00:06: ttyS3 at I/O 0x2e8 (irq = 7, base_baud = 115200) is a 16550A
[    1.901750] tpm_tis MSFT0101:00: 2.0 TPM (device-id 0x9009, rev-id 0)
[    1.915841] loop: module loaded
[    1.937147] scsi host0: Virtio SCSI HBA
[    1.943149] scsi 0:0:1:0: Direct-Access     Google   PersistentDisk   1    PQ: 0 ANSI: 6
[    1.944550] scsi 0:0:2:0: Direct-Access     Google   PersistentDisk   1    PQ: 0 ANSI: 6
[    1.957731] sd 0:0:1:0: [sda] 20971520 512-byte logical blocks: (10.7 GB/10.0 GiB)
[    1.957846] sd 0:0:2:0: [sdb] 10485760000 512-byte logical blocks: (5.37 TB/4.88 TiB)
[    1.958019] nvme nvme0: pci function 0000:00:04.0
[    1.962882] sd 0:0:1:0: [sda] 4096-byte physical blocks
[    1.962929] sd 0:0:1:0: [sda] Write Protect is off
[    1.968170] sd 0:0:2:0: [sdb] 4096-byte physical blocks
[    1.970830] ACPI: \_SB_.LNKD: Enabled at IRQ 10
[    1.973919] sd 0:0:1:0: [sda] Mode Sense: 1f 00 00 08
[    1.973996] sd 0:0:1:0: [sda] Write cache: enabled, read cache: enabled, doesn't support DPO or FUA
[    1.980315] sd 0:0:2:0: [sdb] Write Protect is off
[    1.996143] sd 0:0:2:0: [sdb] Mode Sense: 1f 00 00 08
[    2.074760] nvme nvme0: 15/0/0 default/read/poll queues
[    2.106942]  nvme0n1: p1 p2
[    2.343516] i8042: PNP: PS/2 Controller [PNP0303:KBD,PNP0f13:MOU] at 0x60,0x64 irq 1,12
[    2.344768] i8042: Warning: Keylock active
[    2.346128] sd 0:0:2:0: [sdb] Write cache: enabled, read cache: enabled, doesn't support DPO or FUA
[    2.347272] serio: i8042 KBD port at 0x60,0x64 irq 1
[    2.348121] serio: i8042 AUX port at 0x60,0x64 irq 12
[    2.348877] device-mapper: core: CONFIG_IMA_DISABLE_HTABLE is disabled. Duplicate IMA measurements will not be recorded in the IMA log.
[    2.349392]  sda: sda1 sda14 sda15
[    2.350670] device-mapper: ioctl: 4.46.0-ioctl (2022-02-22) initialised: dm-devel@redhat.com
[    2.351238] sd 0:0:1:0: [sda] Attached SCSI disk
[    2.352475] intel_pstate: CPU model not supported
[    2.353640] EFI Variables Facility v0.08 2004-May-17
[    2.359535] NET: Registered PF_INET6 protocol family
[    2.360583] Segment Routing with IPv6
[    2.361198] In-situ OAM (IOAM) with IPv6
[    2.361795] sit: IPv6, IPv4 and MPLS over IPv4 tunneling driver
[    2.362727] NET: Registered PF_PACKET protocol family
[    2.363608] 9pnet: Installing 9P2000 support
[    2.364239] Key type dns_resolver registered
[    2.367724] IPI shorthand broadcast: enabled
[    2.368333] AVX2 version of gcm_enc/dec engaged.
[    2.369113]  sdb: sdb1 sdb2
[    2.369699] sd 0:0:2:0: [sdb] Attached SCSI disk
[    2.370715] AES CTR mode by8 optimization enabled
[    2.371898] sched_clock: Marking stable (2361396056, 10478986)->(2392308473, -20433431)
[    2.374186] Loading compiled-in X.509 certificates
[    2.375201] Key type ._fscrypt registered
[    2.375873] Key type .fscrypt registered
[    2.376486] Key type fscrypt-provisioning registered
[    2.378680] Btrfs loaded, crc32c=crc32c-intel, assert=on, zoned=no, fsverity=yes
[    2.380323] Key type encrypted registered
[    2.381004] ima: Allocated hash algorithm: sha1
[    2.402821] ima: No architecture policies found
[    2.403716] evm: Initialising EVM extended attributes:
[    2.404431] evm: security.selinux (disabled)
[    2.405044] evm: security.SMACK64 (disabled)
[    2.405648] evm: security.SMACK64EXEC (disabled)
[    2.406326] evm: security.SMACK64TRANSMUTE (disabled)
[    2.407145] evm: security.SMACK64MMAP (disabled)
[    2.407788] evm: security.apparmor (disabled)
[    2.408519] evm: security.ima
[    2.408956] evm: security.capability
[    2.409509] evm: HMAC attrs: 0x1
[    2.555259] input: AT Translated Set 2 keyboard as /devices/platform/i8042/serio0/input/input2
[    2.697856] EXT4-fs (sda1): INFO: recovery required on readonly filesystem
[    2.698835] EXT4-fs (sda1): write access will be enabled during recovery
[    3.242052] EXT4-fs (sda1): recovery complete
[    3.243761] EXT4-fs (sda1): mounted filesystem with ordered data mode. Quota mode: none.
[    3.244869] VFS: Mounted root (ext4 filesystem) readonly on device 8:1.
[    3.246974] Freeing unused kernel image (initmem) memory: 1540K
[    3.247793] Write protecting the kernel read-only data: 22528k
[    3.249796] Freeing unused kernel image (text/rodata gap) memory: 2028K
[    3.251102] Freeing unused kernel image (rodata/data gap) memory: 668K
[    3.251987] Run /sbin/init as init process
[    3.252548]   with arguments:
[    3.252549]     /sbin/init
[    3.252549]   with environment:
[    3.252550]     HOME=/
[    3.252551]     TERM=linux
[    3.252552]     intel_iommu=off
[    3.829746] systemd[1]: systemd 247.3-7+deb11u4 running in system mode. (+PAM +AUDIT +SELINUX +IMA +APPARMOR +SMACK +SYSVINIT +UTMP +LIBCRYPTSETUP +GCRYPT +GNUTLS +ACL +XZ +LZ4 +ZSTD +SECCOMP +BLKID +ELFUTILS +KMOD +IDN2 -IDN +PCRE2 default-hierarchy=unified)
[    3.832889] systemd[1]: Detected virtualization kvm.
[    3.833583] systemd[1]: Detected architecture x86-64.
[    3.882165] systemd[1]: Set hostname to <debian>.
[    4.538868] systemd[1]: Condition check resulted in Root Slice being skipped.
[    4.539885] systemd[1]: Condition check resulted in System Slice being skipped.
[    4.541355] systemd[1]: Queued start job for default target Graphical Interface.
[    4.543572] systemd[1]: Created slice system-getty.slice.
[    4.558534] systemd[1]: Created slice system-modprobe.slice.
[    4.571865] systemd[1]: Created slice system-serial\x2dgetty.slice.
[    4.585165] systemd[1]: Created slice system-systemd\x2dgrowfs.slice.
[    4.598507] systemd[1]: Created slice User and Session Slice.
[    4.611687] systemd[1]: Started Dispatch Password Requests to Console Directory Watch.
[    4.625022] systemd[1]: Started Forward Password Requests to Wall Directory Watch.
[    4.638347] systemd[1]: Condition check resulted in Arbitrary Executable File Formats File System Automount Point being skipped.
[    4.639920] systemd[1]: Reached target Local Encrypted Volumes.
[    4.654990] systemd[1]: Reached target Paths.
[    4.668321] systemd[1]: Reached target Slices.
[    4.681638] systemd[1]: Reached target Swap.
[    4.694969] systemd[1]: Reached target System Time Set.
[    4.711462] systemd[1]: Listening on RPCbind Server Activation Socket.
[    4.725895] systemd[1]: Listening on Syslog Socket.
[    4.738392] systemd[1]: Listening on fsck to fsckd communication Socket.
[    4.751684] systemd[1]: Listening on initctl Compatibility Named Pipe.
[    4.765044] systemd[1]: Condition check resulted in Journal Audit Socket being skipped.
[    4.766284] systemd[1]: Listening on Journal Socket (/dev/log).
[    4.778445] systemd[1]: Listening on Journal Socket.
[    4.793272] systemd[1]: Listening on udev Control Socket.
[    4.808376] systemd[1]: Listening on udev Kernel Socket.
[    4.821757] systemd[1]: Condition check resulted in Huge Pages File System being skipped.
[    4.823786] systemd[1]: Mounting POSIX Message Queue File System...
[    4.838910] systemd[1]: Mounting NFSD configuration filesystem...
[    4.852266] systemd[1]: Mounting RPC Pipe File System...
[    4.865563] systemd[1]: Mounting Kernel Debug File System...
[    4.878910] systemd[1]: Mounting Kernel Trace File System...
[    4.891651] systemd[1]: Condition check resulted in Kernel Module supporting RPCSEC_GSS being skipped.
[    4.892989] systemd[1]: Condition check resulted in Create list of static device nodes for the current kernel being skipped.
[    4.895190] systemd[1]: Starting Load Kernel Module configfs...
[    4.908922] systemd[1]: Starting Load Kernel Module drm...
[    4.922264] systemd[1]: Starting Load Kernel Module fuse...
[    4.936088] systemd[1]: Condition check resulted in Set Up Additional Binary Formats being skipped.
[    4.938086] systemd[1]: Starting File System Check on Root Device...
[    4.953565] systemd[1]: Starting Journal Service...
[    4.956105] systemd[1]: Starting Load Kernel Modules...
[    4.957598] systemd[1]: Starting Coldplug All udev Devices...
[    4.959630] systemd[1]: Mounted POSIX Message Queue File System.
[    4.960554] systemd[1]: Mounted NFSD configuration filesystem.
[    4.961641] systemd[1]: Mounted RPC Pipe File System.
[    4.962565] systemd[1]: Mounted Kernel Debug File System.
[    4.963403] systemd[1]: Mounted Kernel Trace File System.
[    4.964397] systemd[1]: modprobe@configfs.service: Succeeded.
[    4.965400] systemd[1]: Finished Load Kernel Module configfs.
[    4.966337] systemd[1]: modprobe@drm.service: Succeeded.
[    4.967222] systemd[1]: Finished Load Kernel Module drm.
[    4.968157] systemd[1]: modprobe@fuse.service: Succeeded.
[    4.969077] systemd[1]: Finished Load Kernel Module fuse.
[    4.970052] systemd[1]: Finished Load Kernel Modules.
[    4.971617] systemd[1]: Mounting FUSE Control File System...
[    4.973341] systemd[1]: Mounting Kernel Configuration File System...
[    5.008918] systemd[1]: Starting pNFS block layout mapping daemon...
[    5.022284] systemd[1]: Started File System Check Daemon to report status.
[    5.035585] systemd[1]: Starting Apply Kernel Variables...
[    5.048835] systemd[1]: Started Journal Service.
[    5.466980] EXT4-fs (sda1): re-mounted. Quota mode: none.
[    5.504808] systemd-journald[394]: Received client request to flush runtime journal.
[    5.577816] systemd-journald[394]: File /var/log/journal/c196da314138752caf756665db00364c/system.journal corrupted or uncleanly shut down, renaming and replacing.
[    5.745858] virtio_net virtio1 enp0s5: renamed from eth0
[    5.841464] FAT-fs (sda15): Volume was not properly unmounted. Some data may be corrupt. Please run fsck.
[    9.594675] NFSD: Using UMH upcall client tracking operations.
[    9.595510] NFSD: starting 90-second grace period (net f0000000)
[   60.564661] systemd-journald[394]: File /var/log/journal/c196da314138752caf756665db00364c/user-1000.journal corrupted or uncleanly shut down, renaming and replacing.
[  338.481975] nfsd: last server has exited, flushing export cache
[  345.212289] EXT4-fs (nvme0n1p1): mounted filesystem with ordered data mode. Quota mode: none.
[  345.300718] sh (2442): drop_caches: 3
