

==== Start experiment of dbench with 40 ====
==== Format /dev/nvme0n1p1 on /mnt ====
umount: /mnt: not mounted.
mkxfs.sh: line 1: 1#!/bin/sh: No such file or directory
umount: /dev/nvme0n1p1: not mounted.
umount: /mnt: not mounted.
meta-data=/dev/nvme0n1p1         isize=512    agcount=4, agsize=6553600 blks
         =                       sectsz=4096  attr=2, projid32bit=1
         =                       crc=1        finobt=1, sparse=1, rmapbt=0
         =                       reflink=1    bigtime=0
data     =                       bsize=4096   blocks=26214400, imaxpct=25
         =                       sunit=0      swidth=0 blks
naming   =version 2              bsize=4096   ascii-ci=0, ftype=1
log      =internal log           bsize=4096   blocks=12800, version=2
         =                       sectsz=4096  sunit=1 blks, lazy-count=1
realtime =none                   extsz=4096   blocks=0, rtextents=0
Discarding blocks...Done.
==== Format complete ====
==== Run workload ====
dbench version 4.00 - Copyright Andrew Tridgell 1999-2004

Running for 60 seconds with load '/usr/share/dbench/client.txt' and minimum warmup 12 secs
38 of 40 processes prepared for launch   0 sec
40 of 40 processes prepared for launch   0 sec
releasing clients
  40     27397  6602.80 MB/sec  warmup   1 sec  latency 15.207 ms
  40     57313  6511.77 MB/sec  warmup   2 sec  latency 10.187 ms
  40     87603  6522.85 MB/sec  warmup   3 sec  latency 14.586 ms
  40    118178  6541.61 MB/sec  warmup   4 sec  latency 16.757 ms
  40    149109  6563.57 MB/sec  warmup   5 sec  latency 13.204 ms
  40    179495  6563.41 MB/sec  warmup   6 sec  latency 15.333 ms
  40    209859  6561.42 MB/sec  warmup   7 sec  latency 12.805 ms
  40    240539  6569.07 MB/sec  warmup   8 sec  latency 12.356 ms
  40    271066  6569.81 MB/sec  warmup   9 sec  latency 13.671 ms
  40    301482  6568.91 MB/sec  warmup  10 sec  latency 13.157 ms
  40    331396  6557.38 MB/sec  warmup  11 sec  latency 10.151 ms
  40    391828  6493.59 MB/sec  execute   1 sec  latency 13.508 ms
  40    422425  6546.16 MB/sec  execute   2 sec  latency 10.127 ms
  40    452458  6587.65 MB/sec  execute   3 sec  latency 13.660 ms
  40    482399  6671.87 MB/sec  execute   4 sec  latency 13.254 ms
  40    512212  6627.54 MB/sec  execute   5 sec  latency 13.128 ms
  40    542695  6617.74 MB/sec  execute   6 sec  latency 14.214 ms
  40    572771  6598.89 MB/sec  execute   7 sec  latency 14.288 ms
  40    603191  6593.76 MB/sec  execute   8 sec  latency 11.408 ms
  40    633570  6591.09 MB/sec  execute   9 sec  latency 12.343 ms
  40    664031  6587.51 MB/sec  execute  10 sec  latency 11.948 ms
  40    694267  6583.48 MB/sec  execute  11 sec  latency 15.132 ms
  40    724599  6578.31 MB/sec  execute  12 sec  latency 12.360 ms
  40    754602  6570.08 MB/sec  execute  13 sec  latency 13.295 ms
  40    784994  6568.42 MB/sec  execute  14 sec  latency 10.478 ms
  40    815002  6561.67 MB/sec  execute  15 sec  latency 11.133 ms
  40    845458  6563.16 MB/sec  execute  16 sec  latency 11.356 ms
  40    875776  6564.68 MB/sec  execute  17 sec  latency 15.066 ms
  40    905541  6566.93 MB/sec  execute  18 sec  latency 18.967 ms
  40    935400  6571.08 MB/sec  execute  19 sec  latency 13.893 ms
  40    965519  6577.51 MB/sec  execute  20 sec  latency 11.197 ms
  40    995548  6572.79 MB/sec  execute  21 sec  latency 12.206 ms
  40   1026076  6573.98 MB/sec  execute  22 sec  latency 16.086 ms
  40   1056299  6572.37 MB/sec  execute  23 sec  latency 14.770 ms
  40   1086104  6565.66 MB/sec  execute  24 sec  latency 21.199 ms
  40   1116525  6565.79 MB/sec  execute  25 sec  latency 12.106 ms
  40   1146931  6564.99 MB/sec  execute  26 sec  latency 13.861 ms
  40   1177251  6563.65 MB/sec  execute  27 sec  latency 12.948 ms
  40   1207551  6562.83 MB/sec  execute  28 sec  latency 15.921 ms
  40   1237608  6559.71 MB/sec  execute  29 sec  latency 13.884 ms
  40   1267665  6557.20 MB/sec  execute  30 sec  latency 12.232 ms
  40   1298101  6558.24 MB/sec  execute  31 sec  latency 14.757 ms
  40   1328459  6560.55 MB/sec  execute  32 sec  latency 37.826 ms
  40   1358427  6561.95 MB/sec  execute  33 sec  latency 15.065 ms
  40   1388487  6563.60 MB/sec  execute  34 sec  latency 13.577 ms
  40   1418512  6566.92 MB/sec  execute  35 sec  latency 14.163 ms
  40   1448780  6568.23 MB/sec  execute  36 sec  latency 20.927 ms
  40   1478479  6563.86 MB/sec  execute  37 sec  latency 13.186 ms
  40   1508495  6561.16 MB/sec  execute  38 sec  latency 15.330 ms
  40   1538995  6561.97 MB/sec  execute  39 sec  latency 15.237 ms
  40   1569689  6563.06 MB/sec  execute  40 sec  latency 11.317 ms
  40   1600485  6565.71 MB/sec  execute  41 sec  latency 14.601 ms
  40   1630691  6563.92 MB/sec  execute  42 sec  latency 13.602 ms
  40   1661282  6564.74 MB/sec  execute  43 sec  latency 12.388 ms
  40   1691884  6565.26 MB/sec  execute  44 sec  latency 13.262 ms
  40   1722229  6565.35 MB/sec  execute  45 sec  latency 12.834 ms
  40   1752819  6567.24 MB/sec  execute  46 sec  latency 12.138 ms
  40   1783312  6568.53 MB/sec  execute  47 sec  latency 11.321 ms
  40   1813663  6570.23 MB/sec  execute  48 sec  latency 15.173 ms
  40   1843774  6571.15 MB/sec  execute  49 sec  latency 31.933 ms
  40   1873784  6570.97 MB/sec  execute  50 sec  latency 14.534 ms
  40   1903778  6572.36 MB/sec  execute  51 sec  latency 14.886 ms
  40   1934115  6572.90 MB/sec  execute  52 sec  latency 11.954 ms
  40   1964821  6573.95 MB/sec  execute  53 sec  latency 13.022 ms
  40   1994904  6572.30 MB/sec  execute  54 sec  latency 12.094 ms
  40   2025394  6572.22 MB/sec  execute  55 sec  latency 14.010 ms
  40   2056021  6572.97 MB/sec  execute  56 sec  latency 12.577 ms
  40   2086581  6573.41 MB/sec  execute  57 sec  latency 13.240 ms
  40   2116804  6572.31 MB/sec  execute  58 sec  latency 11.280 ms
  40   2147456  6573.12 MB/sec  execute  59 sec  latency 13.952 ms
  40  cleanup  60 sec
   0  cleanup  60 sec

 Operation      Count    AvgLat    MaxLat
 ----------------------------------------
 NTCreateX    12554581     0.029    10.883
 Close        9222332     0.002     0.604
 Rename        531618     0.024     0.583
 Unlink       2535258     0.109    10.862
 Deltree          322     5.138    25.462
 Mkdir            161     0.004     0.036
 Qpathinfo    11379166     0.004     2.373
 Qfileinfo    1994329     0.001     0.232
 Qfsinfo      2086604     0.013     0.628
 Sfileinfo    1022602     0.008     0.741
 Find         4399577     0.013     2.023
 WriteX       6260319     0.017     4.482
 ReadX        19681366     0.004     2.730
 LockX          40884     0.002     0.145
 UnlockX        40884     0.002     0.119
 Flush         879933     1.454    37.822

Throughput 6573.12 MB/sec  40 clients  40 procs  max_latency=37.826 ms
cat: /proc/fs/jbd2/nvme0n1p1-8/info: No such file or directory
0.000000/0.000000 => -nan
Usage: grep [OPTION]... PATTERNS [FILE]...
Try 'grep --help' for more information.
Usage: grep [OPTION]... PATTERNS [FILE]...
Try 'grep --help' for more information.
Usage: grep [OPTION]... PATTERNS [FILE]...
Try 'grep --help' for more information.
./parse.sh: line 49: syntax error near unexpected token `else'
./parse.sh: line 49: `else'
==== Workload complete ====
==== End the experiment ====


awk: cannot open /root/results/summary_total (No such file or directory)
Find results in: /root/results/XFS-0-dbench-1704688060
