[    0.000000] Linux version 5.10.0-26-cloud-amd64 (debian-kernel@lists.debian.org) (gcc-10 (Debian 10.2.1-6) 10.2.1 20210110, GNU ld (GNU Binutils for Debian) 2.35.2) #1 SMP Debian 5.10.197-1 (2023-09-29)
[    0.000000] Command line: BOOT_IMAGE=/boot/vmlinuz-5.10.0-26-cloud-amd64 root=UUID=1225d994-3cdc-4e39-8ca0-3245d6035b43 ro console=tty0 console=ttyS0,115200 earlyprintk=ttyS0,115200 consoleblank=0 intel_iommu=off
[    0.000000] BIOS-provided physical RAM map:
[    0.000000] BIOS-e820: [mem 0x0000000000000000-0x0000000000000fff] reserved
[    0.000000] BIOS-e820: [mem 0x0000000000001000-0x0000000000054fff] usable
[    0.000000] BIOS-e820: [mem 0x0000000000055000-0x000000000005ffff] reserved
[    0.000000] BIOS-e820: [mem 0x0000000000060000-0x0000000000097fff] usable
[    0.000000] BIOS-e820: [mem 0x0000000000098000-0x000000000009ffff] reserved
[    0.000000] BIOS-e820: [mem 0x0000000000100000-0x00000000bf6ecfff] usable
[    0.000000] BIOS-e820: [mem 0x00000000bf6ed000-0x00000000bf7ecfff] reserved
[    0.000000] BIOS-e820: [mem 0x00000000bf7ed000-0x00000000bf8ecfff] type 20
[    0.000000] BIOS-e820: [mem 0x00000000bf8ed000-0x00000000bf96cfff] reserved
[    0.000000] BIOS-e820: [mem 0x00000000bf96d000-0x00000000bf97efff] ACPI data
[    0.000000] BIOS-e820: [mem 0x00000000bf97f000-0x00000000bf9fefff] ACPI NVS
[    0.000000] BIOS-e820: [mem 0x00000000bf9ff000-0x00000000bffdffff] usable
[    0.000000] BIOS-e820: [mem 0x00000000bffe0000-0x00000000bfffffff] reserved
[    0.000000] BIOS-e820: [mem 0x0000000100000000-0x000000203fffffff] usable
[    0.000000] printk: bootconsole [earlyser0] enabled
[    0.000000] NX (Execute Disable) protection: active
[    0.000000] efi: EFI v2.70 by EDK II
[    0.000000] efi: TPMFinalLog=0xbf9f7000 ACPI=0xbf97e000 ACPI 2.0=0xbf97e014 SMBIOS=0xbf7ca000 MEMATTR=0xbdf81018 
[    0.000000] secureboot: Secure boot disabled
[    0.000000] SMBIOS 2.4 present.
[    0.000000] DMI: Google Google Compute Engine/Google Compute Engine, BIOS Google 11/17/2023
[    0.000000] Hypervisor detected: KVM
[    0.000000] kvm-clock: Using msrs 4b564d01 and 4b564d00
[    0.000000] kvm-clock: cpu 0, msr 178e401001, primary cpu clock
[    0.000000] kvm-clock: using sched offset of 6600763579 cycles
[    0.001420] clocksource: kvm-clock: mask: 0xffffffffffffffff max_cycles: 0x1cd42e4dffb, max_idle_ns: 881590591483 ns
[    0.004679] tsc: Detected 2800.228 MHz processor
[    0.005568] e820: update [mem 0x00000000-0x00000fff] usable ==> reserved
[    0.005571] e820: remove [mem 0x000a0000-0x000fffff] usable
[    0.005578] last_pfn = 0x2040000 max_arch_pfn = 0x400000000
[    0.006801] MTRR default type: write-back
[    0.006802] MTRR fixed ranges enabled:
[    0.006803]   00000-9FFFF write-back
[    0.006804]   A0000-FFFFF uncachable
[    0.006805] MTRR variable ranges enabled:
[    0.006806]   0 base 0000C0000000 mask 3FFFC0000000 uncachable
[    0.006806]   1 disabled
[    0.006807]   2 disabled
[    0.006807]   3 disabled
[    0.006808]   4 disabled
[    0.006808]   5 disabled
[    0.006809]   6 disabled
[    0.006809]   7 disabled
[    0.006819] x86/PAT: Configuration [0-7]: WB  WC  UC- UC  WB  WP  UC- WT  
[    0.008819] last_pfn = 0xbffe0 max_arch_pfn = 0x400000000
[    0.009973] Using GB pages for direct mapping
[    0.011280] RAMDISK: [mem 0x364eb000-0x3726cfff]
[    0.012208] ACPI: Early table checksum verification disabled
[    0.013206] ACPI: RSDP 0x00000000BF97E014 000024 (v02 Google)
[    0.014492] ACPI: XSDT 0x00000000BF97D0E8 00005C (v01 Google GOOGFACP 00000001      01000013)
[    0.015999] ACPI: FACP 0x00000000BF978000 0000F4 (v02 Google GOOGFACP 00000001 GOOG 00000001)
[    0.017901] ACPI: DSDT 0x00000000BF979000 001A64 (v01 Google GOOGDSDT 00000001 GOOG 00000001)
[    0.019769] ACPI: FACS 0x00000000BF9F1000 000040
[    0.020554] ACPI: SSDT 0x00000000BF97C000 000316 (v02 GOOGLE Tpm2Tabl 00001000 INTL 20211217)
[    0.022332] ACPI: TPM2 0x00000000BF97B000 000034 (v04 GOOGLE          00000001 GOOG 00000001)
[    0.024009] ACPI: SRAT 0x00000000BF977000 0002D0 (v03 Google GOOGSRAT 00000001 GOOG 00000001)
[    0.025940] ACPI: APIC 0x00000000BF976000 000166 (v05 Google GOOGAPIC 00000001 GOOG 00000001)
[    0.027761] ACPI: SSDT 0x00000000BF974000 0014DE (v01 Google GOOGSSDT 00000001 GOOG 00000001)
[    0.029648] ACPI: WAET 0x00000000BF973000 000028 (v01 Google GOOGWAET 00000001 GOOG 00000001)
[    0.031485] ACPI: Reserving FACP table memory at [mem 0xbf978000-0xbf9780f3]
[    0.032941] ACPI: Reserving DSDT table memory at [mem 0xbf979000-0xbf97aa63]
[    0.034499] ACPI: Reserving FACS table memory at [mem 0xbf9f1000-0xbf9f103f]
[    0.036149] ACPI: Reserving SSDT table memory at [mem 0xbf97c000-0xbf97c315]
[    0.037721] ACPI: Reserving TPM2 table memory at [mem 0xbf97b000-0xbf97b033]
[    0.039089] ACPI: Reserving SRAT table memory at [mem 0xbf977000-0xbf9772cf]
[    0.040798] ACPI: Reserving APIC table memory at [mem 0xbf976000-0xbf976165]
[    0.042355] ACPI: Reserving SSDT table memory at [mem 0xbf974000-0xbf9754dd]
[    0.043903] ACPI: Reserving WAET table memory at [mem 0xbf973000-0xbf973027]
[    0.045416] ACPI: Local APIC address 0xfee00000
[    0.045450] SRAT: PXM 0 -> APIC 0x00 -> Node 0
[    0.046314] SRAT: PXM 0 -> APIC 0x01 -> Node 0
[    0.047261] SRAT: PXM 0 -> APIC 0x02 -> Node 0
[    0.048133] SRAT: PXM 0 -> APIC 0x03 -> Node 0
[    0.048838] SRAT: PXM 0 -> APIC 0x04 -> Node 0
[    0.049951] SRAT: PXM 0 -> APIC 0x05 -> Node 0
[    0.050785] SRAT: PXM 0 -> APIC 0x06 -> Node 0
[    0.051591] SRAT: PXM 0 -> APIC 0x07 -> Node 0
[    0.052362] SRAT: PXM 0 -> APIC 0x08 -> Node 0
[    0.053524] SRAT: PXM 0 -> APIC 0x09 -> Node 0
[    0.054686] SRAT: PXM 0 -> APIC 0x0a -> Node 0
[    0.055543] SRAT: PXM 0 -> APIC 0x0b -> Node 0
[    0.056551] SRAT: PXM 0 -> APIC 0x0c -> Node 0
[    0.057565] SRAT: PXM 0 -> APIC 0x0d -> Node 0
[    0.058717] SRAT: PXM 0 -> APIC 0x0e -> Node 0
[    0.059718] SRAT: PXM 0 -> APIC 0x0f -> Node 0
[    0.060724] SRAT: PXM 1 -> APIC 0x10 -> Node 1
[    0.061740] SRAT: PXM 1 -> APIC 0x11 -> Node 1
[    0.062917] SRAT: PXM 1 -> APIC 0x12 -> Node 1
[    0.063817] SRAT: PXM 1 -> APIC 0x13 -> Node 1
[    0.064930] SRAT: PXM 1 -> APIC 0x14 -> Node 1
[    0.065561] SRAT: PXM 1 -> APIC 0x15 -> Node 1
[    0.066284] SRAT: PXM 1 -> APIC 0x16 -> Node 1
[    0.067094] SRAT: PXM 1 -> APIC 0x17 -> Node 1
[    0.068054] SRAT: PXM 1 -> APIC 0x18 -> Node 1
[    0.068937] SRAT: PXM 1 -> APIC 0x19 -> Node 1
[    0.069668] SRAT: PXM 1 -> APIC 0x1a -> Node 1
[    0.070436] SRAT: PXM 1 -> APIC 0x1b -> Node 1
[    0.071131] SRAT: PXM 1 -> APIC 0x1c -> Node 1
[    0.071764] SRAT: PXM 1 -> APIC 0x1d -> Node 1
[    0.072765] SRAT: PXM 1 -> APIC 0x1e -> Node 1
[    0.073618] SRAT: PXM 1 -> APIC 0x1f -> Node 1
[    0.074598] ACPI: SRAT: Node 0 PXM 0 [mem 0x00000000-0x0009ffff]
[    0.075634] ACPI: SRAT: Node 0 PXM 0 [mem 0x00100000-0xbfffffff]
[    0.076806] ACPI: SRAT: Node 0 PXM 0 [mem 0x100000000-0x103fffffff]
[    0.077961] ACPI: SRAT: Node 1 PXM 1 [mem 0x1040000000-0x203fffffff]
[    0.078905] NUMA: Node 0 [mem 0x00000000-0x0009ffff] + [mem 0x00100000-0xbfffffff] -> [mem 0x00000000-0xbfffffff]
[    0.080752] NUMA: Node 0 [mem 0x00000000-0xbfffffff] + [mem 0x100000000-0x103fffffff] -> [mem 0x00000000-0x103fffffff]
[    0.083014] NODE_DATA(0) allocated [mem 0x103ffd6000-0x103fffffff]
[    0.084587] NODE_DATA(1) allocated [mem 0x203ffd6000-0x203fffffff]
[    0.087030] Zone ranges:
[    0.087411]   DMA      [mem 0x0000000000001000-0x0000000000ffffff]
[    0.088558]   DMA32    [mem 0x0000000001000000-0x00000000ffffffff]
[    0.089603]   Normal   [mem 0x0000000100000000-0x000000203fffffff]
[    0.090678]   Device   empty
[    0.091045] Movable zone start for each node
[    0.091940] Early memory node ranges
[    0.092717]   node   0: [mem 0x0000000000001000-0x0000000000054fff]
[    0.093662]   node   0: [mem 0x0000000000060000-0x0000000000097fff]
[    0.094867]   node   0: [mem 0x0000000000100000-0x00000000bf6ecfff]
[    0.096063]   node   0: [mem 0x00000000bf9ff000-0x00000000bffdffff]
[    0.097399]   node   0: [mem 0x0000000100000000-0x000000103fffffff]
[    0.098680]   node   1: [mem 0x0000001040000000-0x000000203fffffff]
[    0.099923] Initmem setup node 0 [mem 0x0000000000001000-0x000000103fffffff]
[    0.100951] On node 0 totalpages: 16776282
[    0.100953]   DMA zone: 64 pages used for memmap
[    0.100954]   DMA zone: 3121 pages reserved
[    0.100955]   DMA zone: 3980 pages, LIFO batch:0
[    0.100956]   DMA32 zone: 12212 pages used for memmap
[    0.100957]   DMA32 zone: 781518 pages, LIFO batch:63
[    0.100958]   Normal zone: 249856 pages used for memmap
[    0.100959]   Normal zone: 15990784 pages, LIFO batch:63
[    0.100960] Initmem setup node 1 [mem 0x0000001040000000-0x000000203fffffff]
[    0.102153] On node 1 totalpages: 16777216
[    0.102154]   Normal zone: 262144 pages used for memmap
[    0.102154]   Normal zone: 16777216 pages, LIFO batch:63
[    0.102594] On node 0, zone DMA: 1 pages in unavailable ranges
[    0.102596] On node 0, zone DMA: 11 pages in unavailable ranges
[    0.103579] On node 0, zone DMA: 104 pages in unavailable ranges
[    0.121107] On node 0, zone DMA32: 786 pages in unavailable ranges
[    0.123062] On node 0, zone Normal: 32 pages in unavailable ranges
[    0.125550] ACPI: PM-Timer IO Port: 0xb008
[    0.127125] ACPI: Local APIC address 0xfee00000
[    0.127140] ACPI: LAPIC_NMI (acpi_id[0xff] dfl dfl lint[0x1])
[    0.128168] IOAPIC[0]: apic_id 0, version 17, address 0xfec00000, GSI 0-23
[    0.129322] ACPI: INT_SRC_OVR (bus 0 bus_irq 5 global_irq 5 high level)
[    0.130570] ACPI: INT_SRC_OVR (bus 0 bus_irq 9 global_irq 9 high level)
[    0.131726] ACPI: INT_SRC_OVR (bus 0 bus_irq 10 global_irq 10 high level)
[    0.132730] ACPI: INT_SRC_OVR (bus 0 bus_irq 11 global_irq 11 high level)
[    0.133630] ACPI: IRQ5 used by override.
[    0.133631] ACPI: IRQ9 used by override.
[    0.133631] ACPI: IRQ10 used by override.
[    0.133632] ACPI: IRQ11 used by override.
[    0.133635] Using ACPI (MADT) for SMP configuration information
[    0.134610] smpboot: Allowing 32 CPUs, 0 hotplug CPUs
[    0.135375] PM: hibernation: Registered nosave memory: [mem 0x00000000-0x00000fff]
[    0.136543] PM: hibernation: Registered nosave memory: [mem 0x00055000-0x0005ffff]
[    0.138038] PM: hibernation: Registered nosave memory: [mem 0x00098000-0x0009ffff]
[    0.140447] PM: hibernation: Registered nosave memory: [mem 0x000a0000-0x000fffff]
[    0.141755] PM: hibernation: Registered nosave memory: [mem 0xbf6ed000-0xbf7ecfff]
[    0.143076] PM: hibernation: Registered nosave memory: [mem 0xbf7ed000-0xbf8ecfff]
[    0.145160] PM: hibernation: Registered nosave memory: [mem 0xbf8ed000-0xbf96cfff]
[    0.146612] PM: hibernation: Registered nosave memory: [mem 0xbf96d000-0xbf97efff]
[    0.147737] PM: hibernation: Registered nosave memory: [mem 0xbf97f000-0xbf9fefff]
[    0.148990] PM: hibernation: Registered nosave memory: [mem 0xbffe0000-0xbfffffff]
[    0.150255] PM: hibernation: Registered nosave memory: [mem 0xc0000000-0xffffffff]
[    0.151574] [mem 0xc0000000-0xffffffff] available for PCI devices
[    0.152797] Booting paravirtualized kernel on KVM
[    0.153901] clocksource: refined-jiffies: mask: 0xffffffff max_cycles: 0xffffffff, max_idle_ns: 7645519600211568 ns
[    0.159623] setup_percpu: NR_CPUS:8192 nr_cpumask_bits:32 nr_cpu_ids:32 nr_node_ids:2
[    0.164545] percpu: Embedded 63 pages/cpu s221184 r8192 d28672 u262144
[    0.165662] pcpu-alloc: s221184 r8192 d28672 u262144 alloc=1*2097152
[    0.165664] pcpu-alloc: [0] 00 01 02 03 04 05 06 07 [0] 16 17 18 19 20 21 22 23 
[    0.165672] pcpu-alloc: [1] 08 09 10 11 12 13 14 15 [1] 24 25 26 27 28 29 30 31 
[    0.165711] kvm-guest: PV spinlocks enabled
[    0.166515] PV qspinlock hash table entries: 256 (order: 0, 4096 bytes, linear)
[    0.167594] Built 2 zonelists, mobility grouping on.  Total pages: 33026101
[    0.168689] Policy zone: Normal
[    0.169239] Kernel command line: BOOT_IMAGE=/boot/vmlinuz-5.10.0-26-cloud-amd64 root=UUID=1225d994-3cdc-4e39-8ca0-3245d6035b43 ro console=tty0 console=ttyS0,115200 earlyprintk=ttyS0,115200 consoleblank=0 intel_iommu=off
[    0.172972] DMAR: IOMMU disabled
[    0.173478] printk: log_buf_len individual max cpu contribution: 4096 bytes
[    0.174705] printk: log_buf_len total cpu_extra contributions: 126976 bytes
[    0.175846] printk: log_buf_len min size: 131072 bytes
[    0.177339] printk: log_buf_len: 262144 bytes
[    0.178005] printk: early log buf free: 119472(91%)
[    0.179276] mem auto-init: stack:off, heap alloc:on, heap free:off
[    0.241577] Memory: 3278624K/134213992K available (12296K kernel code, 2552K rwdata, 6956K rodata, 2468K init, 3724K bss, 2267340K reserved, 0K cma-reserved)
[    0.245435] SLUB: HWalign=64, Order=0-3, MinObjects=0, CPUs=32, Nodes=2
[    0.247308] ftrace: allocating 33918 entries in 133 pages
[    0.266149] ftrace: allocated 133 pages with 3 groups
[    0.267821] rcu: Hierarchical RCU implementation.
[    0.268634] rcu: 	RCU restricting CPUs from NR_CPUS=8192 to nr_cpu_ids=32.
[    0.269903] 	Rude variant of Tasks RCU enabled.
[    0.270885] 	Tracing variant of Tasks RCU enabled.
[    0.271680] rcu: RCU calculated value of scheduler-enlistment delay is 25 jiffies.
[    0.273065] rcu: Adjusting geometry for rcu_fanout_leaf=16, nr_cpu_ids=32
[    0.277796] NR_IRQS: 524544, nr_irqs: 680, preallocated irqs: 16
[    0.279361] random: crng init done
[    0.280089] Console: colour dummy device 80x25
[    0.281030] printk: console [tty0] enabled
[    0.281702] printk: console [ttyS0] enabled
[    0.283336] printk: bootconsole [earlyser0] disabled
[    0.284945] mempolicy: Enabling automatic NUMA balancing. Configure with numa_balancing= or the kernel.numa_balancing sysctl
[    0.287332] ACPI: Core revision 20200925
[    0.288111] APIC: Switch to symmetric I/O mode setup
[    0.289719] x2apic enabled
[    0.292697] Switched APIC routing to physical x2apic.
[    0.297201] ..TIMER: vector=0x30 apic1=0 pin1=0 apic2=-1 pin2=-1
[    0.298692] clocksource: tsc-early: mask: 0xffffffffffffffff max_cycles: 0x285d180dcd3, max_idle_ns: 440795239362 ns
[    0.300770] Calibrating delay loop (skipped) preset value.. 5600.45 BogoMIPS (lpj=11200912)
[    0.302454] Last level iTLB entries: 4KB 64, 2MB 8, 4MB 8
[    0.303713] Last level dTLB entries: 4KB 64, 2MB 0, 4MB 0, 1GB 4
[    0.304774] Spectre V1 : Mitigation: usercopy/swapgs barriers and __user pointer sanitization
[    0.306765] Spectre V2 : Mitigation: Enhanced IBRS
[    0.307474] Spectre V2 : Spectre v2 / SpectreRSB mitigation: Filling RSB on context switch
[    0.308768] Spectre V2 : Spectre v2 / PBRSB-eIBRS: Retire a single CALL on VMEXIT
[    0.310328] RETBleed: Mitigation: Enhanced IBRS
[    0.311086] Spectre V2 : mitigation: Enabling conditional Indirect Branch Prediction Barrier
[    0.312769] Speculative Store Bypass: Mitigation: Speculative Store Bypass disabled via prctl and seccomp
[    0.314423] MDS: Mitigation: Clear CPU buffers
[    0.315485] TAA: Mitigation: Clear CPU buffers
[    0.316768] MMIO Stale Data: Vulnerable: Clear CPU buffers attempted, no microcode
[    0.318252] x86/fpu: Supporting XSAVE feature 0x001: 'x87 floating point registers'
[    0.319412] x86/fpu: Supporting XSAVE feature 0x002: 'SSE registers'
[    0.320768] x86/fpu: Supporting XSAVE feature 0x004: 'AVX registers'
[    0.322241] x86/fpu: Supporting XSAVE feature 0x020: 'AVX-512 opmask'
[    0.324768] x86/fpu: Supporting XSAVE feature 0x040: 'AVX-512 Hi256'
[    0.326278] x86/fpu: Supporting XSAVE feature 0x080: 'AVX-512 ZMM_Hi256'
[    0.327627] x86/fpu: xstate_offset[2]:  576, xstate_sizes[2]:  256
[    0.328769] x86/fpu: xstate_offset[5]:  832, xstate_sizes[5]:   64
[    0.330224] x86/fpu: xstate_offset[6]:  896, xstate_sizes[6]:  512
[    0.331754] x86/fpu: xstate_offset[7]: 1408, xstate_sizes[7]: 1024
[    0.332769] x86/fpu: Enabled xstate features 0xe7, context size is 2432 bytes, using 'compacted' format.
[    0.349774] Freeing SMP alternatives memory: 32K
[    0.352586] pid_max: default: 32768 minimum: 301
[    0.354792] LSM: Security Framework initializing
[    0.355571] Yama: disabled by default; enable with sysctl kernel.yama.*
[    0.356799] AppArmor: AppArmor initialized
[    0.357717] TOMOYO Linux initialized
[    0.385846] Dentry cache hash table entries: 8388608 (order: 14, 67108864 bytes, vmalloc)
[    0.400005] Inode-cache hash table entries: 4194304 (order: 13, 33554432 bytes, vmalloc)
[    0.401310] Mount-cache hash table entries: 131072 (order: 8, 1048576 bytes, vmalloc)
[    0.402891] Mountpoint-cache hash table entries: 131072 (order: 8, 1048576 bytes, vmalloc)
[    0.513897] smpboot: CPU0: Intel(R) Xeon(R) CPU @ 2.80GHz (family: 0x6, model: 0x55, stepping: 0x7)
[    0.515776] Performance Events: unsupported p6 CPU model 85 no PMU driver, software events only.
[    0.516767] rcu: Hierarchical SRCU implementation.
[    0.517092] NMI watchdog: Perf NMI watchdog permanently disabled
[    0.519185] smp: Bringing up secondary CPUs ...
[    0.520871] x86: Booting SMP configuration:
[    0.521627] .... node  #0, CPUs:        #1
[    0.013415] kvm-clock: cpu 1, msr 178e401041, secondary cpu clock
[    0.522503]   #2
[    0.013415] kvm-clock: cpu 2, msr 178e401081, secondary cpu clock
[    0.522521]   #3
[    0.013415] kvm-clock: cpu 3, msr 178e4010c1, secondary cpu clock
[    0.525430]   #4
[    0.013415] kvm-clock: cpu 4, msr 178e401101, secondary cpu clock
[    0.526396]   #5
[    0.013415] kvm-clock: cpu 5, msr 178e401141, secondary cpu clock
[    0.529510]   #6
[    0.013415] kvm-clock: cpu 6, msr 178e401181, secondary cpu clock
[    0.530441]   #7
[    0.013415] kvm-clock: cpu 7, msr 178e4011c1, secondary cpu clock

[    0.534311] .... node  #1, CPUs:    #8
[    0.013415] kvm-clock: cpu 8, msr 178e401201, secondary cpu clock
[    0.013415] smpboot: CPU 8 Converting physical 0 to logical die 1
[    0.541250]   #9
[    0.013415] kvm-clock: cpu 9, msr 178e401241, secondary cpu clock
[    0.541564]  #10
[    0.013415] kvm-clock: cpu 10, msr 178e401281, secondary cpu clock
[    0.542411]  #11
[    0.013415] kvm-clock: cpu 11, msr 178e4012c1, secondary cpu clock
[    0.545278]  #12
[    0.013415] kvm-clock: cpu 12, msr 178e401301, secondary cpu clock
[    0.546956]  #13
[    0.013415] kvm-clock: cpu 13, msr 178e401341, secondary cpu clock
[    0.549284]  #14
[    0.013415] kvm-clock: cpu 14, msr 178e401381, secondary cpu clock
[    0.550502]  #15
[    0.013415] kvm-clock: cpu 15, msr 178e4013c1, secondary cpu clock

[    0.555100] .... node  #0, CPUs:   #16
[    0.013415] kvm-clock: cpu 16, msr 178e401401, secondary cpu clock
[    0.557584] MDS CPU bug present and SMT on, data leak possible. See https://www.kernel.org/doc/html/latest/admin-guide/hw-vuln/mds.html for more details.
[    0.560771] TAA CPU bug present and SMT on, data leak possible. See https://www.kernel.org/doc/html/latest/admin-guide/hw-vuln/tsx_async_abort.html for more details.
[    0.564769] MMIO Stale Data CPU bug present and SMT on, data leak possible. See https://www.kernel.org/doc/html/latest/admin-guide/hw-vuln/processor_mmio_stale_data.html for more details.
[    0.568863]  #17
[    0.013415] kvm-clock: cpu 17, msr 178e401441, secondary cpu clock
[    0.569513]  #18
[    0.013415] kvm-clock: cpu 18, msr 178e401481, secondary cpu clock
[    0.572770]  #19
[    0.013415] kvm-clock: cpu 19, msr 178e4014c1, secondary cpu clock
[    0.574383]  #20
[    0.013415] kvm-clock: cpu 20, msr 178e401501, secondary cpu clock
[    0.574535]  #21
[    0.013415] kvm-clock: cpu 21, msr 178e401541, secondary cpu clock
[    0.577284]  #22
[    0.013415] kvm-clock: cpu 22, msr 178e401581, secondary cpu clock
[    0.578906]  #23
[    0.013415] kvm-clock: cpu 23, msr 178e4015c1, secondary cpu clock

[    0.582520] .... node  #1, CPUs:   #24
[    0.013415] kvm-clock: cpu 24, msr 178e401601, secondary cpu clock
[    0.584771]  #25
[    0.013415] kvm-clock: cpu 25, msr 178e401641, secondary cpu clock
[    0.586737]  #26
[    0.013415] kvm-clock: cpu 26, msr 178e401681, secondary cpu clock
[    0.588821]  #27
[    0.013415] kvm-clock: cpu 27, msr 178e4016c1, secondary cpu clock
[    0.590687]  #28
[    0.013415] kvm-clock: cpu 28, msr 178e401701, secondary cpu clock
[    0.593708]  #29
[    0.013415] kvm-clock: cpu 29, msr 178e401741, secondary cpu clock
[    0.595305]  #30
[    0.013415] kvm-clock: cpu 30, msr 178e401781, secondary cpu clock
[    0.597261]  #31
[    0.013415] kvm-clock: cpu 31, msr 178e4017c1, secondary cpu clock
[    0.598751] smp: Brought up 2 nodes, 32 CPUs
[    0.601739] smpboot: Max logical packages: 2
[    0.602632] smpboot: Total of 32 processors activated (179214.59 BogoMIPS)
[    0.650440] node 0 deferred pages initialised in 44ms
[    0.658206] node 1 deferred pages initialised in 52ms
[    0.664834] devtmpfs: initialized
[    0.664849] x86/mm: Memory block size: 1024MB
[    0.666243] PM: Registering ACPI NVS region [mem 0xbf97f000-0xbf9fefff] (524288 bytes)
[    0.666243] clocksource: jiffies: mask: 0xffffffff max_cycles: 0xffffffff, max_idle_ns: 7645041785100000 ns
[    0.668935] futex hash table entries: 8192 (order: 7, 524288 bytes, vmalloc)
[    0.670455] NET: Registered protocol family 16
[    0.672941] DMA: preallocated 4096 KiB GFP_KERNEL pool for atomic allocations
[    0.675475] DMA: preallocated 4096 KiB GFP_KERNEL|GFP_DMA pool for atomic allocations
[    0.678619] DMA: preallocated 4096 KiB GFP_KERNEL|GFP_DMA32 pool for atomic allocations
[    0.679694] audit: initializing netlink subsys (disabled)
[    0.680794] audit: type=2000 audit(1704243556.274:1): state=initialized audit_enabled=0 res=1
[    0.680873] thermal_sys: Registered thermal governor 'fair_share'
[    0.681919] thermal_sys: Registered thermal governor 'bang_bang'
[    0.682733] thermal_sys: Registered thermal governor 'step_wise'
[    0.683534] thermal_sys: Registered thermal governor 'user_space'
[    0.684334] thermal_sys: Registered thermal governor 'power_allocator'
[    0.684790] cpuidle: using governor ladder
[    0.688777] cpuidle: using governor menu
[    0.689359] ACPI: bus type PCI registered
[    0.689909] acpiphp: ACPI Hot Plug PCI Controller Driver version: 0.5
[    0.689909] PCI: Using configuration type 1 for base access
[    0.690846] Kprobes globally optimized
[    0.692815] HugeTLB registered 1.00 GiB page size, pre-allocated 0 pages
[    0.692815] HugeTLB registered 2.00 MiB page size, pre-allocated 0 pages
[    0.803078] ACPI: Added _OSI(Module Device)
[    0.803078] ACPI: Added _OSI(Processor Device)
[    0.803078] ACPI: Added _OSI(3.0 _SCP Extensions)
[    0.803078] ACPI: Added _OSI(Processor Aggregator Device)
[    0.803475] ACPI: Added _OSI(Linux-Dell-Video)
[    0.804076] ACPI: Added _OSI(Linux-Lenovo-NV-HDMI-Audio)
[    0.804770] ACPI: Added _OSI(Linux-HPI-Hybrid-Graphics)
[    0.806514] ACPI: 3 ACPI AML tables successfully acquired and loaded
[    0.809393] ACPI: Interpreter enabled
[    0.809924] ACPI: (supports S0 S3 S4 S5)
[    0.810474] ACPI: Using IOAPIC for interrupt routing
[    0.811165] PCI: Using host bridge windows from ACPI; if necessary, use "pci=nocrs" and report a bug
[    0.812573] ACPI: Enabled 16 GPEs in block 00 to 0F
[    0.815437] ACPI: PCI Root Bridge [PCI0] (domain 0000 [bus 00-ff])
[    0.816287] acpi PNP0A03:00: _OSC: OS supports [ASPM ClockPM Segments MSI HPX-Type3]
[    0.820781] acpi PNP0A03:00: fail to add MMCONFIG information, can't access extended PCI configuration space under this bridge.
[    0.822804] PCI host bridge to bus 0000:00
[    0.823385] pci_bus 0000:00: Unknown NUMA node; performance will be reduced
[    0.824770] pci_bus 0000:00: root bus resource [io  0x0000-0x0cf7 window]
[    0.825708] pci_bus 0000:00: root bus resource [io  0x0d00-0xffff window]
[    0.826656] pci_bus 0000:00: root bus resource [mem 0x000a0000-0x000bffff window]
[    0.827674] pci_bus 0000:00: root bus resource [mem 0xc0000000-0xfebfefff window]
[    0.828770] pci_bus 0000:00: root bus resource [bus 00-ff]
[    0.829540] pci 0000:00:00.0: [8086:1237] type 00 class 0x060000
[    0.835518] pci 0000:00:01.0: [8086:7110] type 00 class 0x060100
[    0.867057] pci 0000:00:01.3: [8086:7113] type 00 class 0x068000
[    0.904812] pci 0000:00:01.3: quirk: [io  0xb000-0xb03f] claimed by PIIX4 ACPI
[    0.906100] pci 0000:00:03.0: [1af4:1004] type 00 class 0x000000
[    0.920774] pci 0000:00:03.0: reg 0x10: [io  0xc040-0xc07f]
[    0.930960] pci 0000:00:03.0: reg 0x14: [mem 0xc0102000-0xc010207f]
[    0.957058] pci 0000:00:04.0: [1ae0:001f] type 00 class 0x010802
[    0.974744] pci 0000:00:04.0: reg 0x10: [mem 0xc0000000-0xc0003fff 64bit]
[    0.996777] pci 0000:00:04.0: reg 0x20: [mem 0xc0101000-0xc01011ff]
[    1.009055] pci 0000:00:05.0: [1af4:1000] type 00 class 0x020000
[    1.023548] pci 0000:00:05.0: reg 0x10: [io  0xc000-0xc03f]
[    1.032772] pci 0000:00:05.0: reg 0x14: [mem 0xc0100000-0xc01007ff]
[    1.061057] pci 0000:00:06.0: [1af4:1005] type 00 class 0x00ff00
[    1.076778] pci 0000:00:06.0: reg 0x10: [io  0xc080-0xc09f]
[    1.087122] pci 0000:00:06.0: reg 0x14: [mem 0xc0103000-0xc010303f]
[    1.113470] ACPI: PCI Interrupt Link [LNKA] (IRQs 5 *10 11)
[    1.116821] ACPI: PCI Interrupt Link [LNKB] (IRQs 5 *10 11)
[    1.116825] ACPI: PCI Interrupt Link [LNKC] (IRQs 5 10 *11)
[    1.119679] ACPI: PCI Interrupt Link [LNKD] (IRQs 5 10 *11)
[    1.122714] ACPI: PCI Interrupt Link [LNKS] (IRQs *9)
[    1.125559] iommu: Default domain type: Translated 
[    1.128802] vgaarb: loaded
[    1.129308] Registered efivars operations
[    1.130041] NetLabel: Initializing
[    1.130510] NetLabel:  domain hash size = 128
[    1.131099] NetLabel:  protocols = UNLABELED CIPSOv4 CALIPSO
[    1.132789] NetLabel:  unlabeled traffic allowed by default
[    1.133536] PCI: Using ACPI for IRQ routing
[    1.134119] PCI: pci_cache_line_size set to 64 bytes
[    1.134206] e820: reserve RAM buffer [mem 0x00055000-0x0005ffff]
[    1.134207] e820: reserve RAM buffer [mem 0x00098000-0x0009ffff]
[    1.134208] e820: reserve RAM buffer [mem 0xbf6ed000-0xbfffffff]
[    1.134209] e820: reserve RAM buffer [mem 0xbffe0000-0xbfffffff]
[    1.134400] clocksource: Switched to clocksource kvm-clock
[    1.146596] VFS: Disk quotas dquot_6.6.0
[    1.147192] VFS: Dquot-cache hash table entries: 512 (order 0, 4096 bytes)
[    1.148311] AppArmor: AppArmor Filesystem Enabled
[    1.148959] pnp: PnP ACPI init
[    1.149439] pnp 00:00: Plug and Play ACPI device, IDs PNP0b00 (active)
[    1.149478] pnp 00:01: Plug and Play ACPI device, IDs PNP0303 (active)
[    1.149506] pnp 00:02: Plug and Play ACPI device, IDs PNP0f13 (active)
[    1.149543] pnp 00:03: Plug and Play ACPI device, IDs PNP0501 (active)
[    1.149569] pnp 00:04: Plug and Play ACPI device, IDs PNP0501 (active)
[    1.149601] pnp 00:05: Plug and Play ACPI device, IDs PNP0501 (active)
[    1.149632] pnp 00:06: Plug and Play ACPI device, IDs PNP0501 (active)
[    1.149760] pnp: PnP ACPI: found 7 devices
[    1.156276] clocksource: acpi_pm: mask: 0xffffff max_cycles: 0xffffff, max_idle_ns: 2085701024 ns
[    1.157554] NET: Registered protocol family 2
[    1.158812] IP idents hash table entries: 262144 (order: 9, 2097152 bytes, vmalloc)
[    1.162640] tcp_listen_portaddr_hash hash table entries: 65536 (order: 8, 1048576 bytes, vmalloc)
[    1.165817] TCP established hash table entries: 524288 (order: 10, 4194304 bytes, vmalloc)
[    1.167850] TCP bind hash table entries: 65536 (order: 8, 1048576 bytes, vmalloc)
[    1.168949] TCP: Hash tables configured (established 524288 bind 65536)
[    1.171454] UDP hash table entries: 65536 (order: 9, 2097152 bytes, vmalloc)
[    1.173823] UDP-Lite hash table entries: 65536 (order: 9, 2097152 bytes, vmalloc)
[    1.175283] NET: Registered protocol family 1
[    1.175887] NET: Registered protocol family 44
[    1.176503] pci_bus 0000:00: resource 4 [io  0x0000-0x0cf7 window]
[    1.177326] pci_bus 0000:00: resource 5 [io  0x0d00-0xffff window]
[    1.178158] pci_bus 0000:00: resource 6 [mem 0x000a0000-0x000bffff window]
[    1.179102] pci_bus 0000:00: resource 7 [mem 0xc0000000-0xfebfefff window]
[    1.180044] pci 0000:00:00.0: Limiting direct PCI/PCI transfers
[    1.180891] PCI: CLS 0 bytes, default 64
[    1.181471] Trying to unpack rootfs image as initramfs...
[    1.361463] Freeing initrd memory: 13832K
[    1.362085] PCI-DMA: Using software bounce buffering for IO (SWIOTLB)
[    1.362943] software IO TLB: mapped [mem 0x00000000b7ff7000-0x00000000bbff7000] (64MB)
[    1.364068] clocksource: tsc: mask: 0xffffffffffffffff max_cycles: 0x285d180dcd3, max_idle_ns: 440795239362 ns
[    1.365575] clocksource: Switched to clocksource tsc
[    1.367020] Initialise system trusted keyrings
[    1.367635] Key type blacklist registered
[    1.368302] workingset: timestamp_bits=36 max_order=25 bucket_order=0
[    1.369985] zbud: loaded
[    1.371051] Key type asymmetric registered
[    1.371614] Asymmetric key parser 'x509' registered
[    1.372278] Block layer SCSI generic (bsg) driver version 0.4 loaded (major 252)
[    1.373352] io scheduler mq-deadline registered
[    1.377956] Serial: 8250/16550 driver, 4 ports, IRQ sharing enabled
[    1.379212] 00:03: ttyS0 at I/O 0x3f8 (irq = 4, base_baud = 115200) is a 16550A
[    1.380990] 00:04: ttyS1 at I/O 0x2f8 (irq = 3, base_baud = 115200) is a 16550A
[    1.382605] 00:05: ttyS2 at I/O 0x3e8 (irq = 6, base_baud = 115200) is a 16550A
[    1.384410] 00:06: ttyS3 at I/O 0x2e8 (irq = 7, base_baud = 115200) is a 16550A
[    1.389338] nvme nvme0: pci function 0000:00:04.0
[    1.390263] i8042: PNP: PS/2 Controller [PNP0303:KBD,PNP0f13:MOU] at 0x60,0x64 irq 1,12
[    1.393390] PCI Interrupt Link [LNKD] enabled at IRQ 11
[    1.394497] i8042: Warning: Keylock active
[    1.404999] serio: i8042 KBD port at 0x60,0x64 irq 1
[    1.406140] serio: i8042 AUX port at 0x60,0x64 irq 12
[    1.407020] rtc_cmos 00:00: RTC can wake from S4
[    1.415445] rtc_cmos 00:00: registered as rtc0
[    1.420365] rtc_cmos 00:00: setting system clock to 2024-01-03T00:59:17 UTC (1704243557)
[    1.422094] rtc_cmos 00:00: alarms up to one day, 114 bytes nvram
[    1.423405] intel_pstate: CPU model not supported
[    1.424608] NET: Registered protocol family 10
[    1.434794] Segment Routing with IPv6
[    1.435364] mip6: Mobile IPv6
[    1.435778] NET: Registered protocol family 17
[    1.436515] IPI shorthand broadcast: enabled
[    1.437140] sched_clock: Marking stable (1427039383, 9415887)->(1454634842, -18179572)
[    1.437187] nvme nvme0: 15/0/0 default/read/poll queues
[    1.439328] registered taskstats version 1
[    1.439896] Loading compiled-in X.509 certificates
[    1.466176] Loaded X.509 cert 'Debian Secure Boot CA: 6ccece7e4c6c0d1f6149f3dd27dfcc5cbb419ea1'
[    1.467428] Loaded X.509 cert 'Debian Secure Boot Signer 2022 - linux: 14011249c2675ea8e5148542202005810584b25f'
[    1.469023] Key type .fscrypt registered
[    1.469571] Key type fscrypt-provisioning registered
[    1.470301] AppArmor: AppArmor sha1 policy hashing enabled
[    1.542898] Freeing unused decrypted memory: 2036K
[    1.544936] Freeing unused kernel image (initmem) memory: 2468K
[    1.546105] Write protecting the kernel read-only data: 22528k
[    1.548149] Freeing unused kernel image (text/rodata gap) memory: 2036K
[    1.549986] Freeing unused kernel image (rodata/data gap) memory: 1236K
[    1.551777] x86/mm: Checked W+X mappings: passed, no W+X pages found.
[    1.552770] Run /init as init process
[    1.553505]   with arguments:
[    1.553507]     /init
[    1.553507]   with environment:
[    1.553508]     HOME=/
[    1.553509]     TERM=linux
[    1.553510]     BOOT_IMAGE=/boot/vmlinuz-5.10.0-26-cloud-amd64
[    1.553511]     intel_iommu=off
[    1.600994] PCI Interrupt Link [LNKC] enabled at IRQ 10
[    1.601982] virtio-pci 0000:00:03.0: virtio_pci: leaving for legacy driver
[    1.611192] PCI Interrupt Link [LNKA] enabled at IRQ 10
[    1.612737] virtio-pci 0000:00:05.0: virtio_pci: leaving for legacy driver
[    1.613722] input: AT Translated Set 2 keyboard as /devices/platform/i8042/serio0/input/input0
[    1.626830] PCI Interrupt Link [LNKB] enabled at IRQ 11
[    1.627868] virtio-pci 0000:00:06.0: virtio_pci: leaving for legacy driver
[    1.672092] SCSI subsystem initialized
[    1.720001] scsi host0: Virtio SCSI HBA
[    1.753333] scsi 0:0:1:0: Direct-Access     Google   PersistentDisk   1    PQ: 0 ANSI: 6
[    1.907728] virtio_net virtio1 ens5: renamed from eth0
[    1.909965] sd 0:0:1:0: [sda] 20971520 512-byte logical blocks: (10.7 GB/10.0 GiB)
[    1.911070] sd 0:0:1:0: [sda] 4096-byte physical blocks
[    1.911819] sd 0:0:1:0: [sda] Write Protect is off
[    1.912465] sd 0:0:1:0: [sda] Mode Sense: 1f 00 00 08
[    1.912530] sd 0:0:1:0: [sda] Write cache: enabled, read cache: enabled, doesn't support DPO or FUA
[    1.949589]  sda: sda1 sda14 sda15
[    1.978108] sd 0:0:1:0: [sda] Attached SCSI disk
[    2.023367] gce-disk-expand: Resizing partition on 
[    2.041724] gce-disk-expand: Disk /dev/sda1 doesn't need resizing.
[    2.117707] EXT4-fs (sda1): mounted filesystem with ordered data mode. Opts: (null)
[    2.150437] Not activating Mandatory Access Control as /sbin/tomoyo-init does not exist.
[    2.371260] systemd[1]: Inserted module 'autofs4'
[    2.516592] systemd[1]: systemd 247.3-7+deb11u4 running in system mode. (+PAM +AUDIT +SELINUX +IMA +APPARMOR +SMACK +SYSVINIT +UTMP +LIBCRYPTSETUP +GCRYPT +GNUTLS +ACL +XZ +LZ4 +ZSTD +SECCOMP +BLKID +ELFUTILS +KMOD +IDN2 -IDN +PCRE2 default-hierarchy=unified)
[    2.519766] systemd[1]: Detected virtualization kvm.
[    2.520457] systemd[1]: Detected architecture x86-64.
[    2.534015] systemd[1]: Set hostname to <debian>.
[    2.537338] systemd[1]: Initializing machine ID from KVM UUID.
[    2.538258] systemd[1]: Installed transient /etc/machine-id file.
[    2.822201] systemd[1]: Queued start job for default target Graphical Interface.
[    2.824507] systemd[1]: Created slice system-getty.slice.
[    2.837745] systemd[1]: Created slice system-modprobe.slice.
[    2.849856] systemd[1]: Created slice system-serial\x2dgetty.slice.
[    2.861674] systemd[1]: Created slice system-systemd\x2dgrowfs.slice.
[    2.873650] systemd[1]: Created slice User and Session Slice.
[    2.885507] systemd[1]: Started Dispatch Password Requests to Console Directory Watch.
[    2.897496] systemd[1]: Started Forward Password Requests to Wall Directory Watch.
[    2.909616] systemd[1]: Set up automount Arbitrary Executable File Formats File System Automount Point.
[    2.921490] systemd[1]: Reached target Local Encrypted Volumes.
[    2.933491] systemd[1]: Reached target Paths.
[    2.945473] systemd[1]: Reached target Remote File Systems.
[    2.957462] systemd[1]: Reached target Slices.
[    2.969471] systemd[1]: Reached target Swap.
[    2.981467] systemd[1]: Reached target System Time Set.
[    2.993553] systemd[1]: Listening on Syslog Socket.
[    3.005536] systemd[1]: Listening on fsck to fsckd communication Socket.
[    3.017500] systemd[1]: Listening on initctl Compatibility Named Pipe.
[    3.029580] systemd[1]: Listening on Journal Audit Socket.
[    3.041533] systemd[1]: Listening on Journal Socket (/dev/log).
[    3.053542] systemd[1]: Listening on Journal Socket.
[    3.065977] systemd[1]: Listening on udev Control Socket.
[    3.077522] systemd[1]: Listening on udev Kernel Socket.
[    3.090134] systemd[1]: Mounting Huge Pages File System...
[    3.102094] systemd[1]: Mounting POSIX Message Queue File System...
[    3.114135] systemd[1]: Mounting Kernel Debug File System...
[    3.126118] systemd[1]: Mounting Kernel Trace File System...
[    3.142158] systemd[1]: Starting Create list of static device nodes for the current kernel...
[    3.154069] systemd[1]: Starting Load Kernel Module configfs...
[    3.166226] systemd[1]: Starting Load Kernel Module drm...
[    3.178074] systemd[1]: Starting Load Kernel Module fuse...
[    3.190092] systemd[1]: Condition check resulted in Set Up Additional Binary Formats being skipped.
[    3.191329] systemd[1]: Condition check resulted in File System Check on Root Device being skipped.
[    3.194139] systemd[1]: Starting Journal Service...
[    3.203993] fuse: init (API version 7.32)
[    3.207007] systemd[1]: Starting Load Kernel Modules...
[    3.218187] systemd[1]: Starting Remount Root and Kernel File Systems...
[    3.231022] EXT4-fs (sda1): re-mounted. Opts: discard,errors=remount-ro
[    3.234078] systemd[1]: Starting Coldplug All udev Devices...
[    3.250583] systemd[1]: Started Journal Service.
[    3.418892] EXT4-fs (sda1): resizing filesystem from 2588667 to 2588667 blocks
[    3.433338] systemd-journald[484]: Received client request to flush runtime journal.
[    3.686668] input: Power Button as /devices/LNXSYSTM:00/LNXPWRBN:00/input/input2
[    3.692973] pstore: Using crash dump compression: deflate
[    3.693750] pstore: Registered efi as persistent store backend
[    3.702855] tpm_tis MSFT0101:00: 2.0 TPM (device-id 0x9009, rev-id 0)
[    3.709042] sd 0:0:1:0: Attached scsi generic sg0 type 0
[    3.709859] ACPI: Power Button [PWRF]
[    3.710456] input: Sleep Button as /devices/LNXSYSTM:00/LNXSLPBN:00/input/input3
[    3.711539] ACPI: Sleep Button [SLPF]
[    3.737825] RAPL PMU: API unit is 2^-32 Joules, 0 fixed counters, 10737418240 ms ovfl timer
[    3.871791] cryptd: max_cpu_qlen set to 1000
[    3.943522] AVX2 version of gcm_enc/dec engaged.
[    3.944182] AES CTR mode by8 optimization enabled
[    4.319203] audit: type=1400 audit(1704243560.396:2): apparmor="STATUS" operation="profile_load" profile="unconfined" name="/usr/sbin/haveged" pid=695 comm="apparmor_parser"
[    4.328531] audit: type=1400 audit(1704243560.404:3): apparmor="STATUS" operation="profile_load" profile="unconfined" name="lsb_release" pid=699 comm="apparmor_parser"
[    4.332964] audit: type=1400 audit(1704243560.408:4): apparmor="STATUS" operation="profile_load" profile="unconfined" name="nvidia_modprobe" pid=694 comm="apparmor_parser"
[    4.335013] audit: type=1400 audit(1704243560.412:5): apparmor="STATUS" operation="profile_load" profile="unconfined" name="nvidia_modprobe//kmod" pid=694 comm="apparmor_parser"
[    4.348426] audit: type=1400 audit(1704243560.424:6): apparmor="STATUS" operation="profile_load" profile="unconfined" name="/usr/bin/man" pid=696 comm="apparmor_parser"
[    4.350497] audit: type=1400 audit(1704243560.424:7): apparmor="STATUS" operation="profile_load" profile="unconfined" name="man_filter" pid=696 comm="apparmor_parser"
[    4.352461] audit: type=1400 audit(1704243560.428:8): apparmor="STATUS" operation="profile_load" profile="unconfined" name="man_groff" pid=696 comm="apparmor_parser"
[    4.362083] audit: type=1400 audit(1704243560.440:9): apparmor="STATUS" operation="profile_load" profile="unconfined" name="/usr/sbin/chronyd" pid=698 comm="apparmor_parser"
[    4.393530] audit: type=1400 audit(1704243560.472:10): apparmor="STATUS" operation="profile_load" profile="unconfined" name="tcpdump" pid=697 comm="apparmor_parser"
[  259.402081] RPC: Registered named UNIX socket transport module.
[  259.408089] RPC: Registered udp transport module.
[  259.412914] RPC: Registered tcp transport module.
[  259.417733] RPC: Registered tcp NFSv4.1 backchannel transport module.
[  259.473973] Installing knfsd (copyright (C) 1996 okir@monad.swb.de).
[  261.134847] NFSD: Using UMH upcall client tracking operations.
[  261.140800] NFSD: starting 90-second grace period (net f0000098)
[ 1078.618202] nfsd: last server has exited, flushing export cache
[ 1079.649357] FS-Cache: Loaded
[ 1079.677575] FS-Cache: Netfs 'nfs' registered for caching
[ 1079.686024] Key type dns_resolver registered
[ 1079.837799] NFS: Registering the id_resolver key type
[ 1079.842986] Key type id_resolver registered
[ 1079.847286] Key type id_legacy registered
[ 1080.303611] sh (17614): drop_caches: 3
