[    0.000000] Linux version 5.19.0-rc5-xfstests-perf-00987-g73686f4fe255-dirty (harshads@harshads.c.googlers.com) (gcc (Debian 13.2.0-5) 13.2.0, GNU ld (GNU Binutils for Debian) 2.41) #79 SMP PREEMPT_DYNAMIC Sat Dec 30 00:06:30 UTC 2023
[    0.000000] Command line: root=/dev/sda1 console=tty0 console=ttyS0,115200 earlyprintk=ttyS0,115200 consoleblank=0 intel_iommu=off
[    0.000000] x86/fpu: Supporting XSAVE feature 0x001: 'x87 floating point registers'
[    0.000000] x86/fpu: Supporting XSAVE feature 0x002: 'SSE registers'
[    0.000000] x86/fpu: Supporting XSAVE feature 0x004: 'AVX registers'
[    0.000000] x86/fpu: Supporting XSAVE feature 0x020: 'AVX-512 opmask'
[    0.000000] x86/fpu: Supporting XSAVE feature 0x040: 'AVX-512 Hi256'
[    0.000000] x86/fpu: Supporting XSAVE feature 0x080: 'AVX-512 ZMM_Hi256'
[    0.000000] x86/fpu: xstate_offset[2]:  576, xstate_sizes[2]:  256
[    0.000000] x86/fpu: xstate_offset[5]:  832, xstate_sizes[5]:   64
[    0.000000] x86/fpu: xstate_offset[6]:  896, xstate_sizes[6]:  512
[    0.000000] x86/fpu: xstate_offset[7]: 1408, xstate_sizes[7]: 1024
[    0.000000] x86/fpu: Enabled xstate features 0xe7, context size is 2432 bytes, using 'compacted' format.
[    0.000000] signal: max sigframe size: 3632
[    0.000000] BIOS-provided physical RAM map:
[    0.000000] BIOS-e820: [mem 0x0000000000000000-0x0000000000000fff] reserved
[    0.000000] BIOS-e820: [mem 0x0000000000001000-0x0000000000054fff] usable
[    0.000000] BIOS-e820: [mem 0x0000000000055000-0x000000000005ffff] reserved
[    0.000000] BIOS-e820: [mem 0x0000000000060000-0x0000000000097fff] usable
[    0.000000] BIOS-e820: [mem 0x0000000000098000-0x000000000009ffff] reserved
[    0.000000] BIOS-e820: [mem 0x0000000000100000-0x00000000bf6ecfff] usable
[    0.000000] BIOS-e820: [mem 0x00000000bf6ed000-0x00000000bf96cfff] reserved
[    0.000000] BIOS-e820: [mem 0x00000000bf96d000-0x00000000bf97efff] ACPI data
[    0.000000] BIOS-e820: [mem 0x00000000bf97f000-0x00000000bf9fefff] ACPI NVS
[    0.000000] BIOS-e820: [mem 0x00000000bf9ff000-0x00000000bffdffff] usable
[    0.000000] BIOS-e820: [mem 0x00000000bffe0000-0x00000000bfffffff] reserved
[    0.000000] BIOS-e820: [mem 0x0000000100000000-0x000000203fffffff] usable
[    0.000000] printk: bootconsole [earlyser0] enabled
[    0.000000] NX (Execute Disable) protection: active
[    0.000000] e820: update [mem 0x00100000-0x0010006f] usable ==> usable
[    0.000000] extended physical RAM map:
[    0.000000] reserve setup_data: [mem 0x0000000000000000-0x0000000000000fff] reserved
[    0.000000] reserve setup_data: [mem 0x0000000000001000-0x0000000000054fff] usable
[    0.000000] reserve setup_data: [mem 0x0000000000055000-0x000000000005ffff] reserved
[    0.000000] reserve setup_data: [mem 0x0000000000060000-0x0000000000097fff] usable
[    0.000000] reserve setup_data: [mem 0x0000000000098000-0x000000000009ffff] reserved
[    0.000000] reserve setup_data: [mem 0x0000000000100000-0x000000000010006f] usable
[    0.000000] reserve setup_data: [mem 0x0000000000100070-0x00000000bf6ecfff] usable
[    0.000000] reserve setup_data: [mem 0x00000000bf6ed000-0x00000000bf96cfff] reserved
[    0.000000] reserve setup_data: [mem 0x00000000bf96d000-0x00000000bf97efff] ACPI data
[    0.000000] reserve setup_data: [mem 0x00000000bf97f000-0x00000000bf9fefff] ACPI NVS
[    0.000000] reserve setup_data: [mem 0x00000000bf9ff000-0x00000000bffdffff] usable
[    0.000000] reserve setup_data: [mem 0x00000000bffe0000-0x00000000bfffffff] reserved
[    0.000000] reserve setup_data: [mem 0x0000000100000000-0x000000203fffffff] usable
[    0.000000] efi: EFI v2.70 by EDK II
[    0.000000] efi: TPMFinalLog=0xbf9f7000 ACPI=0xbf97e000 ACPI 2.0=0xbf97e014 SMBIOS=0xbf7ca000 MEMATTR=0xbe096018 
[    0.000000] SMBIOS 2.4 present.
[    0.000000] DMI: Google Google Compute Engine/Google Compute Engine, BIOS Google 11/17/2023
[    0.000000] Hypervisor detected: KVM
[    0.000000] kvm-clock: Using msrs 4b564d01 and 4b564d00
[    0.000001] kvm-clock: using sched offset of 192899814433 cycles
[    0.000687] clocksource: kvm-clock: mask: 0xffffffffffffffff max_cycles: 0x1cd42e4dffb, max_idle_ns: 881590591483 ns
[    0.002823] tsc: Detected 2800.276 MHz processor
[    0.003452] e820: update [mem 0x00000000-0x00000fff] usable ==> reserved
[    0.003455] e820: remove [mem 0x000a0000-0x000fffff] usable
[    0.003459] last_pfn = 0x2040000 max_arch_pfn = 0x400000000
[    0.004231] x86/PAT: Configuration [0-7]: WB  WC  UC- UC  WB  WP  UC- WT  
[    0.005517] x2apic: enabled by BIOS, switching to x2apic ops
[    0.006253] last_pfn = 0xbffe0 max_arch_pfn = 0x400000000
[    0.018434] Using GB pages for direct mapping
[    0.019168] Secure boot could not be determined
[    0.019753] ACPI: Early table checksum verification disabled
[    0.020476] ACPI: RSDP 0x00000000BF97E014 000024 (v02 Google)
[    0.021222] ACPI: XSDT 0x00000000BF97D0E8 00005C (v01 Google GOOGFACP 00000001      01000013)
[    0.022352] ACPI: FACP 0x00000000BF978000 0000F4 (v02 Google GOOGFACP 00000001 GOOG 00000001)
[    0.023482] ACPI: DSDT 0x00000000BF979000 001A64 (v01 Google GOOGDSDT 00000001 GOOG 00000001)
[    0.024599] ACPI: FACS 0x00000000BF9F1000 000040
[    0.025211] ACPI: SSDT 0x00000000BF97C000 000316 (v02 GOOGLE Tpm2Tabl 00001000 INTL 20211217)
[    0.026300] ACPI: TPM2 0x00000000BF97B000 000034 (v04 GOOGLE          00000001 GOOG 00000001)
[    0.027393] ACPI: SRAT 0x00000000BF977000 0002D0 (v03 Google GOOGSRAT 00000001 GOOG 00000001)
[    0.028504] ACPI: APIC 0x00000000BF976000 000166 (v05 Google GOOGAPIC 00000001 GOOG 00000001)
[    0.029670] ACPI: SSDT 0x00000000BF974000 0014DE (v01 Google GOOGSSDT 00000001 GOOG 00000001)
[    0.030759] ACPI: WAET 0x00000000BF973000 000028 (v01 Google GOOGWAET 00000001 GOOG 00000001)
[    0.031847] ACPI: Reserving FACP table memory at [mem 0xbf978000-0xbf9780f3]
[    0.032782] ACPI: Reserving DSDT table memory at [mem 0xbf979000-0xbf97aa63]
[    0.033692] ACPI: Reserving FACS table memory at [mem 0xbf9f1000-0xbf9f103f]
[    0.034592] ACPI: Reserving SSDT table memory at [mem 0xbf97c000-0xbf97c315]
[    0.035492] ACPI: Reserving TPM2 table memory at [mem 0xbf97b000-0xbf97b033]
[    0.036391] ACPI: Reserving SRAT table memory at [mem 0xbf977000-0xbf9772cf]
[    0.037291] ACPI: Reserving APIC table memory at [mem 0xbf976000-0xbf976165]
[    0.038191] ACPI: Reserving SSDT table memory at [mem 0xbf974000-0xbf9754dd]
[    0.039091] ACPI: Reserving WAET table memory at [mem 0xbf973000-0xbf973027]
[    0.040012] Setting APIC routing to cluster x2apic.
[    0.040660] SRAT: PXM 0 -> APIC 0x00 -> Node 0
[    0.041233] SRAT: PXM 0 -> APIC 0x01 -> Node 0
[    0.041799] SRAT: PXM 0 -> APIC 0x02 -> Node 0
[    0.042367] SRAT: PXM 0 -> APIC 0x03 -> Node 0
[    0.043545] SRAT: PXM 0 -> APIC 0x04 -> Node 0
[    0.044126] SRAT: PXM 0 -> APIC 0x05 -> Node 0
[    0.044693] SRAT: PXM 0 -> APIC 0x06 -> Node 0
[    0.045258] SRAT: PXM 0 -> APIC 0x07 -> Node 0
[    0.045825] SRAT: PXM 0 -> APIC 0x08 -> Node 0
[    0.046394] SRAT: PXM 0 -> APIC 0x09 -> Node 0
[    0.046958] SRAT: PXM 0 -> APIC 0x0a -> Node 0
[    0.047525] SRAT: PXM 0 -> APIC 0x0b -> Node 0
[    0.048093] SRAT: PXM 0 -> APIC 0x0c -> Node 0
[    0.048659] SRAT: PXM 0 -> APIC 0x0d -> Node 0
[    0.049224] SRAT: PXM 0 -> APIC 0x0e -> Node 0
[    0.049792] SRAT: PXM 0 -> APIC 0x0f -> Node 0
[    0.050358] SRAT: PXM 1 -> APIC 0x10 -> Node 1
[    0.050929] SRAT: PXM 1 -> APIC 0x11 -> Node 1
[    0.051490] SRAT: PXM 1 -> APIC 0x12 -> Node 1
[    0.052057] SRAT: PXM 1 -> APIC 0x13 -> Node 1
[    0.052624] SRAT: PXM 1 -> APIC 0x14 -> Node 1
[    0.053193] SRAT: PXM 1 -> APIC 0x15 -> Node 1
[    0.053756] SRAT: PXM 1 -> APIC 0x16 -> Node 1
[    0.054323] SRAT: PXM 1 -> APIC 0x17 -> Node 1
[    0.054890] SRAT: PXM 1 -> APIC 0x18 -> Node 1
[    0.055457] SRAT: PXM 1 -> APIC 0x19 -> Node 1
[    0.056023] SRAT: PXM 1 -> APIC 0x1a -> Node 1
[    0.056590] SRAT: PXM 1 -> APIC 0x1b -> Node 1
[    0.057157] SRAT: PXM 1 -> APIC 0x1c -> Node 1
[    0.057723] SRAT: PXM 1 -> APIC 0x1d -> Node 1
[    0.058303] SRAT: PXM 1 -> APIC 0x1e -> Node 1
[    0.058868] SRAT: PXM 1 -> APIC 0x1f -> Node 1
[    0.059438] ACPI: SRAT: Node 0 PXM 0 [mem 0x00000000-0x0009ffff]
[    0.060227] ACPI: SRAT: Node 0 PXM 0 [mem 0x00100000-0xbfffffff]
[    0.061004] ACPI: SRAT: Node 0 PXM 0 [mem 0x100000000-0x103fffffff]
[    0.061805] ACPI: SRAT: Node 1 PXM 1 [mem 0x1040000000-0x203fffffff]
[    0.062616] NUMA: Node 0 [mem 0x00000000-0x0009ffff] + [mem 0x00100000-0xbfffffff] -> [mem 0x00000000-0xbfffffff]
[    0.063937] NUMA: Node 0 [mem 0x00000000-0xbfffffff] + [mem 0x100000000-0x103fffffff] -> [mem 0x00000000-0x103fffffff]
[    0.065329] NODE_DATA(0) allocated [mem 0x103fffb000-0x103fffffff]
[    0.066135] NODE_DATA(1) allocated [mem 0x203fffb000-0x203fffffff]
[    0.067077] Zone ranges:
[    0.067405]   DMA      [mem 0x0000000000001000-0x0000000000ffffff]
[    0.068210]   DMA32    [mem 0x0000000001000000-0x00000000ffffffff]
[    0.069024]   Normal   [mem 0x0000000100000000-0x000000203fffffff]
[    0.069813]   Device   empty
[    0.070203] Movable zone start for each node
[    0.070746] Early memory node ranges
[    0.071203]   node   0: [mem 0x0000000000001000-0x0000000000054fff]
[    0.072014]   node   0: [mem 0x0000000000060000-0x0000000000097fff]
[    0.072814]   node   0: [mem 0x0000000000100000-0x00000000bf6ecfff]
[    0.073637]   node   0: [mem 0x00000000bf9ff000-0x00000000bffdffff]
[    0.074460]   node   0: [mem 0x0000000100000000-0x000000103fffffff]
[    0.075279]   node   1: [mem 0x0000001040000000-0x000000203fffffff]
[    0.076090] Initmem setup node 0 [mem 0x0000000000001000-0x000000103fffffff]
[    0.076988] Initmem setup node 1 [mem 0x0000001040000000-0x000000203fffffff]
[    0.077916] On node 0, zone DMA: 1 pages in unavailable ranges
[    0.077919] On node 0, zone DMA: 11 pages in unavailable ranges
[    0.078698] On node 0, zone DMA: 104 pages in unavailable ranges
[    0.084182] On node 0, zone DMA32: 786 pages in unavailable ranges
[    0.182526] On node 0, zone Normal: 32 pages in unavailable ranges
[    0.335069] ACPI: PM-Timer IO Port: 0xb008
[    0.336482] ACPI: LAPIC_NMI (acpi_id[0xff] dfl dfl lint[0x1])
[    0.337271] IOAPIC[0]: apic_id 0, version 17, address 0xfec00000, GSI 0-23
[    0.338157] ACPI: INT_SRC_OVR (bus 0 bus_irq 5 global_irq 5 high level)
[    0.339001] ACPI: INT_SRC_OVR (bus 0 bus_irq 9 global_irq 9 high level)
[    0.339846] ACPI: INT_SRC_OVR (bus 0 bus_irq 10 global_irq 10 high level)
[    0.340712] ACPI: INT_SRC_OVR (bus 0 bus_irq 11 global_irq 11 high level)
[    0.341581] ACPI: Using ACPI (MADT) for SMP configuration information
[    0.342402] smpboot: Allowing 32 CPUs, 0 hotplug CPUs
[    0.343070] [mem 0xc0000000-0xffffffff] available for PCI devices
[    0.343857] Booting paravirtualized kernel on KVM
[    0.344456] clocksource: refined-jiffies: mask: 0xffffffff max_cycles: 0xffffffff, max_idle_ns: 6370452778343963 ns
[    0.350899] setup_percpu: NR_CPUS:48 nr_cpumask_bits:48 nr_cpu_ids:32 nr_node_ids:2
[    0.354512] percpu: Embedded 51 pages/cpu s179048 r0 d29848 u262144
[    0.355361] pcpu-alloc: s179048 r0 d29848 u262144 alloc=1*2097152
[    0.355365] pcpu-alloc: [0] 00 01 02 03 04 05 06 07 [0] 16 17 18 19 20 21 22 23 
[    0.355374] pcpu-alloc: [1] 08 09 10 11 12 13 14 15 [1] 24 25 26 27 28 29 30 31 
[    0.355400] kvm-guest: PV spinlocks enabled
[    0.356010] PV qspinlock hash table entries: 256 (order: 0, 4096 bytes, linear)
[    0.356958] Fallback order for Node 0: 0 1 
[    0.357486] Fallback order for Node 1: 1 0 
[    0.358021] Built 2 zonelists, mobility grouping on.  Total pages: 33029080
[    0.358906] Policy zone: Normal
[    0.359307] Kernel command line: root=/dev/sda1 console=tty0 console=ttyS0,115200 earlyprintk=ttyS0,115200 consoleblank=0 intel_iommu=off
[    0.360952] Unknown kernel command line parameters "intel_iommu=off", will be passed to user space.
[    0.362114] printk: log_buf_len individual max cpu contribution: 4096 bytes
[    0.363001] printk: log_buf_len total cpu_extra contributions: 126976 bytes
[    0.363890] printk: log_buf_len min size: 131072 bytes
[    0.364983] printk: log_buf_len: 262144 bytes
[    0.365549] printk: early log buf free: 119736(91%)
[    0.366559] mem auto-init: stack:all(zero), heap alloc:off, heap free:off
[    0.659968] Memory: 132009036K/134213992K available (16401K kernel code, 2641K rwdata, 3424K rodata, 1540K init, 1152K bss, 2204696K reserved, 0K cma-reserved)
[    0.662704] ftrace: allocating 44543 entries in 174 pages
[    0.673203] ftrace: allocated 174 pages with 5 groups
[    0.675384] Dynamic Preempt: none
[    0.675954] rcu: Preemptible hierarchical RCU implementation.
[    0.676693] rcu: 	RCU event tracing is enabled.
[    0.677292] rcu: 	RCU restricting CPUs from NR_CPUS=48 to nr_cpu_ids=32.
[    0.678147] 	Trampoline variant of Tasks RCU enabled.
[    0.678809] 	Rude variant of Tasks RCU enabled.
[    0.679439] 	Tracing variant of Tasks RCU enabled.
[    0.680051] rcu: RCU calculated value of scheduler-enlistment delay is 30 jiffies.
[    0.681015] rcu: Adjusting geometry for rcu_fanout_leaf=16, nr_cpu_ids=32
[    0.686430] NR_IRQS: 4352, nr_irqs: 680, preallocated irqs: 16
[    0.687485] rcu: srcu_init: Setting srcu_struct sizes based on contention.
[    0.688425] random: crng init done
[    0.689715] Console: colour dummy device 80x25
[    0.690511] printk: console [tty0] enabled
[    0.691108] printk: console [ttyS0] enabled
[    0.692214] printk: bootconsole [earlyser0] disabled
[    0.693582] ACPI: Core revision 20220331
[    0.694208] APIC: Switch to symmetric I/O mode setup
[    0.697931] Switched APIC routing to physical x2apic.
[    0.702442] ..TIMER: vector=0x30 apic1=0 pin1=0 apic2=-1 pin2=-1
[    0.703476] clocksource: tsc-early: mask: 0xffffffffffffffff max_cycles: 0x285d45cc0d6, max_idle_ns: 440795339158 ns
[    0.704877] Calibrating delay loop (skipped) preset value.. 5602.90 BogoMIPS (lpj=9334253)
[    0.705970] pid_max: default: 32768 minimum: 301
[    0.706729] LSM: Security Framework initializing
[    0.716738] Dentry cache hash table entries: 8388608 (order: 14, 67108864 bytes, vmalloc hugepage)
[    0.722557] Inode-cache hash table entries: 4194304 (order: 13, 33554432 bytes, vmalloc hugepage)
[    0.723916] Mount-cache hash table entries: 131072 (order: 8, 1048576 bytes, vmalloc)
[    0.725013] Mountpoint-cache hash table entries: 131072 (order: 8, 1048576 bytes, vmalloc)
[    0.727151] Last level iTLB entries: 4KB 64, 2MB 8, 4MB 8
[    0.727942] Last level dTLB entries: 4KB 64, 2MB 0, 4MB 0, 1GB 4
[    0.728219] Spectre V1 : Mitigation: usercopy/swapgs barriers and __user pointer sanitization
[    0.729346] Spectre V2 : Mitigation: Enhanced IBRS
[    0.730026] Spectre V2 : Spectre v2 / SpectreRSB mitigation: Filling RSB on context switch
[    0.731544] Spectre V2 : mitigation: Enabling conditional Indirect Branch Prediction Barrier
[    0.732658] Speculative Store Bypass: Mitigation: Speculative Store Bypass disabled via prctl
[    0.733792] MDS: Mitigation: Clear CPU buffers
[    0.734397] TAA: Mitigation: Clear CPU buffers
[    0.734876] MMIO Stale Data: Vulnerable: Clear CPU buffers attempted, no microcode
[    0.740223] Freeing SMP alternatives memory: 48K
[    0.847657] smpboot: CPU0: Intel(R) Xeon(R) CPU @ 2.80GHz (family: 0x6, model: 0x55, stepping: 0x7)
[    0.848207] cblist_init_generic: Setting adjustable number of callback queues.
[    0.848207] cblist_init_generic: Setting shift to 5 and lim to 1.
[    0.848207] cblist_init_generic: Setting shift to 5 and lim to 1.
[    0.848227] cblist_init_generic: Setting shift to 5 and lim to 1.
[    0.849056] Performance Events: unsupported p6 CPU model 85 no PMU driver, software events only.
[    0.850343] rcu: Hierarchical SRCU implementation.
[    0.851618] NMI watchdog: Perf NMI watchdog permanently disabled
[    0.852810] smp: Bringing up secondary CPUs ...
[    0.853545] x86: Booting SMP configuration:
[    0.854117] .... node  #0, CPUs:        #1  #2  #3  #4  #5  #6  #7
[    0.859173] .... node  #1, CPUs:    #8
[    0.013135] smpboot: CPU 8 Converting physical 0 to logical die 1
[    0.861733]   #9 #10 #11 #12 #13 #14 #15
[    0.869004] .... node  #0, CPUs:   #16
[    0.869530] MDS CPU bug present and SMT on, data leak possible. See https://www.kernel.org/doc/html/latest/admin-guide/hw-vuln/mds.html for more details.
[    0.871548] TAA CPU bug present and SMT on, data leak possible. See https://www.kernel.org/doc/html/latest/admin-guide/hw-vuln/tsx_async_abort.html for more details.
[    0.873472] MMIO Stale Data CPU bug present and SMT on, data leak possible. See https://www.kernel.org/doc/html/latest/admin-guide/hw-vuln/processor_mmio_stale_data.html for more details.
[    0.875022]  #17 #18 #19 #20 #21 #22 #23
[    0.881543] .... node  #1, CPUs:   #24 #25 #26 #27 #28 #29 #30 #31
[    0.885432] smp: Brought up 2 nodes, 32 CPUs
[    0.886482] smpboot: Max logical packages: 2
[    0.888211] smpboot: Total of 32 processors activated (179289.06 BogoMIPS)
[    0.894351] devtmpfs: initialized
[    0.894918] x86/mm: Memory block size: 1024MB
[    0.896301] clocksource: jiffies: mask: 0xffffffff max_cycles: 0xffffffff, max_idle_ns: 6370867519511994 ns
[    0.896301] futex hash table entries: 8192 (order: 7, 524288 bytes, vmalloc)
[    0.898500] NET: Registered PF_NETLINK/PF_ROUTE protocol family
[    0.899456] thermal_sys: Registered thermal governor 'step_wise'
[    0.899475] cpuidle: using governor menu
[    0.899475] PCI: Using configuration type 1 for base access
[    0.901613] cryptd: max_cpu_qlen set to 1000
[    0.961542] raid6: avx512x4 gen() 18915 MB/s
[    1.018209] raid6: avx512x2 gen() 19036 MB/s
[    1.074876] raid6: avx512x1 gen() 18904 MB/s
[    1.131543] raid6: avx2x4   gen() 18985 MB/s
[    1.188208] raid6: avx2x2   gen() 18896 MB/s
[    1.244876] raid6: avx2x1   gen() 14396 MB/s
[    1.245525] raid6: using algorithm avx512x2 gen() 19036 MB/s
[    1.301542] raid6: .... xor() 27123 MB/s, rmw enabled
[    1.302314] raid6: using avx512x2 recovery algorithm
[    1.303067] ACPI: Added _OSI(Module Device)
[    1.303635] ACPI: Added _OSI(Processor Device)
[    1.304267] ACPI: Added _OSI(3.0 _SCP Extensions)
[    1.304876] ACPI: Added _OSI(Processor Aggregator Device)
[    1.305602] ACPI: Added _OSI(Linux-Dell-Video)
[    1.306203] ACPI: Added _OSI(Linux-Lenovo-NV-HDMI-Audio)
[    1.306934] ACPI: Added _OSI(Linux-HPI-Hybrid-Graphics)
[    1.309114] ACPI: 3 ACPI AML tables successfully acquired and loaded
[    1.312411] ACPI: Interpreter enabled
[    1.312939] ACPI: PM: (supports S0 S5)
[    1.313452] ACPI: Using IOAPIC for interrupt routing
[    1.314150] PCI: Using host bridge windows from ACPI; if necessary, use "pci=nocrs" and report a bug
[    1.314877] PCI: Ignoring E820 reservations for host bridge windows
[    1.315905] ACPI: Enabled 16 GPEs in block 00 to 0F
[    1.320056] ACPI: PCI Root Bridge [PCI0] (domain 0000 [bus 00-ff])
[    1.320892] acpi PNP0A03:00: _OSC: OS supports [ASPM ClockPM Segments MSI HPX-Type3]
[    1.321544] acpi PNP0A03:00: PCIe port services disabled; not requesting _OSC control
[    1.322731] PCI host bridge to bus 0000:00
[    1.323319] pci_bus 0000:00: Unknown NUMA node; performance will be reduced
[    1.324256] pci_bus 0000:00: root bus resource [io  0x0000-0x0cf7 window]
[    1.324876] pci_bus 0000:00: root bus resource [io  0x0d00-0xffff window]
[    1.325779] pci_bus 0000:00: root bus resource [mem 0x000a0000-0x000bffff window]
[    1.326842] pci_bus 0000:00: root bus resource [mem 0xc0000000-0xfebfefff window]
[    1.328215] pci_bus 0000:00: root bus resource [bus 00-ff]
[    1.329022] pci 0000:00:00.0: [8086:1237] type 00 class 0x060000
[    1.335192] pci 0000:00:01.0: [8086:7110] type 00 class 0x060100
[    1.368394] pci 0000:00:01.3: [8086:7113] type 00 class 0x068000
[    1.401578] pci 0000:00:01.3: quirk: [io  0xb000-0xb03f] claimed by PIIX4 ACPI
[    1.402774] pci 0000:00:03.0: [1af4:1004] type 00 class 0x000000
[    1.413800] pci 0000:00:03.0: reg 0x10: [io  0xc040-0xc07f]
[    1.423654] pci 0000:00:03.0: reg 0x14: [mem 0xc0001000-0xc000107f]
[    1.448424] pci 0000:00:04.0: [1af4:1000] type 00 class 0x020000
[    1.461543] pci 0000:00:04.0: reg 0x10: [io  0xc000-0xc03f]
[    1.474487] pci 0000:00:04.0: reg 0x14: [mem 0xc0000000-0xc00007ff]
[    1.505101] pci 0000:00:05.0: [1af4:1005] type 00 class 0x00ff00
[    1.518209] pci 0000:00:05.0: reg 0x10: [io  0xc080-0xc09f]
[    1.528209] pci 0000:00:05.0: reg 0x14: [mem 0xc0002000-0xc000203f]
[    1.552212] ACPI: PCI: Interrupt link LNKA configured for IRQ 10
[    1.554934] ACPI: PCI: Interrupt link LNKB configured for IRQ 0
[    1.555729] ACPI: PCI: Interrupt link LNKB disabled
[    1.558264] ACPI: PCI: Interrupt link LNKC configured for IRQ 11
[    1.561601] ACPI: PCI: Interrupt link LNKD configured for IRQ 10
[    1.564897] ACPI: PCI: Interrupt link LNKS configured for IRQ 9
[    1.568303] SCSI subsystem initialized
[    1.568864] Registered efivars operations
[    1.569534] PCI: Using ACPI for IRQ routing
[    1.570104] PCI: pci_cache_line_size set to 64 bytes
[    1.570179] e820: reserve RAM buffer [mem 0x00055000-0x0005ffff]
[    1.570182] e820: reserve RAM buffer [mem 0x00098000-0x0009ffff]
[    1.570183] e820: reserve RAM buffer [mem 0xbf6ed000-0xbfffffff]
[    1.570184] e820: reserve RAM buffer [mem 0xbffe0000-0xbfffffff]
[    1.570200] vgaarb: loaded
[    1.570200] clocksource: Switched to clocksource kvm-clock
[    1.570200] VFS: Disk quotas dquot_6.6.0
[    1.570200] VFS: Dquot-cache hash table entries: 512 (order 0, 4096 bytes)
[    1.570773] pnp: PnP ACPI init
[    1.571609] pnp: PnP ACPI: found 7 devices
[    1.578183] clocksource: acpi_pm: mask: 0xffffff max_cycles: 0xffffff, max_idle_ns: 2085701024 ns
[    1.579447] NET: Registered PF_INET protocol family
[    1.580728] IP idents hash table entries: 262144 (order: 9, 2097152 bytes, vmalloc)
[    1.584211] tcp_listen_portaddr_hash hash table entries: 65536 (order: 8, 1048576 bytes, vmalloc)
[    1.585571] Table-perturb hash table entries: 65536 (order: 6, 262144 bytes, vmalloc)
[    1.586633] TCP established hash table entries: 524288 (order: 10, 4194304 bytes, vmalloc hugepage)
[    1.588469] TCP bind hash table entries: 65536 (order: 8, 1048576 bytes, vmalloc)
[    1.589605] TCP: Hash tables configured (established 524288 bind 65536)
[    1.590632] UDP hash table entries: 65536 (order: 9, 2097152 bytes, vmalloc)
[    1.591964] UDP-Lite hash table entries: 65536 (order: 9, 2097152 bytes, vmalloc)
[    1.593536] NET: Registered PF_UNIX/PF_LOCAL protocol family
[    1.594521] RPC: Registered named UNIX socket transport module.
[    1.595344] RPC: Registered udp transport module.
[    1.595979] RPC: Registered tcp transport module.
[    1.596681] RPC: Registered tcp NFSv4.1 backchannel transport module.
[    1.597544] pci_bus 0000:00: resource 4 [io  0x0000-0x0cf7 window]
[    1.598404] pci_bus 0000:00: resource 5 [io  0x0d00-0xffff window]
[    1.599231] pci_bus 0000:00: resource 6 [mem 0x000a0000-0x000bffff window]
[    1.600161] pci_bus 0000:00: resource 7 [mem 0xc0000000-0xfebfefff window]
[    1.601101] pci 0000:00:00.0: Limiting direct PCI/PCI transfers
[    1.601946] PCI: CLS 0 bytes, default 64
[    1.602488] PCI-DMA: Using software bounce buffering for IO (SWIOTLB)
[    1.603346] software IO TLB: mapped [mem 0x00000000ba096000-0x00000000be096000] (64MB)
[    1.605341] RAPL PMU: API unit is 2^-32 Joules, 0 fixed counters, 10737418240 ms ovfl timer
[    1.606497] clocksource: tsc: mask: 0xffffffffffffffff max_cycles: 0x285d45cc0d6, max_idle_ns: 440795339158 ns
[    1.607985] clocksource: Switched to clocksource tsc
[    1.609010] Initialise system trusted keyrings
[    1.609753] workingset: timestamp_bits=40 max_order=25 bucket_order=0
[    1.611802] NFS: Registering the id_resolver key type
[    1.612882] Key type id_resolver registered
[    1.613452] Key type id_legacy registered
[    1.614006] Installing knfsd (copyright (C) 1996 okir@monad.swb.de).
[    1.615037] ntfs: driver 2.1.32 [Flags: R/W].
[    1.615743] fuse: init (API version 7.36)
[    1.616395] JFS: nTxBlock = 8192, nTxLock = 65536
[    1.619097] SGI XFS with ACLs, security attributes, realtime, scrub, repair, quota, no debug enabled
[    1.620642] 9p: Installing v9fs 9p2000 file system support
[    1.621430] NILFS version 2 loaded
[    1.621952] ocfs2: Registered cluster interface o2cb
[    1.622688] OCFS2 User DLM kernel interface loaded
[    1.623550] xor: automatically using best checksumming function   avx       
[    1.624489] Key type asymmetric registered
[    1.625052] Asymmetric key parser 'x509' registered
[    1.625751] Block layer SCSI generic (bsg) driver version 0.4 loaded (major 249)
[    1.626865] io scheduler mq-deadline registered
[    1.627477] io scheduler kyber registered
[    1.629691] input: Power Button as /devices/LNXSYSTM:00/LNXPWRBN:00/input/input0
[    1.630684] ACPI: button: Power Button [PWRF]
[    1.631316] input: Sleep Button as /devices/LNXSYSTM:00/LNXSLPBN:00/input/input1
[    1.632302] ACPI: button: Sleep Button [SLPF]
[    1.636784] ACPI: \_SB_.LNKC: Enabled at IRQ 11
[    1.639204] virtio-pci 0000:00:03.0: virtio_pci: leaving for legacy driver
[    1.648234] ACPI: \_SB_.LNKD: Enabled at IRQ 10
[    1.650796] virtio-pci 0000:00:04.0: virtio_pci: leaving for legacy driver
[    1.660816] ACPI: \_SB_.LNKA: Enabled at IRQ 10
[    1.663432] virtio-pci 0000:00:05.0: virtio_pci: leaving for legacy driver
[    1.670324] Serial: 8250/16550 driver, 32 ports, IRQ sharing disabled
[    1.671287] 00:03: ttyS0 at I/O 0x3f8 (irq = 4, base_baud = 115200) is a 16550A
[    1.672437] 00:04: ttyS1 at I/O 0x2f8 (irq = 3, base_baud = 115200) is a 16550A
[    1.673563] 00:05: ttyS2 at I/O 0x3e8 (irq = 6, base_baud = 115200) is a 16550A
[    1.674664] 00:06: ttyS3 at I/O 0x2e8 (irq = 7, base_baud = 115200) is a 16550A
[    1.695897] tpm_tis MSFT0101:00: 2.0 TPM (device-id 0x9009, rev-id 0)
[    1.709352] loop: module loaded
[    1.725853] scsi host0: Virtio SCSI HBA
[    1.730558] scsi 0:0:1:0: Direct-Access     Google   PersistentDisk   1    PQ: 0 ANSI: 6
[    1.732056] scsi 0:0:2:0: Direct-Access     Google   PersistentDisk   1    PQ: 0 ANSI: 6
[    1.746361] sd 0:0:2:0: [sdb] 10485760000 512-byte logical blocks: (5.37 TB/4.88 TiB)
[    1.746377] sd 0:0:1:0: [sda] 20971520 512-byte logical blocks: (10.7 GB/10.0 GiB)
[    1.751434] sd 0:0:2:0: [sdb] 4096-byte physical blocks
[    1.751537] sd 0:0:2:0: [sdb] Write Protect is off
[    1.754423] sd 0:0:1:0: [sda] 4096-byte physical blocks
[    1.755127] sd 0:0:2:0: [sdb] Mode Sense: 1f 00 00 08
[    1.755867] sd 0:0:1:0: [sda] Write Protect is off
[    1.756574] sd 0:0:2:0: [sdb] Write cache: enabled, read cache: enabled, doesn't support DPO or FUA
[    1.757139] sd 0:0:1:0: [sda] Mode Sense: 1f 00 00 08
[    1.758500] sd 0:0:1:0: [sda] Write cache: enabled, read cache: enabled, doesn't support DPO or FUA
[    1.761347] sd 0:0:2:0: [sdb] Attached SCSI disk
[    1.794260]  sda: sda1 sda14 sda15
[    1.797279] sd 0:0:1:0: [sda] Attached SCSI disk
[    1.964031] i8042: PNP: PS/2 Controller [PNP0303:KBD,PNP0f13:MOU] at 0x60,0x64 irq 1,12
[    1.965258] i8042: Warning: Keylock active
[    1.967499] serio: i8042 KBD port at 0x60,0x64 irq 1
[    1.968231] serio: i8042 AUX port at 0x60,0x64 irq 12
[    1.968976] device-mapper: core: CONFIG_IMA_DISABLE_HTABLE is disabled. Duplicate IMA measurements will not be recorded in the IMA log.
[    1.970814] device-mapper: ioctl: 4.46.0-ioctl (2022-02-22) initialised: dm-devel@redhat.com
[    1.972064] intel_pstate: CPU model not supported
[    1.972711] EFI Variables Facility v0.08 2004-May-17
[    1.979653] NET: Registered PF_INET6 protocol family
[    1.980706] Segment Routing with IPv6
[    1.981215] In-situ OAM (IOAM) with IPv6
[    1.981775] sit: IPv6, IPv4 and MPLS over IPv4 tunneling driver
[    1.982678] NET: Registered PF_PACKET protocol family
[    1.983387] 9pnet: Installing 9P2000 support
[    1.983981] Key type dns_resolver registered
[    1.987522] IPI shorthand broadcast: enabled
[    1.988127] AVX2 version of gcm_enc/dec engaged.
[    1.989178] AES CTR mode by8 optimization enabled
[    1.990306] sched_clock: Marking stable (1980481014, 9802602)->(2028385192, -38101576)
[    1.992407] Loading compiled-in X.509 certificates
[    1.993253] Key type ._fscrypt registered
[    1.993803] Key type .fscrypt registered
[    1.994339] Key type fscrypt-provisioning registered
[    1.996471] Btrfs loaded, crc32c=crc32c-intel, assert=on, zoned=no, fsverity=yes
[    1.998023] Key type encrypted registered
[    1.998584] ima: Allocated hash algorithm: sha1
[    2.026423] ima: No architecture policies found
[    2.027360] evm: Initialising EVM extended attributes:
[    2.028052] evm: security.selinux (disabled)
[    2.028635] evm: security.SMACK64 (disabled)
[    2.029213] evm: security.SMACK64EXEC (disabled)
[    2.029837] evm: security.SMACK64TRANSMUTE (disabled)
[    2.030518] evm: security.SMACK64MMAP (disabled)
[    2.031141] evm: security.apparmor (disabled)
[    2.031737] evm: security.ima
[    2.032150] evm: security.capability
[    2.032640] evm: HMAC attrs: 0x1
[    2.175160] input: AT Translated Set 2 keyboard as /devices/platform/i8042/serio0/input/input2
[    2.381669] EXT4-fs (sda1): INFO: recovery required on readonly filesystem
[    2.382615] EXT4-fs (sda1): write access will be enabled during recovery
[    2.886901] EXT4-fs (sda1): recovery complete
[    2.889289] EXT4-fs (sda1): 17 mounted filesystem with ordered data mode. Quota mode: none.
[    2.890453] VFS: Mounted root (ext4 filesystem) readonly on device 8:1.
[    2.892437] Freeing unused kernel image (initmem) memory: 1540K
[    2.893242] Write protecting the kernel read-only data: 22528k
[    2.895160] Freeing unused kernel image (text/rodata gap) memory: 2028K
[    2.896432] Freeing unused kernel image (rodata/data gap) memory: 672K
[    2.897319] Run /sbin/init as init process
[    2.897875]   with arguments:
[    2.897876]     /sbin/init
[    2.897877]   with environment:
[    2.897877]     HOME=/
[    2.897878]     TERM=linux
[    2.897879]     intel_iommu=off
[    3.355311] systemd[1]: systemd 247.3-7+deb11u4 running in system mode. (+PAM +AUDIT +SELINUX +IMA +APPARMOR +SMACK +SYSVINIT +UTMP +LIBCRYPTSETUP +GCRYPT +GNUTLS +ACL +XZ +LZ4 +ZSTD +SECCOMP +BLKID +ELFUTILS +KMOD +IDN2 -IDN +PCRE2 default-hierarchy=unified)
[    3.358498] systemd[1]: Detected virtualization kvm.
[    3.359175] systemd[1]: Detected architecture x86-64.
[    3.375657] systemd[1]: Set hostname to <debian>.
[    3.850079] systemd[1]: Queued start job for default target Graphical Interface.
[    3.852180] systemd[1]: Created slice system-getty.slice.
[    3.865132] systemd[1]: Created slice system-modprobe.slice.
[    3.878450] systemd[1]: Created slice system-serial\x2dgetty.slice.
[    3.891780] systemd[1]: Created slice system-systemd\x2dgrowfs.slice.
[    3.905116] systemd[1]: Created slice User and Session Slice.
[    3.918295] systemd[1]: Started Dispatch Password Requests to Console Directory Watch.
[    3.931624] systemd[1]: Started Forward Password Requests to Wall Directory Watch.
[    3.944956] systemd[1]: Condition check resulted in Arbitrary Executable File Formats File System Automount Point being skipped.
[    3.946511] systemd[1]: Reached target Local Encrypted Volumes.
[    3.961613] systemd[1]: Reached target Paths.
[    3.974932] systemd[1]: Reached target Slices.
[    3.988255] systemd[1]: Reached target Swap.
[    4.001589] systemd[1]: Reached target System Time Set.
[    4.017995] systemd[1]: Listening on RPCbind Server Activation Socket.
[    4.032376] systemd[1]: Listening on Syslog Socket.
[    4.045009] systemd[1]: Listening on fsck to fsckd communication Socket.
[    4.058296] systemd[1]: Listening on initctl Compatibility Named Pipe.
[    4.071657] systemd[1]: Condition check resulted in Journal Audit Socket being skipped.
[    4.072919] systemd[1]: Listening on Journal Socket (/dev/log).
[    4.085020] systemd[1]: Listening on Journal Socket.
[    4.099997] systemd[1]: Listening on udev Control Socket.
[    4.115002] systemd[1]: Listening on udev Kernel Socket.
[    4.128368] systemd[1]: Condition check resulted in Huge Pages File System being skipped.
[    4.130182] systemd[1]: Mounting POSIX Message Queue File System...
[    4.145535] systemd[1]: Mounting NFSD configuration filesystem...
[    4.158863] systemd[1]: Mounting RPC Pipe File System...
[    4.172205] systemd[1]: Mounting Kernel Debug File System...
[    4.185528] systemd[1]: Mounting Kernel Trace File System...
[    4.198291] systemd[1]: Condition check resulted in Kernel Module supporting RPCSEC_GSS being skipped.
[    4.199658] systemd[1]: Condition check resulted in Create list of static device nodes for the current kernel being skipped.
[    4.201786] systemd[1]: Starting Load Kernel Module configfs...
[    4.215637] systemd[1]: Starting Load Kernel Module drm...
[    4.228976] systemd[1]: Starting Load Kernel Module fuse...
[    4.242565] systemd[1]: Condition check resulted in Set Up Additional Binary Formats being skipped.
[    4.244509] systemd[1]: Starting File System Check on Root Device...
[    4.260230] systemd[1]: Starting Journal Service...
[    4.262498] systemd[1]: Starting Load Kernel Modules...
[    4.264114] systemd[1]: Starting Coldplug All udev Devices...
[    4.266211] systemd[1]: Mounted POSIX Message Queue File System.
[    4.267150] systemd[1]: Mounted NFSD configuration filesystem.
[    4.268134] systemd[1]: Mounted RPC Pipe File System.
[    4.269118] systemd[1]: Mounted Kernel Debug File System.
[    4.269996] systemd[1]: Mounted Kernel Trace File System.
[    4.271041] systemd[1]: modprobe@configfs.service: Succeeded.
[    4.272232] systemd[1]: Finished Load Kernel Module configfs.
[    4.273374] systemd[1]: modprobe@drm.service: Succeeded.
[    4.274442] systemd[1]: Finished Load Kernel Module drm.
[    4.275584] systemd[1]: modprobe@fuse.service: Succeeded.
[    4.276652] systemd[1]: Finished Load Kernel Module fuse.
[    4.277862] systemd[1]: Finished Load Kernel Modules.
[    4.280571] systemd[1]: Mounting FUSE Control File System...
[    4.282431] systemd[1]: Mounting Kernel Configuration File System...
[    4.318904] systemd[1]: Starting pNFS block layout mapping daemon...
[    4.332203] systemd[1]: Started File System Check Daemon to report status.
[    4.345646] systemd[1]: Starting Apply Kernel Variables...
[    4.362159] systemd[1]: Started Journal Service.
[    4.500995] EXT4-fs (sda1): re-mounted. Quota mode: none.
[    4.543958] systemd-journald[387]: Received client request to flush runtime journal.
[    4.558383] systemd-journald[387]: File /var/log/journal/3c6fdc3b578f3c4207109dc6950404b0/system.journal corrupted or uncleanly shut down, renaming and replacing.
[    4.900805] virtio_net virtio1 enp0s4: renamed from eth0
[    4.959417] FAT-fs (sda15): Volume was not properly unmounted. Some data may be corrupt. Please run fsck.
[    8.256531] NFSD: Using UMH upcall client tracking operations.
[    8.257359] NFSD: starting 90-second grace period (net f0000000)
[   41.317029] systemd-journald[387]: File /var/log/journal/3c6fdc3b578f3c4207109dc6950404b0/user-1000.journal corrupted or uncleanly shut down, renaming and replacing.
[  103.443465] nfsd: last server has exited, flushing export cache
[  104.539295] NFSD: Using UMH upcall client tracking operations.
[  104.545266] NFSD: starting 90-second grace period (net f0000000)
[  126.019700] NFS: SECINFO: security flavor 390003 is not supported
[  126.025924] NFS: SECINFO: security flavor 390004 is not supported
[  126.032145] NFS: SECINFO: security flavor 390005 is not supported
[  363.927823] nfsd: last server has exited, flushing export cache
[  375.915411] EXT4-fs (sdb): 17 mounted filesystem with ordered data mode. Quota mode: none.
[  381.225318] NFSD: Using UMH upcall client tracking operations.
[  381.231281] NFSD: starting 90-second grace period (net f0000000)
[  620.499234] nfsd: last server has exited, flushing export cache
[  627.193463] EXT4-fs (sdb): unmounting filesystem.
[  803.774800] EXT4-fs (sdb): 17 mounted filesystem with ordered data mode. Quota mode: none.
[  804.890211] NFSD: Using UMH upcall client tracking operations.
[  804.896181] NFSD: starting 90-second grace period (net f0000000)
[  804.981395] sh (1835): drop_caches: 3
