[    0.000000] Linux version 5.10.0-26-cloud-amd64 (debian-kernel@lists.debian.org) (gcc-10 (Debian 10.2.1-6) 10.2.1 20210110, GNU ld (GNU Binutils for Debian) 2.35.2) #1 SMP Debian 5.10.197-1 (2023-09-29)
[    0.000000] Command line: BOOT_IMAGE=/boot/vmlinuz-5.10.0-26-cloud-amd64 root=UUID=1225d994-3cdc-4e39-8ca0-3245d6035b43 ro console=tty0 console=ttyS0,115200 earlyprintk=ttyS0,115200 consoleblank=0 intel_iommu=off
[    0.000000] BIOS-provided physical RAM map:
[    0.000000] BIOS-e820: [mem 0x0000000000000000-0x0000000000000fff] reserved
[    0.000000] BIOS-e820: [mem 0x0000000000001000-0x0000000000054fff] usable
[    0.000000] BIOS-e820: [mem 0x0000000000055000-0x000000000005ffff] reserved
[    0.000000] BIOS-e820: [mem 0x0000000000060000-0x0000000000097fff] usable
[    0.000000] BIOS-e820: [mem 0x0000000000098000-0x000000000009ffff] reserved
[    0.000000] BIOS-e820: [mem 0x0000000000100000-0x00000000bf6ecfff] usable
[    0.000000] BIOS-e820: [mem 0x00000000bf6ed000-0x00000000bf7ecfff] reserved
[    0.000000] BIOS-e820: [mem 0x00000000bf7ed000-0x00000000bf8ecfff] type 20
[    0.000000] BIOS-e820: [mem 0x00000000bf8ed000-0x00000000bf96cfff] reserved
[    0.000000] BIOS-e820: [mem 0x00000000bf96d000-0x00000000bf97efff] ACPI data
[    0.000000] BIOS-e820: [mem 0x00000000bf97f000-0x00000000bf9fefff] ACPI NVS
[    0.000000] BIOS-e820: [mem 0x00000000bf9ff000-0x00000000bffdffff] usable
[    0.000000] BIOS-e820: [mem 0x00000000bffe0000-0x00000000bfffffff] reserved
[    0.000000] BIOS-e820: [mem 0x0000000100000000-0x000000203fffffff] usable
[    0.000000] printk: bootconsole [earlyser0] enabled
[    0.000000] NX (Execute Disable) protection: active
[    0.000000] efi: EFI v2.70 by EDK II
[    0.000000] efi: TPMFinalLog=0xbf9f7000 ACPI=0xbf97e000 ACPI 2.0=0xbf97e014 SMBIOS=0xbf7ca000 MEMATTR=0xbdf81018 
[    0.000000] secureboot: Secure boot disabled
[    0.000000] SMBIOS 2.4 present.
[    0.000000] DMI: Google Google Compute Engine/Google Compute Engine, BIOS Google 11/17/2023
[    0.000000] Hypervisor detected: KVM
[    0.000000] kvm-clock: Using msrs 4b564d01 and 4b564d00
[    0.000000] kvm-clock: cpu 0, msr 9d9401001, primary cpu clock
[    0.000000] kvm-clock: using sched offset of 5715137667 cycles
[    0.000745] clocksource: kvm-clock: mask: 0xffffffffffffffff max_cycles: 0x1cd42e4dffb, max_idle_ns: 881590591483 ns
[    0.002846] tsc: Detected 2800.210 MHz processor
[    0.003498] e820: update [mem 0x00000000-0x00000fff] usable ==> reserved
[    0.003503] e820: remove [mem 0x000a0000-0x000fffff] usable
[    0.003509] last_pfn = 0x2040000 max_arch_pfn = 0x400000000
[    0.004273] MTRR default type: write-back
[    0.004274] MTRR fixed ranges enabled:
[    0.004275]   00000-9FFFF write-back
[    0.004277]   A0000-FFFFF uncachable
[    0.004277] MTRR variable ranges enabled:
[    0.004279]   0 base 0000C0000000 mask 3FFFC0000000 uncachable
[    0.004279]   1 disabled
[    0.004280]   2 disabled
[    0.004280]   3 disabled
[    0.004281]   4 disabled
[    0.004281]   5 disabled
[    0.004282]   6 disabled
[    0.004282]   7 disabled
[    0.004291] x86/PAT: Configuration [0-7]: WB  WC  UC- UC  WB  WP  UC- WT  
[    0.005601] last_pfn = 0xbffe0 max_arch_pfn = 0x400000000
[    0.006330] Using GB pages for direct mapping
[    0.007062] RAMDISK: [mem 0x364eb000-0x3726cfff]
[    0.007659] ACPI: Early table checksum verification disabled
[    0.008382] ACPI: RSDP 0x00000000BF97E014 000024 (v02 Google)
[    0.009113] ACPI: XSDT 0x00000000BF97D0E8 00005C (v01 Google GOOGFACP 00000001      01000013)
[    0.010204] ACPI: FACP 0x00000000BF978000 0000F4 (v02 Google GOOGFACP 00000001 GOOG 00000001)
[    0.011350] ACPI: DSDT 0x00000000BF979000 001A64 (v01 Google GOOGDSDT 00000001 GOOG 00000001)
[    0.012479] ACPI: FACS 0x00000000BF9F1000 000040
[    0.013067] ACPI: SSDT 0x00000000BF97C000 000316 (v02 GOOGLE Tpm2Tabl 00001000 INTL 20211217)
[    0.014155] ACPI: TPM2 0x00000000BF97B000 000034 (v04 GOOGLE          00000001 GOOG 00000001)
[    0.015259] ACPI: SRAT 0x00000000BF977000 0002D0 (v03 Google GOOGSRAT 00000001 GOOG 00000001)
[    0.016347] ACPI: APIC 0x00000000BF976000 000166 (v05 Google GOOGAPIC 00000001 GOOG 00000001)
[    0.017437] ACPI: SSDT 0x00000000BF974000 0014DE (v01 Google GOOGSSDT 00000001 GOOG 00000001)
[    0.018527] ACPI: WAET 0x00000000BF973000 000028 (v01 Google GOOGWAET 00000001 GOOG 00000001)
[    0.019625] ACPI: Reserving FACP table memory at [mem 0xbf978000-0xbf9780f3]
[    0.020524] ACPI: Reserving DSDT table memory at [mem 0xbf979000-0xbf97aa63]
[    0.021423] ACPI: Reserving FACS table memory at [mem 0xbf9f1000-0xbf9f103f]
[    0.022323] ACPI: Reserving SSDT table memory at [mem 0xbf97c000-0xbf97c315]
[    0.023222] ACPI: Reserving TPM2 table memory at [mem 0xbf97b000-0xbf97b033]
[    0.024125] ACPI: Reserving SRAT table memory at [mem 0xbf977000-0xbf9772cf]
[    0.025022] ACPI: Reserving APIC table memory at [mem 0xbf976000-0xbf976165]
[    0.026271] ACPI: Reserving SSDT table memory at [mem 0xbf974000-0xbf9754dd]
[    0.027170] ACPI: Reserving WAET table memory at [mem 0xbf973000-0xbf973027]
[    0.028087] ACPI: Local APIC address 0xfee00000
[    0.028111] SRAT: PXM 0 -> APIC 0x00 -> Node 0
[    0.028701] SRAT: PXM 0 -> APIC 0x01 -> Node 0
[    0.029268] SRAT: PXM 0 -> APIC 0x02 -> Node 0
[    0.029834] SRAT: PXM 0 -> APIC 0x03 -> Node 0
[    0.030401] SRAT: PXM 0 -> APIC 0x04 -> Node 0
[    0.030967] SRAT: PXM 0 -> APIC 0x05 -> Node 0
[    0.031536] SRAT: PXM 0 -> APIC 0x06 -> Node 0
[    0.032102] SRAT: PXM 0 -> APIC 0x07 -> Node 0
[    0.032667] SRAT: PXM 0 -> APIC 0x08 -> Node 0
[    0.033249] SRAT: PXM 0 -> APIC 0x09 -> Node 0
[    0.033841] SRAT: PXM 0 -> APIC 0x0a -> Node 0
[    0.034407] SRAT: PXM 0 -> APIC 0x0b -> Node 0
[    0.034974] SRAT: PXM 0 -> APIC 0x0c -> Node 0
[    0.035542] SRAT: PXM 0 -> APIC 0x0d -> Node 0
[    0.036108] SRAT: PXM 0 -> APIC 0x0e -> Node 0
[    0.036674] SRAT: PXM 0 -> APIC 0x0f -> Node 0
[    0.037270] SRAT: PXM 1 -> APIC 0x10 -> Node 1
[    0.037831] SRAT: PXM 1 -> APIC 0x11 -> Node 1
[    0.038420] SRAT: PXM 1 -> APIC 0x12 -> Node 1
[    0.038986] SRAT: PXM 1 -> APIC 0x13 -> Node 1
[    0.039575] SRAT: PXM 1 -> APIC 0x14 -> Node 1
[    0.040141] SRAT: PXM 1 -> APIC 0x15 -> Node 1
[    0.040709] SRAT: PXM 1 -> APIC 0x16 -> Node 1
[    0.041277] SRAT: PXM 1 -> APIC 0x17 -> Node 1
[    0.041841] SRAT: PXM 1 -> APIC 0x18 -> Node 1
[    0.042408] SRAT: PXM 1 -> APIC 0x19 -> Node 1
[    0.042996] SRAT: PXM 1 -> APIC 0x1a -> Node 1
[    0.043573] SRAT: PXM 1 -> APIC 0x1b -> Node 1
[    0.044139] SRAT: PXM 1 -> APIC 0x1c -> Node 1
[    0.044707] SRAT: PXM 1 -> APIC 0x1d -> Node 1
[    0.045274] SRAT: PXM 1 -> APIC 0x1e -> Node 1
[    0.045852] SRAT: PXM 1 -> APIC 0x1f -> Node 1
[    0.046432] ACPI: SRAT: Node 0 PXM 0 [mem 0x00000000-0x0009ffff]
[    0.047194] ACPI: SRAT: Node 0 PXM 0 [mem 0x00100000-0xbfffffff]
[    0.047978] ACPI: SRAT: Node 0 PXM 0 [mem 0x100000000-0x103fffffff]
[    0.048778] ACPI: SRAT: Node 1 PXM 1 [mem 0x1040000000-0x203fffffff]
[    0.049591] NUMA: Node 0 [mem 0x00000000-0x0009ffff] + [mem 0x00100000-0xbfffffff] -> [mem 0x00000000-0xbfffffff]
[    0.050916] NUMA: Node 0 [mem 0x00000000-0xbfffffff] + [mem 0x100000000-0x103fffffff] -> [mem 0x00000000-0x103fffffff]
[    0.052307] NODE_DATA(0) allocated [mem 0x103ffd6000-0x103fffffff]
[    0.053526] NODE_DATA(1) allocated [mem 0x203ffd6000-0x203fffffff]
[    0.055466] Zone ranges:
[    0.055796]   DMA      [mem 0x0000000000001000-0x0000000000ffffff]
[    0.056583]   DMA32    [mem 0x0000000001000000-0x00000000ffffffff]
[    0.057371]   Normal   [mem 0x0000000100000000-0x000000203fffffff]
[    0.058160]   Device   empty
[    0.058527] Movable zone start for each node
[    0.059073] Early memory node ranges
[    0.059527]   node   0: [mem 0x0000000000001000-0x0000000000054fff]
[    0.060327]   node   0: [mem 0x0000000000060000-0x0000000000097fff]
[    0.061126]   node   0: [mem 0x0000000000100000-0x00000000bf6ecfff]
[    0.061942]   node   0: [mem 0x00000000bf9ff000-0x00000000bffdffff]
[    0.062742]   node   0: [mem 0x0000000100000000-0x000000103fffffff]
[    0.063564]   node   1: [mem 0x0000001040000000-0x000000203fffffff]
[    0.064364] Initmem setup node 0 [mem 0x0000000000001000-0x000000103fffffff]
[    0.065258] On node 0 totalpages: 16776282
[    0.065259]   DMA zone: 64 pages used for memmap
[    0.065260]   DMA zone: 3121 pages reserved
[    0.065261]   DMA zone: 3980 pages, LIFO batch:0
[    0.065261]   DMA32 zone: 12212 pages used for memmap
[    0.065262]   DMA32 zone: 781518 pages, LIFO batch:63
[    0.065263]   Normal zone: 249856 pages used for memmap
[    0.065263]   Normal zone: 15990784 pages, LIFO batch:63
[    0.065264] Initmem setup node 1 [mem 0x0000001040000000-0x000000203fffffff]
[    0.066174] On node 1 totalpages: 16777216
[    0.066175]   Normal zone: 262144 pages used for memmap
[    0.066176]   Normal zone: 16777216 pages, LIFO batch:63
[    0.066605] On node 0, zone DMA: 1 pages in unavailable ranges
[    0.066607] On node 0, zone DMA: 11 pages in unavailable ranges
[    0.067390] On node 0, zone DMA: 104 pages in unavailable ranges
[    0.084182] On node 0, zone DMA32: 786 pages in unavailable ranges
[    0.086119] On node 0, zone Normal: 32 pages in unavailable ranges
[    0.088405] ACPI: PM-Timer IO Port: 0xb008
[    0.089737] ACPI: Local APIC address 0xfee00000
[    0.089751] ACPI: LAPIC_NMI (acpi_id[0xff] dfl dfl lint[0x1])
[    0.090548] IOAPIC[0]: apic_id 0, version 17, address 0xfec00000, GSI 0-23
[    0.091432] ACPI: INT_SRC_OVR (bus 0 bus_irq 5 global_irq 5 high level)
[    0.092275] ACPI: INT_SRC_OVR (bus 0 bus_irq 9 global_irq 9 high level)
[    0.093119] ACPI: INT_SRC_OVR (bus 0 bus_irq 10 global_irq 10 high level)
[    0.094020] ACPI: INT_SRC_OVR (bus 0 bus_irq 11 global_irq 11 high level)
[    0.094899] ACPI: IRQ5 used by override.
[    0.094900] ACPI: IRQ9 used by override.
[    0.094901] ACPI: IRQ10 used by override.
[    0.094902] ACPI: IRQ11 used by override.
[    0.094904] Using ACPI (MADT) for SMP configuration information
[    0.095655] smpboot: Allowing 32 CPUs, 0 hotplug CPUs
[    0.096326] PM: hibernation: Registered nosave memory: [mem 0x00000000-0x00000fff]
[    0.097305] PM: hibernation: Registered nosave memory: [mem 0x00055000-0x0005ffff]
[    0.098265] PM: hibernation: Registered nosave memory: [mem 0x00098000-0x0009ffff]
[    0.099232] PM: hibernation: Registered nosave memory: [mem 0x000a0000-0x000fffff]
[    0.100198] PM: hibernation: Registered nosave memory: [mem 0xbf6ed000-0xbf7ecfff]
[    0.101164] PM: hibernation: Registered nosave memory: [mem 0xbf7ed000-0xbf8ecfff]
[    0.102131] PM: hibernation: Registered nosave memory: [mem 0xbf8ed000-0xbf96cfff]
[    0.103098] PM: hibernation: Registered nosave memory: [mem 0xbf96d000-0xbf97efff]
[    0.104063] PM: hibernation: Registered nosave memory: [mem 0xbf97f000-0xbf9fefff]
[    0.105111] PM: hibernation: Registered nosave memory: [mem 0xbffe0000-0xbfffffff]
[    0.106069] PM: hibernation: Registered nosave memory: [mem 0xc0000000-0xffffffff]
[    0.107053] [mem 0xc0000000-0xffffffff] available for PCI devices
[    0.107831] Booting paravirtualized kernel on KVM
[    0.108443] clocksource: refined-jiffies: mask: 0xffffffff max_cycles: 0xffffffff, max_idle_ns: 7645519600211568 ns
[    0.113380] setup_percpu: NR_CPUS:8192 nr_cpumask_bits:32 nr_cpu_ids:32 nr_node_ids:2
[    0.117624] percpu: Embedded 63 pages/cpu s221184 r8192 d28672 u262144
[    0.118481] pcpu-alloc: s221184 r8192 d28672 u262144 alloc=1*2097152
[    0.118483] pcpu-alloc: [0] 00 01 02 03 04 05 06 07 [0] 16 17 18 19 20 21 22 23 
[    0.118494] pcpu-alloc: [1] 08 09 10 11 12 13 14 15 [1] 24 25 26 27 28 29 30 31 
[    0.118531] kvm-guest: PV spinlocks enabled
[    0.119072] PV qspinlock hash table entries: 256 (order: 0, 4096 bytes, linear)
[    0.120014] Built 2 zonelists, mobility grouping on.  Total pages: 33026101
[    0.120919] Policy zone: Normal
[    0.121320] Kernel command line: BOOT_IMAGE=/boot/vmlinuz-5.10.0-26-cloud-amd64 root=UUID=1225d994-3cdc-4e39-8ca0-3245d6035b43 ro console=tty0 console=ttyS0,115200 earlyprintk=ttyS0,115200 consoleblank=0 intel_iommu=off
[    0.123862] DMAR: IOMMU disabled
[    0.124299] printk: log_buf_len individual max cpu contribution: 4096 bytes
[    0.125183] printk: log_buf_len total cpu_extra contributions: 126976 bytes
[    0.126072] printk: log_buf_len min size: 131072 bytes
[    0.127120] printk: log_buf_len: 262144 bytes
[    0.127683] printk: early log buf free: 119472(91%)
[    0.128761] mem auto-init: stack:off, heap alloc:on, heap free:off
[    0.191240] Memory: 3278624K/134213992K available (12296K kernel code, 2552K rwdata, 6956K rodata, 2468K init, 3724K bss, 2267340K reserved, 0K cma-reserved)
[    0.194780] SLUB: HWalign=64, Order=0-3, MinObjects=0, CPUs=32, Nodes=2
[    0.196101] ftrace: allocating 33918 entries in 133 pages
[    0.212897] ftrace: allocated 133 pages with 3 groups
[    0.214323] rcu: Hierarchical RCU implementation.
[    0.214930] rcu: 	RCU restricting CPUs from NR_CPUS=8192 to nr_cpu_ids=32.
[    0.215921] 	Rude variant of Tasks RCU enabled.
[    0.216516] 	Tracing variant of Tasks RCU enabled.
[    0.217137] rcu: RCU calculated value of scheduler-enlistment delay is 25 jiffies.
[    0.218118] rcu: Adjusting geometry for rcu_fanout_leaf=16, nr_cpu_ids=32
[    0.222585] NR_IRQS: 524544, nr_irqs: 680, preallocated irqs: 16
[    0.223704] random: crng init done
[    0.224221] Console: colour dummy device 80x25
[    0.224990] printk: console [tty0] enabled
[    0.225575] printk: console [ttyS0] enabled
[    0.226720] printk: bootconsole [earlyser0] disabled
[    0.228083] mempolicy: Enabling automatic NUMA balancing. Configure with numa_balancing= or the kernel.numa_balancing sysctl
[    0.229572] ACPI: Core revision 20200925
[    0.230241] APIC: Switch to symmetric I/O mode setup
[    0.231320] x2apic enabled
[    0.234117] Switched APIC routing to physical x2apic.
[    0.238199] ..TIMER: vector=0x30 apic1=0 pin1=0 apic2=-1 pin2=-1
[    0.239242] clocksource: tsc-early: mask: 0xffffffffffffffff max_cycles: 0x285d06f34a4, max_idle_ns: 440795282556 ns
[    0.240629] Calibrating delay loop (skipped) preset value.. 5600.42 BogoMIPS (lpj=11200840)
[    0.241994] Last level iTLB entries: 4KB 64, 2MB 8, 4MB 8
[    0.244628] Last level dTLB entries: 4KB 64, 2MB 0, 4MB 0, 1GB 4
[    0.245449] Spectre V1 : Mitigation: usercopy/swapgs barriers and __user pointer sanitization
[    0.246619] Spectre V2 : Mitigation: Enhanced IBRS
[    0.247285] Spectre V2 : Spectre v2 / SpectreRSB mitigation: Filling RSB on context switch
[    0.248627] Spectre V2 : Spectre v2 / PBRSB-eIBRS: Retire a single CALL on VMEXIT
[    0.249627] RETBleed: Mitigation: Enhanced IBRS
[    0.250239] Spectre V2 : mitigation: Enabling conditional Indirect Branch Prediction Barrier
[    0.251378] Speculative Store Bypass: Mitigation: Speculative Store Bypass disabled via prctl and seccomp
[    0.252633] MDS: Mitigation: Clear CPU buffers
[    0.253232] TAA: Mitigation: Clear CPU buffers
[    0.253846] MMIO Stale Data: Vulnerable: Clear CPU buffers attempted, no microcode
[    0.254847] GDS: Unknown: Dependent on hypervisor status
[    0.255643] x86/fpu: Supporting XSAVE feature 0x001: 'x87 floating point registers'
[    0.256628] x86/fpu: Supporting XSAVE feature 0x002: 'SSE registers'
[    0.257473] x86/fpu: Supporting XSAVE feature 0x004: 'AVX registers'
[    0.258317] x86/fpu: Supporting XSAVE feature 0x020: 'AVX-512 opmask'
[    0.259173] x86/fpu: Supporting XSAVE feature 0x040: 'AVX-512 Hi256'
[    0.260028] x86/fpu: Supporting XSAVE feature 0x080: 'AVX-512 ZMM_Hi256'
[    0.260637] x86/fpu: xstate_offset[2]:  576, xstate_sizes[2]:  256
[    0.261485] x86/fpu: xstate_offset[5]:  832, xstate_sizes[5]:   64
[    0.262307] x86/fpu: xstate_offset[6]:  896, xstate_sizes[6]:  512
[    0.263143] x86/fpu: xstate_offset[7]: 1408, xstate_sizes[7]: 1024
[    0.263966] x86/fpu: Enabled xstate features 0xe7, context size is 2432 bytes, using 'compacted' format.
[    0.277003] Freeing SMP alternatives memory: 32K
[    0.279023] pid_max: default: 32768 minimum: 301
[    0.289611] LSM: Security Framework initializing
[    0.290255] Yama: disabled by default; enable with sysctl kernel.yama.*
[    0.291161] AppArmor: AppArmor initialized
[    0.291718] TOMOYO Linux initialized
[    0.318328] Dentry cache hash table entries: 8388608 (order: 14, 67108864 bytes, vmalloc)
[    0.331874] Inode-cache hash table entries: 4194304 (order: 13, 33554432 bytes, vmalloc)
[    0.333182] Mount-cache hash table entries: 131072 (order: 8, 1048576 bytes, vmalloc)
[    0.334330] Mountpoint-cache hash table entries: 131072 (order: 8, 1048576 bytes, vmalloc)
[    0.445074] smpboot: CPU0: Intel(R) Xeon(R) CPU @ 2.80GHz (family: 0x6, model: 0x55, stepping: 0x7)
[    0.446464] Performance Events: unsupported p6 CPU model 85 no PMU driver, software events only.
[    0.447674] rcu: Hierarchical SRCU implementation.
[    0.448626] NMI watchdog: Perf NMI watchdog permanently disabled
[    0.448932] smp: Bringing up secondary CPUs ...
[    0.450118] x86: Booting SMP configuration:
[    0.450710] .... node  #0, CPUs:        #1
[    0.012929] kvm-clock: cpu 1, msr 9d9401041, secondary cpu clock
[    0.451545]   #2
[    0.012929] kvm-clock: cpu 2, msr 9d9401081, secondary cpu clock
[    0.453131]   #3
[    0.012929] kvm-clock: cpu 3, msr 9d94010c1, secondary cpu clock
[    0.454024]   #4
[    0.012929] kvm-clock: cpu 4, msr 9d9401101, secondary cpu clock
[    0.454024]   #5
[    0.012929] kvm-clock: cpu 5, msr 9d9401141, secondary cpu clock
[    0.457112]   #6
[    0.012929] kvm-clock: cpu 6, msr 9d9401181, secondary cpu clock
[    0.458006]   #7
[    0.012929] kvm-clock: cpu 7, msr 9d94011c1, secondary cpu clock

[    0.462492] .... node  #1, CPUs:    #8
[    0.012929] kvm-clock: cpu 8, msr 9d9401201, secondary cpu clock
[    0.012929] smpboot: CPU 8 Converting physical 0 to logical die 1
[    0.468718]   #9
[    0.012929] kvm-clock: cpu 9, msr 9d9401241, secondary cpu clock
[    0.469519]  #10
[    0.012929] kvm-clock: cpu 10, msr 9d9401281, secondary cpu clock
[    0.470088]  #11
[    0.012929] kvm-clock: cpu 11, msr 9d94012c1, secondary cpu clock
[    0.473426]  #12
[    0.012929] kvm-clock: cpu 12, msr 9d9401301, secondary cpu clock
[    0.474127]  #13
[    0.012929] kvm-clock: cpu 13, msr 9d9401341, secondary cpu clock
[    0.477104]  #14
[    0.012929] kvm-clock: cpu 14, msr 9d9401381, secondary cpu clock
[    0.478062]  #15
[    0.012929] kvm-clock: cpu 15, msr 9d94013c1, secondary cpu clock

[    0.481707] .... node  #0, CPUs:   #16
[    0.012929] kvm-clock: cpu 16, msr 9d9401401, secondary cpu clock
[    0.482514] MDS CPU bug present and SMT on, data leak possible. See https://www.kernel.org/doc/html/latest/admin-guide/hw-vuln/mds.html for more details.
[    0.484631] TAA CPU bug present and SMT on, data leak possible. See https://www.kernel.org/doc/html/latest/admin-guide/hw-vuln/tsx_async_abort.html for more details.
[    0.486555] MMIO Stale Data CPU bug present and SMT on, data leak possible. See https://www.kernel.org/doc/html/latest/admin-guide/hw-vuln/processor_mmio_stale_data.html for more details.
[    0.488720]  #17
[    0.012929] kvm-clock: cpu 17, msr 9d9401441, secondary cpu clock
[    0.489208]  #18
[    0.012929] kvm-clock: cpu 18, msr 9d9401481, secondary cpu clock
[    0.490030]  #19
[    0.012929] kvm-clock: cpu 19, msr 9d94014c1, secondary cpu clock
[    0.493113]  #20
[    0.012929] kvm-clock: cpu 20, msr 9d9401501, secondary cpu clock
[    0.494024]  #21
[    0.012929] kvm-clock: cpu 21, msr 9d9401541, secondary cpu clock
[    0.494024]  #22
[    0.012929] kvm-clock: cpu 22, msr 9d9401581, secondary cpu clock
[    0.497110]  #23
[    0.012929] kvm-clock: cpu 23, msr 9d94015c1, secondary cpu clock

[    0.498098] .... node  #1, CPUs:   #24
[    0.012929] kvm-clock: cpu 24, msr 9d9401601, secondary cpu clock
[    0.501386]  #25
[    0.012929] kvm-clock: cpu 25, msr 9d9401641, secondary cpu clock
[    0.502108]  #26
[    0.012929] kvm-clock: cpu 26, msr 9d9401681, secondary cpu clock
[    0.504734]  #27
[    0.012929] kvm-clock: cpu 27, msr 9d94016c1, secondary cpu clock
[    0.506121]  #28
[    0.012929] kvm-clock: cpu 28, msr 9d9401701, secondary cpu clock
[    0.508693]  #29
[    0.012929] kvm-clock: cpu 29, msr 9d9401741, secondary cpu clock
[    0.510154]  #30
[    0.012929] kvm-clock: cpu 30, msr 9d9401781, secondary cpu clock
[    0.510154]  #31
[    0.012929] kvm-clock: cpu 31, msr 9d94017c1, secondary cpu clock
[    0.513165] smp: Brought up 2 nodes, 32 CPUs
[    0.514262] smpboot: Max logical packages: 2
[    0.514869] smpboot: Total of 32 processors activated (179213.44 BogoMIPS)
[    0.560976] node 1 deferred pages initialised in 44ms
[    0.561362] node 0 deferred pages initialised in 44ms
[    0.570692] devtmpfs: initialized
[    0.570692] x86/mm: Memory block size: 1024MB
[    0.572844] PM: Registering ACPI NVS region [mem 0xbf97f000-0xbf9fefff] (524288 bytes)
[    0.573778] clocksource: jiffies: mask: 0xffffffff max_cycles: 0xffffffff, max_idle_ns: 7645041785100000 ns
[    0.575228] futex hash table entries: 8192 (order: 7, 524288 bytes, vmalloc)
[    0.577884] NET: Registered protocol family 16
[    0.580538] DMA: preallocated 4096 KiB GFP_KERNEL pool for atomic allocations
[    0.581405] DMA: preallocated 4096 KiB GFP_KERNEL|GFP_DMA pool for atomic allocations
[    0.583532] DMA: preallocated 4096 KiB GFP_KERNEL|GFP_DMA32 pool for atomic allocations
[    0.584641] audit: initializing netlink subsys (disabled)
[    0.585374] audit: type=2000 audit(1704519305.100:1): state=initialized audit_enabled=0 res=1
[    0.585374] thermal_sys: Registered thermal governor 'fair_share'
[    0.585778] thermal_sys: Registered thermal governor 'bang_bang'
[    0.586597] thermal_sys: Registered thermal governor 'step_wise'
[    0.588634] thermal_sys: Registered thermal governor 'user_space'
[    0.589448] thermal_sys: Registered thermal governor 'power_allocator'
[    0.590288] cpuidle: using governor ladder
[    0.590288] cpuidle: using governor menu
[    0.592667] ACPI: bus type PCI registered
[    0.593214] acpiphp: ACPI Hot Plug PCI Controller Driver version: 0.5
[    0.594165] PCI: Using configuration type 1 for base access
[    0.596133] Kprobes globally optimized
[    0.597074] HugeTLB registered 1.00 GiB page size, pre-allocated 0 pages
[    0.597530] HugeTLB registered 2.00 MiB page size, pre-allocated 0 pages
[    0.707156] ACPI: Added _OSI(Module Device)
[    0.707156] ACPI: Added _OSI(Processor Device)
[    0.707156] ACPI: Added _OSI(3.0 _SCP Extensions)
[    0.708629] ACPI: Added _OSI(Processor Aggregator Device)
[    0.709355] ACPI: Added _OSI(Linux-Dell-Video)
[    0.709957] ACPI: Added _OSI(Linux-Lenovo-NV-HDMI-Audio)
[    0.710670] ACPI: Added _OSI(Linux-HPI-Hybrid-Graphics)
[    0.712743] ACPI: 3 ACPI AML tables successfully acquired and loaded
[    0.715398] ACPI: Interpreter enabled
[    0.715917] ACPI: (supports S0 S3 S4 S5)
[    0.716451] ACPI: Using IOAPIC for interrupt routing
[    0.716639] PCI: Using host bridge windows from ACPI; if necessary, use "pci=nocrs" and report a bug
[    0.718013] ACPI: Enabled 16 GPEs in block 00 to 0F
[    0.721760] ACPI: PCI Root Bridge [PCI0] (domain 0000 [bus 00-ff])
[    0.722590] acpi PNP0A03:00: _OSC: OS supports [ASPM ClockPM Segments MSI HPX-Type3]
[    0.723620] acpi PNP0A03:00: fail to add MMCONFIG information, can't access extended PCI configuration space under this bridge.
[    0.725107] PCI host bridge to bus 0000:00
[    0.725664] pci_bus 0000:00: Unknown NUMA node; performance will be reduced
[    0.726625] pci_bus 0000:00: root bus resource [io  0x0000-0x0cf7 window]
[    0.727539] pci_bus 0000:00: root bus resource [io  0x0d00-0xffff window]
[    0.728628] pci_bus 0000:00: root bus resource [mem 0x000a0000-0x000bffff window]
[    0.729617] pci_bus 0000:00: root bus resource [mem 0xc0000000-0xfebfefff window]
[    0.730655] pci_bus 0000:00: root bus resource [bus 00-ff]
[    0.731420] pci 0000:00:00.0: [8086:1237] type 00 class 0x060000
[    0.736957] pci 0000:00:01.0: [8086:7110] type 00 class 0x060100
[    0.772841] pci 0000:00:01.3: [8086:7113] type 00 class 0x068000
[    0.808671] pci 0000:00:01.3: quirk: [io  0xb000-0xb03f] claimed by PIIX4 ACPI
[    0.809971] pci 0000:00:03.0: [1af4:1004] type 00 class 0x000000
[    0.824636] pci 0000:00:03.0: reg 0x10: [io  0xc040-0xc07f]
[    0.832631] pci 0000:00:03.0: reg 0x14: [mem 0xc0102000-0xc010207f]
[    0.858910] pci 0000:00:04.0: [1ae0:001f] type 00 class 0x010802
[    0.872635] pci 0000:00:04.0: reg 0x10: [mem 0xc0000000-0xc0003fff 64bit]
[    0.898876] pci 0000:00:04.0: reg 0x20: [mem 0xc0101000-0xc01011ff]
[    0.911103] pci 0000:00:05.0: [1af4:1000] type 00 class 0x020000
[    0.924634] pci 0000:00:05.0: reg 0x10: [io  0xc000-0xc03f]
[    0.936633] pci 0000:00:05.0: reg 0x14: [mem 0xc0100000-0xc01007ff]
[    0.967620] pci 0000:00:06.0: [1af4:1005] type 00 class 0x00ff00
[    0.984633] pci 0000:00:06.0: reg 0x10: [io  0xc080-0xc09f]
[    0.995219] pci 0000:00:06.0: reg 0x14: [mem 0xc0103000-0xc010303f]
[    1.023516] ACPI: PCI Interrupt Link [LNKA] (IRQs 5 *10 11)
[    1.024709] ACPI: PCI Interrupt Link [LNKB] (IRQs 5 *10 11)
[    1.028697] ACPI: PCI Interrupt Link [LNKC] (IRQs 5 10 *11)
[    1.032692] ACPI: PCI Interrupt Link [LNKD] (IRQs 5 10 *11)
[    1.035541] ACPI: PCI Interrupt Link [LNKS] (IRQs *9)
[    1.038495] iommu: Default domain type: Translated 
[    1.039174] vgaarb: loaded
[    1.039174] Registered efivars operations
[    1.039174] NetLabel: Initializing
[    1.040629] NetLabel:  domain hash size = 128
[    1.041218] NetLabel:  protocols = UNLABELED CIPSOv4 CALIPSO
[    1.042016] NetLabel:  unlabeled traffic allowed by default
[    1.042761] PCI: Using ACPI for IRQ routing
[    1.043385] PCI: pci_cache_line_size set to 64 bytes
[    1.043468] e820: reserve RAM buffer [mem 0x00055000-0x0005ffff]
[    1.043470] e820: reserve RAM buffer [mem 0x00098000-0x0009ffff]
[    1.043471] e820: reserve RAM buffer [mem 0xbf6ed000-0xbfffffff]
[    1.043472] e820: reserve RAM buffer [mem 0xbffe0000-0xbfffffff]
[    1.044627] clocksource: Switched to clocksource kvm-clock
[    1.057379] VFS: Disk quotas dquot_6.6.0
[    1.057972] VFS: Dquot-cache hash table entries: 512 (order 0, 4096 bytes)
[    1.059119] AppArmor: AppArmor Filesystem Enabled
[    1.059766] pnp: PnP ACPI init
[    1.060228] pnp 00:00: Plug and Play ACPI device, IDs PNP0b00 (active)
[    1.060267] pnp 00:01: Plug and Play ACPI device, IDs PNP0303 (active)
[    1.060297] pnp 00:02: Plug and Play ACPI device, IDs PNP0f13 (active)
[    1.060333] pnp 00:03: Plug and Play ACPI device, IDs PNP0501 (active)
[    1.060358] pnp 00:04: Plug and Play ACPI device, IDs PNP0501 (active)
[    1.060389] pnp 00:05: Plug and Play ACPI device, IDs PNP0501 (active)
[    1.060416] pnp 00:06: Plug and Play ACPI device, IDs PNP0501 (active)
[    1.060547] pnp: PnP ACPI: found 7 devices
[    1.067170] clocksource: acpi_pm: mask: 0xffffff max_cycles: 0xffffff, max_idle_ns: 2085701024 ns
[    1.068437] NET: Registered protocol family 2
[    1.069698] IP idents hash table entries: 262144 (order: 9, 2097152 bytes, vmalloc)
[    1.073257] tcp_listen_portaddr_hash hash table entries: 65536 (order: 8, 1048576 bytes, vmalloc)
[    1.076709] TCP established hash table entries: 524288 (order: 10, 4194304 bytes, vmalloc)
[    1.079108] TCP bind hash table entries: 65536 (order: 8, 1048576 bytes, vmalloc)
[    1.080175] TCP: Hash tables configured (established 524288 bind 65536)
[    1.081369] UDP hash table entries: 65536 (order: 9, 2097152 bytes, vmalloc)
[    1.083913] UDP-Lite hash table entries: 65536 (order: 9, 2097152 bytes, vmalloc)
[    1.085159] NET: Registered protocol family 1
[    1.085760] NET: Registered protocol family 44
[    1.086372] pci_bus 0000:00: resource 4 [io  0x0000-0x0cf7 window]
[    1.087361] pci_bus 0000:00: resource 5 [io  0x0d00-0xffff window]
[    1.088183] pci_bus 0000:00: resource 6 [mem 0x000a0000-0x000bffff window]
[    1.089113] pci_bus 0000:00: resource 7 [mem 0xc0000000-0xfebfefff window]
[    1.090093] pci 0000:00:00.0: Limiting direct PCI/PCI transfers
[    1.090936] PCI: CLS 0 bytes, default 64
[    1.091546] Trying to unpack rootfs image as initramfs...
[    1.269657] Freeing initrd memory: 13832K
[    1.270246] PCI-DMA: Using software bounce buffering for IO (SWIOTLB)
[    1.271120] software IO TLB: mapped [mem 0x00000000b7ff7000-0x00000000bbff7000] (64MB)
[    1.272267] clocksource: tsc: mask: 0xffffffffffffffff max_cycles: 0x285d06f34a4, max_idle_ns: 440795282556 ns
[    1.273789] clocksource: Switched to clocksource tsc
[    1.275244] Initialise system trusted keyrings
[    1.275863] Key type blacklist registered
[    1.276810] workingset: timestamp_bits=36 max_order=25 bucket_order=0
[    1.278487] zbud: loaded
[    1.279583] Key type asymmetric registered
[    1.280147] Asymmetric key parser 'x509' registered
[    1.280812] Block layer SCSI generic (bsg) driver version 0.4 loaded (major 252)
[    1.281887] io scheduler mq-deadline registered
[    1.286794] Serial: 8250/16550 driver, 4 ports, IRQ sharing enabled
[    1.288065] 00:03: ttyS0 at I/O 0x3f8 (irq = 4, base_baud = 115200) is a 16550A
[    1.289769] 00:04: ttyS1 at I/O 0x2f8 (irq = 3, base_baud = 115200) is a 16550A
[    1.291418] 00:05: ttyS2 at I/O 0x3e8 (irq = 6, base_baud = 115200) is a 16550A
[    1.293220] 00:06: ttyS3 at I/O 0x2e8 (irq = 7, base_baud = 115200) is a 16550A
[    1.298976] nvme nvme0: pci function 0000:00:04.0
[    1.299815] i8042: PNP: PS/2 Controller [PNP0303:KBD,PNP0f13:MOU] at 0x60,0x64 irq 1,12
[    1.303450] PCI Interrupt Link [LNKD] enabled at IRQ 11
[    1.304311] i8042: Warning: Keylock active
[    1.313595] serio: i8042 KBD port at 0x60,0x64 irq 1
[    1.314836] serio: i8042 AUX port at 0x60,0x64 irq 12
[    1.317845] rtc_cmos 00:00: RTC can wake from S4
[    1.328389] rtc_cmos 00:00: registered as rtc0
[    1.329361] rtc_cmos 00:00: setting system clock to 2024-01-06T05:35:05 UTC (1704519305)
[    1.330608] rtc_cmos 00:00: alarms up to one day, 114 bytes nvram
[    1.331563] intel_pstate: CPU model not supported
[    1.332907] NET: Registered protocol family 10
[    1.341194] Segment Routing with IPv6
[    1.341769] mip6: Mobile IPv6
[    1.342183] NET: Registered protocol family 17
[    1.342932] IPI shorthand broadcast: enabled
[    1.343569] sched_clock: Marking stable (1333943614, 8929991)->(1361287686, -18414081)
[    1.344289] nvme nvme0: 15/0/0 default/read/poll queues
[    1.345810] registered taskstats version 1
[    1.346454] Loading compiled-in X.509 certificates
[    1.373959] Loaded X.509 cert 'Debian Secure Boot CA: 6ccece7e4c6c0d1f6149f3dd27dfcc5cbb419ea1'
[    1.375519] Loaded X.509 cert 'Debian Secure Boot Signer 2022 - linux: 14011249c2675ea8e5148542202005810584b25f'
[    1.377367] Key type .fscrypt registered
[    1.378013] Key type fscrypt-provisioning registered
[    1.378833] AppArmor: AppArmor sha1 policy hashing enabled
[    1.450422] Freeing unused decrypted memory: 2036K
[    1.452237] Freeing unused kernel image (initmem) memory: 2468K
[    1.453131] Write protecting the kernel read-only data: 22528k
[    1.455109] Freeing unused kernel image (text/rodata gap) memory: 2036K
[    1.456814] Freeing unused kernel image (rodata/data gap) memory: 1236K
[    1.458806] x86/mm: Checked W+X mappings: passed, no W+X pages found.
[    1.459792] Run /init as init process
[    1.460474]   with arguments:
[    1.460475]     /init
[    1.460476]   with environment:
[    1.460476]     HOME=/
[    1.460477]     TERM=linux
[    1.460478]     BOOT_IMAGE=/boot/vmlinuz-5.10.0-26-cloud-amd64
[    1.460478]     intel_iommu=off
[    1.510168] PCI Interrupt Link [LNKC] enabled at IRQ 10
[    1.510950] virtio-pci 0000:00:03.0: virtio_pci: leaving for legacy driver
[    1.520928] PCI Interrupt Link [LNKA] enabled at IRQ 10
[    1.521343] input: AT Translated Set 2 keyboard as /devices/platform/i8042/serio0/input/input0
[    1.521739] virtio-pci 0000:00:05.0: virtio_pci: leaving for legacy driver
[    1.533016] PCI Interrupt Link [LNKB] enabled at IRQ 11
[    1.533903] virtio-pci 0000:00:06.0: virtio_pci: leaving for legacy driver
[    1.580365] SCSI subsystem initialized
[    1.646690] scsi host0: Virtio SCSI HBA
[    1.686138] scsi 0:0:1:0: Direct-Access     Google   PersistentDisk   1    PQ: 0 ANSI: 6
[    1.848692] virtio_net virtio1 ens5: renamed from eth0
[    1.850800] sd 0:0:1:0: [sda] 20971520 512-byte logical blocks: (10.7 GB/10.0 GiB)
[    1.851837] sd 0:0:1:0: [sda] 4096-byte physical blocks
[    1.852607] sd 0:0:1:0: [sda] Write Protect is off
[    1.853409] sd 0:0:1:0: [sda] Mode Sense: 1f 00 00 08
[    1.853486] sd 0:0:1:0: [sda] Write cache: enabled, read cache: enabled, doesn't support DPO or FUA
[    1.901912]  sda: sda1 sda14 sda15
[    1.921436] sd 0:0:1:0: [sda] Attached SCSI disk
[    1.963255] gce-disk-expand: Resizing partition on 
[    1.984236] gce-disk-expand: Disk /dev/sda1 doesn't need resizing.
[    2.061585] EXT4-fs (sda1): mounted filesystem with ordered data mode. Opts: (null)
[    2.089106] Not activating Mandatory Access Control as /sbin/tomoyo-init does not exist.
[    2.252541] systemd[1]: Inserted module 'autofs4'
[    2.388611] systemd[1]: systemd 247.3-7+deb11u4 running in system mode. (+PAM +AUDIT +SELINUX +IMA +APPARMOR +SMACK +SYSVINIT +UTMP +LIBCRYPTSETUP +GCRYPT +GNUTLS +ACL +XZ +LZ4 +ZSTD +SECCOMP +BLKID +ELFUTILS +KMOD +IDN2 -IDN +PCRE2 default-hierarchy=unified)
[    2.391888] systemd[1]: Detected virtualization kvm.
[    2.392571] systemd[1]: Detected architecture x86-64.
[    2.405505] systemd[1]: Set hostname to <debian>.
[    2.408252] systemd[1]: Initializing machine ID from KVM UUID.
[    2.409123] systemd[1]: Installed transient /etc/machine-id file.
[    2.754290] systemd[1]: Queued start job for default target Graphical Interface.
[    2.757029] systemd[1]: Created slice system-getty.slice.
[    2.769262] systemd[1]: Created slice system-modprobe.slice.
[    2.781380] systemd[1]: Created slice system-serial\x2dgetty.slice.
[    2.793205] systemd[1]: Created slice system-systemd\x2dgrowfs.slice.
[    2.805170] systemd[1]: Created slice User and Session Slice.
[    2.817019] systemd[1]: Started Dispatch Password Requests to Console Directory Watch.
[    2.829027] systemd[1]: Started Forward Password Requests to Wall Directory Watch.
[    2.841141] systemd[1]: Set up automount Arbitrary Executable File Formats File System Automount Point.
[    2.853025] systemd[1]: Reached target Local Encrypted Volumes.
[    2.864994] systemd[1]: Reached target Paths.
[    2.876980] systemd[1]: Reached target Remote File Systems.
[    2.888972] systemd[1]: Reached target Slices.
[    2.900995] systemd[1]: Reached target Swap.
[    2.912979] systemd[1]: Reached target System Time Set.
[    2.925068] systemd[1]: Listening on Syslog Socket.
[    2.937046] systemd[1]: Listening on fsck to fsckd communication Socket.
[    2.949012] systemd[1]: Listening on initctl Compatibility Named Pipe.
[    2.961082] systemd[1]: Listening on Journal Audit Socket.
[    2.973043] systemd[1]: Listening on Journal Socket (/dev/log).
[    2.985063] systemd[1]: Listening on Journal Socket.
[    2.997821] systemd[1]: Listening on udev Control Socket.
[    3.009037] systemd[1]: Listening on udev Kernel Socket.
[    3.021636] systemd[1]: Mounting Huge Pages File System...
[    3.033583] systemd[1]: Mounting POSIX Message Queue File System...
[    3.045638] systemd[1]: Mounting Kernel Debug File System...
[    3.057675] systemd[1]: Mounting Kernel Trace File System...
[    3.069655] systemd[1]: Starting Create list of static device nodes for the current kernel...
[    3.081642] systemd[1]: Starting Load Kernel Module configfs...
[    3.093771] systemd[1]: Starting Load Kernel Module drm...
[    3.105587] systemd[1]: Starting Load Kernel Module fuse...
[    3.117827] systemd[1]: Condition check resulted in Set Up Additional Binary Formats being skipped.
[    3.119125] systemd[1]: Condition check resulted in File System Check on Root Device being skipped.
[    3.122254] systemd[1]: Starting Journal Service...
[    3.130170] fuse: init (API version 7.32)
[    3.134909] systemd[1]: Starting Load Kernel Modules...
[    3.145575] systemd[1]: Starting Remount Root and Kernel File Systems...
[    3.152415] EXT4-fs (sda1): re-mounted. Opts: discard,errors=remount-ro
[    3.157604] systemd[1]: Starting Coldplug All udev Devices...
[    3.170084] systemd[1]: Started Journal Service.
[    3.331971] EXT4-fs (sda1): resizing filesystem from 2588667 to 2588667 blocks
[    3.346756] systemd-journald[484]: Received client request to flush runtime journal.
[    3.614096] input: Power Button as /devices/LNXSYSTM:00/LNXPWRBN:00/input/input3
[    3.629021] ACPI: Power Button [PWRF]
[    3.629744] input: Sleep Button as /devices/LNXSYSTM:00/LNXSLPBN:00/input/input4
[    3.630795] ACPI: Sleep Button [SLPF]
[    3.643130] sd 0:0:1:0: Attached scsi generic sg0 type 0
[    3.646589] tpm_tis MSFT0101:00: 2.0 TPM (device-id 0x9009, rev-id 0)
[    3.648302] pstore: Using crash dump compression: deflate
[    3.649100] pstore: Registered efi as persistent store backend
[    3.759681] RAPL PMU: API unit is 2^-32 Joules, 0 fixed counters, 10737418240 ms ovfl timer
[    3.824331] cryptd: max_cpu_qlen set to 1000
[    3.850337] AVX2 version of gcm_enc/dec engaged.
[    3.851056] AES CTR mode by8 optimization enabled
[    4.193249] audit: type=1400 audit(1704519308.359:2): apparmor="STATUS" operation="profile_load" profile="unconfined" name="/usr/sbin/haveged" pid=691 comm="apparmor_parser"
[    4.202575] audit: type=1400 audit(1704519308.367:3): apparmor="STATUS" operation="profile_load" profile="unconfined" name="lsb_release" pid=695 comm="apparmor_parser"
[    4.206723] audit: type=1400 audit(1704519308.371:4): apparmor="STATUS" operation="profile_load" profile="unconfined" name="nvidia_modprobe" pid=690 comm="apparmor_parser"
[    4.208723] audit: type=1400 audit(1704519308.371:5): apparmor="STATUS" operation="profile_load" profile="unconfined" name="nvidia_modprobe//kmod" pid=690 comm="apparmor_parser"
[    4.222447] audit: type=1400 audit(1704519308.387:6): apparmor="STATUS" operation="profile_load" profile="unconfined" name="/usr/bin/man" pid=692 comm="apparmor_parser"
[    4.224737] audit: type=1400 audit(1704519308.387:7): apparmor="STATUS" operation="profile_load" profile="unconfined" name="man_filter" pid=692 comm="apparmor_parser"
[    4.226720] audit: type=1400 audit(1704519308.387:8): apparmor="STATUS" operation="profile_load" profile="unconfined" name="man_groff" pid=692 comm="apparmor_parser"
[    4.236829] audit: type=1400 audit(1704519308.399:9): apparmor="STATUS" operation="profile_load" profile="unconfined" name="/usr/sbin/chronyd" pid=694 comm="apparmor_parser"
[    4.268154] audit: type=1400 audit(1704519308.431:10): apparmor="STATUS" operation="profile_load" profile="unconfined" name="tcpdump" pid=693 comm="apparmor_parser"
[ 1092.691461] audit: type=1400 audit(1704520397.314:11): apparmor="STATUS" operation="profile_replace" info="same as current profile, skipping" profile="unconfined" name="/usr/bin/man" pid=67578 comm="apparmor_parser"
[ 1092.710750] audit: type=1400 audit(1704520397.314:12): apparmor="STATUS" operation="profile_replace" info="same as current profile, skipping" profile="unconfined" name="man_filter" pid=67578 comm="apparmor_parser"
[ 1092.729820] audit: type=1400 audit(1704520397.314:13): apparmor="STATUS" operation="profile_replace" info="same as current profile, skipping" profile="unconfined" name="man_groff" pid=67578 comm="apparmor_parser"
[ 1117.503616] RPC: Registered named UNIX socket transport module.
[ 1117.509683] RPC: Registered udp transport module.
[ 1117.514509] RPC: Registered tcp transport module.
[ 1117.519403] RPC: Registered tcp NFSv4.1 backchannel transport module.
[ 1117.574553] Installing knfsd (copyright (C) 1996 okir@monad.swb.de).
[ 1118.693876] NFSD: Using UMH upcall client tracking operations.
[ 1118.701113] NFSD: starting 90-second grace period (net f0000098)
[ 1314.210525] FS-Cache: Loaded
[ 1314.240113] FS-Cache: Netfs 'nfs' registered for caching
[ 1314.248707] Key type dns_resolver registered
[ 1314.400955] NFS: Registering the id_resolver key type
[ 1314.406144] Key type id_resolver registered
[ 1314.410452] Key type id_legacy registered
[89500.548736] nfsd: last server has exited, flushing export cache
[89502.595310] sh (96073): drop_caches: 3
