[    0.000000] Linux version 5.19.0-rc5-xfstests-perf-00988-g8c6b42dcd7f8-dirty (harshads@harshads.c.googlers.com) (gcc (Debian 13.2.0-5) 13.2.0, GNU ld (GNU Binutils for Debian) 2.41) #107 SMP PREEMPT_DYNAMIC Thu Jan 4 02:10:59 UTC 2024
[    0.000000] Command line: root=/dev/sda1 console=tty0 console=ttyS0,115200 earlyprintk=ttyS0,115200 consoleblank=0 intel_iommu=off
[    0.000000] x86/fpu: Supporting XSAVE feature 0x001: 'x87 floating point registers'
[    0.000000] x86/fpu: Supporting XSAVE feature 0x002: 'SSE registers'
[    0.000000] x86/fpu: Supporting XSAVE feature 0x004: 'AVX registers'
[    0.000000] x86/fpu: Supporting XSAVE feature 0x020: 'AVX-512 opmask'
[    0.000000] x86/fpu: Supporting XSAVE feature 0x040: 'AVX-512 Hi256'
[    0.000000] x86/fpu: Supporting XSAVE feature 0x080: 'AVX-512 ZMM_Hi256'
[    0.000000] x86/fpu: xstate_offset[2]:  576, xstate_sizes[2]:  256
[    0.000000] x86/fpu: xstate_offset[5]:  832, xstate_sizes[5]:   64
[    0.000000] x86/fpu: xstate_offset[6]:  896, xstate_sizes[6]:  512
[    0.000000] x86/fpu: xstate_offset[7]: 1408, xstate_sizes[7]: 1024
[    0.000000] x86/fpu: Enabled xstate features 0xe7, context size is 2432 bytes, using 'compacted' format.
[    0.000000] signal: max sigframe size: 3632
[    0.000000] BIOS-provided physical RAM map:
[    0.000000] BIOS-e820: [mem 0x0000000000000000-0x0000000000000fff] reserved
[    0.000000] BIOS-e820: [mem 0x0000000000001000-0x0000000000054fff] usable
[    0.000000] BIOS-e820: [mem 0x0000000000055000-0x000000000005ffff] reserved
[    0.000000] BIOS-e820: [mem 0x0000000000060000-0x0000000000097fff] usable
[    0.000000] BIOS-e820: [mem 0x0000000000098000-0x000000000009ffff] reserved
[    0.000000] BIOS-e820: [mem 0x0000000000100000-0x00000000bf6ecfff] usable
[    0.000000] BIOS-e820: [mem 0x00000000bf6ed000-0x00000000bf96cfff] reserved
[    0.000000] BIOS-e820: [mem 0x00000000bf96d000-0x00000000bf97efff] ACPI data
[    0.000000] BIOS-e820: [mem 0x00000000bf97f000-0x00000000bf9fefff] ACPI NVS
[    0.000000] BIOS-e820: [mem 0x00000000bf9ff000-0x00000000bffdffff] usable
[    0.000000] BIOS-e820: [mem 0x00000000bffe0000-0x00000000bfffffff] reserved
[    0.000000] BIOS-e820: [mem 0x0000000100000000-0x000000203fffffff] usable
[    0.000000] printk: bootconsole [earlyser0] enabled
[    0.000000] NX (Execute Disable) protection: active
[    0.000000] e820: update [mem 0x00100000-0x0010006f] usable ==> usable
[    0.000000] extended physical RAM map:
[    0.000000] reserve setup_data: [mem 0x0000000000000000-0x0000000000000fff] reserved
[    0.000000] reserve setup_data: [mem 0x0000000000001000-0x0000000000054fff] usable
[    0.000000] reserve setup_data: [mem 0x0000000000055000-0x000000000005ffff] reserved
[    0.000000] reserve setup_data: [mem 0x0000000000060000-0x0000000000097fff] usable
[    0.000000] reserve setup_data: [mem 0x0000000000098000-0x000000000009ffff] reserved
[    0.000000] reserve setup_data: [mem 0x0000000000100000-0x000000000010006f] usable
[    0.000000] reserve setup_data: [mem 0x0000000000100070-0x00000000bf6ecfff] usable
[    0.000000] reserve setup_data: [mem 0x00000000bf6ed000-0x00000000bf96cfff] reserved
[    0.000000] reserve setup_data: [mem 0x00000000bf96d000-0x00000000bf97efff] ACPI data
[    0.000000] reserve setup_data: [mem 0x00000000bf97f000-0x00000000bf9fefff] ACPI NVS
[    0.000000] reserve setup_data: [mem 0x00000000bf9ff000-0x00000000bffdffff] usable
[    0.000000] reserve setup_data: [mem 0x00000000bffe0000-0x00000000bfffffff] reserved
[    0.000000] reserve setup_data: [mem 0x0000000100000000-0x000000203fffffff] usable
[    0.000000] efi: EFI v2.70 by EDK II
[    0.000000] efi: TPMFinalLog=0xbf9f7000 ACPI=0xbf97e000 ACPI 2.0=0xbf97e014 SMBIOS=0xbf7ca000 MEMATTR=0xbdf7c018 
[    0.000000] SMBIOS 2.4 present.
[    0.000000] DMI: Google Google Compute Engine/Google Compute Engine, BIOS Google 11/17/2023
[    0.000000] Hypervisor detected: KVM
[    0.000000] kvm-clock: Using msrs 4b564d01 and 4b564d00
[    0.000001] kvm-clock: using sched offset of 39400339899 cycles
[    0.000676] clocksource: kvm-clock: mask: 0xffffffffffffffff max_cycles: 0x1cd42e4dffb, max_idle_ns: 881590591483 ns
[    0.002816] tsc: Detected 2800.260 MHz processor
[    0.003416] e820: update [mem 0x00000000-0x00000fff] usable ==> reserved
[    0.003419] e820: remove [mem 0x000a0000-0x000fffff] usable
[    0.003423] last_pfn = 0x2040000 max_arch_pfn = 0x400000000
[    0.004184] x86/PAT: Configuration [0-7]: WB  WC  UC- UC  WB  WP  UC- WT  
[    0.005470] x2apic: enabled by BIOS, switching to x2apic ops
[    0.006192] last_pfn = 0xbffe0 max_arch_pfn = 0x400000000
[    0.018432] Using GB pages for direct mapping
[    0.019491] Secure boot could not be determined
[    0.020173] ACPI: Early table checksum verification disabled
[    0.020898] ACPI: RSDP 0x00000000BF97E014 000024 (v02 Google)
[    0.021627] ACPI: XSDT 0x00000000BF97D0E8 00005C (v01 Google GOOGFACP 00000001      01000013)
[    0.022718] ACPI: FACP 0x00000000BF978000 0000F4 (v02 Google GOOGFACP 00000001 GOOG 00000001)
[    0.023807] ACPI: DSDT 0x00000000BF979000 001A64 (v01 Google GOOGDSDT 00000001 GOOG 00000001)
[    0.024895] ACPI: FACS 0x00000000BF9F1000 000040
[    0.025484] ACPI: SSDT 0x00000000BF97C000 000316 (v02 GOOGLE Tpm2Tabl 00001000 INTL 20211217)
[    0.026571] ACPI: TPM2 0x00000000BF97B000 000034 (v04 GOOGLE          00000001 GOOG 00000001)
[    0.027665] ACPI: SRAT 0x00000000BF977000 0002D0 (v03 Google GOOGSRAT 00000001 GOOG 00000001)
[    0.028748] ACPI: APIC 0x00000000BF976000 000166 (v05 Google GOOGAPIC 00000001 GOOG 00000001)
[    0.029837] ACPI: SSDT 0x00000000BF974000 0014DE (v01 Google GOOGSSDT 00000001 GOOG 00000001)
[    0.030926] ACPI: WAET 0x00000000BF973000 000028 (v01 Google GOOGWAET 00000001 GOOG 00000001)
[    0.032014] ACPI: Reserving FACP table memory at [mem 0xbf978000-0xbf9780f3]
[    0.032915] ACPI: Reserving DSDT table memory at [mem 0xbf979000-0xbf97aa63]
[    0.033813] ACPI: Reserving FACS table memory at [mem 0xbf9f1000-0xbf9f103f]
[    0.034713] ACPI: Reserving SSDT table memory at [mem 0xbf97c000-0xbf97c315]
[    0.035613] ACPI: Reserving TPM2 table memory at [mem 0xbf97b000-0xbf97b033]
[    0.036512] ACPI: Reserving SRAT table memory at [mem 0xbf977000-0xbf9772cf]
[    0.037413] ACPI: Reserving APIC table memory at [mem 0xbf976000-0xbf976165]
[    0.038312] ACPI: Reserving SSDT table memory at [mem 0xbf974000-0xbf9754dd]
[    0.039233] ACPI: Reserving WAET table memory at [mem 0xbf973000-0xbf973027]
[    0.040201] Setting APIC routing to cluster x2apic.
[    0.040843] SRAT: PXM 0 -> APIC 0x00 -> Node 0
[    0.041420] SRAT: PXM 0 -> APIC 0x01 -> Node 0
[    0.041986] SRAT: PXM 0 -> APIC 0x02 -> Node 0
[    0.042552] SRAT: PXM 0 -> APIC 0x03 -> Node 0
[    0.043118] SRAT: PXM 0 -> APIC 0x04 -> Node 0
[    0.043685] SRAT: PXM 0 -> APIC 0x05 -> Node 0
[    0.044485] SRAT: PXM 0 -> APIC 0x06 -> Node 0
[    0.045051] SRAT: PXM 0 -> APIC 0x07 -> Node 0
[    0.045618] SRAT: PXM 0 -> APIC 0x08 -> Node 0
[    0.046184] SRAT: PXM 0 -> APIC 0x09 -> Node 0
[    0.046751] SRAT: PXM 0 -> APIC 0x0a -> Node 0
[    0.047318] SRAT: PXM 0 -> APIC 0x0b -> Node 0
[    0.047885] SRAT: PXM 0 -> APIC 0x0c -> Node 0
[    0.048487] SRAT: PXM 0 -> APIC 0x0d -> Node 0
[    0.049048] SRAT: PXM 0 -> APIC 0x0e -> Node 0
[    0.049614] SRAT: PXM 0 -> APIC 0x0f -> Node 0
[    0.050182] SRAT: PXM 1 -> APIC 0x10 -> Node 1
[    0.050776] SRAT: PXM 1 -> APIC 0x11 -> Node 1
[    0.051342] SRAT: PXM 1 -> APIC 0x12 -> Node 1
[    0.051910] SRAT: PXM 1 -> APIC 0x13 -> Node 1
[    0.052475] SRAT: PXM 1 -> APIC 0x14 -> Node 1
[    0.053043] SRAT: PXM 1 -> APIC 0x15 -> Node 1
[    0.053609] SRAT: PXM 1 -> APIC 0x16 -> Node 1
[    0.054176] SRAT: PXM 1 -> APIC 0x17 -> Node 1
[    0.054741] SRAT: PXM 1 -> APIC 0x18 -> Node 1
[    0.055309] SRAT: PXM 1 -> APIC 0x19 -> Node 1
[    0.055874] SRAT: PXM 1 -> APIC 0x1a -> Node 1
[    0.056442] SRAT: PXM 1 -> APIC 0x1b -> Node 1
[    0.057009] SRAT: PXM 1 -> APIC 0x1c -> Node 1
[    0.057574] SRAT: PXM 1 -> APIC 0x1d -> Node 1
[    0.058140] SRAT: PXM 1 -> APIC 0x1e -> Node 1
[    0.058708] SRAT: PXM 1 -> APIC 0x1f -> Node 1
[    0.059277] ACPI: SRAT: Node 0 PXM 0 [mem 0x00000000-0x0009ffff]
[    0.060041] ACPI: SRAT: Node 0 PXM 0 [mem 0x00100000-0xbfffffff]
[    0.060807] ACPI: SRAT: Node 0 PXM 0 [mem 0x100000000-0x103fffffff]
[    0.061608] ACPI: SRAT: Node 1 PXM 1 [mem 0x1040000000-0x203fffffff]
[    0.062420] NUMA: Node 0 [mem 0x00000000-0x0009ffff] + [mem 0x00100000-0xbfffffff] -> [mem 0x00000000-0xbfffffff]
[    0.063729] NUMA: Node 0 [mem 0x00000000-0xbfffffff] + [mem 0x100000000-0x103fffffff] -> [mem 0x00000000-0x103fffffff]
[    0.065099] NODE_DATA(0) allocated [mem 0x103fffb000-0x103fffffff]
[    0.065888] NODE_DATA(1) allocated [mem 0x203fffb000-0x203fffffff]
[    0.066792] Zone ranges:
[    0.067119]   DMA      [mem 0x0000000000001000-0x0000000000ffffff]
[    0.067908]   DMA32    [mem 0x0000000001000000-0x00000000ffffffff]
[    0.068697]   Normal   [mem 0x0000000100000000-0x000000203fffffff]
[    0.069487]   Device   empty
[    0.069852] Movable zone start for each node
[    0.070396] Early memory node ranges
[    0.070852]   node   0: [mem 0x0000000000001000-0x0000000000054fff]
[    0.071653]   node   0: [mem 0x0000000000060000-0x0000000000097fff]
[    0.072452]   node   0: [mem 0x0000000000100000-0x00000000bf6ecfff]
[    0.073252]   node   0: [mem 0x00000000bf9ff000-0x00000000bffdffff]
[    0.074052]   node   0: [mem 0x0000000100000000-0x000000103fffffff]
[    0.074855]   node   1: [mem 0x0000001040000000-0x000000203fffffff]
[    0.075656] Initmem setup node 0 [mem 0x0000000000001000-0x000000103fffffff]
[    0.076553] Initmem setup node 1 [mem 0x0000001040000000-0x000000203fffffff]
[    0.077452] On node 0, zone DMA: 1 pages in unavailable ranges
[    0.077454] On node 0, zone DMA: 11 pages in unavailable ranges
[    0.078227] On node 0, zone DMA: 104 pages in unavailable ranges
[    0.084619] On node 0, zone DMA32: 786 pages in unavailable ranges
[    0.200758] On node 0, zone Normal: 32 pages in unavailable ranges
[    0.382029] ACPI: PM-Timer IO Port: 0xb008
[    0.383381] ACPI: LAPIC_NMI (acpi_id[0xff] dfl dfl lint[0x1])
[    0.384172] IOAPIC[0]: apic_id 0, version 17, address 0xfec00000, GSI 0-23
[    0.385149] ACPI: INT_SRC_OVR (bus 0 bus_irq 5 global_irq 5 high level)
[    0.386010] ACPI: INT_SRC_OVR (bus 0 bus_irq 9 global_irq 9 high level)
[    0.386854] ACPI: INT_SRC_OVR (bus 0 bus_irq 10 global_irq 10 high level)
[    0.387719] ACPI: INT_SRC_OVR (bus 0 bus_irq 11 global_irq 11 high level)
[    0.388591] ACPI: Using ACPI (MADT) for SMP configuration information
[    0.389410] smpboot: Allowing 32 CPUs, 0 hotplug CPUs
[    0.390081] [mem 0xc0000000-0xffffffff] available for PCI devices
[    0.390866] Booting paravirtualized kernel on KVM
[    0.391466] clocksource: refined-jiffies: mask: 0xffffffff max_cycles: 0xffffffff, max_idle_ns: 6370452778343963 ns
[    0.397937] setup_percpu: NR_CPUS:48 nr_cpumask_bits:48 nr_cpu_ids:32 nr_node_ids:2
[    0.401640] percpu: Embedded 51 pages/cpu s179048 r0 d29848 u262144
[    0.402455] pcpu-alloc: s179048 r0 d29848 u262144 alloc=1*2097152
[    0.402459] pcpu-alloc: [0] 00 01 02 03 04 05 06 07 [0] 16 17 18 19 20 21 22 23 
[    0.402467] pcpu-alloc: [1] 08 09 10 11 12 13 14 15 [1] 24 25 26 27 28 29 30 31 
[    0.402493] kvm-guest: PV spinlocks enabled
[    0.403034] PV qspinlock hash table entries: 256 (order: 0, 4096 bytes, linear)
[    0.403972] Fallback order for Node 0: 0 1 
[    0.404500] Fallback order for Node 1: 1 0 
[    0.405035] Built 2 zonelists, mobility grouping on.  Total pages: 33029080
[    0.405922] Policy zone: Normal
[    0.406321] Kernel command line: root=/dev/sda1 console=tty0 console=ttyS0,115200 earlyprintk=ttyS0,115200 consoleblank=0 intel_iommu=off
[    0.407968] Unknown kernel command line parameters "intel_iommu=off", will be passed to user space.
[    0.409171] printk: log_buf_len individual max cpu contribution: 4096 bytes
[    0.410061] printk: log_buf_len total cpu_extra contributions: 126976 bytes
[    0.410948] printk: log_buf_len min size: 131072 bytes
[    0.412001] printk: log_buf_len: 262144 bytes
[    0.412567] printk: early log buf free: 119736(91%)
[    0.413575] mem auto-init: stack:all(zero), heap alloc:off, heap free:off
[    0.725701] Memory: 132009036K/134213992K available (16401K kernel code, 2641K rwdata, 3428K rodata, 1540K init, 1152K bss, 2204696K reserved, 0K cma-reserved)
[    0.728769] ftrace: allocating 44541 entries in 174 pages
[    0.739901] ftrace: allocated 174 pages with 5 groups
[    0.742174] Dynamic Preempt: none
[    0.742800] rcu: Preemptible hierarchical RCU implementation.
[    0.743541] rcu: 	RCU event tracing is enabled.
[    0.744176] rcu: 	RCU restricting CPUs from NR_CPUS=48 to nr_cpu_ids=32.
[    0.745031] 	Trampoline variant of Tasks RCU enabled.
[    0.745674] 	Rude variant of Tasks RCU enabled.
[    0.746301] 	Tracing variant of Tasks RCU enabled.
[    0.746912] rcu: RCU calculated value of scheduler-enlistment delay is 30 jiffies.
[    0.747878] rcu: Adjusting geometry for rcu_fanout_leaf=16, nr_cpu_ids=32
[    0.753334] NR_IRQS: 4352, nr_irqs: 680, preallocated irqs: 16
[    0.754599] rcu: srcu_init: Setting srcu_struct sizes based on contention.
[    0.755583] random: crng init done
[    0.757057] Console: colour dummy device 80x25
[    0.757872] printk: console [tty0] enabled
[    0.758444] printk: console [ttyS0] enabled
[    0.759571] printk: bootconsole [earlyser0] disabled
[    0.760968] ACPI: Core revision 20220331
[    0.761611] APIC: Switch to symmetric I/O mode setup
[    0.765532] Switched APIC routing to physical x2apic.
[    0.770268] ..TIMER: vector=0x30 apic1=0 pin1=0 apic2=-1 pin2=-1
[    0.771540] clocksource: tsc-early: mask: 0xffffffffffffffff max_cycles: 0x285d3648b46, max_idle_ns: 440795316815 ns
[    0.772958] Calibrating delay loop (skipped) preset value.. 5602.87 BogoMIPS (lpj=9334200)
[    0.774134] pid_max: default: 32768 minimum: 301
[    0.774912] LSM: Security Framework initializing
[    0.786999] Dentry cache hash table entries: 8388608 (order: 14, 67108864 bytes, vmalloc hugepage)
[    0.793675] Inode-cache hash table entries: 4194304 (order: 13, 33554432 bytes, vmalloc hugepage)
[    0.795348] Mount-cache hash table entries: 131072 (order: 8, 1048576 bytes, vmalloc)
[    0.796450] Mountpoint-cache hash table entries: 131072 (order: 8, 1048576 bytes, vmalloc)
[    0.798610] Last level iTLB entries: 4KB 64, 2MB 8, 4MB 8
[    0.799392] Last level dTLB entries: 4KB 64, 2MB 0, 4MB 0, 1GB 4
[    0.799635] Spectre V1 : Mitigation: usercopy/swapgs barriers and __user pointer sanitization
[    0.800763] Spectre V2 : Mitigation: Enhanced IBRS
[    0.801428] Spectre V2 : Spectre v2 / SpectreRSB mitigation: Filling RSB on context switch
[    0.802959] Spectre V2 : mitigation: Enabling conditional Indirect Branch Prediction Barrier
[    0.804075] Speculative Store Bypass: Mitigation: Speculative Store Bypass disabled via prctl
[    0.805210] MDS: Mitigation: Clear CPU buffers
[    0.805840] TAA: Mitigation: Clear CPU buffers
[    0.806291] MMIO Stale Data: Vulnerable: Clear CPU buffers attempted, no microcode
[    0.811846] Freeing SMP alternatives memory: 48K
[    0.919622] smpboot: CPU0: Intel(R) Xeon(R) CPU @ 2.80GHz (family: 0x6, model: 0x55, stepping: 0x7)
[    0.919622] cblist_init_generic: Setting adjustable number of callback queues.
[    0.919622] cblist_init_generic: Setting shift to 5 and lim to 1.
[    0.919642] cblist_init_generic: Setting shift to 5 and lim to 1.
[    0.920490] cblist_init_generic: Setting shift to 5 and lim to 1.
[    0.921320] Performance Events: unsupported p6 CPU model 85 no PMU driver, software events only.
[    0.922520] rcu: Hierarchical SRCU implementation.
[    0.923025] NMI watchdog: Perf NMI watchdog permanently disabled
[    0.924236] smp: Bringing up secondary CPUs ...
[    0.925009] x86: Booting SMP configuration:
[    0.925612] .... node  #0, CPUs:        #1  #2  #3  #4  #5  #6  #7
[    0.930679] .... node  #1, CPUs:    #8
[    0.014066] smpboot: CPU 8 Converting physical 0 to logical die 1
[    0.936466]   #9 #10 #11 #12 #13 #14 #15
[    0.940352] .... node  #0, CPUs:   #16
[    0.940903] MDS CPU bug present and SMT on, data leak possible. See https://www.kernel.org/doc/html/latest/admin-guide/hw-vuln/mds.html for more details.
[    0.942961] TAA CPU bug present and SMT on, data leak possible. See https://www.kernel.org/doc/html/latest/admin-guide/hw-vuln/tsx_async_abort.html for more details.
[    0.946294] MMIO Stale Data CPU bug present and SMT on, data leak possible. See https://www.kernel.org/doc/html/latest/admin-guide/hw-vuln/processor_mmio_stale_data.html for more details.
[    0.948634]  #17 #18 #19 #20 #21 #22 #23
[    0.953627] .... node  #1, CPUs:   #24 #25 #26 #27 #28 #29 #30 #31
[    0.956871] smp: Brought up 2 nodes, 32 CPUs
[    0.960208] smpboot: Max logical packages: 2
[    0.960805] smpboot: Total of 32 processors activated (179288.00 BogoMIPS)
[    0.967442] devtmpfs: initialized
[    0.967442] x86/mm: Memory block size: 1024MB
[    0.969709] clocksource: jiffies: mask: 0xffffffff max_cycles: 0xffffffff, max_idle_ns: 6370867519511994 ns
[    0.971001] futex hash table entries: 8192 (order: 7, 524288 bytes, vmalloc)
[    0.972257] NET: Registered PF_NETLINK/PF_ROUTE protocol family
[    0.973132] thermal_sys: Registered thermal governor 'step_wise'
[    0.973152] cpuidle: using governor menu
[    0.974439] PCI: Using configuration type 1 for base access
[    0.977010] cryptd: max_cpu_qlen set to 1000
[    1.032957] raid6: avx512x4 gen() 26634 MB/s
[    1.089623] raid6: avx512x2 gen() 25959 MB/s
[    1.146290] raid6: avx512x1 gen() 25845 MB/s
[    1.202957] raid6: avx2x4   gen() 23262 MB/s
[    1.259624] raid6: avx2x2   gen() 23409 MB/s
[    1.316290] raid6: avx2x1   gen() 21405 MB/s
[    1.317158] raid6: using algorithm avx512x4 gen() 26634 MB/s
[    1.372959] raid6: .... xor() 5752 MB/s, rmw enabled
[    1.373933] raid6: using avx512x2 recovery algorithm
[    1.374659] ACPI: Added _OSI(Module Device)
[    1.375248] ACPI: Added _OSI(Processor Device)
[    1.375855] ACPI: Added _OSI(3.0 _SCP Extensions)
[    1.376291] ACPI: Added _OSI(Processor Aggregator Device)
[    1.377049] ACPI: Added _OSI(Linux-Dell-Video)
[    1.377688] ACPI: Added _OSI(Linux-Lenovo-NV-HDMI-Audio)
[    1.378403] ACPI: Added _OSI(Linux-HPI-Hybrid-Graphics)
[    1.380742] ACPI: 3 ACPI AML tables successfully acquired and loaded
[    1.383943] ACPI: Interpreter enabled
[    1.384474] ACPI: PM: (supports S0 S5)
[    1.384990] ACPI: Using IOAPIC for interrupt routing
[    1.385711] PCI: Using host bridge windows from ACPI; if necessary, use "pci=nocrs" and report a bug
[    1.386292] PCI: Ignoring E820 reservations for host bridge windows
[    1.387343] ACPI: Enabled 16 GPEs in block 00 to 0F
[    1.391665] ACPI: PCI Root Bridge [PCI0] (domain 0000 [bus 00-ff])
[    1.392539] acpi PNP0A03:00: _OSC: OS supports [ASPM ClockPM Segments MSI HPX-Type3]
[    1.392958] acpi PNP0A03:00: PCIe port services disabled; not requesting _OSC control
[    1.394114] PCI host bridge to bus 0000:00
[    1.394692] pci_bus 0000:00: Unknown NUMA node; performance will be reduced
[    1.395621] pci_bus 0000:00: root bus resource [io  0x0000-0x0cf7 window]
[    1.396291] pci_bus 0000:00: root bus resource [io  0x0d00-0xffff window]
[    1.397217] pci_bus 0000:00: root bus resource [mem 0x000a0000-0x000bffff window]
[    1.398210] pci_bus 0000:00: root bus resource [mem 0xc0000000-0xfebfefff window]
[    1.399626] pci_bus 0000:00: root bus resource [bus 00-ff]
[    1.400410] pci 0000:00:00.0: [8086:1237] type 00 class 0x060000
[    1.406624] pci 0000:00:01.0: [8086:7110] type 00 class 0x060100
[    1.443159] pci 0000:00:01.3: [8086:7113] type 00 class 0x068000
[    1.483000] pci 0000:00:01.3: quirk: [io  0xb000-0xb03f] claimed by PIIX4 ACPI
[    1.484218] pci 0000:00:03.0: [1af4:1004] type 00 class 0x000000
[    1.499626] pci 0000:00:03.0: reg 0x10: [io  0xc040-0xc07f]
[    1.509626] pci 0000:00:03.0: reg 0x14: [mem 0xc0102000-0xc010207f]
[    1.536519] pci 0000:00:04.0: [1ae0:001f] type 00 class 0x010802
[    1.555301] pci 0000:00:04.0: reg 0x10: [mem 0xc0000000-0xc0003fff 64bit]
[    1.575490] pci 0000:00:04.0: reg 0x20: [mem 0xc0101000-0xc01011ff]
[    1.585456] pci 0000:00:05.0: [1af4:1000] type 00 class 0x020000
[    1.599626] pci 0000:00:05.0: reg 0x10: [io  0xc000-0xc03f]
[    1.612962] pci 0000:00:05.0: reg 0x14: [mem 0xc0100000-0xc01007ff]
[    1.645448] pci 0000:00:06.0: [1af4:1005] type 00 class 0x00ff00
[    1.659626] pci 0000:00:06.0: reg 0x10: [io  0xc080-0xc09f]
[    1.669630] pci 0000:00:06.0: reg 0x14: [mem 0xc0103000-0xc010303f]
[    1.697012] ACPI: PCI: Interrupt link LNKA configured for IRQ 10
[    1.699712] ACPI: PCI: Interrupt link LNKB configured for IRQ 11
[    1.703036] ACPI: PCI: Interrupt link LNKC configured for IRQ 10
[    1.706365] ACPI: PCI: Interrupt link LNKD configured for IRQ 11
[    1.709656] ACPI: PCI: Interrupt link LNKS configured for IRQ 9
[    1.713087] SCSI subsystem initialized
[    1.713661] Registered efivars operations
[    1.714336] PCI: Using ACPI for IRQ routing
[    1.714909] PCI: pci_cache_line_size set to 64 bytes
[    1.715002] e820: reserve RAM buffer [mem 0x00055000-0x0005ffff]
[    1.715004] e820: reserve RAM buffer [mem 0x00098000-0x0009ffff]
[    1.715006] e820: reserve RAM buffer [mem 0xbf6ed000-0xbfffffff]
[    1.715007] e820: reserve RAM buffer [mem 0xbffe0000-0xbfffffff]
[    1.715023] vgaarb: loaded
[    1.715023] clocksource: Switched to clocksource kvm-clock
[    1.715023] VFS: Disk quotas dquot_6.6.0
[    1.715023] VFS: Dquot-cache hash table entries: 512 (order 0, 4096 bytes)
[    1.715481] pnp: PnP ACPI init
[    1.716330] pnp: PnP ACPI: found 7 devices
[    1.722945] clocksource: acpi_pm: mask: 0xffffff max_cycles: 0xffffff, max_idle_ns: 2085701024 ns
[    1.724246] NET: Registered PF_INET protocol family
[    1.725493] IP idents hash table entries: 262144 (order: 9, 2097152 bytes, vmalloc)
[    1.729080] tcp_listen_portaddr_hash hash table entries: 65536 (order: 8, 1048576 bytes, vmalloc)
[    1.730454] Table-perturb hash table entries: 65536 (order: 6, 262144 bytes, vmalloc)
[    1.731515] TCP established hash table entries: 524288 (order: 10, 4194304 bytes, vmalloc hugepage)
[    1.733348] TCP bind hash table entries: 65536 (order: 8, 1048576 bytes, vmalloc)
[    1.734529] TCP: Hash tables configured (established 524288 bind 65536)
[    1.735512] UDP hash table entries: 65536 (order: 9, 2097152 bytes, vmalloc)
[    1.736874] UDP-Lite hash table entries: 65536 (order: 9, 2097152 bytes, vmalloc)
[    1.738346] NET: Registered PF_UNIX/PF_LOCAL protocol family
[    1.739296] RPC: Registered named UNIX socket transport module.
[    1.740102] RPC: Registered udp transport module.
[    1.740756] RPC: Registered tcp transport module.
[    1.741413] RPC: Registered tcp NFSv4.1 backchannel transport module.
[    1.742316] pci_bus 0000:00: resource 4 [io  0x0000-0x0cf7 window]
[    1.743166] pci_bus 0000:00: resource 5 [io  0x0d00-0xffff window]
[    1.743995] pci_bus 0000:00: resource 6 [mem 0x000a0000-0x000bffff window]
[    1.744912] pci_bus 0000:00: resource 7 [mem 0xc0000000-0xfebfefff window]
[    1.745884] pci 0000:00:00.0: Limiting direct PCI/PCI transfers
[    1.746753] PCI: CLS 0 bytes, default 64
[    1.747358] PCI-DMA: Using software bounce buffering for IO (SWIOTLB)
[    1.748217] software IO TLB: mapped [mem 0x00000000b9f7c000-0x00000000bdf7c000] (64MB)
[    1.750146] RAPL PMU: API unit is 2^-32 Joules, 0 fixed counters, 10737418240 ms ovfl timer
[    1.751334] clocksource: tsc: mask: 0xffffffffffffffff max_cycles: 0x285d3648b46, max_idle_ns: 440795316815 ns
[    1.752807] clocksource: Switched to clocksource tsc
[    1.753846] Initialise system trusted keyrings
[    1.754569] workingset: timestamp_bits=40 max_order=25 bucket_order=0
[    1.756577] NFS: Registering the id_resolver key type
[    1.757549] Key type id_resolver registered
[    1.758136] Key type id_legacy registered
[    1.758702] Installing knfsd (copyright (C) 1996 okir@monad.swb.de).
[    1.759721] ntfs: driver 2.1.32 [Flags: R/W].
[    1.760390] fuse: init (API version 7.36)
[    1.761026] JFS: nTxBlock = 8192, nTxLock = 65536
[    1.763824] SGI XFS with ACLs, security attributes, realtime, scrub, repair, quota, no debug enabled
[    1.765445] 9p: Installing v9fs 9p2000 file system support
[    1.766321] NILFS version 2 loaded
[    1.766855] ocfs2: Registered cluster interface o2cb
[    1.767592] OCFS2 User DLM kernel interface loaded
[    1.768505] xor: automatically using best checksumming function   avx       
[    1.769449] Key type asymmetric registered
[    1.770129] Asymmetric key parser 'x509' registered
[    1.770919] Block layer SCSI generic (bsg) driver version 0.4 loaded (major 249)
[    1.771951] io scheduler mq-deadline registered
[    1.772582] io scheduler kyber registered
[    1.774935] input: Power Button as /devices/LNXSYSTM:00/LNXPWRBN:00/input/input0
[    1.775938] ACPI: button: Power Button [PWRF]
[    1.776615] input: Sleep Button as /devices/LNXSYSTM:00/LNXSLPBN:00/input/input1
[    1.777639] ACPI: button: Sleep Button [SLPF]
[    1.782513] ACPI: \_SB_.LNKC: Enabled at IRQ 10
[    1.785320] virtio-pci 0000:00:03.0: virtio_pci: leaving for legacy driver
[    1.795336] ACPI: \_SB_.LNKA: Enabled at IRQ 11
[    1.798104] virtio-pci 0000:00:05.0: virtio_pci: leaving for legacy driver
[    1.809267] ACPI: \_SB_.LNKB: Enabled at IRQ 11
[    1.812066] virtio-pci 0000:00:06.0: virtio_pci: leaving for legacy driver
[    1.819814] Serial: 8250/16550 driver, 32 ports, IRQ sharing disabled
[    1.820837] 00:03: ttyS0 at I/O 0x3f8 (irq = 4, base_baud = 115200) is a 16550A
[    1.821961] 00:04: ttyS1 at I/O 0x2f8 (irq = 3, base_baud = 115200) is a 16550A
[    1.823087] 00:05: ttyS2 at I/O 0x3e8 (irq = 6, base_baud = 115200) is a 16550A
[    1.824194] 00:06: ttyS3 at I/O 0x2e8 (irq = 7, base_baud = 115200) is a 16550A
[    1.845561] tpm_tis MSFT0101:00: 2.0 TPM (device-id 0x9009, rev-id 0)
[    1.857701] loop: module loaded
[    1.876414] scsi host0: Virtio SCSI HBA
[    1.881333] scsi 0:0:1:0: Direct-Access     Google   PersistentDisk   1    PQ: 0 ANSI: 6
[    1.882717] scsi 0:0:2:0: Direct-Access     Google   PersistentDisk   1    PQ: 0 ANSI: 6
[    1.896305] sd 0:0:2:0: [sdb] 10485760000 512-byte logical blocks: (5.37 TB/4.88 TiB)
[    1.896322] sd 0:0:1:0: [sda] 20971520 512-byte logical blocks: (10.7 GB/10.0 GiB)
[    1.896477] nvme nvme0: pci function 0000:00:04.0
[    1.904822] ACPI: \_SB_.LNKD: Enabled at IRQ 10
[    1.904933] sd 0:0:2:0: [sdb] 4096-byte physical blocks
[    1.913045] sd 0:0:1:0: [sda] 4096-byte physical blocks
[    1.913128] sd 0:0:1:0: [sda] Write Protect is off
[    1.913130] sd 0:0:1:0: [sda] Mode Sense: 1f 00 00 08
[    1.915091] sd 0:0:1:0: [sda] Write cache: enabled, read cache: enabled, doesn't support DPO or FUA
[    1.915855] sd 0:0:2:0: [sdb] Write Protect is off
[    1.932082] sd 0:0:2:0: [sdb] Mode Sense: 1f 00 00 08
[    1.932198] sd 0:0:2:0: [sdb] Write cache: enabled, read cache: enabled, doesn't support DPO or FUA
[    1.938998]  sda: sda1 sda14 sda15
[    1.939697] sd 0:0:1:0: [sda] Attached SCSI disk
[    1.939774] sd 0:0:2:0: [sdb] Attached SCSI disk
[    2.021564] nvme nvme0: 15/0/0 default/read/poll queues
[    2.219863] i8042: PNP: PS/2 Controller [PNP0303:KBD,PNP0f13:MOU] at 0x60,0x64 irq 1,12
[    2.221120] i8042: Warning: Keylock active
[    2.223498] serio: i8042 KBD port at 0x60,0x64 irq 1
[    2.224253] serio: i8042 AUX port at 0x60,0x64 irq 12
[    2.224988] device-mapper: core: CONFIG_IMA_DISABLE_HTABLE is disabled. Duplicate IMA measurements will not be recorded in the IMA log.
[    2.226801] device-mapper: ioctl: 4.46.0-ioctl (2022-02-22) initialised: dm-devel@redhat.com
[    2.228066] intel_pstate: CPU model not supported
[    2.228727] EFI Variables Facility v0.08 2004-May-17
[    2.235072] NET: Registered PF_INET6 protocol family
[    2.236223] Segment Routing with IPv6
[    2.236819] In-situ OAM (IOAM) with IPv6
[    2.237410] sit: IPv6, IPv4 and MPLS over IPv4 tunneling driver
[    2.238324] NET: Registered PF_PACKET protocol family
[    2.239042] 9pnet: Installing 9P2000 support
[    2.239671] Key type dns_resolver registered
[    2.243093] IPI shorthand broadcast: enabled
[    2.243708] AVX2 version of gcm_enc/dec engaged.
[    2.244750] AES CTR mode by8 optimization enabled
[    2.245861] sched_clock: Marking stable (2235103835, 10733214)->(2277387658, -31550609)
[    2.248161] Loading compiled-in X.509 certificates
[    2.249007] Key type ._fscrypt registered
[    2.249570] Key type .fscrypt registered
[    2.250167] Key type fscrypt-provisioning registered
[    2.252251] Btrfs loaded, crc32c=crc32c-intel, assert=on, zoned=no, fsverity=yes
[    2.254007] Key type encrypted registered
[    2.254580] ima: Allocated hash algorithm: sha1
[    2.283508] ima: No architecture policies found
[    2.284360] evm: Initialising EVM extended attributes:
[    2.285053] evm: security.selinux (disabled)
[    2.285649] evm: security.SMACK64 (disabled)
[    2.286321] evm: security.SMACK64EXEC (disabled)
[    2.286951] evm: security.SMACK64TRANSMUTE (disabled)
[    2.287665] evm: security.SMACK64MMAP (disabled)
[    2.288306] evm: security.apparmor (disabled)
[    2.288897] evm: security.ima
[    2.289345] evm: security.capability
[    2.289861] evm: HMAC attrs: 0x1
[    2.429884] input: AT Translated Set 2 keyboard as /devices/platform/i8042/serio0/input/input2
[    2.473800] EXT4-fs (sda1): INFO: recovery required on readonly filesystem
[    2.474820] EXT4-fs (sda1): write access will be enabled during recovery
[    2.588155] EXT4-fs (sda1): recovery complete
[    2.590293] EXT4-fs (sda1): mounted filesystem with ordered data mode. Quota mode: none.
[    2.591390] VFS: Mounted root (ext4 filesystem) readonly on device 8:1.
[    2.593402] Freeing unused kernel image (initmem) memory: 1540K
[    2.594206] Write protecting the kernel read-only data: 22528k
[    2.596202] Freeing unused kernel image (text/rodata gap) memory: 2028K
[    2.597508] Freeing unused kernel image (rodata/data gap) memory: 668K
[    2.598387] Run /sbin/init as init process
[    2.598946]   with arguments:
[    2.598947]     /sbin/init
[    2.598948]   with environment:
[    2.598948]     HOME=/
[    2.598949]     TERM=linux
[    2.598949]     intel_iommu=off
[    3.066845] systemd[1]: systemd 247.3-7+deb11u4 running in system mode. (+PAM +AUDIT +SELINUX +IMA +APPARMOR +SMACK +SYSVINIT +UTMP +LIBCRYPTSETUP +GCRYPT +GNUTLS +ACL +XZ +LZ4 +ZSTD +SECCOMP +BLKID +ELFUTILS +KMOD +IDN2 -IDN +PCRE2 default-hierarchy=unified)
[    3.069928] systemd[1]: Detected virtualization kvm.
[    3.070606] systemd[1]: Detected architecture x86-64.
[    3.090069] systemd[1]: Set hostname to <debian>.
[    3.599413] systemd[1]: Condition check resulted in System Slice being skipped.
[    3.600938] systemd[1]: Queued start job for default target Graphical Interface.
[    3.603030] systemd[1]: Created slice system-getty.slice.
[    3.616552] systemd[1]: Created slice system-modprobe.slice.
[    3.629863] systemd[1]: Created slice system-serial\x2dgetty.slice.
[    3.643186] systemd[1]: Created slice system-systemd\x2dgrowfs.slice.
[    3.656521] systemd[1]: Created slice User and Session Slice.
[    3.669708] systemd[1]: Started Dispatch Password Requests to Console Directory Watch.
[    3.683034] systemd[1]: Started Forward Password Requests to Wall Directory Watch.
[    3.696363] systemd[1]: Condition check resulted in Arbitrary Executable File Formats File System Automount Point being skipped.
[    3.697913] systemd[1]: Reached target Local Encrypted Volumes.
[    3.713027] systemd[1]: Reached target Paths.
[    3.726341] systemd[1]: Reached target Slices.
[    3.739666] systemd[1]: Reached target Swap.
[    3.752996] systemd[1]: Reached target System Time Set.
[    3.769342] systemd[1]: Listening on RPCbind Server Activation Socket.
[    3.784249] systemd[1]: Listening on Syslog Socket.
[    3.796412] systemd[1]: Listening on fsck to fsckd communication Socket.
[    3.809705] systemd[1]: Listening on initctl Compatibility Named Pipe.
[    3.823063] systemd[1]: Condition check resulted in Journal Audit Socket being skipped.
[    3.824283] systemd[1]: Listening on Journal Socket (/dev/log).
[    3.836412] systemd[1]: Listening on Journal Socket.
[    3.853381] systemd[1]: Listening on udev Control Socket.
[    3.866403] systemd[1]: Listening on udev Kernel Socket.
[    3.879766] systemd[1]: Condition check resulted in Huge Pages File System being skipped.
[    3.881619] systemd[1]: Mounting POSIX Message Queue File System...
[    3.896854] systemd[1]: Mounting NFSD configuration filesystem...
[    3.910233] systemd[1]: Mounting RPC Pipe File System...
[    3.923560] systemd[1]: Mounting Kernel Debug File System...
[    3.936904] systemd[1]: Mounting Kernel Trace File System...
[    3.949692] systemd[1]: Condition check resulted in Kernel Module supporting RPCSEC_GSS being skipped.
[    3.951022] systemd[1]: Condition check resulted in Create list of static device nodes for the current kernel being skipped.
[    3.953172] systemd[1]: Starting Load Kernel Module configfs...
[    3.966943] systemd[1]: Starting Load Kernel Module drm...
[    3.980253] systemd[1]: Starting Load Kernel Module fuse...
[    3.993943] systemd[1]: Condition check resulted in Set Up Additional Binary Formats being skipped.
[    3.995796] systemd[1]: Starting File System Check on Root Device...
[    4.011388] systemd[1]: Starting Journal Service...
[    4.013899] systemd[1]: Starting Load Kernel Modules...
[    4.015369] systemd[1]: Starting Coldplug All udev Devices...
[    4.017346] systemd[1]: Mounted POSIX Message Queue File System.
[    4.018250] systemd[1]: Mounted NFSD configuration filesystem.
[    4.019259] systemd[1]: Mounted RPC Pipe File System.
[    4.020193] systemd[1]: Mounted Kernel Debug File System.
[    4.021032] systemd[1]: Mounted Kernel Trace File System.
[    4.022025] systemd[1]: modprobe@configfs.service: Succeeded.
[    4.023035] systemd[1]: Finished Load Kernel Module configfs.
[    4.023974] systemd[1]: modprobe@drm.service: Succeeded.
[    4.024865] systemd[1]: Finished Load Kernel Module drm.
[    4.025863] systemd[1]: modprobe@fuse.service: Succeeded.
[    4.026941] systemd[1]: Finished Load Kernel Module fuse.
[    4.027905] systemd[1]: Finished Load Kernel Modules.
[    4.030177] systemd[1]: Mounting FUSE Control File System...
[    4.031654] systemd[1]: Mounting Kernel Configuration File System...
[    4.063605] systemd[1]: Starting pNFS block layout mapping daemon...
[    4.076961] systemd[1]: Started File System Check Daemon to report status.
[    4.090335] systemd[1]: Starting Apply Kernel Variables...
[    4.103560] systemd[1]: Started Journal Service.
[    4.260365] EXT4-fs (sda1): re-mounted. Quota mode: none.
[    4.295679] systemd-journald[389]: Received client request to flush runtime journal.
[    4.314892] systemd-journald[389]: File /var/log/journal/c196da314138752caf756665db00364c/system.journal corrupted or uncleanly shut down, renaming and replacing.
[    4.480726] virtio_net virtio1 enp0s5: renamed from eth0
[    4.547961] FAT-fs (sda15): Volume was not properly unmounted. Some data may be corrupt. Please run fsck.
[    8.396211] NFSD: Using UMH upcall client tracking operations.
[    8.397134] NFSD: starting 90-second grace period (net f0000000)
[   35.351269] systemd-journald[389]: File /var/log/journal/c196da314138752caf756665db00364c/user-1000.journal corrupted or uncleanly shut down, renaming and replacing.
[   87.043376] EXT4-fs (sdb): mounted filesystem with ordered data mode. Quota mode: none.
[  172.130699] EXT4-fs (sdb): unmounting filesystem.
[  194.530968] EXT4-fs (sdb): mounted filesystem with ordered data mode. Quota mode: none.
[  377.731400] EXT4-fs (sdb): unmounting filesystem.
[  435.194844] XFS (sdb): Mounting V5 Filesystem
[  435.217455] XFS (sdb): Ending clean mount
[  435.231538] xfs filesystem being mounted at /mnt supports timestamps until 2038 (0x7fffffff)
[  846.225536] XFS (sdb): Unmounting Filesystem
[  880.554936]  sdb: sdb1 sdb2
[  880.559521]  sdb: sdb1 sdb2
[  901.292253]  nvme0n1: p1 p2
[  901.296350]  nvme0n1: p1 p2
[  991.065354] nfsd: last server has exited, flushing export cache
[  991.934989] F2FS-fs (sdb1): Found nat_bits in checkpoint
[  992.070959] F2FS-fs (sdb1): Mounted with checkpoint version = 21e035e5
[  993.167881] NFSD: Using UMH upcall client tracking operations.
[  993.173860] NFSD: starting 90-second grace period (net f0000000)
[  993.228627] sh (2782): drop_caches: 3
