[    0.000000] Linux version 5.19.0-rc5-xfstests-perf-00989-g119d2587483a-dirty (harshads@harshads.c.googlers.com) (gcc (Debian 13.2.0-5) 13.2.0, GNU ld (GNU Binutils for Debian) 2.41) #144 SMP PREEMPT_DYNAMIC Sun Jan 14 02:26:19 UTC 2024
[    0.000000] Command line: root=/dev/sda1 console=tty0 console=ttyS0,115200 earlyprintk=ttyS0,115200 consoleblank=0 intel_iommu=off
[    0.000000] x86/fpu: Supporting XSAVE feature 0x001: 'x87 floating point registers'
[    0.000000] x86/fpu: Supporting XSAVE feature 0x002: 'SSE registers'
[    0.000000] x86/fpu: Supporting XSAVE feature 0x004: 'AVX registers'
[    0.000000] x86/fpu: Supporting XSAVE feature 0x020: 'AVX-512 opmask'
[    0.000000] x86/fpu: Supporting XSAVE feature 0x040: 'AVX-512 Hi256'
[    0.000000] x86/fpu: Supporting XSAVE feature 0x080: 'AVX-512 ZMM_Hi256'
[    0.000000] x86/fpu: xstate_offset[2]:  576, xstate_sizes[2]:  256
[    0.000000] x86/fpu: xstate_offset[5]:  832, xstate_sizes[5]:   64
[    0.000000] x86/fpu: xstate_offset[6]:  896, xstate_sizes[6]:  512
[    0.000000] x86/fpu: xstate_offset[7]: 1408, xstate_sizes[7]: 1024
[    0.000000] x86/fpu: Enabled xstate features 0xe7, context size is 2432 bytes, using 'compacted' format.
[    0.000000] signal: max sigframe size: 3632
[    0.000000] BIOS-provided physical RAM map:
[    0.000000] BIOS-e820: [mem 0x0000000000000000-0x0000000000000fff] reserved
[    0.000000] BIOS-e820: [mem 0x0000000000001000-0x0000000000054fff] usable
[    0.000000] BIOS-e820: [mem 0x0000000000055000-0x000000000005ffff] reserved
[    0.000000] BIOS-e820: [mem 0x0000000000060000-0x0000000000097fff] usable
[    0.000000] BIOS-e820: [mem 0x0000000000098000-0x000000000009ffff] reserved
[    0.000000] BIOS-e820: [mem 0x0000000000100000-0x00000000bf6ecfff] usable
[    0.000000] BIOS-e820: [mem 0x00000000bf6ed000-0x00000000bf96cfff] reserved
[    0.000000] BIOS-e820: [mem 0x00000000bf96d000-0x00000000bf97efff] ACPI data
[    0.000000] BIOS-e820: [mem 0x00000000bf97f000-0x00000000bf9fefff] ACPI NVS
[    0.000000] BIOS-e820: [mem 0x00000000bf9ff000-0x00000000bffdffff] usable
[    0.000000] BIOS-e820: [mem 0x00000000bffe0000-0x00000000bfffffff] reserved
[    0.000000] BIOS-e820: [mem 0x0000000100000000-0x000000203fffffff] usable
[    0.000000] printk: bootconsole [earlyser0] enabled
[    0.000000] NX (Execute Disable) protection: active
[    0.000000] e820: update [mem 0x00100000-0x0010006f] usable ==> usable
[    0.000000] extended physical RAM map:
[    0.000000] reserve setup_data: [mem 0x0000000000000000-0x0000000000000fff] reserved
[    0.000000] reserve setup_data: [mem 0x0000000000001000-0x0000000000054fff] usable
[    0.000000] reserve setup_data: [mem 0x0000000000055000-0x000000000005ffff] reserved
[    0.000000] reserve setup_data: [mem 0x0000000000060000-0x0000000000097fff] usable
[    0.000000] reserve setup_data: [mem 0x0000000000098000-0x000000000009ffff] reserved
[    0.000000] reserve setup_data: [mem 0x0000000000100000-0x000000000010006f] usable
[    0.000000] reserve setup_data: [mem 0x0000000000100070-0x00000000bf6ecfff] usable
[    0.000000] reserve setup_data: [mem 0x00000000bf6ed000-0x00000000bf96cfff] reserved
[    0.000000] reserve setup_data: [mem 0x00000000bf96d000-0x00000000bf97efff] ACPI data
[    0.000000] reserve setup_data: [mem 0x00000000bf97f000-0x00000000bf9fefff] ACPI NVS
[    0.000000] reserve setup_data: [mem 0x00000000bf9ff000-0x00000000bffdffff] usable
[    0.000000] reserve setup_data: [mem 0x00000000bffe0000-0x00000000bfffffff] reserved
[    0.000000] reserve setup_data: [mem 0x0000000100000000-0x000000203fffffff] usable
[    0.000000] efi: EFI v2.70 by EDK II
[    0.000000] efi: TPMFinalLog=0xbf9f7000 ACPI=0xbf97e000 ACPI 2.0=0xbf97e014 SMBIOS=0xbf7ca000 MEMATTR=0xbe17b018 
[    0.000000] SMBIOS 2.4 present.
[    0.000000] DMI: Google Google Compute Engine/Google Compute Engine, BIOS Google 11/17/2023
[    0.000000] Hypervisor detected: KVM
[    0.000000] kvm-clock: Using msrs 4b564d01 and 4b564d00
[    0.000002] kvm-clock: using sched offset of 54146621440 cycles
[    0.000692] clocksource: kvm-clock: mask: 0xffffffffffffffff max_cycles: 0x1cd42e4dffb, max_idle_ns: 881590591483 ns
[    0.002792] tsc: Detected 2800.246 MHz processor
[    0.003392] e820: update [mem 0x00000000-0x00000fff] usable ==> reserved
[    0.003395] e820: remove [mem 0x000a0000-0x000fffff] usable
[    0.003399] last_pfn = 0x2040000 max_arch_pfn = 0x400000000
[    0.004162] x86/PAT: Configuration [0-7]: WB  WC  UC- UC  WB  WP  UC- WT  
[    0.005448] x2apic: enabled by BIOS, switching to x2apic ops
[    0.006169] last_pfn = 0xbffe0 max_arch_pfn = 0x400000000
[    0.018569] Using GB pages for direct mapping
[    0.019267] Secure boot could not be determined
[    0.019851] ACPI: Early table checksum verification disabled
[    0.020574] ACPI: RSDP 0x00000000BF97E014 000024 (v02 Google)
[    0.021307] ACPI: XSDT 0x00000000BF97D0E8 00005C (v01 Google GOOGFACP 00000001      01000013)
[    0.022399] ACPI: FACP 0x00000000BF978000 0000F4 (v02 Google GOOGFACP 00000001 GOOG 00000001)
[    0.023487] ACPI: DSDT 0x00000000BF979000 001A64 (v01 Google GOOGDSDT 00000001 GOOG 00000001)
[    0.024574] ACPI: FACS 0x00000000BF9F1000 000040
[    0.025163] ACPI: SSDT 0x00000000BF97C000 000316 (v02 GOOGLE Tpm2Tabl 00001000 INTL 20211217)
[    0.026252] ACPI: TPM2 0x00000000BF97B000 000034 (v04 GOOGLE          00000001 GOOG 00000001)
[    0.027340] ACPI: SRAT 0x00000000BF977000 0002D0 (v03 Google GOOGSRAT 00000001 GOOG 00000001)
[    0.028429] ACPI: APIC 0x00000000BF976000 000166 (v05 Google GOOGAPIC 00000001 GOOG 00000001)
[    0.029636] ACPI: SSDT 0x00000000BF974000 0014DE (v01 Google GOOGSSDT 00000001 GOOG 00000001)
[    0.030725] ACPI: WAET 0x00000000BF973000 000028 (v01 Google GOOGWAET 00000001 GOOG 00000001)
[    0.031813] ACPI: Reserving FACP table memory at [mem 0xbf978000-0xbf9780f3]
[    0.032712] ACPI: Reserving DSDT table memory at [mem 0xbf979000-0xbf97aa63]
[    0.033612] ACPI: Reserving FACS table memory at [mem 0xbf9f1000-0xbf9f103f]
[    0.034512] ACPI: Reserving SSDT table memory at [mem 0xbf97c000-0xbf97c315]
[    0.035411] ACPI: Reserving TPM2 table memory at [mem 0xbf97b000-0xbf97b033]
[    0.036310] ACPI: Reserving SRAT table memory at [mem 0xbf977000-0xbf9772cf]
[    0.037211] ACPI: Reserving APIC table memory at [mem 0xbf976000-0xbf976165]
[    0.038111] ACPI: Reserving SSDT table memory at [mem 0xbf974000-0xbf9754dd]
[    0.039010] ACPI: Reserving WAET table memory at [mem 0xbf973000-0xbf973027]
[    0.039930] Setting APIC routing to cluster x2apic.
[    0.040576] SRAT: PXM 0 -> APIC 0x00 -> Node 0
[    0.041164] SRAT: PXM 0 -> APIC 0x01 -> Node 0
[    0.041730] SRAT: PXM 0 -> APIC 0x02 -> Node 0
[    0.042324] SRAT: PXM 0 -> APIC 0x03 -> Node 0
[    0.042890] SRAT: PXM 0 -> APIC 0x04 -> Node 0
[    0.043457] SRAT: PXM 0 -> APIC 0x05 -> Node 0
[    0.044302] SRAT: PXM 0 -> APIC 0x06 -> Node 0
[    0.044868] SRAT: PXM 0 -> APIC 0x07 -> Node 0
[    0.045434] SRAT: PXM 0 -> APIC 0x08 -> Node 0
[    0.046001] SRAT: PXM 0 -> APIC 0x09 -> Node 0
[    0.046567] SRAT: PXM 0 -> APIC 0x0a -> Node 0
[    0.047134] SRAT: PXM 0 -> APIC 0x0b -> Node 0
[    0.047701] SRAT: PXM 0 -> APIC 0x0c -> Node 0
[    0.048267] SRAT: PXM 0 -> APIC 0x0d -> Node 0
[    0.048833] SRAT: PXM 0 -> APIC 0x0e -> Node 0
[    0.049400] SRAT: PXM 0 -> APIC 0x0f -> Node 0
[    0.049967] SRAT: PXM 1 -> APIC 0x10 -> Node 1
[    0.050534] SRAT: PXM 1 -> APIC 0x11 -> Node 1
[    0.051100] SRAT: PXM 1 -> APIC 0x12 -> Node 1
[    0.051665] SRAT: PXM 1 -> APIC 0x13 -> Node 1
[    0.052233] SRAT: PXM 1 -> APIC 0x14 -> Node 1
[    0.052800] SRAT: PXM 1 -> APIC 0x15 -> Node 1
[    0.053365] SRAT: PXM 1 -> APIC 0x16 -> Node 1
[    0.053933] SRAT: PXM 1 -> APIC 0x17 -> Node 1
[    0.054499] SRAT: PXM 1 -> APIC 0x18 -> Node 1
[    0.055065] SRAT: PXM 1 -> APIC 0x19 -> Node 1
[    0.055633] SRAT: PXM 1 -> APIC 0x1a -> Node 1
[    0.056199] SRAT: PXM 1 -> APIC 0x1b -> Node 1
[    0.056765] SRAT: PXM 1 -> APIC 0x1c -> Node 1
[    0.057332] SRAT: PXM 1 -> APIC 0x1d -> Node 1
[    0.057899] SRAT: PXM 1 -> APIC 0x1e -> Node 1
[    0.058466] SRAT: PXM 1 -> APIC 0x1f -> Node 1
[    0.059033] ACPI: SRAT: Node 0 PXM 0 [mem 0x00000000-0x0009ffff]
[    0.059871] ACPI: SRAT: Node 0 PXM 0 [mem 0x00100000-0xbfffffff]
[    0.060716] ACPI: SRAT: Node 0 PXM 0 [mem 0x100000000-0x103fffffff]
[    0.061515] ACPI: SRAT: Node 1 PXM 1 [mem 0x1040000000-0x203fffffff]
[    0.062327] NUMA: Node 0 [mem 0x00000000-0x0009ffff] + [mem 0x00100000-0xbfffffff] -> [mem 0x00000000-0xbfffffff]
[    0.063711] NUMA: Node 0 [mem 0x00000000-0xbfffffff] + [mem 0x100000000-0x103fffffff] -> [mem 0x00000000-0x103fffffff]
[    0.065080] NODE_DATA(0) allocated [mem 0x103fffb000-0x103fffffff]
[    0.065870] NODE_DATA(1) allocated [mem 0x203fffb000-0x203fffffff]
[    0.066824] Zone ranges:
[    0.067263]   DMA      [mem 0x0000000000001000-0x0000000000ffffff]
[    0.068051]   DMA32    [mem 0x0000000001000000-0x00000000ffffffff]
[    0.068840]   Normal   [mem 0x0000000100000000-0x000000203fffffff]
[    0.069657]   Device   empty
[    0.070022] Movable zone start for each node
[    0.070567] Early memory node ranges
[    0.071023]   node   0: [mem 0x0000000000001000-0x0000000000054fff]
[    0.071823]   node   0: [mem 0x0000000000060000-0x0000000000097fff]
[    0.072622]   node   0: [mem 0x0000000000100000-0x00000000bf6ecfff]
[    0.073434]   node   0: [mem 0x00000000bf9ff000-0x00000000bffdffff]
[    0.074233]   node   0: [mem 0x0000000100000000-0x000000103fffffff]
[    0.075037]   node   1: [mem 0x0000001040000000-0x000000203fffffff]
[    0.075838] Initmem setup node 0 [mem 0x0000000000001000-0x000000103fffffff]
[    0.076734] Initmem setup node 1 [mem 0x0000001040000000-0x000000203fffffff]
[    0.077635] On node 0, zone DMA: 1 pages in unavailable ranges
[    0.077637] On node 0, zone DMA: 11 pages in unavailable ranges
[    0.078402] On node 0, zone DMA: 104 pages in unavailable ranges
[    0.085103] On node 0, zone DMA32: 786 pages in unavailable ranges
[    0.212617] On node 0, zone Normal: 32 pages in unavailable ranges
[    0.401403] ACPI: PM-Timer IO Port: 0xb008
[    0.402828] ACPI: LAPIC_NMI (acpi_id[0xff] dfl dfl lint[0x1])
[    0.403639] IOAPIC[0]: apic_id 0, version 17, address 0xfec00000, GSI 0-23
[    0.404525] ACPI: INT_SRC_OVR (bus 0 bus_irq 5 global_irq 5 high level)
[    0.405368] ACPI: INT_SRC_OVR (bus 0 bus_irq 9 global_irq 9 high level)
[    0.406213] ACPI: INT_SRC_OVR (bus 0 bus_irq 10 global_irq 10 high level)
[    0.407079] ACPI: INT_SRC_OVR (bus 0 bus_irq 11 global_irq 11 high level)
[    0.407949] ACPI: Using ACPI (MADT) for SMP configuration information
[    0.408810] smpboot: Allowing 32 CPUs, 0 hotplug CPUs
[    0.409629] [mem 0xc0000000-0xffffffff] available for PCI devices
[    0.410523] Booting paravirtualized kernel on KVM
[    0.411123] clocksource: refined-jiffies: mask: 0xffffffff max_cycles: 0xffffffff, max_idle_ns: 6370452778343963 ns
[    0.417573] setup_percpu: NR_CPUS:48 nr_cpumask_bits:48 nr_cpu_ids:32 nr_node_ids:2
[    0.421493] percpu: Embedded 51 pages/cpu s179048 r0 d29848 u262144
[    0.422325] pcpu-alloc: s179048 r0 d29848 u262144 alloc=1*2097152
[    0.422328] pcpu-alloc: [0] 00 01 02 03 04 05 06 07 [0] 16 17 18 19 20 21 22 23 
[    0.422337] pcpu-alloc: [1] 08 09 10 11 12 13 14 15 [1] 24 25 26 27 28 29 30 31 
[    0.422363] kvm-guest: PV spinlocks enabled
[    0.423222] PV qspinlock hash table entries: 256 (order: 0, 4096 bytes, linear)
[    0.424161] Fallback order for Node 0: 0 1 
[    0.424688] Fallback order for Node 1: 1 0 
[    0.425223] Built 2 zonelists, mobility grouping on.  Total pages: 33029080
[    0.426108] Policy zone: Normal
[    0.426508] Kernel command line: root=/dev/sda1 console=tty0 console=ttyS0,115200 earlyprintk=ttyS0,115200 consoleblank=0 intel_iommu=off
[    0.428143] Unknown kernel command line parameters "intel_iommu=off", will be passed to user space.
[    0.429801] printk: log_buf_len individual max cpu contribution: 4096 bytes
[    0.430687] printk: log_buf_len total cpu_extra contributions: 126976 bytes
[    0.431576] printk: log_buf_len min size: 131072 bytes
[    0.432632] printk: log_buf_len: 262144 bytes
[    0.433311] printk: early log buf free: 119736(91%)
[    0.434332] mem auto-init: stack:all(zero), heap alloc:off, heap free:off
[    0.754366] Memory: 132009036K/134213992K available (16401K kernel code, 2641K rwdata, 3428K rodata, 1540K init, 1152K bss, 2204696K reserved, 0K cma-reserved)
[    0.757405] ftrace: allocating 44543 entries in 174 pages
[    0.768978] ftrace: allocated 174 pages with 5 groups
[    0.771553] Dynamic Preempt: none
[    0.772126] rcu: Preemptible hierarchical RCU implementation.
[    0.772899] rcu: 	RCU event tracing is enabled.
[    0.773476] rcu: 	RCU restricting CPUs from NR_CPUS=48 to nr_cpu_ids=32.
[    0.774344] 	Trampoline variant of Tasks RCU enabled.
[    0.774987] 	Rude variant of Tasks RCU enabled.
[    0.775644] 	Tracing variant of Tasks RCU enabled.
[    0.776266] rcu: RCU calculated value of scheduler-enlistment delay is 30 jiffies.
[    0.777300] rcu: Adjusting geometry for rcu_fanout_leaf=16, nr_cpu_ids=32
[    0.782778] NR_IRQS: 4352, nr_irqs: 680, preallocated irqs: 16
[    0.784029] rcu: srcu_init: Setting srcu_struct sizes based on contention.
[    0.784993] random: crng init done
[    0.785537] Spurious LAPIC timer interrupt on cpu 0
[    0.787107] Console: colour dummy device 80x25
[    0.787906] printk: console [tty0] enabled
[    0.788523] printk: console [ttyS0] enabled
[    0.789757] printk: bootconsole [earlyser0] disabled
[    0.791180] ACPI: Core revision 20220331
[    0.791843] APIC: Switch to symmetric I/O mode setup
[    0.795905] Switched APIC routing to physical x2apic.
[    0.800529] ..TIMER: vector=0x30 apic1=0 pin1=0 apic2=-1 pin2=-1
[    0.801592] clocksource: tsc-early: mask: 0xffffffffffffffff max_cycles: 0x285d298e329, max_idle_ns: 440795345114 ns
[    0.803016] Calibrating delay loop (skipped) preset value.. 5602.84 BogoMIPS (lpj=9334153)
[    0.804384] pid_max: default: 32768 minimum: 301
[    0.806503] LSM: Security Framework initializing
[    0.817634] Dentry cache hash table entries: 8388608 (order: 14, 67108864 bytes, vmalloc hugepage)
[    0.824043] Inode-cache hash table entries: 4194304 (order: 13, 33554432 bytes, vmalloc hugepage)
[    0.825492] Mount-cache hash table entries: 131072 (order: 8, 1048576 bytes, vmalloc)
[    0.826522] Mountpoint-cache hash table entries: 131072 (order: 8, 1048576 bytes, vmalloc)
[    0.828831] Last level iTLB entries: 4KB 64, 2MB 8, 4MB 8
[    0.829687] Last level dTLB entries: 4KB 64, 2MB 0, 4MB 0, 1GB 4
[    0.830571] Spectre V1 : Mitigation: usercopy/swapgs barriers and __user pointer sanitization
[    0.831715] Spectre V2 : Mitigation: Enhanced IBRS
[    0.832377] Spectre V2 : Spectre v2 / SpectreRSB mitigation: Filling RSB on context switch
[    0.833017] Spectre V2 : mitigation: Enabling conditional Indirect Branch Prediction Barrier
[    0.834185] Speculative Store Bypass: Mitigation: Speculative Store Bypass disabled via prctl
[    0.835571] MDS: Mitigation: Clear CPU buffers
[    0.836349] TAA: Mitigation: Clear CPU buffers
[    0.837043] MMIO Stale Data: Vulnerable: Clear CPU buffers attempted, no microcode
[    0.842728] Freeing SMP alternatives memory: 48K
[    0.950200] smpboot: CPU0: Intel(R) Xeon(R) CPU @ 2.80GHz (family: 0x6, model: 0x55, stepping: 0x7)
[    0.951756] cblist_init_generic: Setting adjustable number of callback queues.
[    0.952933] cblist_init_generic: Setting shift to 5 and lim to 1.
[    0.953035] cblist_init_generic: Setting shift to 5 and lim to 1.
[    0.953887] cblist_init_generic: Setting shift to 5 and lim to 1.
[    0.954751] Performance Events: unsupported p6 CPU model 85 no PMU driver, software events only.
[    0.955962] rcu: Hierarchical SRCU implementation.
[    0.956421] NMI watchdog: Perf NMI watchdog permanently disabled
[    0.957687] smp: Bringing up secondary CPUs ...
[    0.958662] x86: Booting SMP configuration:
[    0.959686] .... node  #0, CPUs:        #1  #2  #3  #4  #5  #6  #7
[    0.964376] .... node  #1, CPUs:    #8
[    0.014711] smpboot: CPU 8 Converting physical 0 to logical die 1
[    0.969875]   #9 #10 #11 #12 #13 #14 #15
[    0.973871] .... node  #0, CPUs:   #16
[    0.976613] MDS CPU bug present and SMT on, data leak possible. See https://www.kernel.org/doc/html/latest/admin-guide/hw-vuln/mds.html for more details.
[    0.978843] TAA CPU bug present and SMT on, data leak possible. See https://www.kernel.org/doc/html/latest/admin-guide/hw-vuln/tsx_async_abort.html for more details.
[    0.979684] MMIO Stale Data CPU bug present and SMT on, data leak possible. See https://www.kernel.org/doc/html/latest/admin-guide/hw-vuln/processor_mmio_stale_data.html for more details.
[    0.983158]  #17 #18 #19 #20 #21 #22 #23
[    0.987198] .... node  #1, CPUs:   #24 #25 #26 #27 #28 #29 #30 #31
[    0.993607] smp: Brought up 2 nodes, 32 CPUs
[    0.994768] smpboot: Max logical packages: 2
[    0.995612] smpboot: Total of 32 processors activated (179287.06 BogoMIPS)
[    1.002835] devtmpfs: initialized
[    1.003063] x86/mm: Memory block size: 1024MB
[    1.004559] clocksource: jiffies: mask: 0xffffffff max_cycles: 0xffffffff, max_idle_ns: 6370867519511994 ns
[    1.006364] futex hash table entries: 8192 (order: 7, 524288 bytes, vmalloc)
[    1.007643] NET: Registered PF_NETLINK/PF_ROUTE protocol family
[    1.008617] thermal_sys: Registered thermal governor 'step_wise'
[    1.008642] cpuidle: using governor menu
[    1.009774] PCI: Using configuration type 1 for base access
[    1.013093] cryptd: max_cpu_qlen set to 1000
[    1.069683] raid6: avx512x4 gen() 18693 MB/s
[    1.126349] raid6: avx512x2 gen() 18692 MB/s
[    1.183016] raid6: avx512x1 gen() 18609 MB/s
[    1.239682] raid6: avx2x4   gen() 18310 MB/s
[    1.296350] raid6: avx2x2   gen() 18300 MB/s
[    1.353016] raid6: avx2x1   gen() 14038 MB/s
[    1.353717] raid6: using algorithm avx512x4 gen() 18693 MB/s
[    1.409683] raid6: .... xor() 7641 MB/s, rmw enabled
[    1.410484] raid6: using avx512x2 recovery algorithm
[    1.411245] ACPI: Added _OSI(Module Device)
[    1.411817] ACPI: Added _OSI(Processor Device)
[    1.412484] ACPI: Added _OSI(3.0 _SCP Extensions)
[    1.413017] ACPI: Added _OSI(Processor Aggregator Device)
[    1.413775] ACPI: Added _OSI(Linux-Dell-Video)
[    1.414449] ACPI: Added _OSI(Linux-Lenovo-NV-HDMI-Audio)
[    1.415468] ACPI: Added _OSI(Linux-HPI-Hybrid-Graphics)
[    1.417747] ACPI: 3 ACPI AML tables successfully acquired and loaded
[    1.420878] ACPI: Interpreter enabled
[    1.421408] ACPI: PM: (supports S0 S5)
[    1.421992] ACPI: Using IOAPIC for interrupt routing
[    1.422847] PCI: Using host bridge windows from ACPI; if necessary, use "pci=nocrs" and report a bug
[    1.423017] PCI: Ignoring E820 reservations for host bridge windows
[    1.424105] ACPI: Enabled 16 GPEs in block 00 to 0F
[    1.428864] ACPI: PCI Root Bridge [PCI0] (domain 0000 [bus 00-ff])
[    1.429690] acpi PNP0A03:00: _OSC: OS supports [ASPM ClockPM Segments MSI HPX-Type3]
[    1.430761] acpi PNP0A03:00: PCIe port services disabled; not requesting _OSC control
[    1.431923] PCI host bridge to bus 0000:00
[    1.432496] pci_bus 0000:00: Unknown NUMA node; performance will be reduced
[    1.433018] pci_bus 0000:00: root bus resource [io  0x0000-0x0cf7 window]
[    1.434084] pci_bus 0000:00: root bus resource [io  0x0d00-0xffff window]
[    1.435050] pci_bus 0000:00: root bus resource [mem 0x000a0000-0x000bffff window]
[    1.436351] pci_bus 0000:00: root bus resource [mem 0xc0000000-0xfebfefff window]
[    1.437396] pci_bus 0000:00: root bus resource [bus 00-ff]
[    1.438252] pci 0000:00:00.0: [8086:1237] type 00 class 0x060000
[    1.443049] pci 0000:00:01.0: [8086:7110] type 00 class 0x060100
[    1.479694] pci 0000:00:01.3: [8086:7113] type 00 class 0x068000
[    1.516385] pci 0000:00:01.3: quirk: [io  0xb000-0xb03f] claimed by PIIX4 ACPI
[    1.517643] pci 0000:00:03.0: [1af4:1004] type 00 class 0x000000
[    1.532073] pci 0000:00:03.0: reg 0x10: [io  0xc040-0xc07f]
[    1.542150] pci 0000:00:03.0: reg 0x14: [mem 0xc0102000-0xc010207f]
[    1.568870] pci 0000:00:04.0: [1ae0:001f] type 00 class 0x010802
[    1.586350] pci 0000:00:04.0: reg 0x10: [mem 0xc0000000-0xc0003fff 64bit]
[    1.605259] pci 0000:00:04.0: reg 0x20: [mem 0xc0101000-0xc01011ff]
[    1.616644] pci 0000:00:05.0: [1af4:1000] type 00 class 0x020000
[    1.629682] pci 0000:00:05.0: reg 0x10: [io  0xc000-0xc03f]
[    1.639684] pci 0000:00:05.0: reg 0x14: [mem 0xc0100000-0xc01007ff]
[    1.672240] pci 0000:00:06.0: [1af4:1005] type 00 class 0x00ff00
[    1.686349] pci 0000:00:06.0: reg 0x10: [io  0xc080-0xc09f]
[    1.696352] pci 0000:00:06.0: reg 0x14: [mem 0xc0103000-0xc010303f]
[    1.723704] ACPI: PCI: Interrupt link LNKA configured for IRQ 10
[    1.728475] ACPI: PCI: Interrupt link LNKB configured for IRQ 11
[    1.729747] ACPI: PCI: Interrupt link LNKC configured for IRQ 10
[    1.733075] ACPI: PCI: Interrupt link LNKD configured for IRQ 11
[    1.736373] ACPI: PCI: Interrupt link LNKS configured for IRQ 9
[    1.741147] SCSI subsystem initialized
[    1.741147] Registered efivars operations
[    1.741147] PCI: Using ACPI for IRQ routing
[    1.743018] PCI: pci_cache_line_size set to 64 bytes
[    1.743112] e820: reserve RAM buffer [mem 0x00055000-0x0005ffff]
[    1.743114] e820: reserve RAM buffer [mem 0x00098000-0x0009ffff]
[    1.743115] e820: reserve RAM buffer [mem 0xbf6ed000-0xbfffffff]
[    1.743117] e820: reserve RAM buffer [mem 0xbffe0000-0xbfffffff]
[    1.743132] vgaarb: loaded
[    1.743617] clocksource: Switched to clocksource kvm-clock
[    1.744585] VFS: Disk quotas dquot_6.6.0
[    1.745188] VFS: Dquot-cache hash table entries: 512 (order 0, 4096 bytes)
[    1.745561] pnp: PnP ACPI init
[    1.746396] pnp: PnP ACPI: found 7 devices
[    1.752962] clocksource: acpi_pm: mask: 0xffffff max_cycles: 0xffffff, max_idle_ns: 2085701024 ns
[    1.754251] NET: Registered PF_INET protocol family
[    1.755549] IP idents hash table entries: 262144 (order: 9, 2097152 bytes, vmalloc)
[    1.759030] tcp_listen_portaddr_hash hash table entries: 65536 (order: 8, 1048576 bytes, vmalloc)
[    1.760404] Table-perturb hash table entries: 65536 (order: 6, 262144 bytes, vmalloc)
[    1.761483] TCP established hash table entries: 524288 (order: 10, 4194304 bytes, vmalloc hugepage)
[    1.763343] TCP bind hash table entries: 65536 (order: 8, 1048576 bytes, vmalloc)
[    1.764518] TCP: Hash tables configured (established 524288 bind 65536)
[    1.765597] UDP hash table entries: 65536 (order: 9, 2097152 bytes, vmalloc)
[    1.766891] UDP-Lite hash table entries: 65536 (order: 9, 2097152 bytes, vmalloc)
[    1.768302] NET: Registered PF_UNIX/PF_LOCAL protocol family
[    1.769294] RPC: Registered named UNIX socket transport module.
[    1.770099] RPC: Registered udp transport module.
[    1.770735] RPC: Registered tcp transport module.
[    1.771369] RPC: Registered tcp NFSv4.1 backchannel transport module.
[    1.772231] pci_bus 0000:00: resource 4 [io  0x0000-0x0cf7 window]
[    1.773084] pci_bus 0000:00: resource 5 [io  0x0d00-0xffff window]
[    1.773961] pci_bus 0000:00: resource 6 [mem 0x000a0000-0x000bffff window]
[    1.774889] pci_bus 0000:00: resource 7 [mem 0xc0000000-0xfebfefff window]
[    1.775834] pci 0000:00:00.0: Limiting direct PCI/PCI transfers
[    1.776727] PCI: CLS 0 bytes, default 64
[    1.777271] PCI-DMA: Using software bounce buffering for IO (SWIOTLB)
[    1.778155] software IO TLB: mapped [mem 0x00000000ba17b000-0x00000000be17b000] (64MB)
[    1.780286] RAPL PMU: API unit is 2^-32 Joules, 0 fixed counters, 10737418240 ms ovfl timer
[    1.781435] clocksource: tsc: mask: 0xffffffffffffffff max_cycles: 0x285d298e329, max_idle_ns: 440795345114 ns
[    1.782913] clocksource: Switched to clocksource tsc
[    1.783908] Initialise system trusted keyrings
[    1.784664] workingset: timestamp_bits=40 max_order=25 bucket_order=0
[    1.786865] NFS: Registering the id_resolver key type
[    1.788039] Key type id_resolver registered
[    1.788608] Key type id_legacy registered
[    1.789158] Installing knfsd (copyright (C) 1996 okir@monad.swb.de).
[    1.790185] ntfs: driver 2.1.32 [Flags: R/W].
[    1.790850] fuse: init (API version 7.36)
[    1.791481] JFS: nTxBlock = 8192, nTxLock = 65536
[    1.794599] SGI XFS with ACLs, security attributes, realtime, scrub, repair, quota, no debug enabled
[    1.796192] 9p: Installing v9fs 9p2000 file system support
[    1.797028] NILFS version 2 loaded
[    1.797542] ocfs2: Registered cluster interface o2cb
[    1.798291] OCFS2 User DLM kernel interface loaded
[    1.799187] xor: automatically using best checksumming function   avx       
[    1.800177] Key type asymmetric registered
[    1.800734] Asymmetric key parser 'x509' registered
[    1.801403] Block layer SCSI generic (bsg) driver version 0.4 loaded (major 249)
[    1.802384] io scheduler mq-deadline registered
[    1.803065] io scheduler kyber registered
[    1.805457] input: Power Button as /devices/LNXSYSTM:00/LNXPWRBN:00/input/input0
[    1.806470] ACPI: button: Power Button [PWRF]
[    1.807105] input: Sleep Button as /devices/LNXSYSTM:00/LNXSLPBN:00/input/input1
[    1.808086] ACPI: button: Sleep Button [SLPF]
[    1.813631] ACPI: \_SB_.LNKC: Enabled at IRQ 10
[    1.816518] virtio-pci 0000:00:03.0: virtio_pci: leaving for legacy driver
[    1.826373] ACPI: \_SB_.LNKA: Enabled at IRQ 11
[    1.829059] virtio-pci 0000:00:05.0: virtio_pci: leaving for legacy driver
[    1.839793] ACPI: \_SB_.LNKB: Enabled at IRQ 11
[    1.842572] virtio-pci 0000:00:06.0: virtio_pci: leaving for legacy driver
[    1.850055] Serial: 8250/16550 driver, 32 ports, IRQ sharing disabled
[    1.851028] 00:03: ttyS0 at I/O 0x3f8 (irq = 4, base_baud = 115200) is a 16550A
[    1.852156] 00:04: ttyS1 at I/O 0x2f8 (irq = 3, base_baud = 115200) is a 16550A
[    1.853268] 00:05: ttyS2 at I/O 0x3e8 (irq = 6, base_baud = 115200) is a 16550A
[    1.854351] 00:06: ttyS3 at I/O 0x2e8 (irq = 7, base_baud = 115200) is a 16550A
[    1.871297] tpm_tis MSFT0101:00: 2.0 TPM (device-id 0x9009, rev-id 0)
[    1.884497] loop: module loaded
[    1.902350] scsi host0: Virtio SCSI HBA
[    1.907038] scsi 0:0:1:0: Direct-Access     Google   PersistentDisk   1    PQ: 0 ANSI: 6
[    1.908424] scsi 0:0:2:0: Direct-Access     Google   PersistentDisk   1    PQ: 0 ANSI: 6
[    1.922735] sd 0:0:2:0: [sdb] 10485760000 512-byte logical blocks: (5.37 TB/4.88 TiB)
[    1.922742] sd 0:0:1:0: [sda] 20971520 512-byte logical blocks: (10.7 GB/10.0 GiB)
[    1.922962] nvme nvme0: pci function 0000:00:04.0
[    1.927492] sd 0:0:2:0: [sdb] 4096-byte physical blocks
[    1.932284] sd 0:0:1:0: [sda] 4096-byte physical blocks
[    1.936210] ACPI: \_SB_.LNKD: Enabled at IRQ 10
[    1.936273] sd 0:0:2:0: [sdb] Write Protect is off
[    1.936276] sd 0:0:2:0: [sdb] Mode Sense: 1f 00 00 08
[    1.936374] sd 0:0:2:0: [sdb] Write cache: enabled, read cache: enabled, doesn't support DPO or FUA
[    1.937231] sd 0:0:1:0: [sda] Write Protect is off
[    1.952836]  sdb: sdb1 sdb2
[    1.958601] sd 0:0:1:0: [sda] Mode Sense: 1f 00 00 08
[    1.959356] sd 0:0:2:0: [sdb] Attached SCSI disk
[    1.962200] sd 0:0:1:0: [sda] Write cache: enabled, read cache: enabled, doesn't support DPO or FUA
[    1.990146]  sda: sda1 sda14 sda15
[    1.993503] sd 0:0:1:0: [sda] Attached SCSI disk
[    2.057711] nvme nvme0: 15/0/0 default/read/poll queues
[    2.091124]  nvme0n1: p1 p2
[    2.210815] i8042: PNP: PS/2 Controller [PNP0303:KBD,PNP0f13:MOU] at 0x60,0x64 irq 1,12
[    2.212051] i8042: Warning: Keylock active
[    2.214455] serio: i8042 KBD port at 0x60,0x64 irq 1
[    2.215134] serio: i8042 AUX port at 0x60,0x64 irq 12
[    2.215837] device-mapper: core: CONFIG_IMA_DISABLE_HTABLE is disabled. Duplicate IMA measurements will not be recorded in the IMA log.
[    2.217567] device-mapper: ioctl: 4.46.0-ioctl (2022-02-22) initialised: dm-devel@redhat.com
[    2.218811] intel_pstate: CPU model not supported
[    2.219471] EFI Variables Facility v0.08 2004-May-17
[    2.225102] NET: Registered PF_INET6 protocol family
[    2.226144] Segment Routing with IPv6
[    2.226665] In-situ OAM (IOAM) with IPv6
[    2.227218] sit: IPv6, IPv4 and MPLS over IPv4 tunneling driver
[    2.228119] NET: Registered PF_PACKET protocol family
[    2.228831] 9pnet: Installing 9P2000 support
[    2.229426] Key type dns_resolver registered
[    2.233442] IPI shorthand broadcast: enabled
[    2.234033] AVX2 version of gcm_enc/dec engaged.
[    2.235127] AES CTR mode by8 optimization enabled
[    2.236239] sched_clock: Marking stable (2224837990, 11378143)->(2269753269, -33537136)
[    2.238350] Loading compiled-in X.509 certificates
[    2.239187] Key type ._fscrypt registered
[    2.239773] Key type .fscrypt registered
[    2.240309] Key type fscrypt-provisioning registered
[    2.242485] Btrfs loaded, crc32c=crc32c-intel, assert=on, zoned=no, fsverity=yes
[    2.244018] Key type encrypted registered
[    2.244576] ima: Allocated hash algorithm: sha1
[    2.294713] ima: No architecture policies found
[    2.295347] evm: Initialising EVM extended attributes:
[    2.296038] evm: security.selinux (disabled)
[    2.296625] evm: security.SMACK64 (disabled)
[    2.297205] evm: security.SMACK64EXEC (disabled)
[    2.297830] evm: security.SMACK64TRANSMUTE (disabled)
[    2.298520] evm: security.SMACK64MMAP (disabled)
[    2.299145] evm: security.apparmor (disabled)
[    2.299758] evm: security.ima
[    2.300183] evm: security.capability
[    2.300674] evm: HMAC attrs: 0x1
[    2.419988] input: AT Translated Set 2 keyboard as /devices/platform/i8042/serio0/input/input2
[    2.535813] EXT4-fs (sda1): INFO: recovery required on readonly filesystem
[    2.536759] EXT4-fs (sda1): write access will be enabled during recovery
[    2.702856] EXT4-fs (sda1): recovery complete
[    2.704830] EXT4-fs (sda1): mounted filesystem with ordered data mode. Quota mode: none.
[    2.705917] VFS: Mounted root (ext4 filesystem) readonly on device 8:1.
[    2.707957] Freeing unused kernel image (initmem) memory: 1540K
[    2.708763] Write protecting the kernel read-only data: 22528k
[    2.710859] Freeing unused kernel image (text/rodata gap) memory: 2028K
[    2.712205] Freeing unused kernel image (rodata/data gap) memory: 668K
[    2.713087] Run /sbin/init as init process
[    2.713644]   with arguments:
[    2.713644]     /sbin/init
[    2.713645]   with environment:
[    2.713646]     HOME=/
[    2.713647]     TERM=linux
[    2.713647]     intel_iommu=off
[    3.188466] systemd[1]: systemd 247.3-7+deb11u4 running in system mode. (+PAM +AUDIT +SELINUX +IMA +APPARMOR +SMACK +SYSVINIT +UTMP +LIBCRYPTSETUP +GCRYPT +GNUTLS +ACL +XZ +LZ4 +ZSTD +SECCOMP +BLKID +ELFUTILS +KMOD +IDN2 -IDN +PCRE2 default-hierarchy=unified)
[    3.191520] systemd[1]: Detected virtualization kvm.
[    3.192196] systemd[1]: Detected architecture x86-64.
[    3.236823] systemd[1]: Set hostname to <debian>.
[    4.002704] systemd[1]: Condition check resulted in System Slice being skipped.
[    4.003747] systemd[1]: Condition check resulted in Root Slice being skipped.
[    4.005162] systemd[1]: Queued start job for default target Graphical Interface.
[    4.007348] systemd[1]: Created slice system-getty.slice.
[    4.019944] systemd[1]: Created slice system-modprobe.slice.
[    4.033249] systemd[1]: Created slice system-serial\x2dgetty.slice.
[    4.046669] systemd[1]: Created slice system-systemd\x2dgrowfs.slice.
[    4.059940] systemd[1]: Created slice User and Session Slice.
[    4.073106] systemd[1]: Started Dispatch Password Requests to Console Directory Watch.
[    4.086432] systemd[1]: Started Forward Password Requests to Wall Directory Watch.
[    4.099760] systemd[1]: Condition check resulted in Arbitrary Executable File Formats File System Automount Point being skipped.
[    4.101314] systemd[1]: Reached target Local Encrypted Volumes.
[    4.116415] systemd[1]: Reached target Paths.
[    4.129733] systemd[1]: Reached target Slices.
[    4.143061] systemd[1]: Reached target Swap.
[    4.156389] systemd[1]: Reached target System Time Set.
[    4.172707] systemd[1]: Listening on RPCbind Server Activation Socket.
[    4.187323] systemd[1]: Listening on Syslog Socket.
[    4.199821] systemd[1]: Listening on fsck to fsckd communication Socket.
[    4.213102] systemd[1]: Listening on initctl Compatibility Named Pipe.
[    4.226456] systemd[1]: Condition check resulted in Journal Audit Socket being skipped.
[    4.227683] systemd[1]: Listening on Journal Socket (/dev/log).
[    4.239820] systemd[1]: Listening on Journal Socket.
[    4.258201] systemd[1]: Listening on udev Control Socket.
[    4.273135] systemd[1]: Listening on udev Kernel Socket.
[    4.286500] systemd[1]: Condition check resulted in Huge Pages File System being skipped.
[    4.288317] systemd[1]: Mounting POSIX Message Queue File System...
[    4.303603] systemd[1]: Mounting NFSD configuration filesystem...
[    4.316959] systemd[1]: Mounting RPC Pipe File System...
[    4.330359] systemd[1]: Mounting Kernel Debug File System...
[    4.343621] systemd[1]: Mounting Kernel Trace File System...
[    4.356418] systemd[1]: Condition check resulted in Kernel Module supporting RPCSEC_GSS being skipped.
[    4.357738] systemd[1]: Condition check resulted in Create list of static device nodes for the current kernel being skipped.
[    4.359894] systemd[1]: Starting Load Kernel Module configfs...
[    4.373654] systemd[1]: Starting Load Kernel Module drm...
[    4.386951] systemd[1]: Starting Load Kernel Module fuse...
[    4.400797] systemd[1]: Condition check resulted in Set Up Additional Binary Formats being skipped.
[    4.402655] systemd[1]: Starting File System Check on Root Device...
[    4.418018] systemd[1]: Starting Journal Service...
[    4.420348] systemd[1]: Starting Load Kernel Modules...
[    4.421906] systemd[1]: Starting Coldplug All udev Devices...
[    4.423998] systemd[1]: Mounted POSIX Message Queue File System.
[    4.424920] systemd[1]: Mounted NFSD configuration filesystem.
[    4.425935] systemd[1]: Mounted RPC Pipe File System.
[    4.426858] systemd[1]: Mounted Kernel Debug File System.
[    4.427724] systemd[1]: Mounted Kernel Trace File System.
[    4.428723] systemd[1]: modprobe@configfs.service: Succeeded.
[    4.429719] systemd[1]: Finished Load Kernel Module configfs.
[    4.430761] systemd[1]: modprobe@drm.service: Succeeded.
[    4.431824] systemd[1]: Finished Load Kernel Module drm.
[    4.432825] systemd[1]: modprobe@fuse.service: Succeeded.
[    4.433887] systemd[1]: Finished Load Kernel Module fuse.
[    4.434874] systemd[1]: Finished Load Kernel Modules.
[    4.437282] systemd[1]: Mounting FUSE Control File System...
[    4.467048] systemd[1]: Mounting Kernel Configuration File System...
[    4.480255] systemd[1]: Starting pNFS block layout mapping daemon...
[    4.493638] systemd[1]: Started File System Check Daemon to report status.
[    4.506990] systemd[1]: Starting Apply Kernel Variables...
[    4.520261] systemd[1]: Started Journal Service.
[    4.868285] EXT4-fs (sda1): re-mounted. Quota mode: none.
[    4.902457] systemd-journald[389]: Received client request to flush runtime journal.
[    4.944488] systemd-journald[389]: File /var/log/journal/7cd7951d724011c5f4b8de4df5d46544/system.journal corrupted or uncleanly shut down, renaming and replacing.
[    5.121748] virtio_net virtio1 enp0s5: renamed from eth0
[    5.192878] FAT-fs (sda15): Volume was not properly unmounted. Some data may be corrupt. Please run fsck.
[    9.297381] NFSD: Using UMH upcall client tracking operations.
[    9.298200] NFSD: starting 90-second grace period (net f0000000)
[   41.378571] systemd-journald[389]: File /var/log/journal/7cd7951d724011c5f4b8de4df5d46544/user-1000.journal corrupted or uncleanly shut down, renaming and replacing.
[   90.673313] nfsd: last server has exited, flushing export cache
[   97.414588] EXT4-fs (nvme0n1p1): mounted filesystem with ordered data mode. Quota mode: none.
[   98.525189] NFSD: Using UMH upcall client tracking operations.
[   98.531164] NFSD: starting 90-second grace period (net f0000000)
[   98.551265] NFS: SECINFO: security flavor 390003 is not supported
[   98.557509] NFS: SECINFO: security flavor 390004 is not supported
[   98.563727] NFS: SECINFO: security flavor 390005 is not supported
[   98.590619] sh (1706): drop_caches: 3
