[    0.000000] Linux version 5.19.0-rc5-xfstests-perf-00989-g119d2587483a-dirty (harshads@harshads.c.googlers.com) (gcc (Debian 13.2.0-5) 13.2.0, GNU ld (GNU Binutils for Debian) 2.41) #144 SMP PREEMPT_DYNAMIC Sun Jan 14 02:26:19 UTC 2024
[    0.000000] Command line: root=/dev/sda1 console=tty0 console=ttyS0,115200 earlyprintk=ttyS0,115200 consoleblank=0 intel_iommu=off
[    0.000000] x86/fpu: Supporting XSAVE feature 0x001: 'x87 floating point registers'
[    0.000000] x86/fpu: Supporting XSAVE feature 0x002: 'SSE registers'
[    0.000000] x86/fpu: Supporting XSAVE feature 0x004: 'AVX registers'
[    0.000000] x86/fpu: Supporting XSAVE feature 0x020: 'AVX-512 opmask'
[    0.000000] x86/fpu: Supporting XSAVE feature 0x040: 'AVX-512 Hi256'
[    0.000000] x86/fpu: Supporting XSAVE feature 0x080: 'AVX-512 ZMM_Hi256'
[    0.000000] x86/fpu: xstate_offset[2]:  576, xstate_sizes[2]:  256
[    0.000000] x86/fpu: xstate_offset[5]:  832, xstate_sizes[5]:   64
[    0.000000] x86/fpu: xstate_offset[6]:  896, xstate_sizes[6]:  512
[    0.000000] x86/fpu: xstate_offset[7]: 1408, xstate_sizes[7]: 1024
[    0.000000] x86/fpu: Enabled xstate features 0xe7, context size is 2432 bytes, using 'compacted' format.
[    0.000000] signal: max sigframe size: 3632
[    0.000000] BIOS-provided physical RAM map:
[    0.000000] BIOS-e820: [mem 0x0000000000000000-0x0000000000000fff] reserved
[    0.000000] BIOS-e820: [mem 0x0000000000001000-0x0000000000054fff] usable
[    0.000000] BIOS-e820: [mem 0x0000000000055000-0x000000000005ffff] reserved
[    0.000000] BIOS-e820: [mem 0x0000000000060000-0x0000000000097fff] usable
[    0.000000] BIOS-e820: [mem 0x0000000000098000-0x000000000009ffff] reserved
[    0.000000] BIOS-e820: [mem 0x0000000000100000-0x00000000bf6ecfff] usable
[    0.000000] BIOS-e820: [mem 0x00000000bf6ed000-0x00000000bf96cfff] reserved
[    0.000000] BIOS-e820: [mem 0x00000000bf96d000-0x00000000bf97efff] ACPI data
[    0.000000] BIOS-e820: [mem 0x00000000bf97f000-0x00000000bf9fefff] ACPI NVS
[    0.000000] BIOS-e820: [mem 0x00000000bf9ff000-0x00000000bffdffff] usable
[    0.000000] BIOS-e820: [mem 0x00000000bffe0000-0x00000000bfffffff] reserved
[    0.000000] BIOS-e820: [mem 0x0000000100000000-0x000000203fffffff] usable
[    0.000000] printk: bootconsole [earlyser0] enabled
[    0.000000] NX (Execute Disable) protection: active
[    0.000000] e820: update [mem 0x00100000-0x0010006f] usable ==> usable
[    0.000000] extended physical RAM map:
[    0.000000] reserve setup_data: [mem 0x0000000000000000-0x0000000000000fff] reserved
[    0.000000] reserve setup_data: [mem 0x0000000000001000-0x0000000000054fff] usable
[    0.000000] reserve setup_data: [mem 0x0000000000055000-0x000000000005ffff] reserved
[    0.000000] reserve setup_data: [mem 0x0000000000060000-0x0000000000097fff] usable
[    0.000000] reserve setup_data: [mem 0x0000000000098000-0x000000000009ffff] reserved
[    0.000000] reserve setup_data: [mem 0x0000000000100000-0x000000000010006f] usable
[    0.000000] reserve setup_data: [mem 0x0000000000100070-0x00000000bf6ecfff] usable
[    0.000000] reserve setup_data: [mem 0x00000000bf6ed000-0x00000000bf96cfff] reserved
[    0.000000] reserve setup_data: [mem 0x00000000bf96d000-0x00000000bf97efff] ACPI data
[    0.000000] reserve setup_data: [mem 0x00000000bf97f000-0x00000000bf9fefff] ACPI NVS
[    0.000000] reserve setup_data: [mem 0x00000000bf9ff000-0x00000000bffdffff] usable
[    0.000000] reserve setup_data: [mem 0x00000000bffe0000-0x00000000bfffffff] reserved
[    0.000000] reserve setup_data: [mem 0x0000000100000000-0x000000203fffffff] usable
[    0.000000] efi: EFI v2.70 by EDK II
[    0.000000] efi: TPMFinalLog=0xbf9f7000 ACPI=0xbf97e000 ACPI 2.0=0xbf97e014 SMBIOS=0xbf7ca000 MEMATTR=0xbdf59018 
[    0.000000] SMBIOS 2.4 present.
[    0.000000] DMI: Google Google Compute Engine/Google Compute Engine, BIOS Google 11/17/2023
[    0.000000] Hypervisor detected: KVM
[    0.000000] kvm-clock: Using msrs 4b564d01 and 4b564d00
[    0.000001] kvm-clock: using sched offset of 285088089874612 cycles
[    0.000709] clocksource: kvm-clock: mask: 0xffffffffffffffff max_cycles: 0x1cd42e4dffb, max_idle_ns: 881590591483 ns
[    0.002852] tsc: Detected 2800.246 MHz processor
[    0.003453] e820: update [mem 0x00000000-0x00000fff] usable ==> reserved
[    0.003457] e820: remove [mem 0x000a0000-0x000fffff] usable
[    0.003462] last_pfn = 0x2040000 max_arch_pfn = 0x400000000
[    0.004218] Disabled
[    0.004535] x86/PAT: MTRRs disabled, skipping PAT initialization too.
[    0.005368] CPU MTRRs all blank - virtualized system.
[    0.006021] x86/PAT: Configuration [0-7]: WB  WC  UC- UC  WB  WP  UC- WT  
[    0.007298] x2apic: enabled by BIOS, switching to x2apic ops
[    0.008020] last_pfn = 0xbffe0 max_arch_pfn = 0x400000000
[    0.020229] Using GB pages for direct mapping
[    0.021009] Secure boot could not be determined
[    0.021595] ACPI: Early table checksum verification disabled
[    0.022318] ACPI: RSDP 0x00000000BF97E014 000024 (v02 Google)
[    0.023050] ACPI: XSDT 0x00000000BF97D0E8 00005C (v01 Google GOOGFACP 00000001      01000013)
[    0.024216] ACPI: FACP 0x00000000BF978000 0000F4 (v02 Google GOOGFACP 00000001 GOOG 00000001)
[    0.025304] ACPI: DSDT 0x00000000BF979000 001A64 (v01 Google GOOGDSDT 00000001 GOOG 00000001)
[    0.026390] ACPI: FACS 0x00000000BF9F1000 000040
[    0.026979] ACPI: SSDT 0x00000000BF97C000 000316 (v02 GOOGLE Tpm2Tabl 00001000 INTL 20211217)
[    0.028118] ACPI: TPM2 0x00000000BF97B000 000034 (v04 GOOGLE          00000001 GOOG 00000001)
[    0.029258] ACPI: SRAT 0x00000000BF977000 0002D0 (v03 Google GOOGSRAT 00000001 GOOG 00000001)
[    0.030347] ACPI: APIC 0x00000000BF976000 000166 (v05 Google GOOGAPIC 00000001 GOOG 00000001)
[    0.031435] ACPI: SSDT 0x00000000BF974000 0014DE (v01 Google GOOGSSDT 00000001 GOOG 00000001)
[    0.032525] ACPI: WAET 0x00000000BF973000 000028 (v01 Google GOOGWAET 00000001 GOOG 00000001)
[    0.033611] ACPI: Reserving FACP table memory at [mem 0xbf978000-0xbf9780f3]
[    0.034511] ACPI: Reserving DSDT table memory at [mem 0xbf979000-0xbf97aa63]
[    0.035465] ACPI: Reserving FACS table memory at [mem 0xbf9f1000-0xbf9f103f]
[    0.036367] ACPI: Reserving SSDT table memory at [mem 0xbf97c000-0xbf97c315]
[    0.037266] ACPI: Reserving TPM2 table memory at [mem 0xbf97b000-0xbf97b033]
[    0.038166] ACPI: Reserving SRAT table memory at [mem 0xbf977000-0xbf9772cf]
[    0.039065] ACPI: Reserving APIC table memory at [mem 0xbf976000-0xbf976165]
[    0.039965] ACPI: Reserving SSDT table memory at [mem 0xbf974000-0xbf9754dd]
[    0.040865] ACPI: Reserving WAET table memory at [mem 0xbf973000-0xbf973027]
[    0.041785] Setting APIC routing to cluster x2apic.
[    0.042882] SRAT: PXM 0 -> APIC 0x00 -> Node 0
[    0.043456] SRAT: PXM 0 -> APIC 0x01 -> Node 0
[    0.044023] SRAT: PXM 0 -> APIC 0x02 -> Node 0
[    0.044590] SRAT: PXM 0 -> APIC 0x03 -> Node 0
[    0.045156] SRAT: PXM 0 -> APIC 0x04 -> Node 0
[    0.045722] SRAT: PXM 0 -> APIC 0x05 -> Node 0
[    0.046289] SRAT: PXM 0 -> APIC 0x06 -> Node 0
[    0.046857] SRAT: PXM 0 -> APIC 0x07 -> Node 0
[    0.047422] SRAT: PXM 0 -> APIC 0x08 -> Node 0
[    0.047989] SRAT: PXM 0 -> APIC 0x09 -> Node 0
[    0.048555] SRAT: PXM 0 -> APIC 0x0a -> Node 0
[    0.049122] SRAT: PXM 0 -> APIC 0x0b -> Node 0
[    0.049689] SRAT: PXM 0 -> APIC 0x0c -> Node 0
[    0.050255] SRAT: PXM 0 -> APIC 0x0d -> Node 0
[    0.050822] SRAT: PXM 0 -> APIC 0x0e -> Node 0
[    0.051388] SRAT: PXM 0 -> APIC 0x0f -> Node 0
[    0.051956] SRAT: PXM 1 -> APIC 0x10 -> Node 1
[    0.052521] SRAT: PXM 1 -> APIC 0x11 -> Node 1
[    0.053088] SRAT: PXM 1 -> APIC 0x12 -> Node 1
[    0.053653] SRAT: PXM 1 -> APIC 0x13 -> Node 1
[    0.054401] SRAT: PXM 1 -> APIC 0x14 -> Node 1
[    0.055047] SRAT: PXM 1 -> APIC 0x15 -> Node 1
[    0.055610] SRAT: PXM 1 -> APIC 0x16 -> Node 1
[    0.056177] SRAT: PXM 1 -> APIC 0x17 -> Node 1
[    0.056744] SRAT: PXM 1 -> APIC 0x18 -> Node 1
[    0.057309] SRAT: PXM 1 -> APIC 0x19 -> Node 1
[    0.057876] SRAT: PXM 1 -> APIC 0x1a -> Node 1
[    0.058444] SRAT: PXM 1 -> APIC 0x1b -> Node 1
[    0.059009] SRAT: PXM 1 -> APIC 0x1c -> Node 1
[    0.059577] SRAT: PXM 1 -> APIC 0x1d -> Node 1
[    0.060143] SRAT: PXM 1 -> APIC 0x1e -> Node 1
[    0.060728] SRAT: PXM 1 -> APIC 0x1f -> Node 1
[    0.061298] ACPI: SRAT: Node 0 PXM 0 [mem 0x00000000-0x0009ffff]
[    0.062060] ACPI: SRAT: Node 0 PXM 0 [mem 0x00100000-0xbfffffff]
[    0.062827] ACPI: SRAT: Node 0 PXM 0 [mem 0x100000000-0x103fffffff]
[    0.063626] ACPI: SRAT: Node 1 PXM 1 [mem 0x1040000000-0x203fffffff]
[    0.064438] NUMA: Node 0 [mem 0x00000000-0x0009ffff] + [mem 0x00100000-0xbfffffff] -> [mem 0x00000000-0xbfffffff]
[    0.065749] NUMA: Node 0 [mem 0x00000000-0xbfffffff] + [mem 0x100000000-0x103fffffff] -> [mem 0x00000000-0x103fffffff]
[    0.067118] NODE_DATA(0) allocated [mem 0x103fffb000-0x103fffffff]
[    0.067908] NODE_DATA(1) allocated [mem 0x203fffb000-0x203fffffff]
[    0.068813] Zone ranges:
[    0.069142]   DMA      [mem 0x0000000000001000-0x0000000000ffffff]
[    0.069929]   DMA32    [mem 0x0000000001000000-0x00000000ffffffff]
[    0.070720]   Normal   [mem 0x0000000100000000-0x000000203fffffff]
[    0.071507]   Device   empty
[    0.071874] Movable zone start for each node
[    0.072419] Early memory node ranges
[    0.072874]   node   0: [mem 0x0000000000001000-0x0000000000054fff]
[    0.073674]   node   0: [mem 0x0000000000060000-0x0000000000097fff]
[    0.074473]   node   0: [mem 0x0000000000100000-0x00000000bf6ecfff]
[    0.075274]   node   0: [mem 0x00000000bf9ff000-0x00000000bffdffff]
[    0.076073]   node   0: [mem 0x0000000100000000-0x000000103fffffff]
[    0.076877]   node   1: [mem 0x0000001040000000-0x000000203fffffff]
[    0.077680] Initmem setup node 0 [mem 0x0000000000001000-0x000000103fffffff]
[    0.078574] Initmem setup node 1 [mem 0x0000001040000000-0x000000203fffffff]
[    0.079474] On node 0, zone DMA: 1 pages in unavailable ranges
[    0.079476] On node 0, zone DMA: 11 pages in unavailable ranges
[    0.080242] On node 0, zone DMA: 104 pages in unavailable ranges
[    0.086691] On node 0, zone DMA32: 786 pages in unavailable ranges
[    0.208236] On node 0, zone Normal: 32 pages in unavailable ranges
[    0.388404] ACPI: PM-Timer IO Port: 0xb008
[    0.390091] ACPI: LAPIC_NMI (acpi_id[0xff] dfl dfl lint[0x1])
[    0.390902] IOAPIC[0]: apic_id 0, version 17, address 0xfec00000, GSI 0-23
[    0.391790] ACPI: INT_SRC_OVR (bus 0 bus_irq 5 global_irq 5 high level)
[    0.392633] ACPI: INT_SRC_OVR (bus 0 bus_irq 9 global_irq 9 high level)
[    0.393478] ACPI: INT_SRC_OVR (bus 0 bus_irq 10 global_irq 10 high level)
[    0.394344] ACPI: INT_SRC_OVR (bus 0 bus_irq 11 global_irq 11 high level)
[    0.395212] ACPI: Using ACPI (MADT) for SMP configuration information
[    0.396034] smpboot: Allowing 32 CPUs, 0 hotplug CPUs
[    0.396701] [mem 0xc0000000-0xffffffff] available for PCI devices
[    0.397487] Booting paravirtualized kernel on KVM
[    0.398088] clocksource: refined-jiffies: mask: 0xffffffff max_cycles: 0xffffffff, max_idle_ns: 6370452778343963 ns
[    0.404570] setup_percpu: NR_CPUS:48 nr_cpumask_bits:48 nr_cpu_ids:32 nr_node_ids:2
[    0.407958] percpu: Embedded 51 pages/cpu s179048 r0 d29848 u262144
[    0.408791] pcpu-alloc: s179048 r0 d29848 u262144 alloc=1*2097152
[    0.408795] pcpu-alloc: [0] 00 01 02 03 04 05 06 07 [0] 16 17 18 19 20 21 22 23 
[    0.408804] pcpu-alloc: [1] 08 09 10 11 12 13 14 15 [1] 24 25 26 27 28 29 30 31 
[    0.408829] kvm-guest: PV spinlocks enabled
[    0.409388] PV qspinlock hash table entries: 256 (order: 0, 4096 bytes, linear)
[    0.410325] Fallback order for Node 0: 0 1 
[    0.410853] Fallback order for Node 1: 1 0 
[    0.411389] Built 2 zonelists, mobility grouping on.  Total pages: 33029080
[    0.412274] Policy zone: Normal
[    0.412675] Kernel command line: root=/dev/sda1 console=tty0 console=ttyS0,115200 earlyprintk=ttyS0,115200 consoleblank=0 intel_iommu=off
[    0.414303] Unknown kernel command line parameters "intel_iommu=off", will be passed to user space.
[    0.415648] printk: log_buf_len individual max cpu contribution: 4096 bytes
[    0.416537] printk: log_buf_len total cpu_extra contributions: 126976 bytes
[    0.417460] printk: log_buf_len min size: 131072 bytes
[    0.418518] printk: log_buf_len: 262144 bytes
[    0.419097] printk: early log buf free: 119592(91%)
[    0.420130] mem auto-init: stack:all(zero), heap alloc:off, heap free:off
[    0.738531] Memory: 132009036K/134213992K available (16401K kernel code, 2641K rwdata, 3428K rodata, 1540K init, 1152K bss, 2204696K reserved, 0K cma-reserved)
[    0.741258] ftrace: allocating 44543 entries in 174 pages
[    0.752812] ftrace: allocated 174 pages with 5 groups
[    0.755251] Dynamic Preempt: none
[    0.755858] rcu: Preemptible hierarchical RCU implementation.
[    0.756601] rcu: 	RCU event tracing is enabled.
[    0.757177] rcu: 	RCU restricting CPUs from NR_CPUS=48 to nr_cpu_ids=32.
[    0.758032] 	Trampoline variant of Tasks RCU enabled.
[    0.758675] 	Rude variant of Tasks RCU enabled.
[    0.759255] 	Tracing variant of Tasks RCU enabled.
[    0.759865] rcu: RCU calculated value of scheduler-enlistment delay is 30 jiffies.
[    0.760833] rcu: Adjusting geometry for rcu_fanout_leaf=16, nr_cpu_ids=32
[    0.766312] NR_IRQS: 4352, nr_irqs: 680, preallocated irqs: 16
[    0.767396] rcu: srcu_init: Setting srcu_struct sizes based on contention.
[    0.768316] random: crng init done
[    0.769701] Console: colour dummy device 80x25
[    0.770518] printk: console [tty0] enabled
[    0.771128] printk: console [ttyS0] enabled
[    0.772350] printk: bootconsole [earlyser0] disabled
[    0.773742] ACPI: Core revision 20220331
[    0.774451] APIC: Switch to symmetric I/O mode setup
[    0.778394] Switched APIC routing to physical x2apic.
[    0.782889] ..TIMER: vector=0x30 apic1=0 pin1=0 apic2=-1 pin2=-1
[    0.783935] clocksource: tsc-early: mask: 0xffffffffffffffff max_cycles: 0x285d298e329, max_idle_ns: 440795345114 ns
[    0.785354] Calibrating delay loop (skipped) preset value.. 5602.84 BogoMIPS (lpj=9334153)
[    0.786515] pid_max: default: 32768 minimum: 301
[    0.787374] LSM: Security Framework initializing
[    0.799999] Dentry cache hash table entries: 8388608 (order: 14, 67108864 bytes, vmalloc hugepage)
[    0.807180] Inode-cache hash table entries: 4194304 (order: 13, 33554432 bytes, vmalloc hugepage)
[    0.808591] Mount-cache hash table entries: 131072 (order: 8, 1048576 bytes, vmalloc)
[    0.808854] Mountpoint-cache hash table entries: 131072 (order: 8, 1048576 bytes, vmalloc)
[    0.810997] Last level iTLB entries: 4KB 64, 2MB 8, 4MB 8
[    0.812024] Last level dTLB entries: 4KB 64, 2MB 0, 4MB 0, 1GB 4
[    0.812850] Spectre V1 : Mitigation: usercopy/swapgs barriers and __user pointer sanitization
[    0.813977] Spectre V2 : Mitigation: Enhanced IBRS
[    0.815353] Spectre V2 : Spectre v2 / SpectreRSB mitigation: Filling RSB on context switch
[    0.816481] Spectre V2 : mitigation: Enabling conditional Indirect Branch Prediction Barrier
[    0.817615] Speculative Store Bypass: Mitigation: Speculative Store Bypass disabled via prctl
[    0.818697] MDS: Mitigation: Clear CPU buffers
[    0.819300] TAA: Mitigation: Clear CPU buffers
[    0.820066] MMIO Stale Data: Vulnerable: Clear CPU buffers attempted, no microcode
[    0.825273] Freeing SMP alternatives memory: 48K
[    0.932728] smpboot: CPU0: Intel(R) Xeon(R) CPU @ 2.80GHz (family: 0x6, model: 0x55, stepping: 0x7)
[    0.934367] cblist_init_generic: Setting adjustable number of callback queues.
[    0.935351] cblist_init_generic: Setting shift to 5 and lim to 1.
[    0.935374] cblist_init_generic: Setting shift to 5 and lim to 1.
[    0.936226] cblist_init_generic: Setting shift to 5 and lim to 1.
[    0.937102] Performance Events: unsupported p6 CPU model 85 no PMU driver, software events only.
[    0.938722] rcu: Hierarchical SRCU implementation.
[    0.939454] NMI watchdog: Perf NMI watchdog permanently disabled
[    0.940709] smp: Bringing up secondary CPUs ...
[    0.941447] x86: Booting SMP configuration:
[    0.942023] .... node  #0, CPUs:        #1  #2  #3  #4  #5  #6  #7
[    0.946468] .... node  #1, CPUs:    #8
[    0.013725] smpboot: CPU 8 Converting physical 0 to logical die 1
[    0.952202]   #9 #10 #11 #12 #13 #14 #15
[    0.956194] .... node  #0, CPUs:   #16
[    0.959052] MDS CPU bug present and SMT on, data leak possible. See https://www.kernel.org/doc/html/latest/admin-guide/hw-vuln/mds.html for more details.
[    0.961221] TAA CPU bug present and SMT on, data leak possible. See https://www.kernel.org/doc/html/latest/admin-guide/hw-vuln/tsx_async_abort.html for more details.
[    0.962022] MMIO Stale Data CPU bug present and SMT on, data leak possible. See https://www.kernel.org/doc/html/latest/admin-guide/hw-vuln/processor_mmio_stale_data.html for more details.
[    0.965485]  #17 #18 #19 #20 #21 #22 #23
[    0.969672] .... node  #1, CPUs:   #24 #25 #26 #27 #28 #29 #30 #31
[    0.975928] smp: Brought up 2 nodes, 32 CPUs
[    0.976984] smpboot: Max logical packages: 2
[    0.977589] smpboot: Total of 32 processors activated (179287.06 BogoMIPS)
[    0.983298] devtmpfs: initialized
[    0.983298] x86/mm: Memory block size: 1024MB
[    0.985434] clocksource: jiffies: mask: 0xffffffff max_cycles: 0xffffffff, max_idle_ns: 6370867519511994 ns
[    0.986724] futex hash table entries: 8192 (order: 7, 524288 bytes, vmalloc)
[    0.987967] NET: Registered PF_NETLINK/PF_ROUTE protocol family
[    0.988883] thermal_sys: Registered thermal governor 'step_wise'
[    0.988901] cpuidle: using governor menu
[    0.989331] PCI: Using configuration type 1 for base access
[    0.992099] cryptd: max_cpu_qlen set to 1000
[    1.048686] raid6: avx512x4 gen() 26161 MB/s
[    1.105353] raid6: avx512x2 gen() 26183 MB/s
[    1.162020] raid6: avx512x1 gen() 26502 MB/s
[    1.218686] raid6: avx2x4   gen() 23288 MB/s
[    1.275353] raid6: avx2x2   gen() 23400 MB/s
[    1.332020] raid6: avx2x1   gen() 21175 MB/s
[    1.332964] raid6: using algorithm avx512x1 gen() 26502 MB/s
[    1.388686] raid6: .... xor() 24012 MB/s, rmw enabled
[    1.389586] raid6: using avx512x2 recovery algorithm
[    1.390380] ACPI: Added _OSI(Module Device)
[    1.390979] ACPI: Added _OSI(Processor Device)
[    1.391622] ACPI: Added _OSI(3.0 _SCP Extensions)
[    1.392021] ACPI: Added _OSI(Processor Aggregator Device)
[    1.392857] ACPI: Added _OSI(Linux-Dell-Video)
[    1.393527] ACPI: Added _OSI(Linux-Lenovo-NV-HDMI-Audio)
[    1.394654] ACPI: Added _OSI(Linux-HPI-Hybrid-Graphics)
[    1.396765] ACPI: 3 ACPI AML tables successfully acquired and loaded
[    1.400222] ACPI: Interpreter enabled
[    1.400793] ACPI: PM: (supports S0 S5)
[    1.401395] ACPI: Using IOAPIC for interrupt routing
[    1.402037] PCI: Using host bridge windows from ACPI; if necessary, use "pci=nocrs" and report a bug
[    1.403317] PCI: Ignoring E820 reservations for host bridge windows
[    1.404521] ACPI: Enabled 16 GPEs in block 00 to 0F
[    1.408312] ACPI: PCI Root Bridge [PCI0] (domain 0000 [bus 00-ff])
[    1.408693] acpi PNP0A03:00: _OSC: OS supports [ASPM ClockPM Segments MSI HPX-Type3]
[    1.409732] acpi PNP0A03:00: PCIe port services disabled; not requesting _OSC control
[    1.410905] PCI host bridge to bus 0000:00
[    1.412021] pci_bus 0000:00: Unknown NUMA node; performance will be reduced
[    1.413016] pci_bus 0000:00: root bus resource [io  0x0000-0x0cf7 window]
[    1.413979] pci_bus 0000:00: root bus resource [io  0x0d00-0xffff window]
[    1.414939] pci_bus 0000:00: root bus resource [mem 0x000a0000-0x000bffff window]
[    1.415355] pci_bus 0000:00: root bus resource [mem 0xc0000000-0xfebfefff window]
[    1.416384] pci_bus 0000:00: root bus resource [bus 00-ff]
[    1.417231] pci 0000:00:00.0: [8086:1237] type 00 class 0x060000
[    1.422348] pci 0000:00:01.0: [8086:7110] type 00 class 0x060100
[    1.458877] pci 0000:00:01.3: [8086:7113] type 00 class 0x068000
[    1.497684] pci 0000:00:01.3: quirk: [io  0xb000-0xb03f] claimed by PIIX4 ACPI
[    1.498912] pci 0000:00:03.0: [1af4:1004] type 00 class 0x000000
[    1.512020] pci 0000:00:03.0: reg 0x10: [io  0xc040-0xc07f]
[    1.522023] pci 0000:00:03.0: reg 0x14: [mem 0xc0102000-0xc010207f]
[    1.548898] pci 0000:00:04.0: [1ae0:001f] type 00 class 0x010802
[    1.567459] pci 0000:00:04.0: reg 0x10: [mem 0xc0000000-0xc0003fff 64bit]
[    1.585354] pci 0000:00:04.0: reg 0x20: [mem 0xc0101000-0xc01011ff]
[    1.595648] pci 0000:00:05.0: [1af4:1000] type 00 class 0x020000
[    1.612021] pci 0000:00:05.0: reg 0x10: [io  0xc000-0xc03f]
[    1.622020] pci 0000:00:05.0: reg 0x14: [mem 0xc0100000-0xc01007ff]
[    1.652230] pci 0000:00:06.0: [1af4:1005] type 00 class 0x00ff00
[    1.665357] pci 0000:00:06.0: reg 0x10: [io  0xc080-0xc09f]
[    1.675357] pci 0000:00:06.0: reg 0x14: [mem 0xc0103000-0xc010303f]
[    1.701449] ACPI: PCI: Interrupt link LNKA configured for IRQ 11
[    1.704253] ACPI: PCI: Interrupt link LNKB configured for IRQ 11
[    1.707381] ACPI: PCI: Interrupt link LNKC configured for IRQ 10
[    1.708754] ACPI: PCI: Interrupt link LNKD configured for IRQ 10
[    1.712045] ACPI: PCI: Interrupt link LNKS configured for IRQ 9
[    1.716289] SCSI subsystem initialized
[    1.716289] Registered efivars operations
[    1.716778] PCI: Using ACPI for IRQ routing
[    1.717401] PCI: pci_cache_line_size set to 64 bytes
[    1.717490] e820: reserve RAM buffer [mem 0x00055000-0x0005ffff]
[    1.717492] e820: reserve RAM buffer [mem 0x00098000-0x0009ffff]
[    1.717493] e820: reserve RAM buffer [mem 0xbf6ed000-0xbfffffff]
[    1.717495] e820: reserve RAM buffer [mem 0xbffe0000-0xbfffffff]
[    1.717509] vgaarb: loaded
[    1.718802] clocksource: Switched to clocksource kvm-clock
[    1.719697] VFS: Disk quotas dquot_6.6.0
[    1.720280] VFS: Dquot-cache hash table entries: 512 (order 0, 4096 bytes)
[    1.721407] pnp: PnP ACPI init
[    1.722353] pnp: PnP ACPI: found 7 devices
[    1.728982] clocksource: acpi_pm: mask: 0xffffff max_cycles: 0xffffff, max_idle_ns: 2085701024 ns
[    1.730294] NET: Registered PF_INET protocol family
[    1.731581] IP idents hash table entries: 262144 (order: 9, 2097152 bytes, vmalloc)
[    1.735094] tcp_listen_portaddr_hash hash table entries: 65536 (order: 8, 1048576 bytes, vmalloc)
[    1.736502] Table-perturb hash table entries: 65536 (order: 6, 262144 bytes, vmalloc)
[    1.737603] TCP established hash table entries: 524288 (order: 10, 4194304 bytes, vmalloc hugepage)
[    1.739661] TCP bind hash table entries: 65536 (order: 8, 1048576 bytes, vmalloc)
[    1.740823] TCP: Hash tables configured (established 524288 bind 65536)
[    1.741812] UDP hash table entries: 65536 (order: 9, 2097152 bytes, vmalloc)
[    1.743138] UDP-Lite hash table entries: 65536 (order: 9, 2097152 bytes, vmalloc)
[    1.744570] NET: Registered PF_UNIX/PF_LOCAL protocol family
[    1.745577] RPC: Registered named UNIX socket transport module.
[    1.746471] RPC: Registered udp transport module.
[    1.747163] RPC: Registered tcp transport module.
[    1.747837] RPC: Registered tcp NFSv4.1 backchannel transport module.
[    1.748763] pci_bus 0000:00: resource 4 [io  0x0000-0x0cf7 window]
[    1.749634] pci_bus 0000:00: resource 5 [io  0x0d00-0xffff window]
[    1.750479] pci_bus 0000:00: resource 6 [mem 0x000a0000-0x000bffff window]
[    1.751412] pci_bus 0000:00: resource 7 [mem 0xc0000000-0xfebfefff window]
[    1.752431] pci 0000:00:00.0: Limiting direct PCI/PCI transfers
[    1.753295] PCI: CLS 0 bytes, default 64
[    1.753862] PCI-DMA: Using software bounce buffering for IO (SWIOTLB)
[    1.754739] software IO TLB: mapped [mem 0x00000000b9f59000-0x00000000bdf59000] (64MB)
[    1.756792] RAPL PMU: API unit is 2^-32 Joules, 0 fixed counters, 10737418240 ms ovfl timer
[    1.757973] clocksource: tsc: mask: 0xffffffffffffffff max_cycles: 0x285d298e329, max_idle_ns: 440795345114 ns
[    1.759478] clocksource: Switched to clocksource tsc
[    1.760488] Initialise system trusted keyrings
[    1.761237] workingset: timestamp_bits=40 max_order=25 bucket_order=0
[    1.763431] NFS: Registering the id_resolver key type
[    1.764606] Key type id_resolver registered
[    1.765190] Key type id_legacy registered
[    1.765816] Installing knfsd (copyright (C) 1996 okir@monad.swb.de).
[    1.766829] ntfs: driver 2.1.32 [Flags: R/W].
[    1.767514] fuse: init (API version 7.36)
[    1.768172] JFS: nTxBlock = 8192, nTxLock = 65536
[    1.771254] SGI XFS with ACLs, security attributes, realtime, scrub, repair, quota, no debug enabled
[    1.772819] 9p: Installing v9fs 9p2000 file system support
[    1.773626] NILFS version 2 loaded
[    1.774170] ocfs2: Registered cluster interface o2cb
[    1.774933] OCFS2 User DLM kernel interface loaded
[    1.775903] xor: automatically using best checksumming function   avx       
[    1.776893] Key type asymmetric registered
[    1.777571] Asymmetric key parser 'x509' registered
[    1.778308] Block layer SCSI generic (bsg) driver version 0.4 loaded (major 249)
[    1.779350] io scheduler mq-deadline registered
[    1.779989] io scheduler kyber registered
[    1.782533] input: Power Button as /devices/LNXSYSTM:00/LNXPWRBN:00/input/input0
[    1.783575] ACPI: button: Power Button [PWRF]
[    1.784219] input: Sleep Button as /devices/LNXSYSTM:00/LNXSLPBN:00/input/input1
[    1.785218] ACPI: button: Sleep Button [SLPF]
[    1.790095] ACPI: \_SB_.LNKC: Enabled at IRQ 10
[    1.793001] virtio-pci 0000:00:03.0: virtio_pci: leaving for legacy driver
[    1.802841] ACPI: \_SB_.LNKA: Enabled at IRQ 11
[    1.805634] virtio-pci 0000:00:05.0: virtio_pci: leaving for legacy driver
[    1.816598] ACPI: \_SB_.LNKB: Enabled at IRQ 11
[    1.819457] virtio-pci 0000:00:06.0: virtio_pci: leaving for legacy driver
[    1.827068] Serial: 8250/16550 driver, 32 ports, IRQ sharing disabled
[    1.828151] 00:03: ttyS0 at I/O 0x3f8 (irq = 4, base_baud = 115200) is a 16550A
[    1.829281] 00:04: ttyS1 at I/O 0x2f8 (irq = 3, base_baud = 115200) is a 16550A
[    1.830405] 00:05: ttyS2 at I/O 0x3e8 (irq = 6, base_baud = 115200) is a 16550A
[    1.831494] 00:06: ttyS3 at I/O 0x2e8 (irq = 7, base_baud = 115200) is a 16550A
[    1.852985] tpm_tis MSFT0101:00: 2.0 TPM (device-id 0x9009, rev-id 0)
[    1.866534] loop: module loaded
[    1.884490] scsi host0: Virtio SCSI HBA
[    1.889053] scsi 0:0:1:0: Direct-Access     Google   PersistentDisk   1    PQ: 0 ANSI: 6
[    1.890543] scsi 0:0:2:0: Direct-Access     Google   PersistentDisk   1    PQ: 0 ANSI: 6
[    1.891956] scsi 0:0:3:0: Direct-Access     Google   PersistentDisk   1    PQ: 0 ANSI: 6
[    1.906416] sd 0:0:1:0: [sda] 20971520 512-byte logical blocks: (10.7 GB/10.0 GiB)
[    1.906418] sd 0:0:2:0: [sdb] 10485760000 512-byte logical blocks: (5.37 TB/4.88 TiB)
[    1.906585] sd 0:0:3:0: [sdc] 4294967296 512-byte logical blocks: (2.20 TB/2.00 TiB)
[    1.906587] sd 0:0:3:0: [sdc] 4096-byte physical blocks
[    1.906621] sd 0:0:3:0: [sdc] Write Protect is off
[    1.906622] sd 0:0:3:0: [sdc] Mode Sense: 1f 00 00 08
[    1.906632] nvme nvme0: pci function 0000:00:04.0
[    1.906743] sd 0:0:3:0: [sdc] Write cache: enabled, read cache: enabled, doesn't support DPO or FUA
[    1.912907] sd 0:0:1:0: [sda] 4096-byte physical blocks
[    1.915044] ACPI: \_SB_.LNKD: Enabled at IRQ 10
[    1.924928] sd 0:0:2:0: [sdb] 4096-byte physical blocks
[    1.926157] sd 0:0:1:0: [sda] Write Protect is off
[    1.930164] sd 0:0:2:0: [sdb] Write Protect is off
[    1.931767] sd 0:0:1:0: [sda] Mode Sense: 1f 00 00 08
[    1.933786]  sdc: sdc1 sdc2
[    1.933823] sd 0:0:1:0: [sda] Write cache: enabled, read cache: enabled, doesn't support DPO or FUA
[    1.936778] sd 0:0:2:0: [sdb] Mode Sense: 1f 00 00 08
[    1.938263] sd 0:0:3:0: [sdc] Attached SCSI disk
[    1.939056] sd 0:0:2:0: [sdb] Write cache: enabled, read cache: enabled, doesn't support DPO or FUA
[    1.945363]  sda: sda1 sda14 sda15
[    1.964140]  sdb: sdb1 sdb2
[    1.967990] sd 0:0:1:0: [sda] Attached SCSI disk
[    1.971297] sd 0:0:2:0: [sdb] Attached SCSI disk
[    2.004268] nvme nvme0: 15/0/0 default/read/poll queues
[    2.035629]  nvme0n1: p1 p2
[    2.183875] i8042: PNP: PS/2 Controller [PNP0303:KBD,PNP0f13:MOU] at 0x60,0x64 irq 1,12
[    2.185122] i8042: Warning: Keylock active
[    2.187276] serio: i8042 KBD port at 0x60,0x64 irq 1
[    2.187967] serio: i8042 AUX port at 0x60,0x64 irq 12
[    2.188678] device-mapper: core: CONFIG_IMA_DISABLE_HTABLE is disabled. Duplicate IMA measurements will not be recorded in the IMA log.
[    2.190403] device-mapper: ioctl: 4.46.0-ioctl (2022-02-22) initialised: dm-devel@redhat.com
[    2.191734] intel_pstate: CPU model not supported
[    2.192440] EFI Variables Facility v0.08 2004-May-17
[    2.201284] NET: Registered PF_INET6 protocol family
[    2.202390] Segment Routing with IPv6
[    2.202920] In-situ OAM (IOAM) with IPv6
[    2.203490] sit: IPv6, IPv4 and MPLS over IPv4 tunneling driver
[    2.204483] NET: Registered PF_PACKET protocol family
[    2.205219] 9pnet: Installing 9P2000 support
[    2.205903] Key type dns_resolver registered
[    2.209779] IPI shorthand broadcast: enabled
[    2.210481] AVX2 version of gcm_enc/dec engaged.
[    2.211531] AES CTR mode by8 optimization enabled
[    2.212839] sched_clock: Marking stable (2202419358, 10391925)->(2246487573, -33676290)
[    2.214931] Loading compiled-in X.509 certificates
[    2.215813] Key type ._fscrypt registered
[    2.216575] Key type .fscrypt registered
[    2.217218] Key type fscrypt-provisioning registered
[    2.219403] Btrfs loaded, crc32c=crc32c-intel, assert=on, zoned=no, fsverity=yes
[    2.221024] Key type encrypted registered
[    2.221635] ima: Allocated hash algorithm: sha1
[    2.243819] ima: No architecture policies found
[    2.244815] evm: Initialising EVM extended attributes:
[    2.245543] evm: security.selinux (disabled)
[    2.246136] evm: security.SMACK64 (disabled)
[    2.246844] evm: security.SMACK64EXEC (disabled)
[    2.247569] evm: security.SMACK64TRANSMUTE (disabled)
[    2.248285] evm: security.SMACK64MMAP (disabled)
[    2.248962] evm: security.apparmor (disabled)
[    2.249832] evm: security.ima
[    2.250309] evm: security.capability
[    2.250832] evm: HMAC attrs: 0x1
[    2.392337] input: AT Translated Set 2 keyboard as /devices/platform/i8042/serio0/input/input2
[    2.505499] EXT4-fs (sda1): INFO: recovery required on readonly filesystem
[    2.506437] EXT4-fs (sda1): write access will be enabled during recovery
[    2.570911] EXT4-fs (sda1): orphan cleanup on readonly fs
[    2.643441] EXT4-fs (sda1): 1 orphan inode deleted
[    2.644226] EXT4-fs (sda1): recovery complete
[    2.648544] EXT4-fs (sda1): mounted filesystem with ordered data mode. Quota mode: none.
[    2.649659] VFS: Mounted root (ext4 filesystem) readonly on device 8:1.
[    2.651699] Freeing unused kernel image (initmem) memory: 1540K
[    2.658701] Write protecting the kernel read-only data: 22528k
[    2.660728] Freeing unused kernel image (text/rodata gap) memory: 2028K
[    2.662056] Freeing unused kernel image (rodata/data gap) memory: 668K
[    2.662936] Run /sbin/init as init process
[    2.663495]   with arguments:
[    2.663495]     /sbin/init
[    2.663496]   with environment:
[    2.663497]     HOME=/
[    2.663498]     TERM=linux
[    2.663498]     intel_iommu=off
[    3.173124] systemd[1]: systemd 247.3-7+deb11u4 running in system mode. (+PAM +AUDIT +SELINUX +IMA +APPARMOR +SMACK +SYSVINIT +UTMP +LIBCRYPTSETUP +GCRYPT +GNUTLS +ACL +XZ +LZ4 +ZSTD +SECCOMP +BLKID +ELFUTILS +KMOD +IDN2 -IDN +PCRE2 default-hierarchy=unified)
[    3.176312] systemd[1]: Detected virtualization kvm.
[    3.176991] systemd[1]: Detected architecture x86-64.
[    3.209389] systemd[1]: Set hostname to <debian>.
[    3.965980] systemd[1]: Queued start job for default target Graphical Interface.
[    3.968400] systemd[1]: Created slice system-getty.slice.
[    3.982302] systemd[1]: Created slice system-modprobe.slice.
[    3.995630] systemd[1]: Created slice system-serial\x2dgetty.slice.
[    4.008953] systemd[1]: Created slice system-systemd\x2dgrowfs.slice.
[    4.022228] systemd[1]: Created slice User and Session Slice.
[    4.035434] systemd[1]: Started Dispatch Password Requests to Console Directory Watch.
[    4.048768] systemd[1]: Started Forward Password Requests to Wall Directory Watch.
[    4.062094] systemd[1]: Condition check resulted in Arbitrary Executable File Formats File System Automount Point being skipped.
[    4.063818] systemd[1]: Reached target Local Encrypted Volumes.
[    4.078746] systemd[1]: Reached target Paths.
[    4.092071] systemd[1]: Reached target Slices.
[    4.105394] systemd[1]: Reached target Swap.
[    4.118722] systemd[1]: Reached target System Time Set.
[    4.135184] systemd[1]: Listening on RPCbind Server Activation Socket.
[    4.150842] systemd[1]: Listening on Syslog Socket.
[    4.165468] systemd[1]: Listening on fsck to fsckd communication Socket.
[    4.178772] systemd[1]: Listening on initctl Compatibility Named Pipe.
[    4.192133] systemd[1]: Condition check resulted in Journal Audit Socket being skipped.
[    4.193527] systemd[1]: Listening on Journal Socket (/dev/log).
[    4.205487] systemd[1]: Listening on Journal Socket.
[    4.245840] systemd[1]: Listening on udev Control Socket.
[    4.258788] systemd[1]: Listening on udev Kernel Socket.
[    4.272160] systemd[1]: Condition check resulted in Huge Pages File System being skipped.
[    4.273936] systemd[1]: Mounting POSIX Message Queue File System...
[    4.289339] systemd[1]: Mounting NFSD configuration filesystem...
[    4.302637] systemd[1]: Mounting RPC Pipe File System...
[    4.316058] systemd[1]: Mounting Kernel Debug File System...
[    4.329336] systemd[1]: Mounting Kernel Trace File System...
[    4.342093] systemd[1]: Condition check resulted in Kernel Module supporting RPCSEC_GSS being skipped.
[    4.343598] systemd[1]: Condition check resulted in Create list of static device nodes for the current kernel being skipped.
[    4.345758] systemd[1]: Starting Load Kernel Module configfs...
[    4.359324] systemd[1]: Starting Load Kernel Module drm...
[    4.372669] systemd[1]: Starting Load Kernel Module fuse...
[    4.386213] systemd[1]: Condition check resulted in Set Up Additional Binary Formats being skipped.
[    4.387994] systemd[1]: Starting File System Check on Root Device...
[    4.403651] systemd[1]: Starting Journal Service...
[    4.405998] systemd[1]: Starting Load Kernel Modules...
[    4.407524] systemd[1]: Starting Coldplug All udev Devices...
[    4.409506] systemd[1]: Mounted POSIX Message Queue File System.
[    4.410561] systemd[1]: Mounted NFSD configuration filesystem.
[    4.411546] systemd[1]: Mounted RPC Pipe File System.
[    4.412528] systemd[1]: Mounted Kernel Debug File System.
[    4.413441] systemd[1]: Mounted Kernel Trace File System.
[    4.414342] systemd[1]: modprobe@configfs.service: Succeeded.
[    4.415321] systemd[1]: Finished Load Kernel Module configfs.
[    4.416381] systemd[1]: modprobe@drm.service: Succeeded.
[    4.417399] systemd[1]: Finished Load Kernel Module drm.
[    4.418326] systemd[1]: modprobe@fuse.service: Succeeded.
[    4.419264] systemd[1]: Finished Load Kernel Module fuse.
[    4.420240] systemd[1]: Finished Load Kernel Modules.
[    4.421824] systemd[1]: Mounting FUSE Control File System...
[    4.423381] systemd[1]: Mounting Kernel Configuration File System...
[    4.424961] systemd[1]: Starting pNFS block layout mapping daemon...
[    4.426601] systemd[1]: Started File System Check Daemon to report status.
[    4.428253] systemd[1]: Starting Apply Kernel Variables...
[    4.430273] systemd[1]: Mounted FUSE Control File System.
[    4.431139] systemd[1]: Mounted Kernel Configuration File System.
[    4.434884] systemd[1]: Started pNFS block layout mapping daemon.
[    4.436499] systemd[1]: Finished Apply Kernel Variables.
[    4.445860] systemd[1]: Started Journal Service.
[    5.218452] EXT4-fs (sda1): re-mounted. Quota mode: none.
[    5.258283] systemd-journald[391]: Received client request to flush runtime journal.
[    5.364573] systemd-journald[391]: File /var/log/journal/28342918c0f637adf7806cb468149743/system.journal corrupted or uncleanly shut down, renaming and replacing.
[    5.455465] virtio_net virtio1 enp0s5: renamed from eth0
[    5.542123] FAT-fs (sda15): Volume was not properly unmounted. Some data may be corrupt. Please run fsck.
[    9.174476] NFSD: Using UMH upcall client tracking operations.
[    9.175312] NFSD: starting 90-second grace period (net f0000000)
[ 4240.160954] nfsd: last server has exited, flushing export cache
[ 4246.895804] EXT4-fs (nvme0n1p1): mounted filesystem with ordered data mode. Quota mode: none.
[ 4246.982923] sh (2137): drop_caches: 3
