[    0.000000] Linux version 5.10.0-26-cloud-amd64 (debian-kernel@lists.debian.org) (gcc-10 (Debian 10.2.1-6) 10.2.1 20210110, GNU ld (GNU Binutils for Debian) 2.35.2) #1 SMP Debian 5.10.197-1 (2023-09-29)
[    0.000000] Command line: BOOT_IMAGE=/boot/vmlinuz-5.10.0-26-cloud-amd64 root=UUID=1225d994-3cdc-4e39-8ca0-3245d6035b43 ro console=tty0 console=ttyS0,115200 earlyprintk=ttyS0,115200 consoleblank=0 intel_iommu=off
[    0.000000] BIOS-provided physical RAM map:
[    0.000000] BIOS-e820: [mem 0x0000000000000000-0x0000000000000fff] reserved
[    0.000000] BIOS-e820: [mem 0x0000000000001000-0x0000000000054fff] usable
[    0.000000] BIOS-e820: [mem 0x0000000000055000-0x000000000005ffff] reserved
[    0.000000] BIOS-e820: [mem 0x0000000000060000-0x0000000000097fff] usable
[    0.000000] BIOS-e820: [mem 0x0000000000098000-0x000000000009ffff] reserved
[    0.000000] BIOS-e820: [mem 0x0000000000100000-0x00000000bf6ecfff] usable
[    0.000000] BIOS-e820: [mem 0x00000000bf6ed000-0x00000000bf7ecfff] reserved
[    0.000000] BIOS-e820: [mem 0x00000000bf7ed000-0x00000000bf8ecfff] type 20
[    0.000000] BIOS-e820: [mem 0x00000000bf8ed000-0x00000000bf96cfff] reserved
[    0.000000] BIOS-e820: [mem 0x00000000bf96d000-0x00000000bf97efff] ACPI data
[    0.000000] BIOS-e820: [mem 0x00000000bf97f000-0x00000000bf9fefff] ACPI NVS
[    0.000000] BIOS-e820: [mem 0x00000000bf9ff000-0x00000000bffdffff] usable
[    0.000000] BIOS-e820: [mem 0x00000000bffe0000-0x00000000bfffffff] reserved
[    0.000000] BIOS-e820: [mem 0x0000000100000000-0x000000203fffffff] usable
[    0.000000] printk: bootconsole [earlyser0] enabled
[    0.000000] NX (Execute Disable) protection: active
[    0.000000] efi: EFI v2.70 by EDK II
[    0.000000] efi: TPMFinalLog=0xbf9f7000 ACPI=0xbf97e000 ACPI 2.0=0xbf97e014 SMBIOS=0xbf7ca000 MEMATTR=0xbe096018 
[    0.000000] secureboot: Secure boot disabled
[    0.000000] SMBIOS 2.4 present.
[    0.000000] DMI: Google Google Compute Engine/Google Compute Engine, BIOS Google 11/17/2023
[    0.000000] Hypervisor detected: KVM
[    0.000000] kvm-clock: Using msrs 4b564d01 and 4b564d00
[    0.000000] kvm-clock: cpu 0, msr 135ea01001, primary cpu clock
[    0.000000] kvm-clock: using sched offset of 5533933244 cycles
[    0.000903] clocksource: kvm-clock: mask: 0xffffffffffffffff max_cycles: 0x1cd42e4dffb, max_idle_ns: 881590591483 ns
[    0.003493] tsc: Detected 2800.232 MHz processor
[    0.004272] e820: update [mem 0x00000000-0x00000fff] usable ==> reserved
[    0.004275] e820: remove [mem 0x000a0000-0x000fffff] usable
[    0.004281] last_pfn = 0x2040000 max_arch_pfn = 0x400000000
[    0.005212] MTRR default type: write-back
[    0.005213] MTRR fixed ranges enabled:
[    0.005214]   00000-9FFFF write-back
[    0.005215]   A0000-FFFFF uncachable
[    0.005216] MTRR variable ranges enabled:
[    0.005217]   0 base 0000C0000000 mask 3FFFC0000000 uncachable
[    0.005218]   1 disabled
[    0.005218]   2 disabled
[    0.005219]   3 disabled
[    0.005219]   4 disabled
[    0.005219]   5 disabled
[    0.005220]   6 disabled
[    0.005220]   7 disabled
[    0.005231] x86/PAT: Configuration [0-7]: WB  WC  UC- UC  WB  WP  UC- WT  
[    0.006885] last_pfn = 0xbffe0 max_arch_pfn = 0x400000000
[    0.007618] Using GB pages for direct mapping
[    0.008584] RAMDISK: [mem 0x364eb000-0x3726cfff]
[    0.009467] ACPI: Early table checksum verification disabled
[    0.010427] ACPI: RSDP 0x00000000BF97E014 000024 (v02 Google)
[    0.011212] ACPI: XSDT 0x00000000BF97D0E8 00005C (v01 Google GOOGFACP 00000001      01000013)
[    0.012424] ACPI: FACP 0x00000000BF978000 0000F4 (v02 Google GOOGFACP 00000001 GOOG 00000001)
[    0.013721] ACPI: DSDT 0x00000000BF979000 001A64 (v01 Google GOOGDSDT 00000001 GOOG 00000001)
[    0.015062] ACPI: FACS 0x00000000BF9F1000 000040
[    0.015651] ACPI: SSDT 0x00000000BF97C000 000316 (v02 GOOGLE Tpm2Tabl 00001000 INTL 20211217)
[    0.016763] ACPI: TPM2 0x00000000BF97B000 000034 (v04 GOOGLE          00000001 GOOG 00000001)
[    0.018092] ACPI: SRAT 0x00000000BF977000 0002D0 (v03 Google GOOGSRAT 00000001 GOOG 00000001)
[    0.019321] ACPI: APIC 0x00000000BF976000 000166 (v05 Google GOOGAPIC 00000001 GOOG 00000001)
[    0.020544] ACPI: SSDT 0x00000000BF974000 0014DE (v01 Google GOOGSSDT 00000001 GOOG 00000001)
[    0.022266] ACPI: WAET 0x00000000BF973000 000028 (v01 Google GOOGWAET 00000001 GOOG 00000001)
[    0.023501] ACPI: Reserving FACP table memory at [mem 0xbf978000-0xbf9780f3]
[    0.024717] ACPI: Reserving DSDT table memory at [mem 0xbf979000-0xbf97aa63]
[    0.025639] ACPI: Reserving FACS table memory at [mem 0xbf9f1000-0xbf9f103f]
[    0.026662] ACPI: Reserving SSDT table memory at [mem 0xbf97c000-0xbf97c315]
[    0.027756] ACPI: Reserving TPM2 table memory at [mem 0xbf97b000-0xbf97b033]
[    0.028679] ACPI: Reserving SRAT table memory at [mem 0xbf977000-0xbf9772cf]
[    0.029603] ACPI: Reserving APIC table memory at [mem 0xbf976000-0xbf976165]
[    0.030682] ACPI: Reserving SSDT table memory at [mem 0xbf974000-0xbf9754dd]
[    0.031845] ACPI: Reserving WAET table memory at [mem 0xbf973000-0xbf973027]
[    0.032788] ACPI: Local APIC address 0xfee00000
[    0.032826] SRAT: PXM 0 -> APIC 0x00 -> Node 0
[    0.033478] SRAT: PXM 0 -> APIC 0x01 -> Node 0
[    0.034068] SRAT: PXM 0 -> APIC 0x02 -> Node 0
[    0.034634] SRAT: PXM 0 -> APIC 0x03 -> Node 0
[    0.035333] SRAT: PXM 0 -> APIC 0x04 -> Node 0
[    0.035928] SRAT: PXM 0 -> APIC 0x05 -> Node 0
[    0.036489] SRAT: PXM 0 -> APIC 0x06 -> Node 0
[    0.037107] SRAT: PXM 0 -> APIC 0x07 -> Node 0
[    0.037673] SRAT: PXM 0 -> APIC 0x08 -> Node 0
[    0.038240] SRAT: PXM 0 -> APIC 0x09 -> Node 0
[    0.038808] SRAT: PXM 0 -> APIC 0x0a -> Node 0
[    0.039398] SRAT: PXM 0 -> APIC 0x0b -> Node 0
[    0.040033] SRAT: PXM 0 -> APIC 0x0c -> Node 0
[    0.040665] SRAT: PXM 0 -> APIC 0x0d -> Node 0
[    0.041313] SRAT: PXM 0 -> APIC 0x0e -> Node 0
[    0.042019] SRAT: PXM 0 -> APIC 0x0f -> Node 0
[    0.042610] SRAT: PXM 1 -> APIC 0x10 -> Node 1
[    0.043262] SRAT: PXM 1 -> APIC 0x11 -> Node 1
[    0.043854] SRAT: PXM 1 -> APIC 0x12 -> Node 1
[    0.044421] SRAT: PXM 1 -> APIC 0x13 -> Node 1
[    0.045387] SRAT: PXM 1 -> APIC 0x14 -> Node 1
[    0.046023] SRAT: PXM 1 -> APIC 0x15 -> Node 1
[    0.046613] SRAT: PXM 1 -> APIC 0x16 -> Node 1
[    0.047202] SRAT: PXM 1 -> APIC 0x17 -> Node 1
[    0.047769] SRAT: PXM 1 -> APIC 0x18 -> Node 1
[    0.048679] SRAT: PXM 1 -> APIC 0x19 -> Node 1
[    0.049363] SRAT: PXM 1 -> APIC 0x1a -> Node 1
[    0.049929] SRAT: PXM 1 -> APIC 0x1b -> Node 1
[    0.050573] SRAT: PXM 1 -> APIC 0x1c -> Node 1
[    0.051237] SRAT: PXM 1 -> APIC 0x1d -> Node 1
[    0.051803] SRAT: PXM 1 -> APIC 0x1e -> Node 1
[    0.052369] SRAT: PXM 1 -> APIC 0x1f -> Node 1
[    0.053088] ACPI: SRAT: Node 0 PXM 0 [mem 0x00000000-0x0009ffff]
[    0.054015] ACPI: SRAT: Node 0 PXM 0 [mem 0x00100000-0xbfffffff]
[    0.055202] ACPI: SRAT: Node 0 PXM 0 [mem 0x100000000-0x103fffffff]
[    0.056440] ACPI: SRAT: Node 1 PXM 1 [mem 0x1040000000-0x203fffffff]
[    0.057364] NUMA: Node 0 [mem 0x00000000-0x0009ffff] + [mem 0x00100000-0xbfffffff] -> [mem 0x00000000-0xbfffffff]
[    0.059175] NUMA: Node 0 [mem 0x00000000-0xbfffffff] + [mem 0x100000000-0x103fffffff] -> [mem 0x00000000-0x103fffffff]
[    0.060773] NODE_DATA(0) allocated [mem 0x103ffd6000-0x103fffffff]
[    0.062068] NODE_DATA(1) allocated [mem 0x203ffd6000-0x203fffffff]
[    0.064359] Zone ranges:
[    0.064732]   DMA      [mem 0x0000000000001000-0x0000000000ffffff]
[    0.065544]   DMA32    [mem 0x0000000001000000-0x00000000ffffffff]
[    0.066357]   Normal   [mem 0x0000000100000000-0x000000203fffffff]
[    0.067421]   Device   empty
[    0.067925] Movable zone start for each node
[    0.068466] Early memory node ranges
[    0.069001]   node   0: [mem 0x0000000000001000-0x0000000000054fff]
[    0.069974]   node   0: [mem 0x0000000000060000-0x0000000000097fff]
[    0.071322]   node   0: [mem 0x0000000000100000-0x00000000bf6ecfff]
[    0.072170]   node   0: [mem 0x00000000bf9ff000-0x00000000bffdffff]
[    0.073014]   node   0: [mem 0x0000000100000000-0x000000103fffffff]
[    0.073975]   node   1: [mem 0x0000001040000000-0x000000203fffffff]
[    0.074888] Initmem setup node 0 [mem 0x0000000000001000-0x000000103fffffff]
[    0.075783] On node 0 totalpages: 16776282
[    0.075784]   DMA zone: 64 pages used for memmap
[    0.075785]   DMA zone: 3121 pages reserved
[    0.075786]   DMA zone: 3980 pages, LIFO batch:0
[    0.075791]   DMA32 zone: 12212 pages used for memmap
[    0.075791]   DMA32 zone: 781518 pages, LIFO batch:63
[    0.075792]   Normal zone: 249856 pages used for memmap
[    0.075793]   Normal zone: 15990784 pages, LIFO batch:63
[    0.075794] Initmem setup node 1 [mem 0x0000001040000000-0x000000203fffffff]
[    0.076725] On node 1 totalpages: 16777216
[    0.076726]   Normal zone: 262144 pages used for memmap
[    0.076727]   Normal zone: 16777216 pages, LIFO batch:63
[    0.077169] On node 0, zone DMA: 1 pages in unavailable ranges
[    0.077171] On node 0, zone DMA: 11 pages in unavailable ranges
[    0.077986] On node 0, zone DMA: 104 pages in unavailable ranges
[    0.094839] On node 0, zone DMA32: 786 pages in unavailable ranges
[    0.096418] On node 0, zone Normal: 32 pages in unavailable ranges
[    0.098813] ACPI: PM-Timer IO Port: 0xb008
[    0.100152] ACPI: Local APIC address 0xfee00000
[    0.100166] ACPI: LAPIC_NMI (acpi_id[0xff] dfl dfl lint[0x1])
[    0.100976] IOAPIC[0]: apic_id 0, version 17, address 0xfec00000, GSI 0-23
[    0.101879] ACPI: INT_SRC_OVR (bus 0 bus_irq 5 global_irq 5 high level)
[    0.102904] ACPI: INT_SRC_OVR (bus 0 bus_irq 9 global_irq 9 high level)
[    0.103812] ACPI: INT_SRC_OVR (bus 0 bus_irq 10 global_irq 10 high level)
[    0.105001] ACPI: INT_SRC_OVR (bus 0 bus_irq 11 global_irq 11 high level)
[    0.106169] ACPI: IRQ5 used by override.
[    0.106171] ACPI: IRQ9 used by override.
[    0.106171] ACPI: IRQ10 used by override.
[    0.106172] ACPI: IRQ11 used by override.
[    0.106174] Using ACPI (MADT) for SMP configuration information
[    0.107089] smpboot: Allowing 32 CPUs, 0 hotplug CPUs
[    0.107792] PM: hibernation: Registered nosave memory: [mem 0x00000000-0x00000fff]
[    0.108782] PM: hibernation: Registered nosave memory: [mem 0x00055000-0x0005ffff]
[    0.109819] PM: hibernation: Registered nosave memory: [mem 0x00098000-0x0009ffff]
[    0.110779] PM: hibernation: Registered nosave memory: [mem 0x000a0000-0x000fffff]
[    0.111796] PM: hibernation: Registered nosave memory: [mem 0xbf6ed000-0xbf7ecfff]
[    0.112920] PM: hibernation: Registered nosave memory: [mem 0xbf7ed000-0xbf8ecfff]
[    0.113909] PM: hibernation: Registered nosave memory: [mem 0xbf8ed000-0xbf96cfff]
[    0.115029] PM: hibernation: Registered nosave memory: [mem 0xbf96d000-0xbf97efff]
[    0.116020] PM: hibernation: Registered nosave memory: [mem 0xbf97f000-0xbf9fefff]
[    0.116988] PM: hibernation: Registered nosave memory: [mem 0xbffe0000-0xbfffffff]
[    0.118128] PM: hibernation: Registered nosave memory: [mem 0xc0000000-0xffffffff]
[    0.119177] [mem 0xc0000000-0xffffffff] available for PCI devices
[    0.119954] Booting paravirtualized kernel on KVM
[    0.120594] clocksource: refined-jiffies: mask: 0xffffffff max_cycles: 0xffffffff, max_idle_ns: 7645519600211568 ns
[    0.126181] setup_percpu: NR_CPUS:8192 nr_cpumask_bits:32 nr_cpu_ids:32 nr_node_ids:2
[    0.130497] percpu: Embedded 63 pages/cpu s221184 r8192 d28672 u262144
[    0.131604] pcpu-alloc: s221184 r8192 d28672 u262144 alloc=1*2097152
[    0.131605] pcpu-alloc: [0] 00 01 02 03 04 05 06 07 [0] 16 17 18 19 20 21 22 23 
[    0.131613] pcpu-alloc: [1] 08 09 10 11 12 13 14 15 [1] 24 25 26 27 28 29 30 31 
[    0.131651] kvm-guest: PV spinlocks enabled
[    0.132278] PV qspinlock hash table entries: 256 (order: 0, 4096 bytes, linear)
[    0.133506] Built 2 zonelists, mobility grouping on.  Total pages: 33026101
[    0.134411] Policy zone: Normal
[    0.134931] Kernel command line: BOOT_IMAGE=/boot/vmlinuz-5.10.0-26-cloud-amd64 root=UUID=1225d994-3cdc-4e39-8ca0-3245d6035b43 ro console=tty0 console=ttyS0,115200 earlyprintk=ttyS0,115200 consoleblank=0 intel_iommu=off
[    0.137746] DMAR: IOMMU disabled
[    0.138217] printk: log_buf_len individual max cpu contribution: 4096 bytes
[    0.139164] printk: log_buf_len total cpu_extra contributions: 126976 bytes
[    0.140323] printk: log_buf_len min size: 131072 bytes
[    0.141422] printk: log_buf_len: 262144 bytes
[    0.142104] printk: early log buf free: 119472(91%)
[    0.143210] mem auto-init: stack:off, heap alloc:on, heap free:off
[    0.205152] Memory: 3279736K/134213992K available (12296K kernel code, 2552K rwdata, 6956K rodata, 2468K init, 3724K bss, 2266228K reserved, 0K cma-reserved)
[    0.208683] SLUB: HWalign=64, Order=0-3, MinObjects=0, CPUs=32, Nodes=2
[    0.210285] ftrace: allocating 33918 entries in 133 pages
[    0.229098] ftrace: allocated 133 pages with 3 groups
[    0.230583] rcu: Hierarchical RCU implementation.
[    0.231235] rcu: 	RCU restricting CPUs from NR_CPUS=8192 to nr_cpu_ids=32.
[    0.232345] 	Rude variant of Tasks RCU enabled.
[    0.233209] 	Tracing variant of Tasks RCU enabled.
[    0.234075] rcu: RCU calculated value of scheduler-enlistment delay is 25 jiffies.
[    0.235209] rcu: Adjusting geometry for rcu_fanout_leaf=16, nr_cpu_ids=32
[    0.240097] NR_IRQS: 524544, nr_irqs: 680, preallocated irqs: 16
[    0.241322] random: crng init done
[    0.242050] Console: colour dummy device 80x25
[    0.242985] printk: console [tty0] enabled
[    0.243881] printk: console [ttyS0] enabled
[    0.245521] printk: bootconsole [earlyser0] disabled
[    0.247319] mempolicy: Enabling automatic NUMA balancing. Configure with numa_balancing= or the kernel.numa_balancing sysctl
[    0.249173] ACPI: Core revision 20200925
[    0.250207] APIC: Switch to symmetric I/O mode setup
[    0.251503] x2apic enabled
[    0.254342] Switched APIC routing to physical x2apic.
[    0.258559] ..TIMER: vector=0x30 apic1=0 pin1=0 apic2=-1 pin2=-1
[    0.259958] clocksource: tsc-early: mask: 0xffffffffffffffff max_cycles: 0x285d1c08117, max_idle_ns: 440795240852 ns
[    0.261669] Calibrating delay loop (skipped) preset value.. 5600.46 BogoMIPS (lpj=11200928)
[    0.265756] Last level iTLB entries: 4KB 64, 2MB 8, 4MB 8
[    0.266676] Last level dTLB entries: 4KB 64, 2MB 0, 4MB 0, 1GB 4
[    0.267705] Spectre V1 : Mitigation: usercopy/swapgs barriers and __user pointer sanitization
[    0.269670] Spectre V2 : Mitigation: Enhanced IBRS
[    0.270471] Spectre V2 : Spectre v2 / SpectreRSB mitigation: Filling RSB on context switch
[    0.272091] Spectre V2 : Spectre v2 / PBRSB-eIBRS: Retire a single CALL on VMEXIT
[    0.273275] RETBleed: Mitigation: Enhanced IBRS
[    0.273669] Spectre V2 : mitigation: Enabling conditional Indirect Branch Prediction Barrier
[    0.275008] Speculative Store Bypass: Mitigation: Speculative Store Bypass disabled via prctl and seccomp
[    0.276432] MDS: Mitigation: Clear CPU buffers
[    0.277667] TAA: Mitigation: Clear CPU buffers
[    0.278692] MMIO Stale Data: Vulnerable: Clear CPU buffers attempted, no microcode
[    0.280074] GDS: Unknown: Dependent on hypervisor status
[    0.281036] x86/fpu: Supporting XSAVE feature 0x001: 'x87 floating point registers'
[    0.281668] x86/fpu: Supporting XSAVE feature 0x002: 'SSE registers'
[    0.282764] x86/fpu: Supporting XSAVE feature 0x004: 'AVX registers'
[    0.283822] x86/fpu: Supporting XSAVE feature 0x020: 'AVX-512 opmask'
[    0.285667] x86/fpu: Supporting XSAVE feature 0x040: 'AVX-512 Hi256'
[    0.287109] x86/fpu: Supporting XSAVE feature 0x080: 'AVX-512 ZMM_Hi256'
[    0.288668] x86/fpu: xstate_offset[2]:  576, xstate_sizes[2]:  256
[    0.289668] x86/fpu: xstate_offset[5]:  832, xstate_sizes[5]:   64
[    0.290855] x86/fpu: xstate_offset[6]:  896, xstate_sizes[6]:  512
[    0.291935] x86/fpu: xstate_offset[7]: 1408, xstate_sizes[7]: 1024
[    0.292902] x86/fpu: Enabled xstate features 0xe7, context size is 2432 bytes, using 'compacted' format.
[    0.307899] Freeing SMP alternatives memory: 32K
[    0.310404] pid_max: default: 32768 minimum: 301
[    0.321304] LSM: Security Framework initializing
[    0.321684] Yama: disabled by default; enable with sysctl kernel.yama.*
[    0.322802] AppArmor: AppArmor initialized
[    0.323539] TOMOYO Linux initialized
[    0.350898] Dentry cache hash table entries: 8388608 (order: 14, 67108864 bytes, vmalloc)
[    0.365759] Inode-cache hash table entries: 4194304 (order: 13, 33554432 bytes, vmalloc)
[    0.367972] Mount-cache hash table entries: 131072 (order: 8, 1048576 bytes, vmalloc)
[    0.369312] Mountpoint-cache hash table entries: 131072 (order: 8, 1048576 bytes, vmalloc)
[    0.479914] smpboot: CPU0: Intel(R) Xeon(R) CPU @ 2.80GHz (family: 0x6, model: 0x55, stepping: 0x7)
[    0.481666] Performance Events: unsupported p6 CPU model 85 no PMU driver, software events only.
[    0.481666] rcu: Hierarchical SRCU implementation.
[    0.482012] NMI watchdog: Perf NMI watchdog permanently disabled
[    0.484098] smp: Bringing up secondary CPUs ...
[    0.485003] x86: Booting SMP configuration:
[    0.485671] .... node  #0, CPUs:        #1
[    0.020354] kvm-clock: cpu 1, msr 135ea01041, secondary cpu clock
[    0.486742]   #2
[    0.020354] kvm-clock: cpu 2, msr 135ea01081, secondary cpu clock
[    0.487807]   #3
[    0.020354] kvm-clock: cpu 3, msr 135ea010c1, secondary cpu clock
[    0.490329]   #4
[    0.020354] kvm-clock: cpu 4, msr 135ea01101, secondary cpu clock
[    0.491279]   #5
[    0.020354] kvm-clock: cpu 5, msr 135ea01141, secondary cpu clock
[    0.494087]   #6
[    0.020354] kvm-clock: cpu 6, msr 135ea01181, secondary cpu clock
[    0.495185]   #7
[    0.020354] kvm-clock: cpu 7, msr 135ea011c1, secondary cpu clock

[    0.497931] .... node  #1, CPUs:    #8
[    0.020354] kvm-clock: cpu 8, msr 135ea01201, secondary cpu clock
[    0.020354] smpboot: CPU 8 Converting physical 0 to logical die 1
[    0.505719]   #9
[    0.020354] kvm-clock: cpu 9, msr 135ea01241, secondary cpu clock
[    0.506430]  #10
[    0.020354] kvm-clock: cpu 10, msr 135ea01281, secondary cpu clock
[    0.507770]  #11
[    0.020354] kvm-clock: cpu 11, msr 135ea012c1, secondary cpu clock
[    0.510176]  #12
[    0.020354] kvm-clock: cpu 12, msr 135ea01301, secondary cpu clock
[    0.511566]  #13
[    0.020354] kvm-clock: cpu 13, msr 135ea01341, secondary cpu clock
[    0.513887]  #14
[    0.020354] kvm-clock: cpu 14, msr 135ea01381, secondary cpu clock
[    0.515292]  #15
[    0.020354] kvm-clock: cpu 15, msr 135ea013c1, secondary cpu clock

[    0.517921] .... node  #0, CPUs:   #16
[    0.020354] kvm-clock: cpu 16, msr 135ea01401, secondary cpu clock
[    0.518816] MDS CPU bug present and SMT on, data leak possible. See https://www.kernel.org/doc/html/latest/admin-guide/hw-vuln/mds.html for more details.
[    0.521670] TAA CPU bug present and SMT on, data leak possible. See https://www.kernel.org/doc/html/latest/admin-guide/hw-vuln/tsx_async_abort.html for more details.
[    0.525669] MMIO Stale Data CPU bug present and SMT on, data leak possible. See https://www.kernel.org/doc/html/latest/admin-guide/hw-vuln/processor_mmio_stale_data.html for more details.
[    0.528579]  #17
[    0.020354] kvm-clock: cpu 17, msr 135ea01441, secondary cpu clock
[    0.529233]  #18
[    0.020354] kvm-clock: cpu 18, msr 135ea01481, secondary cpu clock
[    0.530284]  #19
[    0.020354] kvm-clock: cpu 19, msr 135ea014c1, secondary cpu clock
[    0.533759]  #20
[    0.020354] kvm-clock: cpu 20, msr 135ea01501, secondary cpu clock
[    0.535379]  #21
[    0.020354] kvm-clock: cpu 21, msr 135ea01541, secondary cpu clock
[    0.537751]  #22
[    0.020354] kvm-clock: cpu 22, msr 135ea01581, secondary cpu clock
[    0.539674]  #23
[    0.020354] kvm-clock: cpu 23, msr 135ea015c1, secondary cpu clock

[    0.541915] .... node  #1, CPUs:   #24
[    0.020354] kvm-clock: cpu 24, msr 135ea01601, secondary cpu clock
[    0.542690]  #25
[    0.020354] kvm-clock: cpu 25, msr 135ea01641, secondary cpu clock
[    0.543105]  #26
[    0.020354] kvm-clock: cpu 26, msr 135ea01681, secondary cpu clock
[    0.546576]  #27
[    0.020354] kvm-clock: cpu 27, msr 135ea016c1, secondary cpu clock
[    0.548127]  #28
[    0.020354] kvm-clock: cpu 28, msr 135ea01701, secondary cpu clock
[    0.550184]  #29
[    0.020354] kvm-clock: cpu 29, msr 135ea01741, secondary cpu clock
[    0.551333]  #30
[    0.020354] kvm-clock: cpu 30, msr 135ea01781, secondary cpu clock
[    0.554168]  #31
[    0.020354] kvm-clock: cpu 31, msr 135ea017c1, secondary cpu clock
[    0.555238] smp: Brought up 2 nodes, 32 CPUs
[    0.557670] smpboot: Max logical packages: 2
[    0.558274] smpboot: Total of 32 processors activated (179214.84 BogoMIPS)
[    0.601714] node 0 deferred pages initialised in 40ms
[    0.609685] node 1 deferred pages initialised in 48ms
[    0.616080] devtmpfs: initialized
[    0.616080] x86/mm: Memory block size: 1024MB
[    0.619041] PM: Registering ACPI NVS region [mem 0xbf97f000-0xbf9fefff] (524288 bytes)
[    0.619041] clocksource: jiffies: mask: 0xffffffff max_cycles: 0xffffffff, max_idle_ns: 7645041785100000 ns
[    0.621823] futex hash table entries: 8192 (order: 7, 524288 bytes, vmalloc)
[    0.623416] NET: Registered protocol family 16
[    0.625259] DMA: preallocated 4096 KiB GFP_KERNEL pool for atomic allocations
[    0.627244] DMA: preallocated 4096 KiB GFP_KERNEL|GFP_DMA pool for atomic allocations
[    0.630766] DMA: preallocated 4096 KiB GFP_KERNEL|GFP_DMA32 pool for atomic allocations
[    0.631870] audit: initializing netlink subsys (disabled)
[    0.632654] audit: type=2000 audit(1703895020.255:1): state=initialized audit_enabled=0 res=1
[    0.632654] thermal_sys: Registered thermal governor 'fair_share'
[    0.633669] thermal_sys: Registered thermal governor 'bang_bang'
[    0.634488] thermal_sys: Registered thermal governor 'step_wise'
[    0.635288] thermal_sys: Registered thermal governor 'user_space'
[    0.636088] thermal_sys: Registered thermal governor 'power_allocator'
[    0.637719] cpuidle: using governor ladder
[    0.639111] cpuidle: using governor menu
[    0.639111] ACPI: bus type PCI registered
[    0.639111] acpiphp: ACPI Hot Plug PCI Controller Driver version: 0.5
[    0.639748] PCI: Using configuration type 1 for base access
[    0.642895] Kprobes globally optimized
[    0.643425] HugeTLB registered 1.00 GiB page size, pre-allocated 0 pages
[    0.645669] HugeTLB registered 2.00 MiB page size, pre-allocated 0 pages
[    0.757791] ACPI: Added _OSI(Module Device)
[    0.758483] ACPI: Added _OSI(Processor Device)
[    0.759451] ACPI: Added _OSI(3.0 _SCP Extensions)
[    0.759451] ACPI: Added _OSI(Processor Aggregator Device)
[    0.759451] ACPI: Added _OSI(Linux-Dell-Video)
[    0.759451] ACPI: Added _OSI(Linux-Lenovo-NV-HDMI-Audio)
[    0.760369] ACPI: Added _OSI(Linux-HPI-Hybrid-Graphics)
[    0.762649] ACPI: 3 ACPI AML tables successfully acquired and loaded
[    0.765408] ACPI: Interpreter enabled
[    0.765682] ACPI: (supports S0 S3 S4 S5)
[    0.766344] ACPI: Using IOAPIC for interrupt routing
[    0.767233] PCI: Using host bridge windows from ACPI; if necessary, use "pci=nocrs" and report a bug
[    0.768930] ACPI: Enabled 16 GPEs in block 00 to 0F
[    0.772346] ACPI: PCI Root Bridge [PCI0] (domain 0000 [bus 00-ff])
[    0.773228] acpi PNP0A03:00: _OSC: OS supports [ASPM ClockPM Segments MSI HPX-Type3]
[    0.773678] acpi PNP0A03:00: fail to add MMCONFIG information, can't access extended PCI configuration space under this bridge.
[    0.776283] PCI host bridge to bus 0000:00
[    0.777668] pci_bus 0000:00: Unknown NUMA node; performance will be reduced
[    0.778817] pci_bus 0000:00: root bus resource [io  0x0000-0x0cf7 window]
[    0.779762] pci_bus 0000:00: root bus resource [io  0x0d00-0xffff window]
[    0.780743] pci_bus 0000:00: root bus resource [mem 0x000a0000-0x000bffff window]
[    0.781668] pci_bus 0000:00: root bus resource [mem 0xc0000000-0xfebfefff window]
[    0.782742] pci_bus 0000:00: root bus resource [bus 00-ff]
[    0.783612] pci 0000:00:00.0: [8086:1237] type 00 class 0x060000
[    0.790002] pci 0000:00:01.0: [8086:7110] type 00 class 0x060100
[    0.823941] pci 0000:00:01.3: [8086:7113] type 00 class 0x068000
[    0.857705] pci 0000:00:01.3: quirk: [io  0xb000-0xb03f] claimed by PIIX4 ACPI
[    0.859451] pci 0000:00:03.0: [1af4:1004] type 00 class 0x000000
[    0.875808] pci 0000:00:03.0: reg 0x10: [io  0xc040-0xc07f]
[    0.881671] pci 0000:00:03.0: reg 0x14: [mem 0xc0001000-0xc000107f]
[    0.908319] pci 0000:00:04.0: [1af4:1000] type 00 class 0x020000
[    0.921670] pci 0000:00:04.0: reg 0x10: [io  0xc000-0xc03f]
[    0.932146] pci 0000:00:04.0: reg 0x14: [mem 0xc0000000-0xc00007ff]
[    0.961896] pci 0000:00:05.0: [1af4:1005] type 00 class 0x00ff00
[    0.977670] pci 0000:00:05.0: reg 0x10: [io  0xc080-0xc09f]
[    0.983760] pci 0000:00:05.0: reg 0x14: [mem 0xc0002000-0xc000203f]
[    1.010299] ACPI: PCI Interrupt Link [LNKA] (IRQs 5 *10 11)
[    1.013067] ACPI: PCI Interrupt Link [LNKB] (IRQs 5 *10 11)
[    1.015608] ACPI: PCI Interrupt Link [LNKC] (IRQs 5 10 *11)
[    1.017720] ACPI: PCI Interrupt Link [LNKD] (IRQs 5 10 *11)
[    1.025683] ACPI: PCI Interrupt Link [LNKS] (IRQs *9)
[    1.027758] iommu: Default domain type: Translated 
[    1.029712] vgaarb: loaded
[    1.029712] Registered efivars operations
[    1.030441] NetLabel: Initializing
[    1.030909] NetLabel:  domain hash size = 128
[    1.031500] NetLabel:  protocols = UNLABELED CIPSOv4 CALIPSO
[    1.032280] NetLabel:  unlabeled traffic allowed by default
[    1.033028] PCI: Using ACPI for IRQ routing
[    1.033595] PCI: pci_cache_line_size set to 64 bytes
[    1.033675] e820: reserve RAM buffer [mem 0x00055000-0x0005ffff]
[    1.033676] e820: reserve RAM buffer [mem 0x00098000-0x0009ffff]
[    1.033677] e820: reserve RAM buffer [mem 0xbf6ed000-0xbfffffff]
[    1.033679] e820: reserve RAM buffer [mem 0xbffe0000-0xbfffffff]
[    1.033868] clocksource: Switched to clocksource kvm-clock
[    1.047546] VFS: Disk quotas dquot_6.6.0
[    1.048120] VFS: Dquot-cache hash table entries: 512 (order 0, 4096 bytes)
[    1.049242] AppArmor: AppArmor Filesystem Enabled
[    1.049892] pnp: PnP ACPI init
[    1.050362] pnp 00:00: Plug and Play ACPI device, IDs PNP0b00 (active)
[    1.050408] pnp 00:01: Plug and Play ACPI device, IDs PNP0303 (active)
[    1.050436] pnp 00:02: Plug and Play ACPI device, IDs PNP0f13 (active)
[    1.050471] pnp 00:03: Plug and Play ACPI device, IDs PNP0501 (active)
[    1.050499] pnp 00:04: Plug and Play ACPI device, IDs PNP0501 (active)
[    1.050525] pnp 00:05: Plug and Play ACPI device, IDs PNP0501 (active)
[    1.050553] pnp 00:06: Plug and Play ACPI device, IDs PNP0501 (active)
[    1.050690] pnp: PnP ACPI: found 7 devices
[    1.058298] clocksource: acpi_pm: mask: 0xffffff max_cycles: 0xffffff, max_idle_ns: 2085701024 ns
[    1.059602] NET: Registered protocol family 2
[    1.060873] IP idents hash table entries: 262144 (order: 9, 2097152 bytes, vmalloc)
[    1.064484] tcp_listen_portaddr_hash hash table entries: 65536 (order: 8, 1048576 bytes, vmalloc)
[    1.067900] TCP established hash table entries: 524288 (order: 10, 4194304 bytes, vmalloc)
[    1.070489] TCP bind hash table entries: 65536 (order: 8, 1048576 bytes, vmalloc)
[    1.071564] TCP: Hash tables configured (established 524288 bind 65536)
[    1.073178] UDP hash table entries: 65536 (order: 9, 2097152 bytes, vmalloc)
[    1.075373] UDP-Lite hash table entries: 65536 (order: 9, 2097152 bytes, vmalloc)
[    1.076884] NET: Registered protocol family 1
[    1.077485] NET: Registered protocol family 44
[    1.078099] pci_bus 0000:00: resource 4 [io  0x0000-0x0cf7 window]
[    1.078949] pci_bus 0000:00: resource 5 [io  0x0d00-0xffff window]
[    1.079902] pci_bus 0000:00: resource 6 [mem 0x000a0000-0x000bffff window]
[    1.080831] pci_bus 0000:00: resource 7 [mem 0xc0000000-0xfebfefff window]
[    1.081777] pci 0000:00:00.0: Limiting direct PCI/PCI transfers
[    1.082617] PCI: CLS 0 bytes, default 64
[    1.083203] Trying to unpack rootfs image as initramfs...
[    1.261152] Freeing initrd memory: 13832K
[    1.261803] PCI-DMA: Using software bounce buffering for IO (SWIOTLB)
[    1.262678] software IO TLB: mapped [mem 0x00000000b7ff7000-0x00000000bbff7000] (64MB)
[    1.263836] clocksource: tsc: mask: 0xffffffffffffffff max_cycles: 0x285d1c08117, max_idle_ns: 440795240852 ns
[    1.265365] clocksource: Switched to clocksource tsc
[    1.266909] Initialise system trusted keyrings
[    1.267559] Key type blacklist registered
[    1.268268] workingset: timestamp_bits=36 max_order=25 bucket_order=0
[    1.270804] zbud: loaded
[    1.271928] Key type asymmetric registered
[    1.272492] Asymmetric key parser 'x509' registered
[    1.273155] Block layer SCSI generic (bsg) driver version 0.4 loaded (major 252)
[    1.274258] io scheduler mq-deadline registered
[    1.278900] Serial: 8250/16550 driver, 4 ports, IRQ sharing enabled
[    1.279854] 00:03: ttyS0 at I/O 0x3f8 (irq = 4, base_baud = 115200) is a 16550A
[    1.281125] 00:04: ttyS1 at I/O 0x2f8 (irq = 3, base_baud = 115200) is a 16550A
[    1.282271] 00:05: ttyS2 at I/O 0x3e8 (irq = 6, base_baud = 115200) is a 16550A
[    1.283451] 00:06: ttyS3 at I/O 0x2e8 (irq = 7, base_baud = 115200) is a 16550A
[    1.289123] i8042: PNP: PS/2 Controller [PNP0303:KBD,PNP0f13:MOU] at 0x60,0x64 irq 1,12
[    1.290464] i8042: Warning: Keylock active
[    1.292352] serio: i8042 KBD port at 0x60,0x64 irq 1
[    1.293078] serio: i8042 AUX port at 0x60,0x64 irq 12
[    1.293835] rtc_cmos 00:00: RTC can wake from S4
[    1.295237] rtc_cmos 00:00: registered as rtc0
[    1.295995] rtc_cmos 00:00: setting system clock to 2023-12-30T00:10:20 UTC (1703895020)
[    1.297100] rtc_cmos 00:00: alarms up to one day, 114 bytes nvram
[    1.297920] intel_pstate: CPU model not supported
[    1.298907] NET: Registered protocol family 10
[    1.307370] Segment Routing with IPv6
[    1.307927] mip6: Mobile IPv6
[    1.308403] NET: Registered protocol family 17
[    1.309184] IPI shorthand broadcast: enabled
[    1.309801] sched_clock: Marking stable (1292756685, 16354150)->(1326721730, -17610895)
[    1.311153] registered taskstats version 1
[    1.312100] Loading compiled-in X.509 certificates
[    1.338361] Loaded X.509 cert 'Debian Secure Boot CA: 6ccece7e4c6c0d1f6149f3dd27dfcc5cbb419ea1'
[    1.339560] Loaded X.509 cert 'Debian Secure Boot Signer 2022 - linux: 14011249c2675ea8e5148542202005810584b25f'
[    1.341333] Key type .fscrypt registered
[    1.341890] Key type fscrypt-provisioning registered
[    1.342666] AppArmor: AppArmor sha1 policy hashing enabled
[    1.345212] Freeing unused decrypted memory: 2036K
[    1.346557] Freeing unused kernel image (initmem) memory: 2468K
[    1.364449] Write protecting the kernel read-only data: 22528k
[    1.366373] Freeing unused kernel image (text/rodata gap) memory: 2036K
[    1.367749] Freeing unused kernel image (rodata/data gap) memory: 1236K
[    1.369466] x86/mm: Checked W+X mappings: passed, no W+X pages found.
[    1.370403] Run /init as init process
[    1.370924]   with arguments:
[    1.370925]     /init
[    1.370925]   with environment:
[    1.370926]     HOME=/
[    1.370927]     TERM=linux
[    1.370928]     BOOT_IMAGE=/boot/vmlinuz-5.10.0-26-cloud-amd64
[    1.370928]     intel_iommu=off
[    1.418057] PCI Interrupt Link [LNKC] enabled at IRQ 11
[    1.418864] virtio-pci 0000:00:03.0: virtio_pci: leaving for legacy driver
[    1.427261] PCI Interrupt Link [LNKD] enabled at IRQ 10
[    1.428011] virtio-pci 0000:00:04.0: virtio_pci: leaving for legacy driver
[    1.436830] PCI Interrupt Link [LNKA] enabled at IRQ 10
[    1.437635] virtio-pci 0000:00:05.0: virtio_pci: leaving for legacy driver
[    1.480000] SCSI subsystem initialized
[    1.497302] input: AT Translated Set 2 keyboard as /devices/platform/i8042/serio0/input/input0
[    1.526260] scsi host0: Virtio SCSI HBA
[    1.549922] scsi 0:0:1:0: Direct-Access     Google   PersistentDisk   1    PQ: 0 ANSI: 6
[    1.763675] virtio_net virtio1 ens4: renamed from eth0
[    1.765717] sd 0:0:1:0: [sda] 20971520 512-byte logical blocks: (10.7 GB/10.0 GiB)
[    1.766733] sd 0:0:1:0: [sda] 4096-byte physical blocks
[    1.767467] sd 0:0:1:0: [sda] Write Protect is off
[    1.768113] sd 0:0:1:0: [sda] Mode Sense: 1f 00 00 08
[    1.768176] sd 0:0:1:0: [sda] Write cache: enabled, read cache: enabled, doesn't support DPO or FUA
[    1.808549]  sda: sda1 sda14 sda15
[    1.832876] sd 0:0:1:0: [sda] Attached SCSI disk
[    1.878463] gce-disk-expand: Resizing partition on 
[    1.897760] gce-disk-expand: Disk /dev/sda1 doesn't need resizing.
[    1.971282] EXT4-fs (sda1): mounted filesystem with ordered data mode. Opts: (null)
[    1.997583] Not activating Mandatory Access Control as /sbin/tomoyo-init does not exist.
[    2.177572] systemd[1]: Inserted module 'autofs4'
[    2.318571] systemd[1]: systemd 247.3-7+deb11u4 running in system mode. (+PAM +AUDIT +SELINUX +IMA +APPARMOR +SMACK +SYSVINIT +UTMP +LIBCRYPTSETUP +GCRYPT +GNUTLS +ACL +XZ +LZ4 +ZSTD +SECCOMP +BLKID +ELFUTILS +KMOD +IDN2 -IDN +PCRE2 default-hierarchy=unified)
[    2.321763] systemd[1]: Detected virtualization kvm.
[    2.322440] systemd[1]: Detected architecture x86-64.
[    2.336897] systemd[1]: Set hostname to <debian>.
[    2.340673] systemd[1]: Initializing machine ID from KVM UUID.
[    2.341516] systemd[1]: Installed transient /etc/machine-id file.
[    2.659157] systemd[1]: Queued start job for default target Graphical Interface.
[    2.661580] systemd[1]: Created slice system-getty.slice.
[    2.672678] systemd[1]: Created slice system-modprobe.slice.
[    2.684844] systemd[1]: Created slice system-serial\x2dgetty.slice.
[    2.696638] systemd[1]: Created slice system-systemd\x2dgrowfs.slice.
[    2.708606] systemd[1]: Created slice User and Session Slice.
[    2.720450] systemd[1]: Started Dispatch Password Requests to Console Directory Watch.
[    2.732446] systemd[1]: Started Forward Password Requests to Wall Directory Watch.
[    2.744557] systemd[1]: Set up automount Arbitrary Executable File Formats File System Automount Point.
[    2.756425] systemd[1]: Reached target Local Encrypted Volumes.
[    2.768427] systemd[1]: Reached target Paths.
[    2.780403] systemd[1]: Reached target Remote File Systems.
[    2.792397] systemd[1]: Reached target Slices.
[    2.804404] systemd[1]: Reached target Swap.
[    2.816398] systemd[1]: Reached target System Time Set.
[    2.828511] systemd[1]: Listening on Syslog Socket.
[    2.840496] systemd[1]: Listening on fsck to fsckd communication Socket.
[    2.852441] systemd[1]: Listening on initctl Compatibility Named Pipe.
[    2.864532] systemd[1]: Listening on Journal Audit Socket.
[    2.876482] systemd[1]: Listening on Journal Socket (/dev/log).
[    2.888498] systemd[1]: Listening on Journal Socket.
[    2.901106] systemd[1]: Listening on udev Control Socket.
[    2.912468] systemd[1]: Listening on udev Kernel Socket.
[    2.925165] systemd[1]: Mounting Huge Pages File System...
[    2.937079] systemd[1]: Mounting POSIX Message Queue File System...
[    2.949053] systemd[1]: Mounting Kernel Debug File System...
[    2.961172] systemd[1]: Mounting Kernel Trace File System...
[    2.973234] systemd[1]: Starting Create list of static device nodes for the current kernel...
[    2.985146] systemd[1]: Starting Load Kernel Module configfs...
[    2.997235] systemd[1]: Starting Load Kernel Module drm...
[    3.009029] systemd[1]: Starting Load Kernel Module fuse...
[    3.021281] fuse: init (API version 7.32)
[    3.021436] systemd[1]: Condition check resulted in Set Up Additional Binary Formats being skipped.
[    3.023135] systemd[1]: Condition check resulted in File System Check on Root Device being skipped.
[    3.026349] systemd[1]: Starting Journal Service...
[    3.041987] systemd[1]: Starting Load Kernel Modules...
[    3.053375] systemd[1]: Starting Remount Root and Kernel File Systems...
[    3.065343] systemd[1]: Starting Coldplug All udev Devices...
[    3.074752] EXT4-fs (sda1): re-mounted. Opts: discard,errors=remount-ro
[    3.077608] systemd[1]: Started Journal Service.
[    3.263327] EXT4-fs (sda1): resizing filesystem from 2588667 to 2588667 blocks
[    3.276765] systemd-journald[482]: Received client request to flush runtime journal.
[    3.555717] input: Power Button as /devices/LNXSYSTM:00/LNXPWRBN:00/input/input2
[    3.561072] pstore: Using crash dump compression: deflate
[    3.561816] pstore: Registered efi as persistent store backend
[    3.573751] tpm_tis MSFT0101:00: 2.0 TPM (device-id 0x9009, rev-id 0)
[    3.576109] sd 0:0:1:0: Attached scsi generic sg0 type 0
[    3.584422] ACPI: Power Button [PWRF]
[    3.585123] input: Sleep Button as /devices/LNXSYSTM:00/LNXSLPBN:00/input/input3
[    3.586220] ACPI: Sleep Button [SLPF]
[    3.589607] RAPL PMU: API unit is 2^-32 Joules, 0 fixed counters, 10737418240 ms ovfl timer
[    3.788934] cryptd: max_cpu_qlen set to 1000
[    3.805295] AVX2 version of gcm_enc/dec engaged.
[    3.806048] AES CTR mode by8 optimization enabled
[    4.130878] audit: type=1400 audit(1703895023.332:2): apparmor="STATUS" operation="profile_load" profile="unconfined" name="/usr/sbin/haveged" pid=654 comm="apparmor_parser"
[    4.141480] audit: type=1400 audit(1703895023.344:3): apparmor="STATUS" operation="profile_load" profile="unconfined" name="lsb_release" pid=659 comm="apparmor_parser"
[    4.143841] audit: type=1400 audit(1703895023.344:4): apparmor="STATUS" operation="profile_load" profile="unconfined" name="nvidia_modprobe" pid=653 comm="apparmor_parser"
[    4.145851] audit: type=1400 audit(1703895023.348:5): apparmor="STATUS" operation="profile_load" profile="unconfined" name="nvidia_modprobe//kmod" pid=653 comm="apparmor_parser"
[    4.159526] audit: type=1400 audit(1703895023.360:6): apparmor="STATUS" operation="profile_load" profile="unconfined" name="/usr/bin/man" pid=655 comm="apparmor_parser"
[    4.161549] audit: type=1400 audit(1703895023.360:7): apparmor="STATUS" operation="profile_load" profile="unconfined" name="man_filter" pid=655 comm="apparmor_parser"
[    4.163491] audit: type=1400 audit(1703895023.364:8): apparmor="STATUS" operation="profile_load" profile="unconfined" name="man_groff" pid=655 comm="apparmor_parser"
[    4.174676] audit: type=1400 audit(1703895023.376:9): apparmor="STATUS" operation="profile_load" profile="unconfined" name="/usr/sbin/chronyd" pid=658 comm="apparmor_parser"
[    4.205471] audit: type=1400 audit(1703895023.408:10): apparmor="STATUS" operation="profile_load" profile="unconfined" name="tcpdump" pid=657 comm="apparmor_parser"
[    8.848568] scsi 0:0:2:0: Direct-Access     Google   PersistentDisk   1    PQ: 0 ANSI: 6
[    8.849979] sd 0:0:2:0: Attached scsi generic sg1 type 0
[    8.850260] sd 0:0:2:0: [sdb] 10485760000 512-byte logical blocks: (5.37 TB/4.88 TiB)
[    8.851769] sd 0:0:2:0: [sdb] 4096-byte physical blocks
[    8.852538] sd 0:0:2:0: [sdb] Write Protect is off
[    8.853362] sd 0:0:2:0: [sdb] Mode Sense: 1f 00 00 08
[    8.853447] sd 0:0:2:0: [sdb] Write cache: enabled, read cache: enabled, doesn't support DPO or FUA
[    8.932814] sd 0:0:2:0: [sdb] Attached SCSI disk
[  106.271232] RPC: Registered named UNIX socket transport module.
[  106.277284] RPC: Registered udp transport module.
[  106.282099] RPC: Registered tcp transport module.
[  106.286924] RPC: Registered tcp NFSv4.1 backchannel transport module.
[  106.341604] Installing knfsd (copyright (C) 1996 okir@monad.swb.de).
[  107.939189] NFSD: Using UMH upcall client tracking operations.
[  107.946005] NFSD: starting 90-second grace period (net f0000098)
[  284.260228] FS-Cache: Loaded
[  284.288705] FS-Cache: Netfs 'nfs' registered for caching
[  284.297087] Key type dns_resolver registered
[  284.448064] NFS: Registering the id_resolver key type
[  284.453247] Key type id_resolver registered
[  284.457542] Key type id_legacy registered
[  940.874652] nfsd: last server has exited, flushing export cache
[  963.673055] sh (16393): drop_caches: 3
