[    0.000000] Linux version 5.19.0-rc5-xfstests-perf-00988-g8c6b42dcd7f8 (harshads@harshads.c.googlers.com) (gcc (Debian 13.2.0-5) 13.2.0, GNU ld (GNU Binutils for Debian) 2.41) #106 SMP PREEMPT_DYNAMIC Mon Jan 1 21:16:07 UTC 2024
[    0.000000] Command line: root=/dev/sda1 console=tty0 console=ttyS0,115200 earlyprintk=ttyS0,115200 consoleblank=0 intel_iommu=off
[    0.000000] x86/fpu: Supporting XSAVE feature 0x001: 'x87 floating point registers'
[    0.000000] x86/fpu: Supporting XSAVE feature 0x002: 'SSE registers'
[    0.000000] x86/fpu: Supporting XSAVE feature 0x004: 'AVX registers'
[    0.000000] x86/fpu: Supporting XSAVE feature 0x020: 'AVX-512 opmask'
[    0.000000] x86/fpu: Supporting XSAVE feature 0x040: 'AVX-512 Hi256'
[    0.000000] x86/fpu: Supporting XSAVE feature 0x080: 'AVX-512 ZMM_Hi256'
[    0.000000] x86/fpu: xstate_offset[2]:  576, xstate_sizes[2]:  256
[    0.000000] x86/fpu: xstate_offset[5]:  832, xstate_sizes[5]:   64
[    0.000000] x86/fpu: xstate_offset[6]:  896, xstate_sizes[6]:  512
[    0.000000] x86/fpu: xstate_offset[7]: 1408, xstate_sizes[7]: 1024
[    0.000000] x86/fpu: Enabled xstate features 0xe7, context size is 2432 bytes, using 'compacted' format.
[    0.000000] signal: max sigframe size: 3632
[    0.000000] BIOS-provided physical RAM map:
[    0.000000] BIOS-e820: [mem 0x0000000000000000-0x0000000000000fff] reserved
[    0.000000] BIOS-e820: [mem 0x0000000000001000-0x0000000000054fff] usable
[    0.000000] BIOS-e820: [mem 0x0000000000055000-0x000000000005ffff] reserved
[    0.000000] BIOS-e820: [mem 0x0000000000060000-0x0000000000097fff] usable
[    0.000000] BIOS-e820: [mem 0x0000000000098000-0x000000000009ffff] reserved
[    0.000000] BIOS-e820: [mem 0x0000000000100000-0x00000000bf6ecfff] usable
[    0.000000] BIOS-e820: [mem 0x00000000bf6ed000-0x00000000bf96cfff] reserved
[    0.000000] BIOS-e820: [mem 0x00000000bf96d000-0x00000000bf97efff] ACPI data
[    0.000000] BIOS-e820: [mem 0x00000000bf97f000-0x00000000bf9fefff] ACPI NVS
[    0.000000] BIOS-e820: [mem 0x00000000bf9ff000-0x00000000bffdffff] usable
[    0.000000] BIOS-e820: [mem 0x00000000bffe0000-0x00000000bfffffff] reserved
[    0.000000] BIOS-e820: [mem 0x0000000100000000-0x000000203fffffff] usable
[    0.000000] printk: bootconsole [earlyser0] enabled
[    0.000000] NX (Execute Disable) protection: active
[    0.000000] e820: update [mem 0x00100000-0x0010006f] usable ==> usable
[    0.000000] extended physical RAM map:
[    0.000000] reserve setup_data: [mem 0x0000000000000000-0x0000000000000fff] reserved
[    0.000000] reserve setup_data: [mem 0x0000000000001000-0x0000000000054fff] usable
[    0.000000] reserve setup_data: [mem 0x0000000000055000-0x000000000005ffff] reserved
[    0.000000] reserve setup_data: [mem 0x0000000000060000-0x0000000000097fff] usable
[    0.000000] reserve setup_data: [mem 0x0000000000098000-0x000000000009ffff] reserved
[    0.000000] reserve setup_data: [mem 0x0000000000100000-0x000000000010006f] usable
[    0.000000] reserve setup_data: [mem 0x0000000000100070-0x00000000bf6ecfff] usable
[    0.000000] reserve setup_data: [mem 0x00000000bf6ed000-0x00000000bf96cfff] reserved
[    0.000000] reserve setup_data: [mem 0x00000000bf96d000-0x00000000bf97efff] ACPI data
[    0.000000] reserve setup_data: [mem 0x00000000bf97f000-0x00000000bf9fefff] ACPI NVS
[    0.000000] reserve setup_data: [mem 0x00000000bf9ff000-0x00000000bffdffff] usable
[    0.000000] reserve setup_data: [mem 0x00000000bffe0000-0x00000000bfffffff] reserved
[    0.000000] reserve setup_data: [mem 0x0000000100000000-0x000000203fffffff] usable
[    0.000000] efi: EFI v2.70 by EDK II
[    0.000000] efi: TPMFinalLog=0xbf9f7000 ACPI=0xbf97e000 ACPI 2.0=0xbf97e014 SMBIOS=0xbf7ca000 MEMATTR=0xbdf7f018 
[    0.000000] SMBIOS 2.4 present.
[    0.000000] DMI: Google Google Compute Engine/Google Compute Engine, BIOS Google 11/17/2023
[    0.000000] Hypervisor detected: KVM
[    0.000000] kvm-clock: Using msrs 4b564d01 and 4b564d00
[    0.000002] kvm-clock: using sched offset of 532348289357 cycles
[    0.000847] clocksource: kvm-clock: mask: 0xffffffffffffffff max_cycles: 0x1cd42e4dffb, max_idle_ns: 881590591483 ns
[    0.003076] tsc: Detected 2800.232 MHz processor
[    0.003684] e820: update [mem 0x00000000-0x00000fff] usable ==> reserved
[    0.003688] e820: remove [mem 0x000a0000-0x000fffff] usable
[    0.003693] last_pfn = 0x2040000 max_arch_pfn = 0x400000000
[    0.004453] x86/PAT: Configuration [0-7]: WB  WC  UC- UC  WB  WP  UC- WT  
[    0.005738] x2apic: enabled by BIOS, switching to x2apic ops
[    0.006482] last_pfn = 0xbffe0 max_arch_pfn = 0x400000000
[    0.018750] Using GB pages for direct mapping
[    0.019474] Secure boot could not be determined
[    0.020058] ACPI: Early table checksum verification disabled
[    0.020782] ACPI: RSDP 0x00000000BF97E014 000024 (v02 Google)
[    0.021512] ACPI: XSDT 0x00000000BF97D0E8 00005C (v01 Google GOOGFACP 00000001      01000013)
[    0.022606] ACPI: FACP 0x00000000BF978000 0000F4 (v02 Google GOOGFACP 00000001 GOOG 00000001)
[    0.023739] ACPI: DSDT 0x00000000BF979000 001A64 (v01 Google GOOGDSDT 00000001 GOOG 00000001)
[    0.024841] ACPI: FACS 0x00000000BF9F1000 000040
[    0.025428] ACPI: SSDT 0x00000000BF97C000 000316 (v02 GOOGLE Tpm2Tabl 00001000 INTL 20211217)
[    0.026540] ACPI: TPM2 0x00000000BF97B000 000034 (v04 GOOGLE          00000001 GOOG 00000001)
[    0.027628] ACPI: SRAT 0x00000000BF977000 0002D0 (v03 Google GOOGSRAT 00000001 GOOG 00000001)
[    0.028716] ACPI: APIC 0x00000000BF976000 000166 (v05 Google GOOGAPIC 00000001 GOOG 00000001)
[    0.029822] ACPI: SSDT 0x00000000BF974000 0014DE (v01 Google GOOGSSDT 00000001 GOOG 00000001)
[    0.030910] ACPI: WAET 0x00000000BF973000 000028 (v01 Google GOOGWAET 00000001 GOOG 00000001)
[    0.032054] ACPI: Reserving FACP table memory at [mem 0xbf978000-0xbf9780f3]
[    0.032970] ACPI: Reserving DSDT table memory at [mem 0xbf979000-0xbf97aa63]
[    0.033884] ACPI: Reserving FACS table memory at [mem 0xbf9f1000-0xbf9f103f]
[    0.034799] ACPI: Reserving SSDT table memory at [mem 0xbf97c000-0xbf97c315]
[    0.035701] ACPI: Reserving TPM2 table memory at [mem 0xbf97b000-0xbf97b033]
[    0.036599] ACPI: Reserving SRAT table memory at [mem 0xbf977000-0xbf9772cf]
[    0.037534] ACPI: Reserving APIC table memory at [mem 0xbf976000-0xbf976165]
[    0.038561] ACPI: Reserving SSDT table memory at [mem 0xbf974000-0xbf9754dd]
[    0.039461] ACPI: Reserving WAET table memory at [mem 0xbf973000-0xbf973027]
[    0.040599] Setting APIC routing to cluster x2apic.
[    0.041260] SRAT: PXM 0 -> APIC 0x00 -> Node 0
[    0.041833] SRAT: PXM 0 -> APIC 0x01 -> Node 0
[    0.043001] SRAT: PXM 0 -> APIC 0x02 -> Node 0
[    0.043566] SRAT: PXM 0 -> APIC 0x03 -> Node 0
[    0.044162] SRAT: PXM 0 -> APIC 0x04 -> Node 0
[    0.044771] SRAT: PXM 0 -> APIC 0x05 -> Node 0
[    0.045340] SRAT: PXM 0 -> APIC 0x06 -> Node 0
[    0.045929] SRAT: PXM 0 -> APIC 0x07 -> Node 0
[    0.046495] SRAT: PXM 0 -> APIC 0x08 -> Node 0
[    0.047063] SRAT: PXM 0 -> APIC 0x09 -> Node 0
[    0.047630] SRAT: PXM 0 -> APIC 0x0a -> Node 0
[    0.048221] SRAT: PXM 0 -> APIC 0x0b -> Node 0
[    0.048788] SRAT: PXM 0 -> APIC 0x0c -> Node 0
[    0.049370] SRAT: PXM 0 -> APIC 0x0d -> Node 0
[    0.049936] SRAT: PXM 0 -> APIC 0x0e -> Node 0
[    0.050502] SRAT: PXM 0 -> APIC 0x0f -> Node 0
[    0.051072] SRAT: PXM 1 -> APIC 0x10 -> Node 1
[    0.051636] SRAT: PXM 1 -> APIC 0x11 -> Node 1
[    0.052202] SRAT: PXM 1 -> APIC 0x12 -> Node 1
[    0.052768] SRAT: PXM 1 -> APIC 0x13 -> Node 1
[    0.053346] SRAT: PXM 1 -> APIC 0x14 -> Node 1
[    0.053914] SRAT: PXM 1 -> APIC 0x15 -> Node 1
[    0.054481] SRAT: PXM 1 -> APIC 0x16 -> Node 1
[    0.055047] SRAT: PXM 1 -> APIC 0x17 -> Node 1
[    0.055633] SRAT: PXM 1 -> APIC 0x18 -> Node 1
[    0.056201] SRAT: PXM 1 -> APIC 0x19 -> Node 1
[    0.056768] SRAT: PXM 1 -> APIC 0x1a -> Node 1
[    0.057345] SRAT: PXM 1 -> APIC 0x1b -> Node 1
[    0.057913] SRAT: PXM 1 -> APIC 0x1c -> Node 1
[    0.058516] SRAT: PXM 1 -> APIC 0x1d -> Node 1
[    0.059090] SRAT: PXM 1 -> APIC 0x1e -> Node 1
[    0.059660] SRAT: PXM 1 -> APIC 0x1f -> Node 1
[    0.060231] ACPI: SRAT: Node 0 PXM 0 [mem 0x00000000-0x0009ffff]
[    0.061011] ACPI: SRAT: Node 0 PXM 0 [mem 0x00100000-0xbfffffff]
[    0.061799] ACPI: SRAT: Node 0 PXM 0 [mem 0x100000000-0x103fffffff]
[    0.062610] ACPI: SRAT: Node 1 PXM 1 [mem 0x1040000000-0x203fffffff]
[    0.063421] NUMA: Node 0 [mem 0x00000000-0x0009ffff] + [mem 0x00100000-0xbfffffff] -> [mem 0x00000000-0xbfffffff]
[    0.065161] NUMA: Node 0 [mem 0x00000000-0xbfffffff] + [mem 0x100000000-0x103fffffff] -> [mem 0x00000000-0x103fffffff]
[    0.066767] NODE_DATA(0) allocated [mem 0x103fffb000-0x103fffffff]
[    0.067627] NODE_DATA(1) allocated [mem 0x203fffb000-0x203fffffff]
[    0.068546] Zone ranges:
[    0.068902]   DMA      [mem 0x0000000000001000-0x0000000000ffffff]
[    0.069694]   DMA32    [mem 0x0000000001000000-0x00000000ffffffff]
[    0.070478]   Normal   [mem 0x0000000100000000-0x000000203fffffff]
[    0.071279]   Device   empty
[    0.071645] Movable zone start for each node
[    0.072306] Early memory node ranges
[    0.072769]   node   0: [mem 0x0000000000001000-0x0000000000054fff]
[    0.073579]   node   0: [mem 0x0000000000060000-0x0000000000097fff]
[    0.074438]   node   0: [mem 0x0000000000100000-0x00000000bf6ecfff]
[    0.075275]   node   0: [mem 0x00000000bf9ff000-0x00000000bffdffff]
[    0.076077]   node   0: [mem 0x0000000100000000-0x000000103fffffff]
[    0.076967]   node   1: [mem 0x0000001040000000-0x000000203fffffff]
[    0.077809] Initmem setup node 0 [mem 0x0000000000001000-0x000000103fffffff]
[    0.078731] Initmem setup node 1 [mem 0x0000001040000000-0x000000203fffffff]
[    0.079648] On node 0, zone DMA: 1 pages in unavailable ranges
[    0.079651] On node 0, zone DMA: 11 pages in unavailable ranges
[    0.080417] On node 0, zone DMA: 104 pages in unavailable ranges
[    0.086762] On node 0, zone DMA32: 786 pages in unavailable ranges
[    0.202791] On node 0, zone Normal: 32 pages in unavailable ranges
[    0.378089] ACPI: PM-Timer IO Port: 0xb008
[    0.379532] ACPI: LAPIC_NMI (acpi_id[0xff] dfl dfl lint[0x1])
[    0.380325] IOAPIC[0]: apic_id 0, version 17, address 0xfec00000, GSI 0-23
[    0.381211] ACPI: INT_SRC_OVR (bus 0 bus_irq 5 global_irq 5 high level)
[    0.382090] ACPI: INT_SRC_OVR (bus 0 bus_irq 9 global_irq 9 high level)
[    0.382932] ACPI: INT_SRC_OVR (bus 0 bus_irq 10 global_irq 10 high level)
[    0.383809] ACPI: INT_SRC_OVR (bus 0 bus_irq 11 global_irq 11 high level)
[    0.384680] ACPI: Using ACPI (MADT) for SMP configuration information
[    0.385500] smpboot: Allowing 32 CPUs, 0 hotplug CPUs
[    0.386170] [mem 0xc0000000-0xffffffff] available for PCI devices
[    0.386954] Booting paravirtualized kernel on KVM
[    0.387582] clocksource: refined-jiffies: mask: 0xffffffff max_cycles: 0xffffffff, max_idle_ns: 6370452778343963 ns
[    0.394045] setup_percpu: NR_CPUS:48 nr_cpumask_bits:48 nr_cpu_ids:32 nr_node_ids:2
[    0.397755] percpu: Embedded 51 pages/cpu s179048 r0 d29848 u262144
[    0.398580] pcpu-alloc: s179048 r0 d29848 u262144 alloc=1*2097152
[    0.398583] pcpu-alloc: [0] 00 01 02 03 04 05 06 07 [0] 16 17 18 19 20 21 22 23 
[    0.398592] pcpu-alloc: [1] 08 09 10 11 12 13 14 15 [1] 24 25 26 27 28 29 30 31 
[    0.398617] kvm-guest: PV spinlocks enabled
[    0.399156] PV qspinlock hash table entries: 256 (order: 0, 4096 bytes, linear)
[    0.400095] Fallback order for Node 0: 0 1 
[    0.400639] Fallback order for Node 1: 1 0 
[    0.401211] Built 2 zonelists, mobility grouping on.  Total pages: 33029080
[    0.402096] Policy zone: Normal
[    0.402497] Kernel command line: root=/dev/sda1 console=tty0 console=ttyS0,115200 earlyprintk=ttyS0,115200 consoleblank=0 intel_iommu=off
[    0.404143] Unknown kernel command line parameters "intel_iommu=off", will be passed to user space.
[    0.405304] printk: log_buf_len individual max cpu contribution: 4096 bytes
[    0.406215] printk: log_buf_len total cpu_extra contributions: 126976 bytes
[    0.407121] printk: log_buf_len min size: 131072 bytes
[    0.408270] printk: log_buf_len: 262144 bytes
[    0.408846] printk: early log buf free: 119744(91%)
[    0.409882] mem auto-init: stack:all(zero), heap alloc:off, heap free:off
[    0.722679] Memory: 132009036K/134213992K available (16401K kernel code, 2641K rwdata, 3428K rodata, 1540K init, 1152K bss, 2204696K reserved, 0K cma-reserved)
[    0.725411] ftrace: allocating 44541 entries in 174 pages
[    0.736683] ftrace: allocated 174 pages with 5 groups
[    0.738942] Dynamic Preempt: none
[    0.739514] rcu: Preemptible hierarchical RCU implementation.
[    0.740252] rcu: 	RCU event tracing is enabled.
[    0.740867] rcu: 	RCU restricting CPUs from NR_CPUS=48 to nr_cpu_ids=32.
[    0.741738] 	Trampoline variant of Tasks RCU enabled.
[    0.742381] 	Rude variant of Tasks RCU enabled.
[    0.742959] 	Tracing variant of Tasks RCU enabled.
[    0.743593] rcu: RCU calculated value of scheduler-enlistment delay is 30 jiffies.
[    0.744560] rcu: Adjusting geometry for rcu_fanout_leaf=16, nr_cpu_ids=32
[    0.750066] NR_IRQS: 4352, nr_irqs: 680, preallocated irqs: 16
[    0.751106] rcu: srcu_init: Setting srcu_struct sizes based on contention.
[    0.752024] random: crng init done
[    0.753436] Console: colour dummy device 80x25
[    0.754252] printk: console [tty0] enabled
[    0.754818] printk: console [ttyS0] enabled
[    0.755924] printk: bootconsole [earlyser0] disabled
[    0.757308] ACPI: Core revision 20220331
[    0.757940] APIC: Switch to symmetric I/O mode setup
[    0.762108] Switched APIC routing to physical x2apic.
[    0.766914] ..TIMER: vector=0x30 apic1=0 pin1=0 apic2=-1 pin2=-1
[    0.767966] clocksource: tsc-early: mask: 0xffffffffffffffff max_cycles: 0x285d1c08117, max_idle_ns: 440795240852 ns
[    0.769355] Calibrating delay loop (skipped) preset value.. 5602.81 BogoMIPS (lpj=9334106)
[    0.770449] pid_max: default: 32768 minimum: 301
[    0.771216] LSM: Security Framework initializing
[    0.783164] Dentry cache hash table entries: 8388608 (order: 14, 67108864 bytes, vmalloc hugepage)
[    0.789574] Inode-cache hash table entries: 4194304 (order: 13, 33554432 bytes, vmalloc hugepage)
[    0.790979] Mount-cache hash table entries: 131072 (order: 8, 1048576 bytes, vmalloc)
[    0.792226] Mountpoint-cache hash table entries: 131072 (order: 8, 1048576 bytes, vmalloc)
[    0.793750] Last level iTLB entries: 4KB 64, 2MB 8, 4MB 8
[    0.794521] Last level dTLB entries: 4KB 64, 2MB 0, 4MB 0, 1GB 4
[    0.796030] Spectre V1 : Mitigation: usercopy/swapgs barriers and __user pointer sanitization
[    0.797301] Spectre V2 : Mitigation: Enhanced IBRS
[    0.797948] Spectre V2 : Spectre v2 / SpectreRSB mitigation: Filling RSB on context switch
[    0.799040] Spectre V2 : mitigation: Enabling conditional Indirect Branch Prediction Barrier
[    0.799355] Speculative Store Bypass: Mitigation: Speculative Store Bypass disabled via prctl
[    0.800487] MDS: Mitigation: Clear CPU buffers
[    0.801090] TAA: Mitigation: Clear CPU buffers
[    0.801691] MMIO Stale Data: Vulnerable: Clear CPU buffers attempted, no microcode
[    0.807702] Freeing SMP alternatives memory: 48K
[    0.915156] smpboot: CPU0: Intel(R) Xeon(R) CPU @ 2.80GHz (family: 0x6, model: 0x55, stepping: 0x7)
[    0.916018] cblist_init_generic: Setting adjustable number of callback queues.
[    0.916018] cblist_init_generic: Setting shift to 5 and lim to 1.
[    0.916018] cblist_init_generic: Setting shift to 5 and lim to 1.
[    0.916039] cblist_init_generic: Setting shift to 5 and lim to 1.
[    0.916868] Performance Events: unsupported p6 CPU model 85 no PMU driver, software events only.
[    0.918072] rcu: Hierarchical SRCU implementation.
[    0.919438] NMI watchdog: Perf NMI watchdog permanently disabled
[    0.920678] smp: Bringing up secondary CPUs ...
[    0.921423] x86: Booting SMP configuration:
[    0.921992] .... node  #0, CPUs:        #1  #2  #3  #4  #5  #6  #7
[    0.927041] .... node  #1, CPUs:    #8
[    0.014016] smpboot: CPU 8 Converting physical 0 to logical die 1
[    0.932857]   #9 #10 #11 #12 #13 #14 #15
[    0.936855] .... node  #0, CPUs:   #16
[    0.937416] MDS CPU bug present and SMT on, data leak possible. See https://www.kernel.org/doc/html/latest/admin-guide/hw-vuln/mds.html for more details.
[    0.941149] TAA CPU bug present and SMT on, data leak possible. See https://www.kernel.org/doc/html/latest/admin-guide/hw-vuln/tsx_async_abort.html for more details.
[    0.942688] MMIO Stale Data CPU bug present and SMT on, data leak possible. See https://www.kernel.org/doc/html/latest/admin-guide/hw-vuln/processor_mmio_stale_data.html for more details.
[    0.945002]  #17 #18 #19 #20 #21 #22 #23
[    0.950047] .... node  #1, CPUs:   #24 #25 #26 #27 #28 #29 #30 #31
[    0.953273] smp: Brought up 2 nodes, 32 CPUs
[    0.956603] smpboot: Max logical packages: 2
[    0.957182] smpboot: Total of 32 processors activated (179286.12 BogoMIPS)
[    0.964111] devtmpfs: initialized
[    0.964111] x86/mm: Memory block size: 1024MB
[    0.966422] clocksource: jiffies: mask: 0xffffffff max_cycles: 0xffffffff, max_idle_ns: 6370867519511994 ns
[    0.967375] futex hash table entries: 8192 (order: 7, 524288 bytes, vmalloc)
[    0.968605] NET: Registered PF_NETLINK/PF_ROUTE protocol family
[    0.969530] thermal_sys: Registered thermal governor 'step_wise'
[    0.969550] cpuidle: using governor menu
[    0.970798] PCI: Using configuration type 1 for base access
[    0.972750] cryptd: max_cpu_qlen set to 1000
[    1.026136] raid6: avx512x4 gen() 18714 MB/s
[    1.082803] raid6: avx512x2 gen() 18301 MB/s
[    1.139470] raid6: avx512x1 gen() 18722 MB/s
[    1.196141] raid6: avx2x4   gen() 18729 MB/s
[    1.252803] raid6: avx2x2   gen() 18692 MB/s
[    1.309470] raid6: avx2x1   gen() 14370 MB/s
[    1.310077] raid6: using algorithm avx2x4 gen() 18729 MB/s
[    1.366138] raid6: .... xor() 7810 MB/s, rmw enabled
[    1.366837] raid6: using avx512x2 recovery algorithm
[    1.367576] ACPI: Added _OSI(Module Device)
[    1.368145] ACPI: Added _OSI(Processor Device)
[    1.368768] ACPI: Added _OSI(3.0 _SCP Extensions)
[    1.369354] ACPI: Added _OSI(Processor Aggregator Device)
[    1.370079] ACPI: Added _OSI(Linux-Dell-Video)
[    1.370681] ACPI: Added _OSI(Linux-Lenovo-NV-HDMI-Audio)
[    1.371397] ACPI: Added _OSI(Linux-HPI-Hybrid-Graphics)
[    1.373601] ACPI: 3 ACPI AML tables successfully acquired and loaded
[    1.379354] ACPI: Interpreter enabled
[    1.379354] ACPI: PM: (supports S0 S5)
[    1.379354] ACPI: Using IOAPIC for interrupt routing
[    1.379354] PCI: Using host bridge windows from ACPI; if necessary, use "pci=nocrs" and report a bug
[    1.382688] PCI: Ignoring E820 reservations for host bridge windows
[    1.383705] ACPI: Enabled 16 GPEs in block 00 to 0F
[    1.384575] ACPI: PCI Root Bridge [PCI0] (domain 0000 [bus 00-ff])
[    1.385410] acpi PNP0A03:00: _OSC: OS supports [ASPM ClockPM Segments MSI HPX-Type3]
[    1.389356] acpi PNP0A03:00: PCIe port services disabled; not requesting _OSC control
[    1.390523] PCI host bridge to bus 0000:00
[    1.391082] pci_bus 0000:00: Unknown NUMA node; performance will be reduced
[    1.392007] pci_bus 0000:00: root bus resource [io  0x0000-0x0cf7 window]
[    1.392688] pci_bus 0000:00: root bus resource [io  0x0d00-0xffff window]
[    1.393610] pci_bus 0000:00: root bus resource [mem 0x000a0000-0x000bffff window]
[    1.394606] pci_bus 0000:00: root bus resource [mem 0xc0000000-0xfebfefff window]
[    1.396022] pci_bus 0000:00: root bus resource [bus 00-ff]
[    1.396802] pci 0000:00:00.0: [8086:1237] type 00 class 0x060000
[    1.403008] pci 0000:00:01.0: [8086:7110] type 00 class 0x060100
[    1.442689] pci 0000:00:01.3: [8086:7113] type 00 class 0x068000
[    1.485128] pci 0000:00:01.3: quirk: [io  0xb000-0xb03f] claimed by PIIX4 ACPI
[    1.486256] pci 0000:00:03.0: [1af4:1004] type 00 class 0x000000
[    1.501923] pci 0000:00:03.0: reg 0x10: [io  0xc040-0xc07f]
[    1.512689] pci 0000:00:03.0: reg 0x14: [mem 0xc0102000-0xc010207f]
[    1.542966] pci 0000:00:04.0: [1ae0:001f] type 00 class 0x010802
[    1.562687] pci 0000:00:04.0: reg 0x10: [mem 0xc0000000-0xc0003fff 64bit]
[    1.582505] pci 0000:00:04.0: reg 0x20: [mem 0xc0101000-0xc01011ff]
[    1.596022] pci 0000:00:05.0: [1af4:1000] type 00 class 0x020000
[    1.612689] pci 0000:00:05.0: reg 0x10: [io  0xc000-0xc03f]
[    1.622688] pci 0000:00:05.0: reg 0x14: [mem 0xc0100000-0xc01007ff]
[    1.675499] pci 0000:00:06.0: [1af4:1005] type 00 class 0x00ff00
[    1.689364] pci 0000:00:06.0: reg 0x10: [io  0xc080-0xc09f]
[    1.702689] pci 0000:00:06.0: reg 0x14: [mem 0xc0103000-0xc010303f]
[    1.733410] ACPI: PCI: Interrupt link LNKA configured for IRQ 10
[    1.736096] ACPI: PCI: Interrupt link LNKB configured for IRQ 11
[    1.739439] ACPI: PCI: Interrupt link LNKC configured for IRQ 10
[    1.742768] ACPI: PCI: Interrupt link LNKD configured for IRQ 11
[    1.746061] ACPI: PCI: Interrupt link LNKS configured for IRQ 9
[    1.749457] SCSI subsystem initialized
[    1.750061] Registered efivars operations
[    1.752826] PCI: Using ACPI for IRQ routing
[    1.753398] PCI: pci_cache_line_size set to 64 bytes
[    1.753492] e820: reserve RAM buffer [mem 0x00055000-0x0005ffff]
[    1.753494] e820: reserve RAM buffer [mem 0x00098000-0x0009ffff]
[    1.753495] e820: reserve RAM buffer [mem 0xbf6ed000-0xbfffffff]
[    1.753497] e820: reserve RAM buffer [mem 0xbffe0000-0xbfffffff]
[    1.753513] vgaarb: loaded
[    1.753513] clocksource: Switched to clocksource kvm-clock
[    1.753661] VFS: Disk quotas dquot_6.6.0
[    1.754263] VFS: Dquot-cache hash table entries: 512 (order 0, 4096 bytes)
[    1.755243] pnp: PnP ACPI init
[    1.756101] pnp: PnP ACPI: found 7 devices
[    1.763304] clocksource: acpi_pm: mask: 0xffffff max_cycles: 0xffffff, max_idle_ns: 2085701024 ns
[    1.764542] NET: Registered PF_INET protocol family
[    1.765910] IP idents hash table entries: 262144 (order: 9, 2097152 bytes, vmalloc)
[    1.769434] tcp_listen_portaddr_hash hash table entries: 65536 (order: 8, 1048576 bytes, vmalloc)
[    1.770857] Table-perturb hash table entries: 65536 (order: 6, 262144 bytes, vmalloc)
[    1.771915] TCP established hash table entries: 524288 (order: 10, 4194304 bytes, vmalloc hugepage)
[    1.773795] TCP bind hash table entries: 65536 (order: 8, 1048576 bytes, vmalloc)
[    1.774999] TCP: Hash tables configured (established 524288 bind 65536)
[    1.775986] UDP hash table entries: 65536 (order: 9, 2097152 bytes, vmalloc)
[    1.777372] UDP-Lite hash table entries: 65536 (order: 9, 2097152 bytes, vmalloc)
[    1.779010] NET: Registered PF_UNIX/PF_LOCAL protocol family
[    1.780020] RPC: Registered named UNIX socket transport module.
[    1.780814] RPC: Registered udp transport module.
[    1.781453] RPC: Registered tcp transport module.
[    1.782088] RPC: Registered tcp NFSv4.1 backchannel transport module.
[    1.782958] pci_bus 0000:00: resource 4 [io  0x0000-0x0cf7 window]
[    1.783785] pci_bus 0000:00: resource 5 [io  0x0d00-0xffff window]
[    1.784621] pci_bus 0000:00: resource 6 [mem 0x000a0000-0x000bffff window]
[    1.785534] pci_bus 0000:00: resource 7 [mem 0xc0000000-0xfebfefff window]
[    1.786503] pci 0000:00:00.0: Limiting direct PCI/PCI transfers
[    1.787350] PCI: CLS 0 bytes, default 64
[    1.787937] PCI-DMA: Using software bounce buffering for IO (SWIOTLB)
[    1.788817] software IO TLB: mapped [mem 0x00000000b9f7f000-0x00000000bdf7f000] (64MB)
[    1.790998] RAPL PMU: API unit is 2^-32 Joules, 0 fixed counters, 10737418240 ms ovfl timer
[    1.792164] clocksource: tsc: mask: 0xffffffffffffffff max_cycles: 0x285d1c08117, max_idle_ns: 440795240852 ns
[    1.793648] clocksource: Switched to clocksource tsc
[    1.794680] Initialise system trusted keyrings
[    1.795424] workingset: timestamp_bits=40 max_order=25 bucket_order=0
[    1.797644] NFS: Registering the id_resolver key type
[    1.798751] Key type id_resolver registered
[    1.799320] Key type id_legacy registered
[    1.799924] Installing knfsd (copyright (C) 1996 okir@monad.swb.de).
[    1.800966] ntfs: driver 2.1.32 [Flags: R/W].
[    1.801672] fuse: init (API version 7.36)
[    1.802399] JFS: nTxBlock = 8192, nTxLock = 65536
[    1.805260] SGI XFS with ACLs, security attributes, realtime, scrub, repair, quota, no debug enabled
[    1.806808] 9p: Installing v9fs 9p2000 file system support
[    1.807618] NILFS version 2 loaded
[    1.808133] ocfs2: Registered cluster interface o2cb
[    1.808872] OCFS2 User DLM kernel interface loaded
[    1.809760] xor: automatically using best checksumming function   avx       
[    1.810725] Key type asymmetric registered
[    1.811284] Asymmetric key parser 'x509' registered
[    1.812000] Block layer SCSI generic (bsg) driver version 0.4 loaded (major 249)
[    1.813004] io scheduler mq-deadline registered
[    1.813618] io scheduler kyber registered
[    1.816104] input: Power Button as /devices/LNXSYSTM:00/LNXPWRBN:00/input/input0
[    1.817138] ACPI: button: Power Button [PWRF]
[    1.817774] input: Sleep Button as /devices/LNXSYSTM:00/LNXSLPBN:00/input/input1
[    1.818791] ACPI: button: Sleep Button [SLPF]
[    1.824322] ACPI: \_SB_.LNKC: Enabled at IRQ 10
[    1.827305] virtio-pci 0000:00:03.0: virtio_pci: leaving for legacy driver
[    1.838157] ACPI: \_SB_.LNKA: Enabled at IRQ 11
[    1.841423] virtio-pci 0000:00:05.0: virtio_pci: leaving for legacy driver
[    1.853757] ACPI: \_SB_.LNKB: Enabled at IRQ 11
[    1.856771] virtio-pci 0000:00:06.0: virtio_pci: leaving for legacy driver
[    1.865092] Serial: 8250/16550 driver, 32 ports, IRQ sharing disabled
[    1.866099] 00:03: ttyS0 at I/O 0x3f8 (irq = 4, base_baud = 115200) is a 16550A
[    1.867205] 00:04: ttyS1 at I/O 0x2f8 (irq = 3, base_baud = 115200) is a 16550A
[    1.868318] 00:05: ttyS2 at I/O 0x3e8 (irq = 6, base_baud = 115200) is a 16550A
[    1.869436] 00:06: ttyS3 at I/O 0x2e8 (irq = 7, base_baud = 115200) is a 16550A
[    1.892419] tpm_tis MSFT0101:00: 2.0 TPM (device-id 0x9009, rev-id 0)
[    1.905833] loop: module loaded
[    1.925514] scsi host0: Virtio SCSI HBA
[    1.930563] scsi 0:0:1:0: Direct-Access     Google   PersistentDisk   1    PQ: 0 ANSI: 6
[    1.931997] scsi 0:0:2:0: Direct-Access     Google   PersistentDisk   1    PQ: 0 ANSI: 6
[    1.946649] sd 0:0:1:0: [sda] 20971520 512-byte logical blocks: (10.7 GB/10.0 GiB)
[    1.946675] sd 0:0:2:0: [sdb] 10485760000 512-byte logical blocks: (5.37 TB/4.88 TiB)
[    1.946865] nvme nvme0: pci function 0000:00:04.0
[    1.948873] sd 0:0:1:0: [sda] 4096-byte physical blocks
[    1.951044] sd 0:0:1:0: [sda] Write Protect is off
[    1.957394] sd 0:0:2:0: [sdb] 4096-byte physical blocks
[    1.957482] ACPI: \_SB_.LNKD: Enabled at IRQ 10
[    1.957500] sd 0:0:2:0: [sdb] Write Protect is off
[    1.957502] sd 0:0:2:0: [sdb] Mode Sense: 1f 00 00 08
[    1.957609] sd 0:0:2:0: [sdb] Write cache: enabled, read cache: enabled, doesn't support DPO or FUA
[    1.958100] sd 0:0:1:0: [sda] Mode Sense: 1f 00 00 08
[    1.961709]  sdb: sdb1 sdb2
[    1.964546] sd 0:0:1:0: [sda] Write cache: enabled, read cache: enabled, doesn't support DPO or FUA
[    1.968350] sd 0:0:2:0: [sdb] Attached SCSI disk
[    1.991413]  sda: sda1 sda14 sda15
[    1.998044] sd 0:0:1:0: [sda] Attached SCSI disk
[    2.111280] nvme nvme0: 15/0/0 default/read/poll queues
[    2.154156]  nvme0n1: p1 p2
[    2.299896] i8042: PNP: PS/2 Controller [PNP0303:KBD,PNP0f13:MOU] at 0x60,0x64 irq 1,12
[    2.301228] i8042: Warning: Keylock active
[    2.303702] serio: i8042 KBD port at 0x60,0x64 irq 1
[    2.304396] serio: i8042 AUX port at 0x60,0x64 irq 12
[    2.305146] device-mapper: core: CONFIG_IMA_DISABLE_HTABLE is disabled. Duplicate IMA measurements will not be recorded in the IMA log.
[    2.306974] device-mapper: ioctl: 4.46.0-ioctl (2022-02-22) initialised: dm-devel@redhat.com
[    2.308233] intel_pstate: CPU model not supported
[    2.308874] EFI Variables Facility v0.08 2004-May-17
[    2.315041] NET: Registered PF_INET6 protocol family
[    2.316220] Segment Routing with IPv6
[    2.316736] In-situ OAM (IOAM) with IPv6
[    2.317290] sit: IPv6, IPv4 and MPLS over IPv4 tunneling driver
[    2.318267] NET: Registered PF_PACKET protocol family
[    2.319005] 9pnet: Installing 9P2000 support
[    2.319615] Key type dns_resolver registered
[    2.323466] IPI shorthand broadcast: enabled
[    2.324159] AVX2 version of gcm_enc/dec engaged.
[    2.325328] AES CTR mode by8 optimization enabled
[    2.326550] sched_clock: Marking stable (2315836949, 10683614)->(2345995398, -19474835)
[    2.328717] Loading compiled-in X.509 certificates
[    2.329605] Key type ._fscrypt registered
[    2.330176] Key type .fscrypt registered
[    2.330711] Key type fscrypt-provisioning registered
[    2.333119] Btrfs loaded, crc32c=crc32c-intel, assert=on, zoned=no, fsverity=yes
[    2.334699] Key type encrypted registered
[    2.335258] ima: Allocated hash algorithm: sha1
[    2.368098] ima: No architecture policies found
[    2.369030] evm: Initialising EVM extended attributes:
[    2.369754] evm: security.selinux (disabled)
[    2.370364] evm: security.SMACK64 (disabled)
[    2.370953] evm: security.SMACK64EXEC (disabled)
[    2.371577] evm: security.SMACK64TRANSMUTE (disabled)
[    2.372255] evm: security.SMACK64MMAP (disabled)
[    2.372884] evm: security.apparmor (disabled)
[    2.373475] evm: security.ima
[    2.373886] evm: security.capability
[    2.374377] evm: HMAC attrs: 0x1
[    2.509785] input: AT Translated Set 2 keyboard as /devices/platform/i8042/serio0/input/input2
[    2.634940] EXT4-fs (sda1): INFO: recovery required on readonly filesystem
[    2.635887] EXT4-fs (sda1): write access will be enabled during recovery
[    3.174053] EXT4-fs (sda1): recovery complete
[    3.175770] EXT4-fs (sda1): mounted filesystem with ordered data mode. Quota mode: none.
[    3.176876] VFS: Mounted root (ext4 filesystem) readonly on device 8:1.
[    3.178942] Freeing unused kernel image (initmem) memory: 1540K
[    3.179754] Write protecting the kernel read-only data: 22528k
[    3.181792] Freeing unused kernel image (text/rodata gap) memory: 2028K
[    3.183123] Freeing unused kernel image (rodata/data gap) memory: 668K
[    3.184001] Run /sbin/init as init process
[    3.184560]   with arguments:
[    3.184561]     /sbin/init
[    3.184561]   with environment:
[    3.184562]     HOME=/
[    3.184563]     TERM=linux
[    3.184563]     intel_iommu=off
[    3.563998] systemd[1]: systemd 247.3-7+deb11u4 running in system mode. (+PAM +AUDIT +SELINUX +IMA +APPARMOR +SMACK +SYSVINIT +UTMP +LIBCRYPTSETUP +GCRYPT +GNUTLS +ACL +XZ +LZ4 +ZSTD +SECCOMP +BLKID +ELFUTILS +KMOD +IDN2 -IDN +PCRE2 default-hierarchy=unified)
[    3.567057] systemd[1]: Detected virtualization kvm.
[    3.567732] systemd[1]: Detected architecture x86-64.
[    3.583332] systemd[1]: Set hostname to <debian>.
[    4.182927] systemd[1]: Condition check resulted in System Slice being skipped.
[    4.183955] systemd[1]: Condition check resulted in Root Slice being skipped.
[    4.185393] systemd[1]: Queued start job for default target Graphical Interface.
[    4.187537] systemd[1]: Created slice system-getty.slice.
[    4.199700] systemd[1]: Created slice system-modprobe.slice.
[    4.212938] systemd[1]: Created slice system-serial\x2dgetty.slice.
[    4.226261] systemd[1]: Created slice system-systemd\x2dgrowfs.slice.
[    4.239618] systemd[1]: Created slice User and Session Slice.
[    4.252832] systemd[1]: Started Dispatch Password Requests to Console Directory Watch.
[    4.266117] systemd[1]: Started Forward Password Requests to Wall Directory Watch.
[    4.279456] systemd[1]: Condition check resulted in Arbitrary Executable File Formats File System Automount Point being skipped.
[    4.281017] systemd[1]: Reached target Local Encrypted Volumes.
[    4.296098] systemd[1]: Reached target Paths.
[    4.309409] systemd[1]: Reached target Slices.
[    4.322774] systemd[1]: Reached target Swap.
[    4.336102] systemd[1]: Reached target System Time Set.
[    4.352774] systemd[1]: Listening on RPCbind Server Activation Socket.
[    4.366226] systemd[1]: Listening on Syslog Socket.
[    4.379483] systemd[1]: Listening on fsck to fsckd communication Socket.
[    4.392797] systemd[1]: Listening on initctl Compatibility Named Pipe.
[    4.406142] systemd[1]: Condition check resulted in Journal Audit Socket being skipped.
[    4.407433] systemd[1]: Listening on Journal Socket (/dev/log).
[    4.419507] systemd[1]: Listening on Journal Socket.
[    4.435659] systemd[1]: Listening on udev Control Socket.
[    4.449466] systemd[1]: Listening on udev Kernel Socket.
[    4.462839] systemd[1]: Condition check resulted in Huge Pages File System being skipped.
[    4.464722] systemd[1]: Mounting POSIX Message Queue File System...
[    4.480006] systemd[1]: Mounting NFSD configuration filesystem...
[    4.493355] systemd[1]: Mounting RPC Pipe File System...
[    4.506670] systemd[1]: Mounting Kernel Debug File System...
[    4.519981] systemd[1]: Mounting Kernel Trace File System...
[    4.532757] systemd[1]: Condition check resulted in Kernel Module supporting RPCSEC_GSS being skipped.
[    4.534073] systemd[1]: Condition check resulted in Create list of static device nodes for the current kernel being skipped.
[    4.536262] systemd[1]: Starting Load Kernel Module configfs...
[    4.550066] systemd[1]: Starting Load Kernel Module drm...
[    4.563403] systemd[1]: Starting Load Kernel Module fuse...
[    4.577183] systemd[1]: Condition check resulted in Set Up Additional Binary Formats being skipped.
[    4.579115] systemd[1]: Starting File System Check on Root Device...
[    4.594493] systemd[1]: Starting Journal Service...
[    4.596961] systemd[1]: Starting Load Kernel Modules...
[    4.598464] systemd[1]: Starting Coldplug All udev Devices...
[    4.600622] systemd[1]: Mounted POSIX Message Queue File System.
[    4.601537] systemd[1]: Mounted NFSD configuration filesystem.
[    4.602499] systemd[1]: Mounted RPC Pipe File System.
[    4.603475] systemd[1]: Mounted Kernel Debug File System.
[    4.604309] systemd[1]: Mounted Kernel Trace File System.
[    4.605298] systemd[1]: modprobe@configfs.service: Succeeded.
[    4.606308] systemd[1]: Finished Load Kernel Module configfs.
[    4.607280] systemd[1]: modprobe@drm.service: Succeeded.
[    4.608168] systemd[1]: Finished Load Kernel Module drm.
[    4.609092] systemd[1]: modprobe@fuse.service: Succeeded.
[    4.610020] systemd[1]: Finished Load Kernel Module fuse.
[    4.611048] systemd[1]: Finished Load Kernel Modules.
[    4.612669] systemd[1]: Mounting FUSE Control File System...
[    4.614132] systemd[1]: Mounting Kernel Configuration File System...
[    4.615729] systemd[1]: Starting pNFS block layout mapping daemon...
[    4.617339] systemd[1]: Started File System Check Daemon to report status.
[    4.618999] systemd[1]: Starting Apply Kernel Variables...
[    4.620881] systemd[1]: Mounted FUSE Control File System.
[    4.621764] systemd[1]: Mounted Kernel Configuration File System.
[    4.656247] systemd[1]: Started Journal Service.
[    4.783539] EXT4-fs (sda1): re-mounted. Quota mode: none.
[    4.819132] systemd-journald[390]: Received client request to flush runtime journal.
[    4.834846] systemd-journald[390]: File /var/log/journal/c84b826c968c4fc6778e2764ee88c9a6/system.journal corrupted or uncleanly shut down, renaming and replacing.
[    5.049653] virtio_net virtio1 enp0s5: renamed from eth0
[    5.125829] FAT-fs (sda15): Volume was not properly unmounted. Some data may be corrupt. Please run fsck.
[    8.754804] NFSD: Using UMH upcall client tracking operations.
[    8.755667] NFSD: starting 90-second grace period (net f0000000)
[  578.623831] nfsd: last server has exited, flushing export cache
[  579.616911] F2FS-fs (sdb1): Found nat_bits in checkpoint
[  579.747109] F2FS-fs (sdb1): Mounted with checkpoint version = 2b109bd1
[  580.846275] NFSD: Using UMH upcall client tracking operations.
[  580.852248] NFSD: starting 90-second grace period (net f0000000)
[  580.916066] sh (1734): drop_caches: 3
