[    0.000000] Linux version 5.18.18-CJFS-xfstests-perf (harshads@harshads.c.googlers.com) (gcc (Debian 13.2.0-4) 13.2.0, GNU ld (GNU Binutils for Debian) 2.41) #1 SMP PREEMPT_DYNAMIC Tue Dec 19 19:45:02 UTC 2023
[    0.000000] Command line: root=/dev/sda1 console=tty0 console=ttyS0,115200 earlyprintk=ttyS0,115200 consoleblank=0 intel_iommu=off
[    0.000000] x86/fpu: Supporting XSAVE feature 0x001: 'x87 floating point registers'
[    0.000000] x86/fpu: Supporting XSAVE feature 0x002: 'SSE registers'
[    0.000000] x86/fpu: Supporting XSAVE feature 0x004: 'AVX registers'
[    0.000000] x86/fpu: Supporting XSAVE feature 0x020: 'AVX-512 opmask'
[    0.000000] x86/fpu: Supporting XSAVE feature 0x040: 'AVX-512 Hi256'
[    0.000000] x86/fpu: Supporting XSAVE feature 0x080: 'AVX-512 ZMM_Hi256'
[    0.000000] x86/fpu: xstate_offset[2]:  576, xstate_sizes[2]:  256
[    0.000000] x86/fpu: xstate_offset[5]:  832, xstate_sizes[5]:   64
[    0.000000] x86/fpu: xstate_offset[6]:  896, xstate_sizes[6]:  512
[    0.000000] x86/fpu: xstate_offset[7]: 1408, xstate_sizes[7]: 1024
[    0.000000] x86/fpu: Enabled xstate features 0xe7, context size is 2432 bytes, using 'compacted' format.
[    0.000000] signal: max sigframe size: 3632
[    0.000000] BIOS-provided physical RAM map:
[    0.000000] BIOS-e820: [mem 0x0000000000000000-0x0000000000000fff] reserved
[    0.000000] BIOS-e820: [mem 0x0000000000001000-0x0000000000054fff] usable
[    0.000000] BIOS-e820: [mem 0x0000000000055000-0x000000000005ffff] reserved
[    0.000000] BIOS-e820: [mem 0x0000000000060000-0x0000000000097fff] usable
[    0.000000] BIOS-e820: [mem 0x0000000000098000-0x000000000009ffff] reserved
[    0.000000] BIOS-e820: [mem 0x0000000000100000-0x00000000bf6ecfff] usable
[    0.000000] BIOS-e820: [mem 0x00000000bf6ed000-0x00000000bf96cfff] reserved
[    0.000000] BIOS-e820: [mem 0x00000000bf96d000-0x00000000bf97efff] ACPI data
[    0.000000] BIOS-e820: [mem 0x00000000bf97f000-0x00000000bf9fefff] ACPI NVS
[    0.000000] BIOS-e820: [mem 0x00000000bf9ff000-0x00000000bffdffff] usable
[    0.000000] BIOS-e820: [mem 0x00000000bffe0000-0x00000000bfffffff] reserved
[    0.000000] BIOS-e820: [mem 0x0000000100000000-0x000000203fffffff] usable
[    0.000000] printk: bootconsole [earlyser0] enabled
[    0.000000] NX (Execute Disable) protection: active
[    0.000000] e820: update [mem 0x00100000-0x0010006f] usable ==> usable
[    0.000000] extended physical RAM map:
[    0.000000] reserve setup_data: [mem 0x0000000000000000-0x0000000000000fff] reserved
[    0.000000] reserve setup_data: [mem 0x0000000000001000-0x0000000000054fff] usable
[    0.000000] reserve setup_data: [mem 0x0000000000055000-0x000000000005ffff] reserved
[    0.000000] reserve setup_data: [mem 0x0000000000060000-0x0000000000097fff] usable
[    0.000000] reserve setup_data: [mem 0x0000000000098000-0x000000000009ffff] reserved
[    0.000000] reserve setup_data: [mem 0x0000000000100000-0x000000000010006f] usable
[    0.000000] reserve setup_data: [mem 0x0000000000100070-0x00000000bf6ecfff] usable
[    0.000000] reserve setup_data: [mem 0x00000000bf6ed000-0x00000000bf96cfff] reserved
[    0.000000] reserve setup_data: [mem 0x00000000bf96d000-0x00000000bf97efff] ACPI data
[    0.000000] reserve setup_data: [mem 0x00000000bf97f000-0x00000000bf9fefff] ACPI NVS
[    0.000000] reserve setup_data: [mem 0x00000000bf9ff000-0x00000000bffdffff] usable
[    0.000000] reserve setup_data: [mem 0x00000000bffe0000-0x00000000bfffffff] reserved
[    0.000000] reserve setup_data: [mem 0x0000000100000000-0x000000203fffffff] usable
[    0.000000] efi: EFI v2.70 by EDK II
[    0.000000] efi: TPMFinalLog=0xbf9f7000 ACPI=0xbf97e000 ACPI 2.0=0xbf97e014 SMBIOS=0xbf7ca000 MEMATTR=0xbe092018 
[    0.000000] SMBIOS 2.4 present.
[    0.000000] DMI: Google Google Compute Engine/Google Compute Engine, BIOS Google 11/17/2023
[    0.000000] Hypervisor detected: KVM
[    0.000000] kvm-clock: Using msrs 4b564d01 and 4b564d00
[    0.000002] kvm-clock: using sched offset of 1243440849040 cycles
[    0.000692] clocksource: kvm-clock: mask: 0xffffffffffffffff max_cycles: 0x1cd42e4dffb, max_idle_ns: 881590591483 ns
[    0.003489] tsc: Detected 2800.192 MHz processor
[    0.004500] e820: update [mem 0x00000000-0x00000fff] usable ==> reserved
[    0.004503] e820: remove [mem 0x000a0000-0x000fffff] usable
[    0.004509] last_pfn = 0x2040000 max_arch_pfn = 0x400000000
[    0.005423] x86/PAT: Configuration [0-7]: WB  WC  UC- UC  WB  WP  UC- WT  
[    0.007218] x2apic: enabled by BIOS, switching to x2apic ops
[    0.008220] last_pfn = 0xbffe0 max_arch_pfn = 0x400000000
[    0.021312] Using GB pages for direct mapping
[    0.022144] Secure boot could not be determined
[    0.022799] ACPI: Early table checksum verification disabled
[    0.023519] ACPI: RSDP 0x00000000BF97E014 000024 (v02 Google)
[    0.024326] ACPI: XSDT 0x00000000BF97D0E8 00005C (v01 Google GOOGFACP 00000001      01000013)
[    0.025541] ACPI: FACP 0x00000000BF978000 0000F4 (v02 Google GOOGFACP 00000001 GOOG 00000001)
[    0.026801] ACPI: DSDT 0x00000000BF979000 001A64 (v01 Google GOOGDSDT 00000001 GOOG 00000001)
[    0.028327] ACPI: FACS 0x00000000BF9F1000 000040
[    0.029030] ACPI: SSDT 0x00000000BF97C000 000316 (v02 GOOGLE Tpm2Tabl 00001000 INTL 20211217)
[    0.030331] ACPI: TPM2 0x00000000BF97B000 000034 (v04 GOOGLE          00000001 GOOG 00000001)
[    0.031611] ACPI: SRAT 0x00000000BF977000 0002D0 (v03 Google GOOGSRAT 00000001 GOOG 00000001)
[    0.032885] ACPI: APIC 0x00000000BF976000 000166 (v05 Google GOOGAPIC 00000001 GOOG 00000001)
[    0.034165] ACPI: SSDT 0x00000000BF974000 0014DE (v01 Google GOOGSSDT 00000001 GOOG 00000001)
[    0.035556] ACPI: WAET 0x00000000BF973000 000028 (v01 Google GOOGWAET 00000001 GOOG 00000001)
[    0.036953] ACPI: Reserving FACP table memory at [mem 0xbf978000-0xbf9780f3]
[    0.038024] ACPI: Reserving DSDT table memory at [mem 0xbf979000-0xbf97aa63]
[    0.039209] ACPI: Reserving FACS table memory at [mem 0xbf9f1000-0xbf9f103f]
[    0.040511] ACPI: Reserving SSDT table memory at [mem 0xbf97c000-0xbf97c315]
[    0.041671] ACPI: Reserving TPM2 table memory at [mem 0xbf97b000-0xbf97b033]
[    0.042608] ACPI: Reserving SRAT table memory at [mem 0xbf977000-0xbf9772cf]
[    0.043717] ACPI: Reserving APIC table memory at [mem 0xbf976000-0xbf976165]
[    0.044850] ACPI: Reserving SSDT table memory at [mem 0xbf974000-0xbf9754dd]
[    0.046311] ACPI: Reserving WAET table memory at [mem 0xbf973000-0xbf973027]
[    0.047785] Setting APIC routing to cluster x2apic.
[    0.048667] SRAT: PXM 0 -> APIC 0x00 -> Node 0
[    0.049455] SRAT: PXM 0 -> APIC 0x01 -> Node 0
[    0.050111] SRAT: PXM 0 -> APIC 0x02 -> Node 0
[    0.050813] SRAT: PXM 0 -> APIC 0x03 -> Node 0
[    0.051453] SRAT: PXM 0 -> APIC 0x04 -> Node 0
[    0.052112] SRAT: PXM 0 -> APIC 0x05 -> Node 0
[    0.052844] SRAT: PXM 0 -> APIC 0x06 -> Node 0
[    0.053889] SRAT: PXM 0 -> APIC 0x07 -> Node 0
[    0.054651] SRAT: PXM 0 -> APIC 0x08 -> Node 0
[    0.055429] SRAT: PXM 0 -> APIC 0x09 -> Node 0
[    0.056063] SRAT: PXM 0 -> APIC 0x0a -> Node 0
[    0.056886] SRAT: PXM 0 -> APIC 0x0b -> Node 0
[    0.058258] SRAT: PXM 0 -> APIC 0x0c -> Node 0
[    0.058859] SRAT: PXM 0 -> APIC 0x0d -> Node 0
[    0.059763] SRAT: PXM 0 -> APIC 0x0e -> Node 0
[    0.060329] SRAT: PXM 0 -> APIC 0x0f -> Node 0
[    0.060988] SRAT: PXM 1 -> APIC 0x10 -> Node 1
[    0.062208] SRAT: PXM 1 -> APIC 0x11 -> Node 1
[    0.062815] SRAT: PXM 1 -> APIC 0x12 -> Node 1
[    0.063499] SRAT: PXM 1 -> APIC 0x13 -> Node 1
[    0.064163] SRAT: PXM 1 -> APIC 0x14 -> Node 1
[    0.064835] SRAT: PXM 1 -> APIC 0x15 -> Node 1
[    0.065767] SRAT: PXM 1 -> APIC 0x16 -> Node 1
[    0.066410] SRAT: PXM 1 -> APIC 0x17 -> Node 1
[    0.067139] SRAT: PXM 1 -> APIC 0x18 -> Node 1
[    0.067914] SRAT: PXM 1 -> APIC 0x19 -> Node 1
[    0.068728] SRAT: PXM 1 -> APIC 0x1a -> Node 1
[    0.069344] SRAT: PXM 1 -> APIC 0x1b -> Node 1
[    0.069987] SRAT: PXM 1 -> APIC 0x1c -> Node 1
[    0.070660] SRAT: PXM 1 -> APIC 0x1d -> Node 1
[    0.071228] SRAT: PXM 1 -> APIC 0x1e -> Node 1
[    0.072324] SRAT: PXM 1 -> APIC 0x1f -> Node 1
[    0.073115] ACPI: SRAT: Node 0 PXM 0 [mem 0x00000000-0x0009ffff]
[    0.074193] ACPI: SRAT: Node 0 PXM 0 [mem 0x00100000-0xbfffffff]
[    0.074967] ACPI: SRAT: Node 0 PXM 0 [mem 0x100000000-0x103fffffff]
[    0.075816] ACPI: SRAT: Node 1 PXM 1 [mem 0x1040000000-0x203fffffff]
[    0.077127] NUMA: Node 0 [mem 0x00000000-0x0009ffff] + [mem 0x00100000-0xbfffffff] -> [mem 0x00000000-0xbfffffff]
[    0.079066] NUMA: Node 0 [mem 0x00000000-0xbfffffff] + [mem 0x100000000-0x103fffffff] -> [mem 0x00000000-0x103fffffff]
[    0.080623] NODE_DATA(0) allocated [mem 0x103fffb000-0x103fffffff]
[    0.081450] NODE_DATA(1) allocated [mem 0x203fffb000-0x203fffffff]
[    0.082521] Zone ranges:
[    0.082927]   DMA      [mem 0x0000000000001000-0x0000000000ffffff]
[    0.083846]   DMA32    [mem 0x0000000001000000-0x00000000ffffffff]
[    0.084786]   Normal   [mem 0x0000000100000000-0x000000203fffffff]
[    0.085660]   Device   empty
[    0.086026] Movable zone start for each node
[    0.086689] Early memory node ranges
[    0.087184]   node   0: [mem 0x0000000000001000-0x0000000000054fff]
[    0.088042]   node   0: [mem 0x0000000000060000-0x0000000000097fff]
[    0.089328]   node   0: [mem 0x0000000000100000-0x00000000bf6ecfff]
[    0.090162]   node   0: [mem 0x00000000bf9ff000-0x00000000bffdffff]
[    0.091248]   node   0: [mem 0x0000000100000000-0x000000103fffffff]
[    0.092329]   node   1: [mem 0x0000001040000000-0x000000203fffffff]
[    0.093169] Initmem setup node 0 [mem 0x0000000000001000-0x000000103fffffff]
[    0.094065] Initmem setup node 1 [mem 0x0000001040000000-0x000000203fffffff]
[    0.095328] On node 0, zone DMA: 1 pages in unavailable ranges
[    0.095331] On node 0, zone DMA: 11 pages in unavailable ranges
[    0.096306] On node 0, zone DMA: 104 pages in unavailable ranges
[    0.101838] On node 0, zone DMA32: 786 pages in unavailable ranges
[    0.199718] On node 0, zone Normal: 32 pages in unavailable ranges
[    0.356705] ACPI: PM-Timer IO Port: 0xb008
[    0.358306] ACPI: LAPIC_NMI (acpi_id[0xff] dfl dfl lint[0x1])
[    0.359355] IOAPIC[0]: apic_id 0, version 17, address 0xfec00000, GSI 0-23
[    0.360397] ACPI: INT_SRC_OVR (bus 0 bus_irq 5 global_irq 5 high level)
[    0.361373] ACPI: INT_SRC_OVR (bus 0 bus_irq 9 global_irq 9 high level)
[    0.362274] ACPI: INT_SRC_OVR (bus 0 bus_irq 10 global_irq 10 high level)
[    0.363347] ACPI: INT_SRC_OVR (bus 0 bus_irq 11 global_irq 11 high level)
[    0.364453] ACPI: Using ACPI (MADT) for SMP configuration information
[    0.365454] smpboot: Allowing 32 CPUs, 0 hotplug CPUs
[    0.366294] [mem 0xc0000000-0xffffffff] available for PCI devices
[    0.367328] Booting paravirtualized kernel on KVM
[    0.367953] clocksource: refined-jiffies: mask: 0xffffffff max_cycles: 0xffffffff, max_idle_ns: 6370452778343963 ns
[    0.374554] setup_percpu: NR_CPUS:48 nr_cpumask_bits:48 nr_cpu_ids:32 nr_node_ids:2
[    0.378263] percpu: Embedded 51 pages/cpu s178920 r0 d29976 u262144
[    0.379166] pcpu-alloc: s178920 r0 d29976 u262144 alloc=1*2097152
[    0.379169] pcpu-alloc: [0] 00 01 02 03 04 05 06 07 [0] 16 17 18 19 20 21 22 23 
[    0.379178] pcpu-alloc: [1] 08 09 10 11 12 13 14 15 [1] 24 25 26 27 28 29 30 31 
[    0.379204] kvm-guest: PV spinlocks enabled
[    0.379792] PV qspinlock hash table entries: 256 (order: 0, 4096 bytes, linear)
[    0.380910] Fallback order for Node 0: 0 1 
[    0.381514] Fallback order for Node 1: 1 0 
[    0.382049] Built 2 zonelists, mobility grouping on.  Total pages: 33029080
[    0.383069] Policy zone: Normal
[    0.383681] Kernel command line: root=/dev/sda1 console=tty0 console=ttyS0,115200 earlyprintk=ttyS0,115200 consoleblank=0 intel_iommu=off
[    0.385512] Unknown kernel command line parameters "intel_iommu=off", will be passed to user space.
[    0.386807] printk: log_buf_len individual max cpu contribution: 4096 bytes
[    0.387931] printk: log_buf_len total cpu_extra contributions: 126976 bytes
[    0.388906] printk: log_buf_len min size: 131072 bytes
[    0.390017] printk: log_buf_len: 262144 bytes
[    0.390710] printk: early log buf free: 119760(91%)
[    0.391844] mem auto-init: stack:all(zero), heap alloc:off, heap free:off
[    0.681876] Memory: 132009036K/134213992K available (16401K kernel code, 2625K rwdata, 3408K rodata, 1764K init, 972K bss, 2204696K reserved, 0K cma-reserved)
[    0.684846] ftrace: allocating 44357 entries in 174 pages
[    0.695818] ftrace: allocated 174 pages with 5 groups
[    0.698164] Dynamic Preempt: none
[    0.698786] rcu: Preemptible hierarchical RCU implementation.
[    0.699608] rcu: 	RCU event tracing is enabled.
[    0.700426] rcu: 	RCU restricting CPUs from NR_CPUS=48 to nr_cpu_ids=32.
[    0.701436] 	Trampoline variant of Tasks RCU enabled.
[    0.702203] 	Rude variant of Tasks RCU enabled.
[    0.702804] 	Tracing variant of Tasks RCU enabled.
[    0.703581] rcu: RCU calculated value of scheduler-enlistment delay is 30 jiffies.
[    0.704626] rcu: Adjusting geometry for rcu_fanout_leaf=16, nr_cpu_ids=32
[    0.710580] NR_IRQS: 4352, nr_irqs: 680, preallocated irqs: 16
[    0.711771] random: crng init done
[    0.713344] Console: colour dummy device 80x25
[    0.714251] printk: console [tty0] enabled
[    0.714896] printk: console [ttyS0] enabled
[    0.716099] printk: bootconsole [earlyser0] disabled
[    0.717829] ACPI: Core revision 20211217
[    0.718712] APIC: Switch to symmetric I/O mode setup
[    0.722920] Switched APIC routing to physical x2apic.
[    0.727626] ..TIMER: vector=0x30 apic1=0 pin1=0 apic2=-1 pin2=-1
[    0.728740] clocksource: tsc-early: mask: 0xffffffffffffffff max_cycles: 0x285cf63ea8c, max_idle_ns: 440795309365 ns
[    0.730602] Calibrating delay loop (skipped) preset value.. 5602.73 BogoMIPS (lpj=9333973)
[    0.733931] pid_max: default: 32768 minimum: 301
[    0.734842] LSM: Security Framework initializing
[    0.744427] Dentry cache hash table entries: 8388608 (order: 14, 67108864 bytes, vmalloc hugepage)
[    0.750284] Inode-cache hash table entries: 4194304 (order: 13, 33554432 bytes, vmalloc hugepage)
[    0.750760] Mount-cache hash table entries: 131072 (order: 8, 1048576 bytes, vmalloc)
[    0.752328] Mountpoint-cache hash table entries: 131072 (order: 8, 1048576 bytes, vmalloc)
[    0.755202] Last level iTLB entries: 4KB 64, 2MB 8, 4MB 8
[    0.756001] Last level dTLB entries: 4KB 64, 2MB 0, 4MB 0, 1GB 4
[    0.757275] Spectre V1 : Mitigation: usercopy/swapgs barriers and __user pointer sanitization
[    0.758962] Spectre V2 : Mitigation: Enhanced IBRS
[    0.760598] Spectre V2 : Spectre v2 / SpectreRSB mitigation: Filling RSB on context switch
[    0.762073] Spectre V2 : Spectre v2 / PBRSB-eIBRS: Retire a single CALL on VMEXIT
[    0.763460] RETBleed: Mitigation: Enhanced IBRS
[    0.763933] Spectre V2 : mitigation: Enabling conditional Indirect Branch Prediction Barrier
[    0.765315] Speculative Store Bypass: Mitigation: Speculative Store Bypass disabled via prctl
[    0.767274] MDS: Mitigation: Clear CPU buffers
[    0.768031] TAA: Mitigation: Clear CPU buffers
[    0.768757] MMIO Stale Data: Vulnerable: Clear CPU buffers attempted, no microcode
[    0.787830] Freeing SMP alternatives memory: 48K
[    0.895458] smpboot: CPU0: Intel(R) Xeon(R) CPU @ 2.80GHz (family: 0x6, model: 0x55, stepping: 0x7)
[    0.897263] cblist_init_generic: Setting adjustable number of callback queues.
[    0.897263] cblist_init_generic: Setting shift to 5 and lim to 1.
[    0.897285] cblist_init_generic: Setting shift to 5 and lim to 1.
[    0.898515] cblist_init_generic: Setting shift to 5 and lim to 1.
[    0.900618] Performance Events: unsupported p6 CPU model 85 no PMU driver, software events only.
[    0.903158] rcu: Hierarchical SRCU implementation.
[    0.904036] NMI watchdog: Perf NMI watchdog permanently disabled
[    0.905655] smp: Bringing up secondary CPUs ...
[    0.907405] x86: Booting SMP configuration:
[    0.908363] .... node  #0, CPUs:        #1  #2  #3  #4  #5  #6  #7
[    0.913933] .... node  #1, CPUs:    #8
[    0.015503] smpboot: CPU 8 Converting physical 0 to logical die 1
[    0.917488]   #9 #10 #11 #12 #13 #14 #15
[    0.925098] .... node  #0, CPUs:   #16
[    0.925756] MDS CPU bug present and SMT on, data leak possible. See https://www.kernel.org/doc/html/latest/admin-guide/hw-vuln/mds.html for more details.
[    0.927268] TAA CPU bug present and SMT on, data leak possible. See https://www.kernel.org/doc/html/latest/admin-guide/hw-vuln/tsx_async_abort.html for more details.
[    0.930611] MMIO Stale Data CPU bug present and SMT on, data leak possible. See https://www.kernel.org/doc/html/latest/admin-guide/hw-vuln/processor_mmio_stale_data.html for more details.
[    0.934086]  #17 #18 #19 #20 #21 #22 #23
[    0.941659] .... node  #1, CPUs:   #24 #25 #26 #27 #28 #29 #30 #31
[    0.944518] smp: Brought up 2 nodes, 32 CPUs
[    0.947867] smpboot: Max logical packages: 2
[    0.948682] smpboot: Total of 32 processors activated (179283.46 BogoMIPS)
[    0.955660] devtmpfs: initialized
[    0.955660] x86/mm: Memory block size: 1024MB
[    0.957977] clocksource: jiffies: mask: 0xffffffff max_cycles: 0xffffffff, max_idle_ns: 6370867519511994 ns
[    0.959227] futex hash table entries: 8192 (order: 7, 524288 bytes, vmalloc)
[    0.960899] NET: Registered PF_NETLINK/PF_ROUTE protocol family
[    0.961966] thermal_sys: Registered thermal governor 'step_wise'
[    0.961988] cpuidle: using governor menu
[    0.964002] PCI: Using configuration type 1 for base access
[    0.967331] cryptd: max_cpu_qlen set to 1000
[    1.023932] raid6: avx512x4 gen() 18530 MB/s
[    1.080599] raid6: avx512x2 gen() 18571 MB/s
[    1.137266] raid6: avx512x1 gen() 18683 MB/s
[    1.193931] raid6: avx2x4   gen() 18626 MB/s
[    1.250599] raid6: avx2x2   gen() 18453 MB/s
[    1.307265] raid6: avx2x1   gen() 13836 MB/s
[    1.308488] raid6: using algorithm avx512x1 gen() 18683 MB/s
[    1.363931] raid6: .... xor() 23811 MB/s, rmw enabled
[    1.365161] raid6: using avx512x2 recovery algorithm
[    1.365924] ACPI: Added _OSI(Module Device)
[    1.366815] ACPI: Added _OSI(Processor Device)
[    1.367265] ACPI: Added _OSI(3.0 _SCP Extensions)
[    1.368094] ACPI: Added _OSI(Processor Aggregator Device)
[    1.369103] ACPI: Added _OSI(Linux-Dell-Video)
[    1.369866] ACPI: Added _OSI(Linux-Lenovo-NV-HDMI-Audio)
[    1.370598] ACPI: Added _OSI(Linux-HPI-Hybrid-Graphics)
[    1.372713] ACPI: 3 ACPI AML tables successfully acquired and loaded
[    1.376271] ACPI: Interpreter enabled
[    1.377271] ACPI: PM: (supports S0 S5)
[    1.377899] ACPI: Using IOAPIC for interrupt routing
[    1.378702] PCI: Using host bridge windows from ACPI; if necessary, use "pci=nocrs" and report a bug
[    1.380784] ACPI: Enabled 16 GPEs in block 00 to 0F
[    1.384691] ACPI: PCI Root Bridge [PCI0] (domain 0000 [bus 00-ff])
[    1.385961] acpi PNP0A03:00: _OSC: OS supports [ASPM ClockPM Segments MSI HPX-Type3]
[    1.387188] acpi PNP0A03:00: PCIe port services disabled; not requesting _OSC control
[    1.387387] PCI host bridge to bus 0000:00
[    1.388126] pci_bus 0000:00: Unknown NUMA node; performance will be reduced
[    1.390599] pci_bus 0000:00: root bus resource [io  0x0000-0x0cf7 window]
[    1.392241] pci_bus 0000:00: root bus resource [io  0x0d00-0xffff window]
[    1.393932] pci_bus 0000:00: root bus resource [mem 0x000a0000-0x000bffff window]
[    1.395387] pci_bus 0000:00: root bus resource [mem 0xc0000000-0xfebfefff window]
[    1.396682] pci_bus 0000:00: root bus resource [bus 00-ff]
[    1.397309] pci 0000:00:00.0: [8086:1237] type 00 class 0x060000
[    1.404269] pci 0000:00:01.0: [8086:7110] type 00 class 0x060100
[    1.447501] pci 0000:00:01.3: [8086:7113] type 00 class 0x068000
[    1.489952] pci 0000:00:01.3: quirk: [io  0xb000-0xb03f] claimed by PIIX4 ACPI
[    1.490841] pci 0000:00:03.0: [1af4:1004] type 00 class 0x000000
[    1.510602] pci 0000:00:03.0: reg 0x10: [io  0xc040-0xc07f]
[    1.520601] pci 0000:00:03.0: reg 0x14: [mem 0xc0001000-0xc000107f]
[    1.550855] pci 0000:00:04.0: [1af4:1000] type 00 class 0x020000
[    1.567268] pci 0000:00:04.0: reg 0x10: [io  0xc000-0xc03f]
[    1.580602] pci 0000:00:04.0: reg 0x14: [mem 0xc0000000-0xc00007ff]
[    1.620843] pci 0000:00:05.0: [1af4:1005] type 00 class 0x00ff00
[    1.637269] pci 0000:00:05.0: reg 0x10: [io  0xc080-0xc09f]
[    1.650602] pci 0000:00:05.0: reg 0x14: [mem 0xc0002000-0xc000203f]
[    1.681329] ACPI: PCI: Interrupt link LNKA configured for IRQ 10
[    1.687363] ACPI: PCI: Interrupt link LNKB configured for IRQ 0
[    1.688458] ACPI: PCI: Interrupt link LNKB disabled
[    1.690691] ACPI: PCI: Interrupt link LNKC configured for IRQ 11
[    1.694018] ACPI: PCI: Interrupt link LNKD configured for IRQ 10
[    1.697313] ACPI: PCI: Interrupt link LNKS configured for IRQ 9
[    1.702873] SCSI subsystem initialized
[    1.702873] Registered efivars operations
[    1.704070] PCI: Using ACPI for IRQ routing
[    1.704777] PCI: pci_cache_line_size set to 64 bytes
[    1.704857] e820: reserve RAM buffer [mem 0x00055000-0x0005ffff]
[    1.704860] e820: reserve RAM buffer [mem 0x00098000-0x0009ffff]
[    1.704861] e820: reserve RAM buffer [mem 0xbf6ed000-0xbfffffff]
[    1.704863] e820: reserve RAM buffer [mem 0xbffe0000-0xbfffffff]
[    1.704880] vgaarb: loaded
[    1.704880] clocksource: Switched to clocksource kvm-clock
[    1.719976] VFS: Disk quotas dquot_6.6.0
[    1.720580] VFS: Dquot-cache hash table entries: 512 (order 0, 4096 bytes)
[    1.721578] pnp: PnP ACPI init
[    1.722614] pnp: PnP ACPI: found 7 devices
[    1.729300] clocksource: acpi_pm: mask: 0xffffff max_cycles: 0xffffff, max_idle_ns: 2085701024 ns
[    1.730583] NET: Registered PF_INET protocol family
[    1.731892] IP idents hash table entries: 262144 (order: 9, 2097152 bytes, vmalloc)
[    1.734419] tcp_listen_portaddr_hash hash table entries: 65536 (order: 8, 1048576 bytes, vmalloc)
[    1.735776] Table-perturb hash table entries: 65536 (order: 6, 262144 bytes, vmalloc)
[    1.736860] TCP established hash table entries: 524288 (order: 10, 4194304 bytes, vmalloc hugepage)
[    1.738559] TCP bind hash table entries: 65536 (order: 8, 1048576 bytes, vmalloc)
[    1.739799] TCP: Hash tables configured (established 524288 bind 65536)
[    1.740809] UDP hash table entries: 65536 (order: 9, 2097152 bytes, vmalloc)
[    1.742126] UDP-Lite hash table entries: 65536 (order: 9, 2097152 bytes, vmalloc)
[    1.743533] NET: Registered PF_UNIX/PF_LOCAL protocol family
[    1.744644] RPC: Registered named UNIX socket transport module.
[    1.745503] RPC: Registered udp transport module.
[    1.746168] RPC: Registered tcp transport module.
[    1.746861] RPC: Registered tcp NFSv4.1 backchannel transport module.
[    1.748129] pci_bus 0000:00: resource 4 [io  0x0000-0x0cf7 window]
[    1.749058] pci_bus 0000:00: resource 5 [io  0x0d00-0xffff window]
[    1.749955] pci_bus 0000:00: resource 6 [mem 0x000a0000-0x000bffff window]
[    1.750875] pci_bus 0000:00: resource 7 [mem 0xc0000000-0xfebfefff window]
[    1.751822] pci 0000:00:00.0: Limiting direct PCI/PCI transfers
[    1.752678] PCI: CLS 0 bytes, default 64
[    1.753254] PCI-DMA: Using software bounce buffering for IO (SWIOTLB)
[    1.754147] software IO TLB: mapped [mem 0x00000000ba092000-0x00000000be092000] (64MB)
[    1.824158] RAPL PMU: API unit is 2^-32 Joules, 0 fixed counters, 10737418240 ms ovfl timer
[    1.825491] clocksource: tsc: mask: 0xffffffffffffffff max_cycles: 0x285cf63ea8c, max_idle_ns: 440795309365 ns
[    1.827078] clocksource: Switched to clocksource tsc
[    1.828159] Initialise system trusted keyrings
[    1.828984] workingset: timestamp_bits=40 max_order=25 bucket_order=0
[    1.831295] NFS: Registering the id_resolver key type
[    1.832044] Key type id_resolver registered
[    1.832628] Key type id_legacy registered
[    1.833179] Installing knfsd (copyright (C) 1996 okir@monad.swb.de).
[    1.834233] ntfs: driver 2.1.32 [Flags: R/W].
[    1.834987] fuse: init (API version 7.36)
[    1.835629] JFS: nTxBlock = 8192, nTxLock = 65536
[    1.838853] SGI XFS with ACLs, security attributes, realtime, scrub, repair, quota, no debug enabled
[    1.840420] 9p: Installing v9fs 9p2000 file system support
[    1.841235] NILFS version 2 loaded
[    1.841746] ocfs2: Registered cluster interface o2cb
[    1.842531] OCFS2 User DLM kernel interface loaded
[    1.843455] xor: automatically using best checksumming function   avx       
[    1.844508] Key type asymmetric registered
[    1.845070] Asymmetric key parser 'x509' registered
[    1.845899] Block layer SCSI generic (bsg) driver version 0.4 loaded (major 249)
[    1.846959] io scheduler mq-deadline registered
[    1.847697] io scheduler kyber registered
[    1.850334] input: Power Button as /devices/LNXSYSTM:00/LNXPWRBN:00/input/input0
[    1.851348] ACPI: button: Power Button [PWRF]
[    1.852003] input: Sleep Button as /devices/LNXSYSTM:00/LNXSLPBN:00/input/input1
[    1.853009] ACPI: button: Sleep Button [SLPF]
[    1.859197] ACPI: \_SB_.LNKC: Enabled at IRQ 11
[    1.862515] virtio-pci 0000:00:03.0: virtio_pci: leaving for legacy driver
[    1.874718] ACPI: \_SB_.LNKD: Enabled at IRQ 10
[    1.877863] virtio-pci 0000:00:04.0: virtio_pci: leaving for legacy driver
[    1.890410] ACPI: \_SB_.LNKA: Enabled at IRQ 10
[    1.893506] virtio-pci 0000:00:05.0: virtio_pci: leaving for legacy driver
[    1.902655] Serial: 8250/16550 driver, 32 ports, IRQ sharing disabled
[    1.903707] 00:03: ttyS0 at I/O 0x3f8 (irq = 4, base_baud = 115200) is a 16550A
[    1.904855] 00:04: ttyS1 at I/O 0x2f8 (irq = 3, base_baud = 115200) is a 16550A
[    1.905998] 00:05: ttyS2 at I/O 0x3e8 (irq = 6, base_baud = 115200) is a 16550A
[    1.907118] 00:06: ttyS3 at I/O 0x2e8 (irq = 7, base_baud = 115200) is a 16550A
[    1.933042] tpm_tis MSFT0101:00: 2.0 TPM (device-id 0x9009, rev-id 0)
[    1.946607] loop: module loaded
[    1.967035] scsi host0: Virtio SCSI HBA
[    1.972513] scsi 0:0:1:0: Direct-Access     Google   PersistentDisk   1    PQ: 0 ANSI: 6
[    1.974104] scsi 0:0:2:0: Direct-Access     Google   PersistentDisk   1    PQ: 0 ANSI: 6
[    2.000167] sd 0:0:1:0: [sda] 20971520 512-byte logical blocks: (10.7 GB/10.0 GiB)
[    2.000167] sd 0:0:2:0: [sdb] 10485760000 512-byte logical blocks: (5.37 TB/4.88 TiB)
[    2.000172] sd 0:0:2:0: [sdb] 4096-byte physical blocks
[    2.007182] sd 0:0:1:0: [sda] 4096-byte physical blocks
[    2.007321] sd 0:0:1:0: [sda] Write Protect is off
[    2.008334] sd 0:0:2:0: [sdb] Write Protect is off
[    2.008957] sd 0:0:1:0: [sda] Mode Sense: 1f 00 00 08
[    2.009664] sd 0:0:2:0: [sdb] Mode Sense: 1f 00 00 08
[    2.010430] sd 0:0:1:0: [sda] Write cache: enabled, read cache: enabled, doesn't support DPO or FUA
[    2.011077] sd 0:0:2:0: [sdb] Write cache: enabled, read cache: enabled, doesn't support DPO or FUA
[    2.037062] sd 0:0:2:0: [sdb] Attached SCSI disk
[    2.040216]  sda: sda1 sda14 sda15
[    2.055094] sd 0:0:1:0: [sda] Attached SCSI disk
[    2.288870] i8042: PNP: PS/2 Controller [PNP0303:KBD,PNP0f13:MOU] at 0x60,0x64 irq 1,12
[    2.290139] i8042: Warning: Keylock active
[    2.292403] serio: i8042 KBD port at 0x60,0x64 irq 1
[    2.293142] serio: i8042 AUX port at 0x60,0x64 irq 12
[    2.293846] device-mapper: core: CONFIG_IMA_DISABLE_HTABLE is disabled. Duplicate IMA measurements will not be recorded in the IMA log.
[    2.295617] device-mapper: ioctl: 4.46.0-ioctl (2022-02-22) initialised: dm-devel@redhat.com
[    2.296873] intel_pstate: CPU model not supported
[    2.297541] EFI Variables Facility v0.08 2004-May-17
[    2.303486] NET: Registered PF_INET6 protocol family
[    2.304793] Segment Routing with IPv6
[    2.305376] In-situ OAM (IOAM) with IPv6
[    2.305929] sit: IPv6, IPv4 and MPLS over IPv4 tunneling driver
[    2.306859] NET: Registered PF_PACKET protocol family
[    2.307611] 9pnet: Installing 9P2000 support
[    2.308232] Key type dns_resolver registered
[    2.311945] IPI shorthand broadcast: enabled
[    2.312554] AVX2 version of gcm_enc/dec engaged.
[    2.313762] AES CTR mode by8 optimization enabled
[    2.315023] sched_clock: Marking stable (2302839460, 12170170)->(2350025326, -35015696)
[    2.317127] Loading compiled-in X.509 certificates
[    2.318023] Key type ._fscrypt registered
[    2.318591] Key type .fscrypt registered
[    2.319127] Key type fscrypt-provisioning registered
[    2.321234] Btrfs loaded, crc32c=crc32c-intel, assert=on, zoned=no, fsverity=yes
[    2.322827] Key type encrypted registered
[    2.323408] ima: Allocated hash algorithm: sha1
[    2.353057] ima: No architecture policies found
[    2.354061] evm: Initialising EVM extended attributes:
[    2.354760] evm: security.selinux (disabled)
[    2.355344] evm: security.SMACK64 (disabled)
[    2.355924] evm: security.SMACK64EXEC (disabled)
[    2.356569] evm: security.SMACK64TRANSMUTE (disabled)
[    2.357249] evm: security.SMACK64MMAP (disabled)
[    2.357881] evm: security.apparmor (disabled)
[    2.358477] evm: security.ima
[    2.358892] evm: security.capability
[    2.359384] evm: HMAC attrs: 0x1
[    2.497661] input: AT Translated Set 2 keyboard as /devices/platform/i8042/serio0/input/input2
[    2.573446] EXT4-fs (sda1): INFO: recovery required on readonly filesystem
[    2.574481] EXT4-fs (sda1): write access will be enabled during recovery
[    3.025441] EXT4-fs (sda1): recovery complete
[    3.028493] EXT4-fs (sda1): mounted filesystem with ordered data mode. Quota mode: none.
[    3.029635] VFS: Mounted root (ext4 filesystem) readonly on device 8:1.
[    3.031774] Freeing unused kernel image (initmem) memory: 1764K
[    3.032601] Write protecting the kernel read-only data: 22528k
[    3.034692] Freeing unused kernel image (text/rodata gap) memory: 2028K
[    3.036036] Freeing unused kernel image (rodata/data gap) memory: 688K
[    3.036962] Run /sbin/init as init process
[    3.037527]   with arguments:
[    3.037527]     /sbin/init
[    3.037528]   with environment:
[    3.037529]     HOME=/
[    3.037529]     TERM=linux
[    3.037530]     intel_iommu=off
[    3.516887] systemd[1]: systemd 247.3-7+deb11u4 running in system mode. (+PAM +AUDIT +SELINUX +IMA +APPARMOR +SMACK +SYSVINIT +UTMP +LIBCRYPTSETUP +GCRYPT +GNUTLS +ACL +XZ +LZ4 +ZSTD +SECCOMP +BLKID +ELFUTILS +KMOD +IDN2 -IDN +PCRE2 default-hierarchy=unified)
[    3.520011] systemd[1]: Detected virtualization kvm.
[    3.520706] systemd[1]: Detected architecture x86-64.
[    3.557915] systemd[1]: Set hostname to <debian>.
[    4.125733] systemd[1]: Queued start job for default target Graphical Interface.
[    4.128001] systemd[1]: Created slice system-getty.slice.
[    4.140935] systemd[1]: Created slice system-modprobe.slice.
[    4.154326] systemd[1]: Created slice system-serial\x2dgetty.slice.
[    4.167734] systemd[1]: Created slice system-systemd\x2dgrowfs.slice.
[    4.181019] systemd[1]: Created slice User and Session Slice.
[    4.194158] systemd[1]: Started Dispatch Password Requests to Console Directory Watch.
[    4.207532] systemd[1]: Started Forward Password Requests to Wall Directory Watch.
[    4.220804] systemd[1]: Condition check resulted in Arbitrary Executable File Formats File System Automount Point being skipped.
[    4.222467] systemd[1]: Reached target Local Encrypted Volumes.
[    4.237445] systemd[1]: Reached target Paths.
[    4.250785] systemd[1]: Reached target Slices.
[    4.264140] systemd[1]: Reached target Swap.
[    4.277411] systemd[1]: Reached target System Time Set.
[    4.294204] systemd[1]: Listening on RPCbind Server Activation Socket.
[    4.307600] systemd[1]: Listening on Syslog Socket.
[    4.324248] systemd[1]: Listening on fsck to fsckd communication Socket.
[    4.337452] systemd[1]: Listening on initctl Compatibility Named Pipe.
[    4.354154] systemd[1]: Condition check resulted in Journal Audit Socket being skipped.
[    4.355545] systemd[1]: Listening on Journal Socket (/dev/log).
[    4.374197] systemd[1]: Listening on Journal Socket.
[    4.392311] systemd[1]: Listening on udev Control Socket.
[    4.407494] systemd[1]: Listening on udev Kernel Socket.
[    4.420898] systemd[1]: Condition check resulted in Huge Pages File System being skipped.
[    4.422808] systemd[1]: Mounting POSIX Message Queue File System...
[    4.438137] systemd[1]: Mounting NFSD configuration filesystem...
[    4.451477] systemd[1]: Mounting RPC Pipe File System...
[    4.464774] systemd[1]: Mounting Kernel Debug File System...
[    4.478135] systemd[1]: Mounting Kernel Trace File System...
[    4.490757] systemd[1]: Condition check resulted in Kernel Module supporting RPCSEC_GSS being skipped.
[    4.492159] systemd[1]: Condition check resulted in Create list of static device nodes for the current kernel being skipped.
[    4.494559] systemd[1]: Starting Load Kernel Module configfs...
[    4.508202] systemd[1]: Starting Load Kernel Module drm...
[    4.521586] systemd[1]: Starting Load Kernel Module fuse...
[    4.535455] systemd[1]: Condition check resulted in Set Up Additional Binary Formats being skipped.
[    4.537548] systemd[1]: Starting File System Check on Root Device...
[    4.552687] systemd[1]: Starting Journal Service...
[    4.555469] systemd[1]: Starting Load Kernel Modules...
[    4.557243] systemd[1]: Starting Coldplug All udev Devices...
[    4.559264] systemd[1]: Mounted POSIX Message Queue File System.
[    4.560187] systemd[1]: Mounted NFSD configuration filesystem.
[    4.561219] systemd[1]: Mounted RPC Pipe File System.
[    4.562153] systemd[1]: Mounted Kernel Debug File System.
[    4.563043] systemd[1]: Mounted Kernel Trace File System.
[    4.564062] systemd[1]: modprobe@configfs.service: Succeeded.
[    4.565166] systemd[1]: Finished Load Kernel Module configfs.
[    4.566180] systemd[1]: modprobe@drm.service: Succeeded.
[    4.567202] systemd[1]: Finished Load Kernel Module drm.
[    4.568232] systemd[1]: modprobe@fuse.service: Succeeded.
[    4.569236] systemd[1]: Finished Load Kernel Module fuse.
[    4.570272] systemd[1]: Finished Load Kernel Modules.
[    4.571901] systemd[1]: Mounting FUSE Control File System...
[    4.573741] systemd[1]: Mounting Kernel Configuration File System...
[    4.575500] systemd[1]: Starting pNFS block layout mapping daemon...
[    4.604830] systemd[1]: Started File System Check Daemon to report status.
[    4.618177] systemd[1]: Starting Apply Kernel Variables...
[    4.631346] systemd[1]: Started Journal Service.
[    4.778333] EXT4-fs (sda1): re-mounted. Quota mode: none.
[    4.821187] systemd-journald[386]: Received client request to flush runtime journal.
[    4.830798] systemd-journald[386]: File /var/log/journal/3e7fcb06180dce6b0b6193fb6087b1d4/system.journal corrupted or uncleanly shut down, renaming and replacing.
[    5.078494] virtio_net virtio1 enp0s4: renamed from eth0
[    5.142772] FAT-fs (sda15): Volume was not properly unmounted. Some data may be corrupt. Please run fsck.
[    8.627206] NFSD: Using UMH upcall client tracking operations.
[    8.628422] NFSD: starting 90-second grace period (net f0000000)
[   20.787296] systemd-journald[386]: File /var/log/journal/3e7fcb06180dce6b0b6193fb6087b1d4/user-1000.journal corrupted or uncleanly shut down, renaming and replacing.
[  294.616271] nfsd: last server has exited, flushing export cache
[  316.313099] EXT4-fs (sdb): mounted filesystem with ordered data mode. Quota mode: none.
[  317.436233] NFSD: Using UMH upcall client tracking operations.
[  317.442202] NFSD: starting 90-second grace period (net f0000000)
[  317.493960] sh (2322): drop_caches: 3
