[    0.000000] Linux version 5.19.0-rc5-xfstests-perf-00989-g119d2587483a-dirty (harshads@harshads.c.googlers.com) (gcc (Debian 13.2.0-5) 13.2.0, GNU ld (GNU Binutils for Debian) 2.41) #144 SMP PREEMPT_DYNAMIC Sun Jan 14 02:26:19 UTC 2024
[    0.000000] Command line: root=/dev/sda1 console=tty0 console=ttyS0,115200 earlyprintk=ttyS0,115200 consoleblank=0 intel_iommu=off
[    0.000000] x86/fpu: Supporting XSAVE feature 0x001: 'x87 floating point registers'
[    0.000000] x86/fpu: Supporting XSAVE feature 0x002: 'SSE registers'
[    0.000000] x86/fpu: Supporting XSAVE feature 0x004: 'AVX registers'
[    0.000000] x86/fpu: Supporting XSAVE feature 0x020: 'AVX-512 opmask'
[    0.000000] x86/fpu: Supporting XSAVE feature 0x040: 'AVX-512 Hi256'
[    0.000000] x86/fpu: Supporting XSAVE feature 0x080: 'AVX-512 ZMM_Hi256'
[    0.000000] x86/fpu: xstate_offset[2]:  576, xstate_sizes[2]:  256
[    0.000000] x86/fpu: xstate_offset[5]:  832, xstate_sizes[5]:   64
[    0.000000] x86/fpu: xstate_offset[6]:  896, xstate_sizes[6]:  512
[    0.000000] x86/fpu: xstate_offset[7]: 1408, xstate_sizes[7]: 1024
[    0.000000] x86/fpu: Enabled xstate features 0xe7, context size is 2432 bytes, using 'compacted' format.
[    0.000000] signal: max sigframe size: 3632
[    0.000000] BIOS-provided physical RAM map:
[    0.000000] BIOS-e820: [mem 0x0000000000000000-0x0000000000000fff] reserved
[    0.000000] BIOS-e820: [mem 0x0000000000001000-0x0000000000054fff] usable
[    0.000000] BIOS-e820: [mem 0x0000000000055000-0x000000000005ffff] reserved
[    0.000000] BIOS-e820: [mem 0x0000000000060000-0x0000000000097fff] usable
[    0.000000] BIOS-e820: [mem 0x0000000000098000-0x000000000009ffff] reserved
[    0.000000] BIOS-e820: [mem 0x0000000000100000-0x00000000bf6ecfff] usable
[    0.000000] BIOS-e820: [mem 0x00000000bf6ed000-0x00000000bf96cfff] reserved
[    0.000000] BIOS-e820: [mem 0x00000000bf96d000-0x00000000bf97efff] ACPI data
[    0.000000] BIOS-e820: [mem 0x00000000bf97f000-0x00000000bf9fefff] ACPI NVS
[    0.000000] BIOS-e820: [mem 0x00000000bf9ff000-0x00000000bffdffff] usable
[    0.000000] BIOS-e820: [mem 0x00000000bffe0000-0x00000000bfffffff] reserved
[    0.000000] BIOS-e820: [mem 0x0000000100000000-0x000000203fffffff] usable
[    0.000000] printk: bootconsole [earlyser0] enabled
[    0.000000] NX (Execute Disable) protection: active
[    0.000000] e820: update [mem 0x00100000-0x0010006f] usable ==> usable
[    0.000000] extended physical RAM map:
[    0.000000] reserve setup_data: [mem 0x0000000000000000-0x0000000000000fff] reserved
[    0.000000] reserve setup_data: [mem 0x0000000000001000-0x0000000000054fff] usable
[    0.000000] reserve setup_data: [mem 0x0000000000055000-0x000000000005ffff] reserved
[    0.000000] reserve setup_data: [mem 0x0000000000060000-0x0000000000097fff] usable
[    0.000000] reserve setup_data: [mem 0x0000000000098000-0x000000000009ffff] reserved
[    0.000000] reserve setup_data: [mem 0x0000000000100000-0x000000000010006f] usable
[    0.000000] reserve setup_data: [mem 0x0000000000100070-0x00000000bf6ecfff] usable
[    0.000000] reserve setup_data: [mem 0x00000000bf6ed000-0x00000000bf96cfff] reserved
[    0.000000] reserve setup_data: [mem 0x00000000bf96d000-0x00000000bf97efff] ACPI data
[    0.000000] reserve setup_data: [mem 0x00000000bf97f000-0x00000000bf9fefff] ACPI NVS
[    0.000000] reserve setup_data: [mem 0x00000000bf9ff000-0x00000000bffdffff] usable
[    0.000000] reserve setup_data: [mem 0x00000000bffe0000-0x00000000bfffffff] reserved
[    0.000000] reserve setup_data: [mem 0x0000000100000000-0x000000203fffffff] usable
[    0.000000] efi: EFI v2.70 by EDK II
[    0.000000] efi: TPMFinalLog=0xbf9f7000 ACPI=0xbf97e000 ACPI 2.0=0xbf97e014 SMBIOS=0xbf7ca000 MEMATTR=0xbdf4d018 
[    0.000000] SMBIOS 2.4 present.
[    0.000000] DMI: Google Google Compute Engine/Google Compute Engine, BIOS Google 01/11/2024
[    0.000000] Hypervisor detected: KVM
[    0.000000] kvm-clock: Using msrs 4b564d01 and 4b564d00
[    0.000001] kvm-clock: using sched offset of 2316276769038 cycles
[    0.000717] clocksource: kvm-clock: mask: 0xffffffffffffffff max_cycles: 0x1cd42e4dffb, max_idle_ns: 881590591483 ns
[    0.003029] tsc: Detected 2800.252 MHz processor
[    0.003635] e820: update [mem 0x00000000-0x00000fff] usable ==> reserved
[    0.003638] e820: remove [mem 0x000a0000-0x000fffff] usable
[    0.003642] last_pfn = 0x2040000 max_arch_pfn = 0x400000000
[    0.004405] x86/PAT: Configuration [0-7]: WB  WC  UC- UC  WB  WP  UC- WT  
[    0.005691] x2apic: enabled by BIOS, switching to x2apic ops
[    0.006412] last_pfn = 0xbffe0 max_arch_pfn = 0x400000000
[    0.018755] Using GB pages for direct mapping
[    0.019988] Secure boot could not be determined
[    0.020597] ACPI: Early table checksum verification disabled
[    0.022314] ACPI: RSDP 0x00000000BF97E014 000024 (v02 Google)
[    0.023632] ACPI: XSDT 0x00000000BF97D0E8 00005C (v01 Google GOOGFACP 00000001      01000013)
[    0.024723] ACPI: FACP 0x00000000BF978000 0000F4 (v02 Google GOOGFACP 00000001 GOOG 00000001)
[    0.025813] ACPI: DSDT 0x00000000BF979000 001A64 (v01 Google GOOGDSDT 00000001 GOOG 00000001)
[    0.027004] ACPI: FACS 0x00000000BF9F1000 000040
[    0.027711] ACPI: SSDT 0x00000000BF97C000 000316 (v02 GOOGLE Tpm2Tabl 00001000 INTL 20211217)
[    0.028799] ACPI: TPM2 0x00000000BF97B000 000034 (v04 GOOGLE          00000001 GOOG 00000001)
[    0.029888] ACPI: SRAT 0x00000000BF977000 0002D0 (v03 Google GOOGSRAT 00000001 GOOG 00000001)
[    0.030975] ACPI: APIC 0x00000000BF976000 000166 (v05 Google GOOGAPIC 00000001 GOOG 00000001)
[    0.032064] ACPI: SSDT 0x00000000BF974000 0014DE (v01 Google GOOGSSDT 00000001 GOOG 00000001)
[    0.033152] ACPI: WAET 0x00000000BF973000 000028 (v01 Google GOOGWAET 00000001 GOOG 00000001)
[    0.034253] ACPI: Reserving FACP table memory at [mem 0xbf978000-0xbf9780f3]
[    0.035151] ACPI: Reserving DSDT table memory at [mem 0xbf979000-0xbf97aa63]
[    0.036053] ACPI: Reserving FACS table memory at [mem 0xbf9f1000-0xbf9f103f]
[    0.036952] ACPI: Reserving SSDT table memory at [mem 0xbf97c000-0xbf97c315]
[    0.037963] ACPI: Reserving TPM2 table memory at [mem 0xbf97b000-0xbf97b033]
[    0.038899] ACPI: Reserving SRAT table memory at [mem 0xbf977000-0xbf9772cf]
[    0.039797] ACPI: Reserving APIC table memory at [mem 0xbf976000-0xbf976165]
[    0.040696] ACPI: Reserving SSDT table memory at [mem 0xbf974000-0xbf9754dd]
[    0.041596] ACPI: Reserving WAET table memory at [mem 0xbf973000-0xbf973027]
[    0.042519] Setting APIC routing to cluster x2apic.
[    0.043167] SRAT: PXM 0 -> APIC 0x00 -> Node 0
[    0.044158] SRAT: PXM 0 -> APIC 0x01 -> Node 0
[    0.044724] SRAT: PXM 0 -> APIC 0x02 -> Node 0
[    0.045290] SRAT: PXM 0 -> APIC 0x03 -> Node 0
[    0.045856] SRAT: PXM 0 -> APIC 0x04 -> Node 0
[    0.046425] SRAT: PXM 0 -> APIC 0x05 -> Node 0
[    0.046989] SRAT: PXM 0 -> APIC 0x06 -> Node 0
[    0.047555] SRAT: PXM 0 -> APIC 0x07 -> Node 0
[    0.048122] SRAT: PXM 0 -> APIC 0x08 -> Node 0
[    0.048718] SRAT: PXM 0 -> APIC 0x09 -> Node 0
[    0.049296] SRAT: PXM 0 -> APIC 0x0a -> Node 0
[    0.049870] SRAT: PXM 0 -> APIC 0x0b -> Node 0
[    0.050438] SRAT: PXM 0 -> APIC 0x0c -> Node 0
[    0.051002] SRAT: PXM 0 -> APIC 0x0d -> Node 0
[    0.051570] SRAT: PXM 0 -> APIC 0x0e -> Node 0
[    0.052136] SRAT: PXM 0 -> APIC 0x0f -> Node 0
[    0.052703] SRAT: PXM 1 -> APIC 0x10 -> Node 1
[    0.053269] SRAT: PXM 1 -> APIC 0x11 -> Node 1
[    0.053836] SRAT: PXM 1 -> APIC 0x12 -> Node 1
[    0.054402] SRAT: PXM 1 -> APIC 0x13 -> Node 1
[    0.054970] SRAT: PXM 1 -> APIC 0x14 -> Node 1
[    0.055564] SRAT: PXM 1 -> APIC 0x15 -> Node 1
[    0.056130] SRAT: PXM 1 -> APIC 0x16 -> Node 1
[    0.056697] SRAT: PXM 1 -> APIC 0x17 -> Node 1
[    0.057263] SRAT: PXM 1 -> APIC 0x18 -> Node 1
[    0.057829] SRAT: PXM 1 -> APIC 0x19 -> Node 1
[    0.058397] SRAT: PXM 1 -> APIC 0x1a -> Node 1
[    0.058963] SRAT: PXM 1 -> APIC 0x1b -> Node 1
[    0.059529] SRAT: PXM 1 -> APIC 0x1c -> Node 1
[    0.060096] SRAT: PXM 1 -> APIC 0x1d -> Node 1
[    0.060662] SRAT: PXM 1 -> APIC 0x1e -> Node 1
[    0.061230] SRAT: PXM 1 -> APIC 0x1f -> Node 1
[    0.061799] ACPI: SRAT: Node 0 PXM 0 [mem 0x00000000-0x0009ffff]
[    0.062573] ACPI: SRAT: Node 0 PXM 0 [mem 0x00100000-0xbfffffff]
[    0.063351] ACPI: SRAT: Node 0 PXM 0 [mem 0x100000000-0x103fffffff]
[    0.064150] ACPI: SRAT: Node 1 PXM 1 [mem 0x1040000000-0x203fffffff]
[    0.064963] NUMA: Node 0 [mem 0x00000000-0x0009ffff] + [mem 0x00100000-0xbfffffff] -> [mem 0x00000000-0xbfffffff]
[    0.066271] NUMA: Node 0 [mem 0x00000000-0xbfffffff] + [mem 0x100000000-0x103fffffff] -> [mem 0x00000000-0x103fffffff]
[    0.067643] NODE_DATA(0) allocated [mem 0x103fffb000-0x103fffffff]
[    0.068435] NODE_DATA(1) allocated [mem 0x203fffb000-0x203fffffff]
[    0.069409] Zone ranges:
[    0.069770]   DMA      [mem 0x0000000000001000-0x0000000000ffffff]
[    0.070559]   DMA32    [mem 0x0000000001000000-0x00000000ffffffff]
[    0.071346]   Normal   [mem 0x0000000100000000-0x000000203fffffff]
[    0.072245]   Device   empty
[    0.072612] Movable zone start for each node
[    0.073235] Early memory node ranges
[    0.073691]   node   0: [mem 0x0000000000001000-0x0000000000054fff]
[    0.074610]   node   0: [mem 0x0000000000060000-0x0000000000097fff]
[    0.075467]   node   0: [mem 0x0000000000100000-0x00000000bf6ecfff]
[    0.076291]   node   0: [mem 0x00000000bf9ff000-0x00000000bffdffff]
[    0.077090]   node   0: [mem 0x0000000100000000-0x000000103fffffff]
[    0.077894]   node   1: [mem 0x0000001040000000-0x000000203fffffff]
[    0.078842] Initmem setup node 0 [mem 0x0000000000001000-0x000000103fffffff]
[    0.079809] Initmem setup node 1 [mem 0x0000001040000000-0x000000203fffffff]
[    0.080708] On node 0, zone DMA: 1 pages in unavailable ranges
[    0.080711] On node 0, zone DMA: 11 pages in unavailable ranges
[    0.081522] On node 0, zone DMA: 104 pages in unavailable ranges
[    0.087854] On node 0, zone DMA32: 786 pages in unavailable ranges
[    0.202567] On node 0, zone Normal: 32 pages in unavailable ranges
[    0.382193] ACPI: PM-Timer IO Port: 0xb008
[    0.383597] ACPI: LAPIC_NMI (acpi_id[0xff] dfl dfl lint[0x1])
[    0.384389] IOAPIC[0]: apic_id 0, version 17, address 0xfec00000, GSI 0-23
[    0.385323] ACPI: INT_SRC_OVR (bus 0 bus_irq 5 global_irq 5 high level)
[    0.386167] ACPI: INT_SRC_OVR (bus 0 bus_irq 9 global_irq 9 high level)
[    0.387011] ACPI: INT_SRC_OVR (bus 0 bus_irq 10 global_irq 10 high level)
[    0.388004] ACPI: INT_SRC_OVR (bus 0 bus_irq 11 global_irq 11 high level)
[    0.388875] ACPI: Using ACPI (MADT) for SMP configuration information
[    0.389697] smpboot: Allowing 32 CPUs, 0 hotplug CPUs
[    0.390367] [mem 0xc0000000-0xffffffff] available for PCI devices
[    0.391234] Booting paravirtualized kernel on KVM
[    0.391834] clocksource: refined-jiffies: mask: 0xffffffff max_cycles: 0xffffffff, max_idle_ns: 6370452778343963 ns
[    0.398246] setup_percpu: NR_CPUS:48 nr_cpumask_bits:48 nr_cpu_ids:32 nr_node_ids:2
[    0.402162] percpu: Embedded 51 pages/cpu s179048 r0 d29848 u262144
[    0.402993] pcpu-alloc: s179048 r0 d29848 u262144 alloc=1*2097152
[    0.402996] pcpu-alloc: [0] 00 01 02 03 04 05 06 07 [0] 16 17 18 19 20 21 22 23 
[    0.403005] pcpu-alloc: [1] 08 09 10 11 12 13 14 15 [1] 24 25 26 27 28 29 30 31 
[    0.403031] kvm-guest: PV spinlocks enabled
[    0.403639] PV qspinlock hash table entries: 256 (order: 0, 4096 bytes, linear)
[    0.404589] Fallback order for Node 0: 0 1 
[    0.405115] Fallback order for Node 1: 1 0 
[    0.405737] Built 2 zonelists, mobility grouping on.  Total pages: 33029080
[    0.406694] Policy zone: Normal
[    0.407097] Kernel command line: root=/dev/sda1 console=tty0 console=ttyS0,115200 earlyprintk=ttyS0,115200 consoleblank=0 intel_iommu=off
[    0.408750] Unknown kernel command line parameters "intel_iommu=off", will be passed to user space.
[    0.409961] printk: log_buf_len individual max cpu contribution: 4096 bytes
[    0.410850] printk: log_buf_len total cpu_extra contributions: 126976 bytes
[    0.411738] printk: log_buf_len min size: 131072 bytes
[    0.412793] printk: log_buf_len: 262144 bytes
[    0.413376] printk: early log buf free: 119736(91%)
[    0.414387] mem auto-init: stack:all(zero), heap alloc:off, heap free:off
[    0.723949] Memory: 132009036K/134213992K available (16401K kernel code, 2641K rwdata, 3428K rodata, 1540K init, 1152K bss, 2204696K reserved, 0K cma-reserved)
[    0.726794] ftrace: allocating 44543 entries in 174 pages
[    0.737993] ftrace: allocated 174 pages with 5 groups
[    0.740336] Dynamic Preempt: none
[    0.740894] rcu: Preemptible hierarchical RCU implementation.
[    0.741635] rcu: 	RCU event tracing is enabled.
[    0.742213] rcu: 	RCU restricting CPUs from NR_CPUS=48 to nr_cpu_ids=32.
[    0.743068] 	Trampoline variant of Tasks RCU enabled.
[    0.743713] 	Rude variant of Tasks RCU enabled.
[    0.744324] 	Tracing variant of Tasks RCU enabled.
[    0.744934] rcu: RCU calculated value of scheduler-enlistment delay is 30 jiffies.
[    0.745901] rcu: Adjusting geometry for rcu_fanout_leaf=16, nr_cpu_ids=32
[    0.751507] NR_IRQS: 4352, nr_irqs: 680, preallocated irqs: 16
[    0.752630] rcu: srcu_init: Setting srcu_struct sizes based on contention.
[    0.753561] random: crng init done
[    0.754969] Console: colour dummy device 80x25
[    0.755797] printk: console [tty0] enabled
[    0.756371] printk: console [ttyS0] enabled
[    0.757552] printk: bootconsole [earlyser0] disabled
[    0.758996] ACPI: Core revision 20220331
[    0.759684] APIC: Switch to symmetric I/O mode setup
[    0.763584] Switched APIC routing to physical x2apic.
[    0.768402] ..TIMER: vector=0x30 apic1=0 pin1=0 apic2=-1 pin2=-1
[    0.769464] clocksource: tsc-early: mask: 0xffffffffffffffff max_cycles: 0x285d2eb9f65, max_idle_ns: 440795297452 ns
[    0.770963] Calibrating delay loop (skipped) preset value.. 5602.85 BogoMIPS (lpj=9334173)
[    0.772115] pid_max: default: 32768 minimum: 301
[    0.772899] LSM: Security Framework initializing
[    0.784671] Dentry cache hash table entries: 8388608 (order: 14, 67108864 bytes, vmalloc hugepage)
[    0.791088] Inode-cache hash table entries: 4194304 (order: 13, 33554432 bytes, vmalloc hugepage)
[    0.792574] Mount-cache hash table entries: 131072 (order: 8, 1048576 bytes, vmalloc)
[    0.793794] Mountpoint-cache hash table entries: 131072 (order: 8, 1048576 bytes, vmalloc)
[    0.795358] Last level iTLB entries: 4KB 64, 2MB 8, 4MB 8
[    0.796217] Last level dTLB entries: 4KB 64, 2MB 0, 4MB 0, 1GB 4
[    0.797639] Spectre V1 : Mitigation: usercopy/swapgs barriers and __user pointer sanitization
[    0.798767] Spectre V2 : Mitigation: Enhanced IBRS
[    0.799476] Spectre V2 : Spectre v2 / SpectreRSB mitigation: Filling RSB on context switch
[    0.800617] Spectre V2 : mitigation: Enabling conditional Indirect Branch Prediction Barrier
[    0.800964] Speculative Store Bypass: Mitigation: Speculative Store Bypass disabled via prctl
[    0.802146] MDS: Mitigation: Clear CPU buffers
[    0.802760] TAA: Mitigation: Clear CPU buffers
[    0.804296] MMIO Stale Data: Vulnerable: Clear CPU buffers attempted, no microcode
[    0.809410] Freeing SMP alternatives memory: 48K
[    0.917173] smpboot: CPU0: Intel(R) Xeon(R) CPU @ 2.80GHz (family: 0x6, model: 0x55, stepping: 0x7)
[    0.917628] cblist_init_generic: Setting adjustable number of callback queues.
[    0.917628] cblist_init_generic: Setting shift to 5 and lim to 1.
[    0.917648] cblist_init_generic: Setting shift to 5 and lim to 1.
[    0.918511] cblist_init_generic: Setting shift to 5 and lim to 1.
[    0.919381] Performance Events: unsupported p6 CPU model 85 no PMU driver, software events only.
[    0.920613] rcu: Hierarchical SRCU implementation.
[    0.921033] NMI watchdog: Perf NMI watchdog permanently disabled
[    0.922269] smp: Bringing up secondary CPUs ...
[    0.923011] x86: Booting SMP configuration:
[    0.923659] .... node  #0, CPUs:        #1  #2  #3  #4  #5  #6  #7
[    0.928688] .... node  #1, CPUs:    #8
[    0.014089] smpboot: CPU 8 Converting physical 0 to logical die 1
[    0.934495]   #9 #10 #11 #12 #13 #14 #15
[    0.938750] .... node  #0, CPUs:   #16
[    0.941244] MDS CPU bug present and SMT on, data leak possible. See https://www.kernel.org/doc/html/latest/admin-guide/hw-vuln/mds.html for more details.
[    0.943323] TAA CPU bug present and SMT on, data leak possible. See https://www.kernel.org/doc/html/latest/admin-guide/hw-vuln/tsx_async_abort.html for more details.
[    0.944300] MMIO Stale Data CPU bug present and SMT on, data leak possible. See https://www.kernel.org/doc/html/latest/admin-guide/hw-vuln/processor_mmio_stale_data.html for more details.
[    0.947775]  #17 #18 #19 #20 #21 #22 #23
[    0.951724] .... node  #1, CPUs:   #24 #25 #26 #27 #28 #29 #30 #31
[    0.957929] smp: Brought up 2 nodes, 32 CPUs
[    0.959231] smpboot: Max logical packages: 2
[    0.959812] smpboot: Total of 32 processors activated (179287.46 BogoMIPS)
[    0.966866] devtmpfs: initialized
[    0.967683] x86/mm: Memory block size: 1024MB
[    0.969075] clocksource: jiffies: mask: 0xffffffff max_cycles: 0xffffffff, max_idle_ns: 6370867519511994 ns
[    0.969163] futex hash table entries: 8192 (order: 7, 524288 bytes, vmalloc)
[    0.971253] NET: Registered PF_NETLINK/PF_ROUTE protocol family
[    0.972212] thermal_sys: Registered thermal governor 'step_wise'
[    0.972238] cpuidle: using governor menu
[    0.974344] PCI: Using configuration type 1 for base access
[    0.976563] cryptd: max_cpu_qlen set to 1000
[    1.034296] raid6: avx512x4 gen() 18917 MB/s
[    1.090962] raid6: avx512x2 gen() 18853 MB/s
[    1.147629] raid6: avx512x1 gen() 18846 MB/s
[    1.204295] raid6: avx2x4   gen() 18773 MB/s
[    1.260962] raid6: avx2x2   gen() 18787 MB/s
[    1.317630] raid6: avx2x1   gen() 14058 MB/s
[    1.318294] raid6: using algorithm avx512x4 gen() 18917 MB/s
[    1.374297] raid6: .... xor() 8016 MB/s, rmw enabled
[    1.375306] raid6: using avx512x2 recovery algorithm
[    1.376111] ACPI: Added _OSI(Module Device)
[    1.376746] ACPI: Added _OSI(Processor Device)
[    1.377386] ACPI: Added _OSI(3.0 _SCP Extensions)
[    1.377630] ACPI: Added _OSI(Processor Aggregator Device)
[    1.378368] ACPI: Added _OSI(Linux-Dell-Video)
[    1.379018] ACPI: Added _OSI(Linux-Lenovo-NV-HDMI-Audio)
[    1.379810] ACPI: Added _OSI(Linux-HPI-Hybrid-Graphics)
[    1.382408] ACPI: 3 ACPI AML tables successfully acquired and loaded
[    1.385629] ACPI: Interpreter enabled
[    1.386157] ACPI: PM: (supports S0 S5)
[    1.386691] ACPI: Using IOAPIC for interrupt routing
[    1.387392] PCI: Using host bridge windows from ACPI; if necessary, use "pci=nocrs" and report a bug
[    1.387631] PCI: Ignoring E820 reservations for host bridge windows
[    1.388718] ACPI: Enabled 16 GPEs in block 00 to 0F
[    1.393522] ACPI: PCI Root Bridge [PCI0] (domain 0000 [bus 00-ff])
[    1.394305] acpi PNP0A03:00: _OSC: OS supports [ASPM ClockPM Segments MSI HPX-Type3]
[    1.395434] acpi PNP0A03:00: PCIe port services disabled; not requesting _OSC control
[    1.396871] PCI host bridge to bus 0000:00
[    1.397448] pci_bus 0000:00: Unknown NUMA node; performance will be reduced
[    1.397632] pci_bus 0000:00: root bus resource [io  0x0000-0x0cf7 window]
[    1.398827] pci_bus 0000:00: root bus resource [io  0x0d00-0xffff window]
[    1.399840] pci_bus 0000:00: root bus resource [mem 0x000a0000-0x000bffff window]
[    1.400964] pci_bus 0000:00: root bus resource [mem 0xc0000000-0xfebfefff window]
[    1.401998] pci_bus 0000:00: root bus resource [bus 00-ff]
[    1.402876] pci 0000:00:00.0: [8086:1237] type 00 class 0x060000
[    1.407958] pci 0000:00:01.0: [8086:7110] type 00 class 0x060100
[    1.447806] pci 0000:00:01.3: [8086:7113] type 00 class 0x068000
[    1.484328] pci 0000:00:01.3: quirk: [io  0xb000-0xb03f] claimed by PIIX4 ACPI
[    1.487675] pci 0000:00:03.0: [1af4:1004] type 00 class 0x000000
[    1.500966] pci 0000:00:03.0: reg 0x10: [io  0xc040-0xc07f]
[    1.510963] pci 0000:00:03.0: reg 0x14: [mem 0xc0102000-0xc010207f]
[    1.540193] pci 0000:00:04.0: [1ae0:001f] type 00 class 0x010802
[    1.557629] pci 0000:00:04.0: reg 0x10: [mem 0xc0000000-0xc0003fff 64bit]
[    1.577629] pci 0000:00:04.0: reg 0x20: [mem 0xc0101000-0xc01011ff]
[    1.587912] pci 0000:00:05.0: [1af4:1000] type 00 class 0x020000
[    1.603813] pci 0000:00:05.0: reg 0x10: [io  0xc000-0xc03f]
[    1.614296] pci 0000:00:05.0: reg 0x14: [mem 0xc0100000-0xc01007ff]
[    1.647835] pci 0000:00:06.0: [1af4:1005] type 00 class 0x00ff00
[    1.663371] pci 0000:00:06.0: reg 0x10: [io  0xc080-0xc09f]
[    1.674296] pci 0000:00:06.0: reg 0x14: [mem 0xc0103000-0xc010303f]
[    1.701632] ACPI: PCI: Interrupt link LNKA configured for IRQ 10
[    1.704362] ACPI: PCI: Interrupt link LNKB configured for IRQ 11
[    1.707688] ACPI: PCI: Interrupt link LNKC configured for IRQ 10
[    1.711023] ACPI: PCI: Interrupt link LNKD configured for IRQ 11
[    1.714317] ACPI: PCI: Interrupt link LNKS configured for IRQ 9
[    1.718096] SCSI subsystem initialized
[    1.718302] Registered efivars operations
[    1.719118] PCI: Using ACPI for IRQ routing
[    1.719705] PCI: pci_cache_line_size set to 64 bytes
[    1.719799] e820: reserve RAM buffer [mem 0x00055000-0x0005ffff]
[    1.719802] e820: reserve RAM buffer [mem 0x00098000-0x0009ffff]
[    1.719803] e820: reserve RAM buffer [mem 0xbf6ed000-0xbfffffff]
[    1.719804] e820: reserve RAM buffer [mem 0xbffe0000-0xbfffffff]
[    1.719819] vgaarb: loaded
[    1.721106] clocksource: Switched to clocksource kvm-clock
[    1.722161] VFS: Disk quotas dquot_6.6.0
[    1.722750] VFS: Dquot-cache hash table entries: 512 (order 0, 4096 bytes)
[    1.723741] pnp: PnP ACPI init
[    1.724527] pnp: PnP ACPI: found 7 devices
[    1.731093] clocksource: acpi_pm: mask: 0xffffff max_cycles: 0xffffff, max_idle_ns: 2085701024 ns
[    1.732341] NET: Registered PF_INET protocol family
[    1.733607] IP idents hash table entries: 262144 (order: 9, 2097152 bytes, vmalloc)
[    1.737114] tcp_listen_portaddr_hash hash table entries: 65536 (order: 8, 1048576 bytes, vmalloc)
[    1.738492] Table-perturb hash table entries: 65536 (order: 6, 262144 bytes, vmalloc)
[    1.739556] TCP established hash table entries: 524288 (order: 10, 4194304 bytes, vmalloc hugepage)
[    1.741380] TCP bind hash table entries: 65536 (order: 8, 1048576 bytes, vmalloc)
[    1.742537] TCP: Hash tables configured (established 524288 bind 65536)
[    1.743539] UDP hash table entries: 65536 (order: 9, 2097152 bytes, vmalloc)
[    1.744877] UDP-Lite hash table entries: 65536 (order: 9, 2097152 bytes, vmalloc)
[    1.746331] NET: Registered PF_UNIX/PF_LOCAL protocol family
[    1.747424] RPC: Registered named UNIX socket transport module.
[    1.748295] RPC: Registered udp transport module.
[    1.748950] RPC: Registered tcp transport module.
[    1.749587] RPC: Registered tcp NFSv4.1 backchannel transport module.
[    1.750515] pci_bus 0000:00: resource 4 [io  0x0000-0x0cf7 window]
[    1.751366] pci_bus 0000:00: resource 5 [io  0x0d00-0xffff window]
[    1.752234] pci_bus 0000:00: resource 6 [mem 0x000a0000-0x000bffff window]
[    1.753168] pci_bus 0000:00: resource 7 [mem 0xc0000000-0xfebfefff window]
[    1.754162] pci 0000:00:00.0: Limiting direct PCI/PCI transfers
[    1.755033] PCI: CLS 0 bytes, default 64
[    1.755987] PCI-DMA: Using software bounce buffering for IO (SWIOTLB)
[    1.756899] software IO TLB: mapped [mem 0x00000000b9f4d000-0x00000000bdf4d000] (64MB)
[    1.759001] RAPL PMU: API unit is 2^-32 Joules, 0 fixed counters, 10737418240 ms ovfl timer
[    1.760322] clocksource: tsc: mask: 0xffffffffffffffff max_cycles: 0x285d2eb9f65, max_idle_ns: 440795297452 ns
[    1.762261] clocksource: Switched to clocksource tsc
[    1.763267] Initialise system trusted keyrings
[    1.764059] workingset: timestamp_bits=40 max_order=25 bucket_order=0
[    1.766380] NFS: Registering the id_resolver key type
[    1.767163] Key type id_resolver registered
[    1.767740] Key type id_legacy registered
[    1.768344] Installing knfsd (copyright (C) 1996 okir@monad.swb.de).
[    1.769378] ntfs: driver 2.1.32 [Flags: R/W].
[    1.770095] fuse: init (API version 7.36)
[    1.770750] JFS: nTxBlock = 8192, nTxLock = 65536
[    1.773879] SGI XFS with ACLs, security attributes, realtime, scrub, repair, quota, no debug enabled
[    1.775994] 9p: Installing v9fs 9p2000 file system support
[    1.776843] NILFS version 2 loaded
[    1.777417] ocfs2: Registered cluster interface o2cb
[    1.778256] OCFS2 User DLM kernel interface loaded
[    1.779168] xor: automatically using best checksumming function   avx       
[    1.780190] Key type asymmetric registered
[    1.780822] Asymmetric key parser 'x509' registered
[    1.781535] Block layer SCSI generic (bsg) driver version 0.4 loaded (major 249)
[    1.782582] io scheduler mq-deadline registered
[    1.783257] io scheduler kyber registered
[    1.785867] input: Power Button as /devices/LNXSYSTM:00/LNXPWRBN:00/input/input0
[    1.786916] ACPI: button: Power Button [PWRF]
[    1.787574] input: Sleep Button as /devices/LNXSYSTM:00/LNXSLPBN:00/input/input1
[    1.788666] ACPI: button: Sleep Button [SLPF]
[    1.793757] ACPI: \_SB_.LNKC: Enabled at IRQ 10
[    1.796731] virtio-pci 0000:00:03.0: virtio_pci: leaving for legacy driver
[    1.806905] ACPI: \_SB_.LNKA: Enabled at IRQ 11
[    1.809707] virtio-pci 0000:00:05.0: virtio_pci: leaving for legacy driver
[    1.820240] ACPI: \_SB_.LNKB: Enabled at IRQ 11
[    1.822935] virtio-pci 0000:00:06.0: virtio_pci: leaving for legacy driver
[    1.830909] Serial: 8250/16550 driver, 32 ports, IRQ sharing disabled
[    1.832049] 00:03: ttyS0 at I/O 0x3f8 (irq = 4, base_baud = 115200) is a 16550A
[    1.833150] 00:04: ttyS1 at I/O 0x2f8 (irq = 3, base_baud = 115200) is a 16550A
[    1.834311] 00:05: ttyS2 at I/O 0x3e8 (irq = 6, base_baud = 115200) is a 16550A
[    1.835456] 00:06: ttyS3 at I/O 0x2e8 (irq = 7, base_baud = 115200) is a 16550A
[    1.857080] tpm_tis MSFT0101:00: 2.0 TPM (device-id 0x9009, rev-id 0)
[    1.870484] loop: module loaded
[    1.888966] scsi host0: Virtio SCSI HBA
[    1.894291] scsi 0:0:1:0: Direct-Access     Google   PersistentDisk   1    PQ: 0 ANSI: 6
[    1.895697] scsi 0:0:2:0: Direct-Access     Google   PersistentDisk   1    PQ: 0 ANSI: 6
[    1.910357] sd 0:0:1:0: [sda] 20971520 512-byte logical blocks: (10.7 GB/10.0 GiB)
[    1.910359] sd 0:0:2:0: [sdb] 10485760000 512-byte logical blocks: (5.37 TB/4.88 TiB)
[    1.910552] nvme nvme0: pci function 0000:00:04.0
[    1.917727] ACPI: \_SB_.LNKD: Enabled at IRQ 10
[    1.920142] sd 0:0:1:0: [sda] 4096-byte physical blocks
[    1.928448] sd 0:0:2:0: [sdb] 4096-byte physical blocks
[    1.929212] sd 0:0:1:0: [sda] Write Protect is off
[    1.936433] sd 0:0:2:0: [sdb] Write Protect is off
[    1.937300] sd 0:0:1:0: [sda] Mode Sense: 1f 00 00 08
[    1.938037] sd 0:0:2:0: [sdb] Mode Sense: 1f 00 00 08
[    1.940988] sd 0:0:1:0: [sda] Write cache: enabled, read cache: enabled, doesn't support DPO or FUA
[    1.945311] sd 0:0:2:0: [sdb] Write cache: enabled, read cache: enabled, doesn't support DPO or FUA
[    1.966587]  sda: sda1 sda14 sda15
[    1.974048] sd 0:0:1:0: [sda] Attached SCSI disk
[    1.978870]  sdb: sdb1 sdb2
[    1.983142] sd 0:0:2:0: [sdb] Attached SCSI disk
[    2.036764] nvme nvme0: 15/0/0 default/read/poll queues
[    2.071779]  nvme0n1: p1 p2
[    2.232774] i8042: PNP: PS/2 Controller [PNP0303:KBD,PNP0f13:MOU] at 0x60,0x64 irq 1,12
[    2.234048] i8042: Warning: Keylock active
[    2.236187] serio: i8042 KBD port at 0x60,0x64 irq 1
[    2.236863] serio: i8042 AUX port at 0x60,0x64 irq 12
[    2.237559] device-mapper: core: CONFIG_IMA_DISABLE_HTABLE is disabled. Duplicate IMA measurements will not be recorded in the IMA log.
[    2.239277] device-mapper: ioctl: 4.46.0-ioctl (2022-02-22) initialised: dm-devel@redhat.com
[    2.240565] intel_pstate: CPU model not supported
[    2.241222] EFI Variables Facility v0.08 2004-May-17
[    2.249417] NET: Registered PF_INET6 protocol family
[    2.250522] Segment Routing with IPv6
[    2.251051] In-situ OAM (IOAM) with IPv6
[    2.251604] sit: IPv6, IPv4 and MPLS over IPv4 tunneling driver
[    2.252502] NET: Registered PF_PACKET protocol family
[    2.253215] 9pnet: Installing 9P2000 support
[    2.253812] Key type dns_resolver registered
[    2.257462] IPI shorthand broadcast: enabled
[    2.258066] AVX2 version of gcm_enc/dec engaged.
[    2.259281] AES CTR mode by8 optimization enabled
[    2.260594] sched_clock: Marking stable (2249815053, 10755929)->(2288944896, -28373914)
[    2.262766] Loading compiled-in X.509 certificates
[    2.263671] Key type ._fscrypt registered
[    2.264232] Key type .fscrypt registered
[    2.264777] Key type fscrypt-provisioning registered
[    2.266972] Btrfs loaded, crc32c=crc32c-intel, assert=on, zoned=no, fsverity=yes
[    2.268606] Key type encrypted registered
[    2.269164] ima: Allocated hash algorithm: sha1
[    2.299853] ima: No architecture policies found
[    2.300799] evm: Initialising EVM extended attributes:
[    2.301507] evm: security.selinux (disabled)
[    2.302104] evm: security.SMACK64 (disabled)
[    2.302683] evm: security.SMACK64EXEC (disabled)
[    2.303333] evm: security.SMACK64TRANSMUTE (disabled)
[    2.304012] evm: security.SMACK64MMAP (disabled)
[    2.304639] evm: security.apparmor (disabled)
[    2.305240] evm: security.ima
[    2.305653] evm: security.capability
[    2.306155] evm: HMAC attrs: 0x1
[    2.441274] input: AT Translated Set 2 keyboard as /devices/platform/i8042/serio0/input/input2
[    2.574855] EXT4-fs (sda1): INFO: recovery required on readonly filesystem
[    2.575788] EXT4-fs (sda1): write access will be enabled during recovery
[    2.834974] EXT4-fs (sda1): orphan cleanup on readonly fs
[    2.835769] EXT4-fs (sda1): 1 orphan inode deleted
[    2.836421] EXT4-fs (sda1): recovery complete
[    2.841615] EXT4-fs (sda1): mounted filesystem with ordered data mode. Quota mode: none.
[    2.842711] VFS: Mounted root (ext4 filesystem) readonly on device 8:1.
[    2.844817] Freeing unused kernel image (initmem) memory: 1540K
[    2.850988] Write protecting the kernel read-only data: 22528k
[    2.853003] Freeing unused kernel image (text/rodata gap) memory: 2028K
[    2.854330] Freeing unused kernel image (rodata/data gap) memory: 668K
[    2.855209] Run /sbin/init as init process
[    2.855766]   with arguments:
[    2.855767]     /sbin/init
[    2.855768]   with environment:
[    2.855769]     HOME=/
[    2.855770]     TERM=linux
[    2.855770]     intel_iommu=off
[    3.544462] systemd[1]: systemd 247.3-7+deb11u4 running in system mode. (+PAM +AUDIT +SELINUX +IMA +APPARMOR +SMACK +SYSVINIT +UTMP +LIBCRYPTSETUP +GCRYPT +GNUTLS +ACL +XZ +LZ4 +ZSTD +SECCOMP +BLKID +ELFUTILS +KMOD +IDN2 -IDN +PCRE2 default-hierarchy=unified)
[    3.547556] systemd[1]: Detected virtualization kvm.
[    3.548264] systemd[1]: Detected architecture x86-64.
[    3.564757] systemd[1]: Set hostname to <debian>.
[    4.258170] systemd[1]: Queued start job for default target Graphical Interface.
[    4.260542] systemd[1]: Created slice system-getty.slice.
[    4.274583] systemd[1]: Created slice system-modprobe.slice.
[    4.287871] systemd[1]: Created slice system-serial\x2dgetty.slice.
[    4.301212] systemd[1]: Created slice system-systemd\x2dgrowfs.slice.
[    4.314510] systemd[1]: Created slice User and Session Slice.
[    4.327717] systemd[1]: Started Dispatch Password Requests to Console Directory Watch.
[    4.341041] systemd[1]: Started Forward Password Requests to Wall Directory Watch.
[    4.354369] systemd[1]: Condition check resulted in Arbitrary Executable File Formats File System Automount Point being skipped.
[    4.355930] systemd[1]: Reached target Local Encrypted Volumes.
[    4.371039] systemd[1]: Reached target Paths.
[    4.384348] systemd[1]: Reached target Slices.
[    4.397685] systemd[1]: Reached target Swap.
[    4.411014] systemd[1]: Reached target System Time Set.
[    4.427329] systemd[1]: Listening on RPCbind Server Activation Socket.
[    4.442126] systemd[1]: Listening on Syslog Socket.
[    4.454450] systemd[1]: Listening on fsck to fsckd communication Socket.
[    4.467728] systemd[1]: Listening on initctl Compatibility Named Pipe.
[    4.481096] systemd[1]: Condition check resulted in Journal Audit Socket being skipped.
[    4.482340] systemd[1]: Listening on Journal Socket (/dev/log).
[    4.494428] systemd[1]: Listening on Journal Socket.
[    4.510802] systemd[1]: Listening on udev Control Socket.
[    4.524433] systemd[1]: Listening on udev Kernel Socket.
[    4.537775] systemd[1]: Condition check resulted in Huge Pages File System being skipped.
[    4.539562] systemd[1]: Mounting POSIX Message Queue File System...
[    4.554891] systemd[1]: Mounting NFSD configuration filesystem...
[    4.568230] systemd[1]: Mounting RPC Pipe File System...
[    4.581596] systemd[1]: Mounting Kernel Debug File System...
[    4.594911] systemd[1]: Mounting Kernel Trace File System...
[    4.607700] systemd[1]: Condition check resulted in Kernel Module supporting RPCSEC_GSS being skipped.
[    4.609003] systemd[1]: Condition check resulted in Create list of static device nodes for the current kernel being skipped.
[    4.611133] systemd[1]: Starting Load Kernel Module configfs...
[    4.624950] systemd[1]: Starting Load Kernel Module drm...
[    4.638247] systemd[1]: Starting Load Kernel Module fuse...
[    4.651852] systemd[1]: Condition check resulted in Set Up Additional Binary Formats being skipped.
[    4.653728] systemd[1]: Starting File System Check on Root Device...
[    4.669497] systemd[1]: Starting Journal Service...
[    4.671976] systemd[1]: Starting Load Kernel Modules...
[    4.673437] systemd[1]: Starting Coldplug All udev Devices...
[    4.675380] systemd[1]: Mounted POSIX Message Queue File System.
[    4.676296] systemd[1]: Mounted NFSD configuration filesystem.
[    4.677326] systemd[1]: Mounted RPC Pipe File System.
[    4.678191] systemd[1]: Mounted Kernel Debug File System.
[    4.679033] systemd[1]: Mounted Kernel Trace File System.
[    4.680035] systemd[1]: modprobe@configfs.service: Succeeded.
[    4.681025] systemd[1]: Finished Load Kernel Module configfs.
[    4.681970] systemd[1]: modprobe@drm.service: Succeeded.
[    4.682849] systemd[1]: Finished Load Kernel Module drm.
[    4.683845] systemd[1]: modprobe@fuse.service: Succeeded.
[    4.684885] systemd[1]: Finished Load Kernel Module fuse.
[    4.685852] systemd[1]: Finished Load Kernel Modules.
[    4.687278] systemd[1]: Mounting FUSE Control File System...
[    4.688782] systemd[1]: Mounting Kernel Configuration File System...
[    4.690357] systemd[1]: Starting pNFS block layout mapping daemon...
[    4.721633] systemd[1]: Started File System Check Daemon to report status.
[    4.734948] systemd[1]: Starting Apply Kernel Variables...
[    4.748191] systemd[1]: Started Journal Service.
[    5.320928] EXT4-fs (sda1): re-mounted. Quota mode: none.
[    5.355060] systemd-journald[391]: Received client request to flush runtime journal.
[    5.383660] systemd-journald[391]: File /var/log/journal/c196da314138752caf756665db00364c/system.journal corrupted or uncleanly shut down, renaming and replacing.
[    5.557200] virtio_net virtio1 enp0s5: renamed from eth0
[    5.623659] FAT-fs (sda15): Volume was not properly unmounted. Some data may be corrupt. Please run fsck.
[    8.999187] NFSD: Using UMH upcall client tracking operations.
[    9.000000] NFSD: starting 90-second grace period (net f0000000)
[ 1075.891604] nfsd: last server has exited, flushing export cache
[ 1082.618603] EXT4-fs (nvme0n1p1): mounted filesystem with ordered data mode. Quota mode: none.
[ 1083.726563] NFSD: Using UMH upcall client tracking operations.
[ 1083.732525] NFSD: starting 90-second grace period (net f0000000)
[ 1083.822394] sh (2928): drop_caches: 3
