[    0.000000] Linux version 5.10.0-26-cloud-amd64 (debian-kernel@lists.debian.org) (gcc-10 (Debian 10.2.1-6) 10.2.1 20210110, GNU ld (GNU Binutils for Debian) 2.35.2) #1 SMP Debian 5.10.197-1 (2023-09-29)
[    0.000000] Command line: BOOT_IMAGE=/boot/vmlinuz-5.10.0-26-cloud-amd64 root=UUID=1225d994-3cdc-4e39-8ca0-3245d6035b43 ro console=tty0 console=ttyS0,115200 earlyprintk=ttyS0,115200 consoleblank=0 intel_iommu=off
[    0.000000] BIOS-provided physical RAM map:
[    0.000000] BIOS-e820: [mem 0x0000000000000000-0x0000000000000fff] reserved
[    0.000000] BIOS-e820: [mem 0x0000000000001000-0x0000000000054fff] usable
[    0.000000] BIOS-e820: [mem 0x0000000000055000-0x000000000005ffff] reserved
[    0.000000] BIOS-e820: [mem 0x0000000000060000-0x0000000000097fff] usable
[    0.000000] BIOS-e820: [mem 0x0000000000098000-0x000000000009ffff] reserved
[    0.000000] BIOS-e820: [mem 0x0000000000100000-0x00000000bf6ecfff] usable
[    0.000000] BIOS-e820: [mem 0x00000000bf6ed000-0x00000000bf7ecfff] reserved
[    0.000000] BIOS-e820: [mem 0x00000000bf7ed000-0x00000000bf8ecfff] type 20
[    0.000000] BIOS-e820: [mem 0x00000000bf8ed000-0x00000000bf96cfff] reserved
[    0.000000] BIOS-e820: [mem 0x00000000bf96d000-0x00000000bf97efff] ACPI data
[    0.000000] BIOS-e820: [mem 0x00000000bf97f000-0x00000000bf9fefff] ACPI NVS
[    0.000000] BIOS-e820: [mem 0x00000000bf9ff000-0x00000000bffdffff] usable
[    0.000000] BIOS-e820: [mem 0x00000000bffe0000-0x00000000bfffffff] reserved
[    0.000000] BIOS-e820: [mem 0x0000000100000000-0x000000203fffffff] usable
[    0.000000] printk: bootconsole [earlyser0] enabled
[    0.000000] NX (Execute Disable) protection: active
[    0.000000] efi: EFI v2.70 by EDK II
[    0.000000] efi: TPMFinalLog=0xbf9f7000 ACPI=0xbf97e000 ACPI 2.0=0xbf97e014 SMBIOS=0xbf7ca000 MEMATTR=0xbe2b7018 
[    0.000000] secureboot: Secure boot disabled
[    0.000000] SMBIOS 2.4 present.
[    0.000000] DMI: Google Google Compute Engine/Google Compute Engine, BIOS Google 11/17/2023
[    0.000000] Hypervisor detected: KVM
[    0.000000] kvm-clock: Using msrs 4b564d01 and 4b564d00
[    0.000000] kvm-clock: cpu 0, msr 176d801001, primary cpu clock
[    0.000000] kvm-clock: using sched offset of 5320516278 cycles
[    0.000754] clocksource: kvm-clock: mask: 0xffffffffffffffff max_cycles: 0x1cd42e4dffb, max_idle_ns: 881590591483 ns
[    0.002875] tsc: Detected 2800.210 MHz processor
[    0.003618] e820: update [mem 0x00000000-0x00000fff] usable ==> reserved
[    0.003621] e820: remove [mem 0x000a0000-0x000fffff] usable
[    0.003627] last_pfn = 0x2040000 max_arch_pfn = 0x400000000
[    0.004410] MTRR default type: write-back
[    0.004411] MTRR fixed ranges enabled:
[    0.004412]   00000-9FFFF write-back
[    0.004413]   A0000-FFFFF uncachable
[    0.004414] MTRR variable ranges enabled:
[    0.004415]   0 base 0000C0000000 mask 3FFFC0000000 uncachable
[    0.004416]   1 disabled
[    0.004416]   2 disabled
[    0.004417]   3 disabled
[    0.004417]   4 disabled
[    0.004418]   5 disabled
[    0.004418]   6 disabled
[    0.004419]   7 disabled
[    0.004428] x86/PAT: Configuration [0-7]: WB  WC  UC- UC  WB  WP  UC- WT  
[    0.005767] last_pfn = 0xbffe0 max_arch_pfn = 0x400000000
[    0.006505] Using GB pages for direct mapping
[    0.007322] RAMDISK: [mem 0x364eb000-0x3726cfff]
[    0.007921] ACPI: Early table checksum verification disabled
[    0.008667] ACPI: RSDP 0x00000000BF97E014 000024 (v02 Google)
[    0.009414] ACPI: XSDT 0x00000000BF97D0E8 00005C (v01 Google GOOGFACP 00000001      01000013)
[    0.010524] ACPI: FACP 0x00000000BF978000 0000F4 (v02 Google GOOGFACP 00000001 GOOG 00000001)
[    0.011669] ACPI: DSDT 0x00000000BF979000 001A64 (v01 Google GOOGDSDT 00000001 GOOG 00000001)
[    0.012778] ACPI: FACS 0x00000000BF9F1000 000040
[    0.013366] ACPI: SSDT 0x00000000BF97C000 000316 (v02 GOOGLE Tpm2Tabl 00001000 INTL 20211217)
[    0.014455] ACPI: TPM2 0x00000000BF97B000 000034 (v04 GOOGLE          00000001 GOOG 00000001)
[    0.015600] ACPI: SRAT 0x00000000BF977000 0002D0 (v03 Google GOOGSRAT 00000001 GOOG 00000001)
[    0.016717] ACPI: APIC 0x00000000BF976000 000166 (v05 Google GOOGAPIC 00000001 GOOG 00000001)
[    0.017821] ACPI: SSDT 0x00000000BF974000 0014DE (v01 Google GOOGSSDT 00000001 GOOG 00000001)
[    0.018911] ACPI: WAET 0x00000000BF973000 000028 (v01 Google GOOGWAET 00000001 GOOG 00000001)
[    0.019997] ACPI: Reserving FACP table memory at [mem 0xbf978000-0xbf9780f3]
[    0.020948] ACPI: Reserving DSDT table memory at [mem 0xbf979000-0xbf97aa63]
[    0.021896] ACPI: Reserving FACS table memory at [mem 0xbf9f1000-0xbf9f103f]
[    0.022796] ACPI: Reserving SSDT table memory at [mem 0xbf97c000-0xbf97c315]
[    0.023695] ACPI: Reserving TPM2 table memory at [mem 0xbf97b000-0xbf97b033]
[    0.024636] ACPI: Reserving SRAT table memory at [mem 0xbf977000-0xbf9772cf]
[    0.025539] ACPI: Reserving APIC table memory at [mem 0xbf976000-0xbf976165]
[    0.027096] ACPI: Reserving SSDT table memory at [mem 0xbf974000-0xbf9754dd]
[    0.027996] ACPI: Reserving WAET table memory at [mem 0xbf973000-0xbf973027]
[    0.028916] ACPI: Local APIC address 0xfee00000
[    0.028944] SRAT: PXM 0 -> APIC 0x00 -> Node 0
[    0.029528] SRAT: PXM 0 -> APIC 0x01 -> Node 0
[    0.030094] SRAT: PXM 0 -> APIC 0x02 -> Node 0
[    0.030662] SRAT: PXM 0 -> APIC 0x03 -> Node 0
[    0.031239] SRAT: PXM 0 -> APIC 0x04 -> Node 0
[    0.031829] SRAT: PXM 0 -> APIC 0x05 -> Node 0
[    0.032394] SRAT: PXM 0 -> APIC 0x06 -> Node 0
[    0.032971] SRAT: PXM 0 -> APIC 0x07 -> Node 0
[    0.033540] SRAT: PXM 0 -> APIC 0x08 -> Node 0
[    0.034106] SRAT: PXM 0 -> APIC 0x09 -> Node 0
[    0.034671] SRAT: PXM 0 -> APIC 0x0a -> Node 0
[    0.035238] SRAT: PXM 0 -> APIC 0x0b -> Node 0
[    0.035829] SRAT: PXM 0 -> APIC 0x0c -> Node 0
[    0.036423] SRAT: PXM 0 -> APIC 0x0d -> Node 0
[    0.037009] SRAT: PXM 0 -> APIC 0x0e -> Node 0
[    0.037577] SRAT: PXM 0 -> APIC 0x0f -> Node 0
[    0.038155] SRAT: PXM 1 -> APIC 0x10 -> Node 1
[    0.038722] SRAT: PXM 1 -> APIC 0x11 -> Node 1
[    0.039286] SRAT: PXM 1 -> APIC 0x12 -> Node 1
[    0.039854] SRAT: PXM 1 -> APIC 0x13 -> Node 1
[    0.040420] SRAT: PXM 1 -> APIC 0x14 -> Node 1
[    0.040986] SRAT: PXM 1 -> APIC 0x15 -> Node 1
[    0.041552] SRAT: PXM 1 -> APIC 0x16 -> Node 1
[    0.042130] SRAT: PXM 1 -> APIC 0x17 -> Node 1
[    0.042701] SRAT: PXM 1 -> APIC 0x18 -> Node 1
[    0.043265] SRAT: PXM 1 -> APIC 0x19 -> Node 1
[    0.043857] SRAT: PXM 1 -> APIC 0x1a -> Node 1
[    0.044424] SRAT: PXM 1 -> APIC 0x1b -> Node 1
[    0.044991] SRAT: PXM 1 -> APIC 0x1c -> Node 1
[    0.045590] SRAT: PXM 1 -> APIC 0x1d -> Node 1
[    0.046156] SRAT: PXM 1 -> APIC 0x1e -> Node 1
[    0.046753] SRAT: PXM 1 -> APIC 0x1f -> Node 1
[    0.047341] ACPI: SRAT: Node 0 PXM 0 [mem 0x00000000-0x0009ffff]
[    0.048204] ACPI: SRAT: Node 0 PXM 0 [mem 0x00100000-0xbfffffff]
[    0.048995] ACPI: SRAT: Node 0 PXM 0 [mem 0x100000000-0x103fffffff]
[    0.049807] ACPI: SRAT: Node 1 PXM 1 [mem 0x1040000000-0x203fffffff]
[    0.050619] NUMA: Node 0 [mem 0x00000000-0x0009ffff] + [mem 0x00100000-0xbfffffff] -> [mem 0x00000000-0xbfffffff]
[    0.051964] NUMA: Node 0 [mem 0x00000000-0xbfffffff] + [mem 0x100000000-0x103fffffff] -> [mem 0x00000000-0x103fffffff]
[    0.053353] NODE_DATA(0) allocated [mem 0x103ffd6000-0x103fffffff]
[    0.054607] NODE_DATA(1) allocated [mem 0x203ffd6000-0x203fffffff]
[    0.056537] Zone ranges:
[    0.056970]   DMA      [mem 0x0000000000001000-0x0000000000ffffff]
[    0.057768]   DMA32    [mem 0x0000000001000000-0x00000000ffffffff]
[    0.058556]   Normal   [mem 0x0000000100000000-0x000000203fffffff]
[    0.059347]   Device   empty
[    0.059728] Movable zone start for each node
[    0.060274] Early memory node ranges
[    0.060752]   node   0: [mem 0x0000000000001000-0x0000000000054fff]
[    0.061552]   node   0: [mem 0x0000000000060000-0x0000000000097fff]
[    0.062351]   node   0: [mem 0x0000000000100000-0x00000000bf6ecfff]
[    0.063169]   node   0: [mem 0x00000000bf9ff000-0x00000000bffdffff]
[    0.064029]   node   0: [mem 0x0000000100000000-0x000000103fffffff]
[    0.064845]   node   1: [mem 0x0000001040000000-0x000000203fffffff]
[    0.065671] Initmem setup node 0 [mem 0x0000000000001000-0x000000103fffffff]
[    0.066568] On node 0 totalpages: 16776282
[    0.066570]   DMA zone: 64 pages used for memmap
[    0.066570]   DMA zone: 3121 pages reserved
[    0.066571]   DMA zone: 3980 pages, LIFO batch:0
[    0.066573]   DMA32 zone: 12212 pages used for memmap
[    0.066573]   DMA32 zone: 781518 pages, LIFO batch:63
[    0.066574]   Normal zone: 249856 pages used for memmap
[    0.066575]   Normal zone: 15990784 pages, LIFO batch:63
[    0.066576] Initmem setup node 1 [mem 0x0000001040000000-0x000000203fffffff]
[    0.067469] On node 1 totalpages: 16777216
[    0.067469]   Normal zone: 262144 pages used for memmap
[    0.067470]   Normal zone: 16777216 pages, LIFO batch:63
[    0.067902] On node 0, zone DMA: 1 pages in unavailable ranges
[    0.067903] On node 0, zone DMA: 11 pages in unavailable ranges
[    0.068688] On node 0, zone DMA: 104 pages in unavailable ranges
[    0.085574] On node 0, zone DMA32: 786 pages in unavailable ranges
[    0.087806] On node 0, zone Normal: 32 pages in unavailable ranges
[    0.090117] ACPI: PM-Timer IO Port: 0xb008
[    0.091448] ACPI: Local APIC address 0xfee00000
[    0.091465] ACPI: LAPIC_NMI (acpi_id[0xff] dfl dfl lint[0x1])
[    0.092297] IOAPIC[0]: apic_id 0, version 17, address 0xfec00000, GSI 0-23
[    0.093193] ACPI: INT_SRC_OVR (bus 0 bus_irq 5 global_irq 5 high level)
[    0.094037] ACPI: INT_SRC_OVR (bus 0 bus_irq 9 global_irq 9 high level)
[    0.094896] ACPI: INT_SRC_OVR (bus 0 bus_irq 10 global_irq 10 high level)
[    0.095796] ACPI: INT_SRC_OVR (bus 0 bus_irq 11 global_irq 11 high level)
[    0.096663] ACPI: IRQ5 used by override.
[    0.096664] ACPI: IRQ9 used by override.
[    0.096665] ACPI: IRQ10 used by override.
[    0.096665] ACPI: IRQ11 used by override.
[    0.096668] Using ACPI (MADT) for SMP configuration information
[    0.097417] smpboot: Allowing 32 CPUs, 0 hotplug CPUs
[    0.098092] PM: hibernation: Registered nosave memory: [mem 0x00000000-0x00000fff]
[    0.099066] PM: hibernation: Registered nosave memory: [mem 0x00055000-0x0005ffff]
[    0.100032] PM: hibernation: Registered nosave memory: [mem 0x00098000-0x0009ffff]
[    0.101000] PM: hibernation: Registered nosave memory: [mem 0x000a0000-0x000fffff]
[    0.101990] PM: hibernation: Registered nosave memory: [mem 0xbf6ed000-0xbf7ecfff]
[    0.102954] PM: hibernation: Registered nosave memory: [mem 0xbf7ed000-0xbf8ecfff]
[    0.103920] PM: hibernation: Registered nosave memory: [mem 0xbf8ed000-0xbf96cfff]
[    0.104923] PM: hibernation: Registered nosave memory: [mem 0xbf96d000-0xbf97efff]
[    0.105971] PM: hibernation: Registered nosave memory: [mem 0xbf97f000-0xbf9fefff]
[    0.106936] PM: hibernation: Registered nosave memory: [mem 0xbffe0000-0xbfffffff]
[    0.107899] PM: hibernation: Registered nosave memory: [mem 0xc0000000-0xffffffff]
[    0.108867] [mem 0xc0000000-0xffffffff] available for PCI devices
[    0.109658] Booting paravirtualized kernel on KVM
[    0.110257] clocksource: refined-jiffies: mask: 0xffffffff max_cycles: 0xffffffff, max_idle_ns: 7645519600211568 ns
[    0.115260] setup_percpu: NR_CPUS:8192 nr_cpumask_bits:32 nr_cpu_ids:32 nr_node_ids:2
[    0.119423] percpu: Embedded 63 pages/cpu s221184 r8192 d28672 u262144
[    0.120272] pcpu-alloc: s221184 r8192 d28672 u262144 alloc=1*2097152
[    0.120274] pcpu-alloc: [0] 00 01 02 03 04 05 06 07 [0] 16 17 18 19 20 21 22 23 
[    0.120282] pcpu-alloc: [1] 08 09 10 11 12 13 14 15 [1] 24 25 26 27 28 29 30 31 
[    0.120320] kvm-guest: PV spinlocks enabled
[    0.120867] PV qspinlock hash table entries: 256 (order: 0, 4096 bytes, linear)
[    0.121834] Built 2 zonelists, mobility grouping on.  Total pages: 33026101
[    0.122729] Policy zone: Normal
[    0.123129] Kernel command line: BOOT_IMAGE=/boot/vmlinuz-5.10.0-26-cloud-amd64 root=UUID=1225d994-3cdc-4e39-8ca0-3245d6035b43 ro console=tty0 console=ttyS0,115200 earlyprintk=ttyS0,115200 consoleblank=0 intel_iommu=off
[    0.125814] DMAR: IOMMU disabled
[    0.126296] printk: log_buf_len individual max cpu contribution: 4096 bytes
[    0.127209] printk: log_buf_len total cpu_extra contributions: 126976 bytes
[    0.128120] printk: log_buf_len min size: 131072 bytes
[    0.129242] printk: log_buf_len: 262144 bytes
[    0.129826] printk: early log buf free: 119472(91%)
[    0.130939] mem auto-init: stack:off, heap alloc:on, heap free:off
[    0.193549] Memory: 3281916K/134213992K available (12296K kernel code, 2552K rwdata, 6956K rodata, 2468K init, 3724K bss, 2264048K reserved, 0K cma-reserved)
[    0.196928] SLUB: HWalign=64, Order=0-3, MinObjects=0, CPUs=32, Nodes=2
[    0.198230] ftrace: allocating 33918 entries in 133 pages
[    0.216946] ftrace: allocated 133 pages with 3 groups
[    0.218385] rcu: Hierarchical RCU implementation.
[    0.218995] rcu: 	RCU restricting CPUs from NR_CPUS=8192 to nr_cpu_ids=32.
[    0.219897] 	Rude variant of Tasks RCU enabled.
[    0.220474] 	Tracing variant of Tasks RCU enabled.
[    0.221086] rcu: RCU calculated value of scheduler-enlistment delay is 25 jiffies.
[    0.222054] rcu: Adjusting geometry for rcu_fanout_leaf=16, nr_cpu_ids=32
[    0.226640] NR_IRQS: 524544, nr_irqs: 680, preallocated irqs: 16
[    0.227689] random: crng init done
[    0.228195] Console: colour dummy device 80x25
[    0.228961] printk: console [tty0] enabled
[    0.229549] printk: console [ttyS0] enabled
[    0.230654] printk: bootconsole [earlyser0] disabled
[    0.232016] mempolicy: Enabling automatic NUMA balancing. Configure with numa_balancing= or the kernel.numa_balancing sysctl
[    0.233511] ACPI: Core revision 20200925
[    0.234150] APIC: Switch to symmetric I/O mode setup
[    0.235146] x2apic enabled
[    0.237845] Switched APIC routing to physical x2apic.
[    0.241999] ..TIMER: vector=0x30 apic1=0 pin1=0 apic2=-1 pin2=-1
[    0.243021] clocksource: tsc-early: mask: 0xffffffffffffffff max_cycles: 0x285d06f34a4, max_idle_ns: 440795282556 ns
[    0.244725] Calibrating delay loop (skipped) preset value.. 5600.42 BogoMIPS (lpj=11200840)
[    0.245914] Last level iTLB entries: 4KB 64, 2MB 8, 4MB 8
[    0.248727] Last level dTLB entries: 4KB 64, 2MB 0, 4MB 0, 1GB 4
[    0.249556] Spectre V1 : Mitigation: usercopy/swapgs barriers and __user pointer sanitization
[    0.250694] Spectre V2 : Mitigation: Enhanced IBRS
[    0.251339] Spectre V2 : Spectre v2 / SpectreRSB mitigation: Filling RSB on context switch
[    0.252723] Spectre V2 : Spectre v2 / PBRSB-eIBRS: Retire a single CALL on VMEXIT
[    0.253723] RETBleed: Mitigation: Enhanced IBRS
[    0.254332] Spectre V2 : mitigation: Enabling conditional Indirect Branch Prediction Barrier
[    0.255445] Speculative Store Bypass: Mitigation: Speculative Store Bypass disabled via prctl and seccomp
[    0.256729] MDS: Mitigation: Clear CPU buffers
[    0.257331] TAA: Mitigation: Clear CPU buffers
[    0.257931] MMIO Stale Data: Vulnerable: Clear CPU buffers attempted, no microcode
[    0.259002] x86/fpu: Supporting XSAVE feature 0x001: 'x87 floating point registers'
[    0.260051] x86/fpu: Supporting XSAVE feature 0x002: 'SSE registers'
[    0.260723] x86/fpu: Supporting XSAVE feature 0x004: 'AVX registers'
[    0.261567] x86/fpu: Supporting XSAVE feature 0x020: 'AVX-512 opmask'
[    0.262423] x86/fpu: Supporting XSAVE feature 0x040: 'AVX-512 Hi256'
[    0.263284] x86/fpu: Supporting XSAVE feature 0x080: 'AVX-512 ZMM_Hi256'
[    0.264197] x86/fpu: xstate_offset[2]:  576, xstate_sizes[2]:  256
[    0.264723] x86/fpu: xstate_offset[5]:  832, xstate_sizes[5]:   64
[    0.265547] x86/fpu: xstate_offset[6]:  896, xstate_sizes[6]:  512
[    0.266489] x86/fpu: xstate_offset[7]: 1408, xstate_sizes[7]: 1024
[    0.267350] x86/fpu: Enabled xstate features 0xe7, context size is 2432 bytes, using 'compacted' format.
[    0.282535] Freeing SMP alternatives memory: 32K
[    0.284903] pid_max: default: 32768 minimum: 301
[    0.296584] LSM: Security Framework initializing
[    0.296741] Yama: disabled by default; enable with sysctl kernel.yama.*
[    0.297648] AppArmor: AppArmor initialized
[    0.298204] TOMOYO Linux initialized
[    0.325943] Dentry cache hash table entries: 8388608 (order: 14, 67108864 bytes, vmalloc)
[    0.339946] Inode-cache hash table entries: 4194304 (order: 13, 33554432 bytes, vmalloc)
[    0.341274] Mount-cache hash table entries: 131072 (order: 8, 1048576 bytes, vmalloc)
[    0.342407] Mountpoint-cache hash table entries: 131072 (order: 8, 1048576 bytes, vmalloc)
[    0.452470] smpboot: CPU0: Intel(R) Xeon(R) CPU @ 2.80GHz (family: 0x6, model: 0x55, stepping: 0x7)
[    0.452722] Performance Events: unsupported p6 CPU model 85 no PMU driver, software events only.
[    0.452722] rcu: Hierarchical SRCU implementation.
[    0.452722] NMI watchdog: Perf NMI watchdog permanently disabled
[    0.453002] smp: Bringing up secondary CPUs ...
[    0.454130] x86: Booting SMP configuration:
[    0.454703] .... node  #0, CPUs:        #1
[    0.017042] kvm-clock: cpu 1, msr 176d801041, secondary cpu clock
[    0.455561]   #2
[    0.017042] kvm-clock: cpu 2, msr 176d801081, secondary cpu clock
[    0.457233]   #3
[    0.017042] kvm-clock: cpu 3, msr 176d8010c1, secondary cpu clock
[    0.458115]   #4
[    0.017042] kvm-clock: cpu 4, msr 176d801101, secondary cpu clock
[    0.458134]   #5
[    0.017042] kvm-clock: cpu 5, msr 176d801141, secondary cpu clock
[    0.461292]   #6
[    0.017042] kvm-clock: cpu 6, msr 176d801181, secondary cpu clock
[    0.462130]   #7
[    0.017042] kvm-clock: cpu 7, msr 176d8011c1, secondary cpu clock

[    0.466707] .... node  #1, CPUs:    #8
[    0.017042] kvm-clock: cpu 8, msr 176d801201, secondary cpu clock
[    0.017042] smpboot: CPU 8 Converting physical 0 to logical die 1
[    0.472814]   #9
[    0.017042] kvm-clock: cpu 9, msr 176d801241, secondary cpu clock
[    0.473629]  #10
[    0.017042] kvm-clock: cpu 10, msr 176d801281, secondary cpu clock
[    0.474156]  #11
[    0.017042] kvm-clock: cpu 11, msr 176d8012c1, secondary cpu clock
[    0.477505]  #12
[    0.017042] kvm-clock: cpu 12, msr 176d801301, secondary cpu clock
[    0.478273]  #13
[    0.017042] kvm-clock: cpu 13, msr 176d801341, secondary cpu clock
[    0.480889]  #14
[    0.017042] kvm-clock: cpu 14, msr 176d801381, secondary cpu clock
[    0.482168]  #15
[    0.017042] kvm-clock: cpu 15, msr 176d8013c1, secondary cpu clock

[    0.484946] .... node  #0, CPUs:   #16
[    0.017042] kvm-clock: cpu 16, msr 176d801401, secondary cpu clock
[    0.485778] MDS CPU bug present and SMT on, data leak possible. See https://www.kernel.org/doc/html/latest/admin-guide/hw-vuln/mds.html for more details.
[    0.488730] TAA CPU bug present and SMT on, data leak possible. See https://www.kernel.org/doc/html/latest/admin-guide/hw-vuln/tsx_async_abort.html for more details.
[    0.490656] MMIO Stale Data CPU bug present and SMT on, data leak possible. See https://www.kernel.org/doc/html/latest/admin-guide/hw-vuln/processor_mmio_stale_data.html for more details.
[    0.492821]  #17
[    0.017042] kvm-clock: cpu 17, msr 176d801441, secondary cpu clock
[    0.493321]  #18
[    0.017042] kvm-clock: cpu 18, msr 176d801481, secondary cpu clock
[    0.494156]  #19
[    0.017042] kvm-clock: cpu 19, msr 176d8014c1, secondary cpu clock
[    0.497231]  #20
[    0.017042] kvm-clock: cpu 20, msr 176d801501, secondary cpu clock
[    0.498554]  #21
[    0.017042] kvm-clock: cpu 21, msr 176d801541, secondary cpu clock
[    0.498554]  #22
[    0.017042] kvm-clock: cpu 22, msr 176d801581, secondary cpu clock
[    0.501215]  #23
[    0.017042] kvm-clock: cpu 23, msr 176d8015c1, secondary cpu clock

[    0.502135] .... node  #1, CPUs:   #24
[    0.017042] kvm-clock: cpu 24, msr 176d801601, secondary cpu clock
[    0.504892]  #25
[    0.017042] kvm-clock: cpu 25, msr 176d801641, secondary cpu clock
[    0.506485]  #26
[    0.017042] kvm-clock: cpu 26, msr 176d801681, secondary cpu clock
[    0.506485]  #27
[    0.017042] kvm-clock: cpu 27, msr 176d8016c1, secondary cpu clock
[    0.509639]  #28
[    0.017042] kvm-clock: cpu 28, msr 176d801701, secondary cpu clock
[    0.511195]  #29
[    0.017042] kvm-clock: cpu 29, msr 176d801741, secondary cpu clock
[    0.513297]  #30
[    0.017042] kvm-clock: cpu 30, msr 176d801781, secondary cpu clock
[    0.514388]  #31
[    0.017042] kvm-clock: cpu 31, msr 176d8017c1, secondary cpu clock
[    0.517440] smp: Brought up 2 nodes, 32 CPUs
[    0.518339] smpboot: Max logical packages: 2
[    0.518917] smpboot: Total of 32 processors activated (179213.44 BogoMIPS)
[    0.565210] node 0 deferred pages initialised in 44ms
[    0.572822] node 1 deferred pages initialised in 52ms
[    0.578183] devtmpfs: initialized
[    0.578183] x86/mm: Memory block size: 1024MB
[    0.580749] PM: Registering ACPI NVS region [mem 0xbf97f000-0xbf9fefff] (524288 bytes)
[    0.580797] clocksource: jiffies: mask: 0xffffffff max_cycles: 0xffffffff, max_idle_ns: 7645041785100000 ns
[    0.582196] futex hash table entries: 8192 (order: 7, 524288 bytes, vmalloc)
[    0.583796] NET: Registered protocol family 16
[    0.585921] DMA: preallocated 4096 KiB GFP_KERNEL pool for atomic allocations
[    0.588972] DMA: preallocated 4096 KiB GFP_KERNEL|GFP_DMA pool for atomic allocations
[    0.592055] DMA: preallocated 4096 KiB GFP_KERNEL|GFP_DMA32 pool for atomic allocations
[    0.592737] audit: initializing netlink subsys (disabled)
[    0.593492] audit: type=2000 audit(1703124968.768:1): state=initialized audit_enabled=0 res=1
[    0.593492] thermal_sys: Registered thermal governor 'fair_share'
[    0.593900] thermal_sys: Registered thermal governor 'bang_bang'
[    0.594717] thermal_sys: Registered thermal governor 'step_wise'
[    0.596724] thermal_sys: Registered thermal governor 'user_space'
[    0.597531] thermal_sys: Registered thermal governor 'power_allocator'
[    0.598387] cpuidle: using governor ladder
[    0.600737] cpuidle: using governor menu
[    0.600767] ACPI: bus type PCI registered
[    0.601316] acpiphp: ACPI Hot Plug PCI Controller Driver version: 0.5
[    0.602272] PCI: Using configuration type 1 for base access
[    0.604281] Kprobes globally optimized
[    0.604773] HugeTLB registered 1.00 GiB page size, pre-allocated 0 pages
[    0.605683] HugeTLB registered 2.00 MiB page size, pre-allocated 0 pages
[    0.717054] ACPI: Added _OSI(Module Device)
[    0.717462] ACPI: Added _OSI(Processor Device)
[    0.718079] ACPI: Added _OSI(3.0 _SCP Extensions)
[    0.718714] ACPI: Added _OSI(Processor Aggregator Device)
[    0.719459] ACPI: Added _OSI(Linux-Dell-Video)
[    0.720725] ACPI: Added _OSI(Linux-Lenovo-NV-HDMI-Audio)
[    0.721439] ACPI: Added _OSI(Linux-HPI-Hybrid-Graphics)
[    0.723199] ACPI: 3 ACPI AML tables successfully acquired and loaded
[    0.726580] ACPI: Interpreter enabled
[    0.727113] ACPI: (supports S0 S3 S4 S5)
[    0.727651] ACPI: Using IOAPIC for interrupt routing
[    0.728332] PCI: Using host bridge windows from ACPI; if necessary, use "pci=nocrs" and report a bug
[    0.728888] ACPI: Enabled 16 GPEs in block 00 to 0F
[    0.733045] ACPI: PCI Root Bridge [PCI0] (domain 0000 [bus 00-ff])
[    0.733975] acpi PNP0A03:00: _OSC: OS supports [ASPM ClockPM Segments MSI HPX-Type3]
[    0.735019] acpi PNP0A03:00: fail to add MMCONFIG information, can't access extended PCI configuration space under this bridge.
[    0.737039] PCI host bridge to bus 0000:00
[    0.737711] pci_bus 0000:00: Unknown NUMA node; performance will be reduced
[    0.738641] pci_bus 0000:00: root bus resource [io  0x0000-0x0cf7 window]
[    0.739573] pci_bus 0000:00: root bus resource [io  0x0d00-0xffff window]
[    0.740527] pci_bus 0000:00: root bus resource [mem 0x000a0000-0x000bffff window]
[    0.740727] pci_bus 0000:00: root bus resource [mem 0xc0000000-0xfebfefff window]
[    0.741720] pci_bus 0000:00: root bus resource [bus 00-ff]
[    0.742515] pci 0000:00:00.0: [8086:1237] type 00 class 0x060000
[    0.749066] pci 0000:00:01.0: [8086:7110] type 00 class 0x060100
[    0.787877] pci 0000:00:01.3: [8086:7113] type 00 class 0x068000
[    0.827137] pci 0000:00:01.3: quirk: [io  0xb000-0xb03f] claimed by PIIX4 ACPI
[    0.829015] pci 0000:00:03.0: [1af4:1004] type 00 class 0x000000
[    0.844728] pci 0000:00:03.0: reg 0x10: [io  0xc040-0xc07f]
[    0.855452] pci 0000:00:03.0: reg 0x14: [mem 0xc0001000-0xc000107f]
[    0.883391] pci 0000:00:04.0: [1af4:1000] type 00 class 0x020000
[    0.899972] pci 0000:00:04.0: reg 0x10: [io  0xc000-0xc03f]
[    0.908727] pci 0000:00:04.0: reg 0x14: [mem 0xc0000000-0xc00007ff]
[    0.943396] pci 0000:00:05.0: [1af4:1005] type 00 class 0x00ff00
[    0.956729] pci 0000:00:05.0: reg 0x10: [io  0xc080-0xc09f]
[    0.968727] pci 0000:00:05.0: reg 0x14: [mem 0xc0002000-0xc000203f]
[    0.997387] ACPI: PCI Interrupt Link [LNKA] (IRQs 5 *10 11)
[    1.000348] ACPI: PCI Interrupt Link [LNKB] (IRQs 5 *10 11)
[    1.003034] ACPI: PCI Interrupt Link [LNKC] (IRQs 5 10 *11)
[    1.004785] ACPI: PCI Interrupt Link [LNKD] (IRQs 5 10 *11)
[    1.012748] ACPI: PCI Interrupt Link [LNKS] (IRQs *9)
[    1.017019] iommu: Default domain type: Translated 
[    1.017720] vgaarb: loaded
[    1.017720] Registered efivars operations
[    1.018019] NetLabel: Initializing
[    1.018506] NetLabel:  domain hash size = 128
[    1.019097] NetLabel:  protocols = UNLABELED CIPSOv4 CALIPSO
[    1.020767] NetLabel:  unlabeled traffic allowed by default
[    1.021516] PCI: Using ACPI for IRQ routing
[    1.022103] PCI: pci_cache_line_size set to 64 bytes
[    1.022180] e820: reserve RAM buffer [mem 0x00055000-0x0005ffff]
[    1.022181] e820: reserve RAM buffer [mem 0x00098000-0x0009ffff]
[    1.022182] e820: reserve RAM buffer [mem 0xbf6ed000-0xbfffffff]
[    1.022183] e820: reserve RAM buffer [mem 0xbffe0000-0xbfffffff]
[    1.022395] clocksource: Switched to clocksource kvm-clock
[    1.034735] VFS: Disk quotas dquot_6.6.0
[    1.035344] VFS: Dquot-cache hash table entries: 512 (order 0, 4096 bytes)
[    1.036449] AppArmor: AppArmor Filesystem Enabled
[    1.037187] pnp: PnP ACPI init
[    1.037726] pnp 00:00: Plug and Play ACPI device, IDs PNP0b00 (active)
[    1.037765] pnp 00:01: Plug and Play ACPI device, IDs PNP0303 (active)
[    1.037794] pnp 00:02: Plug and Play ACPI device, IDs PNP0f13 (active)
[    1.037828] pnp 00:03: Plug and Play ACPI device, IDs PNP0501 (active)
[    1.037857] pnp 00:04: Plug and Play ACPI device, IDs PNP0501 (active)
[    1.037883] pnp 00:05: Plug and Play ACPI device, IDs PNP0501 (active)
[    1.037913] pnp 00:06: Plug and Play ACPI device, IDs PNP0501 (active)
[    1.038050] pnp: PnP ACPI: found 7 devices
[    1.045306] clocksource: acpi_pm: mask: 0xffffff max_cycles: 0xffffff, max_idle_ns: 2085701024 ns
[    1.046733] NET: Registered protocol family 2
[    1.047998] IP idents hash table entries: 262144 (order: 9, 2097152 bytes, vmalloc)
[    1.051554] tcp_listen_portaddr_hash hash table entries: 65536 (order: 8, 1048576 bytes, vmalloc)
[    1.055139] TCP established hash table entries: 524288 (order: 10, 4194304 bytes, vmalloc)
[    1.057285] TCP bind hash table entries: 65536 (order: 8, 1048576 bytes, vmalloc)
[    1.058493] TCP: Hash tables configured (established 524288 bind 65536)
[    1.059737] UDP hash table entries: 65536 (order: 9, 2097152 bytes, vmalloc)
[    1.062322] UDP-Lite hash table entries: 65536 (order: 9, 2097152 bytes, vmalloc)
[    1.063927] NET: Registered protocol family 1
[    1.064546] NET: Registered protocol family 44
[    1.065168] pci_bus 0000:00: resource 4 [io  0x0000-0x0cf7 window]
[    1.065993] pci_bus 0000:00: resource 5 [io  0x0d00-0xffff window]
[    1.066818] pci_bus 0000:00: resource 6 [mem 0x000a0000-0x000bffff window]
[    1.067754] pci_bus 0000:00: resource 7 [mem 0xc0000000-0xfebfefff window]
[    1.068708] pci 0000:00:00.0: Limiting direct PCI/PCI transfers
[    1.069575] PCI: CLS 0 bytes, default 64
[    1.070176] Trying to unpack rootfs image as initramfs...
[    1.251784] Freeing initrd memory: 13832K
[    1.252454] PCI-DMA: Using software bounce buffering for IO (SWIOTLB)
[    1.253324] software IO TLB: mapped [mem 0x00000000b7ff7000-0x00000000bbff7000] (64MB)
[    1.254503] clocksource: tsc: mask: 0xffffffffffffffff max_cycles: 0x285d06f34a4, max_idle_ns: 440795282556 ns
[    1.256005] clocksource: Switched to clocksource tsc
[    1.257483] Initialise system trusted keyrings
[    1.258137] Key type blacklist registered
[    1.258866] workingset: timestamp_bits=36 max_order=25 bucket_order=0
[    1.261386] zbud: loaded
[    1.262411] Key type asymmetric registered
[    1.263013] Asymmetric key parser 'x509' registered
[    1.263677] Block layer SCSI generic (bsg) driver version 0.4 loaded (major 252)
[    1.264793] io scheduler mq-deadline registered
[    1.268967] Serial: 8250/16550 driver, 4 ports, IRQ sharing enabled
[    1.269953] 00:03: ttyS0 at I/O 0x3f8 (irq = 4, base_baud = 115200) is a 16550A
[    1.271196] 00:04: ttyS1 at I/O 0x2f8 (irq = 3, base_baud = 115200) is a 16550A
[    1.272367] 00:05: ttyS2 at I/O 0x3e8 (irq = 6, base_baud = 115200) is a 16550A
[    1.273508] 00:06: ttyS3 at I/O 0x2e8 (irq = 7, base_baud = 115200) is a 16550A
[    1.277914] i8042: PNP: PS/2 Controller [PNP0303:KBD,PNP0f13:MOU] at 0x60,0x64 irq 1,12
[    1.279129] i8042: Warning: Keylock active
[    1.281280] serio: i8042 KBD port at 0x60,0x64 irq 1
[    1.282023] serio: i8042 AUX port at 0x60,0x64 irq 12
[    1.282814] rtc_cmos 00:00: RTC can wake from S4
[    1.284154] rtc_cmos 00:00: registered as rtc0
[    1.284920] rtc_cmos 00:00: setting system clock to 2023-12-21T02:16:09 UTC (1703124969)
[    1.286115] rtc_cmos 00:00: alarms up to one day, 114 bytes nvram
[    1.286940] intel_pstate: CPU model not supported
[    1.288168] NET: Registered protocol family 10
[    1.296136] Segment Routing with IPv6
[    1.296674] mip6: Mobile IPv6
[    1.297093] NET: Registered protocol family 17
[    1.297846] IPI shorthand broadcast: enabled
[    1.298454] sched_clock: Marking stable (1284722998, 13042932)->(1316976089, -19210159)
[    1.299797] registered taskstats version 1
[    1.300362] Loading compiled-in X.509 certificates
[    1.326976] Loaded X.509 cert 'Debian Secure Boot CA: 6ccece7e4c6c0d1f6149f3dd27dfcc5cbb419ea1'
[    1.328569] Loaded X.509 cert 'Debian Secure Boot Signer 2022 - linux: 14011249c2675ea8e5148542202005810584b25f'
[    1.330188] Key type .fscrypt registered
[    1.330726] Key type fscrypt-provisioning registered
[    1.331475] AppArmor: AppArmor sha1 policy hashing enabled
[    1.334407] Freeing unused decrypted memory: 2036K
[    1.336107] Freeing unused kernel image (initmem) memory: 2468K
[    1.353074] Write protecting the kernel read-only data: 22528k
[    1.355100] Freeing unused kernel image (text/rodata gap) memory: 2036K
[    1.356641] Freeing unused kernel image (rodata/data gap) memory: 1236K
[    1.358329] x86/mm: Checked W+X mappings: passed, no W+X pages found.
[    1.359197] Run /init as init process
[    1.359698]   with arguments:
[    1.359699]     /init
[    1.359699]   with environment:
[    1.359700]     HOME=/
[    1.359701]     TERM=linux
[    1.359701]     BOOT_IMAGE=/boot/vmlinuz-5.10.0-26-cloud-amd64
[    1.359702]     intel_iommu=off
[    1.408392] PCI Interrupt Link [LNKC] enabled at IRQ 11
[    1.409237] virtio-pci 0000:00:03.0: virtio_pci: leaving for legacy driver
[    1.417668] PCI Interrupt Link [LNKD] enabled at IRQ 10
[    1.418435] virtio-pci 0000:00:04.0: virtio_pci: leaving for legacy driver
[    1.426795] PCI Interrupt Link [LNKA] enabled at IRQ 10
[    1.427570] virtio-pci 0000:00:05.0: virtio_pci: leaving for legacy driver
[    1.463812] SCSI subsystem initialized
[    1.486181] input: AT Translated Set 2 keyboard as /devices/platform/i8042/serio0/input/input0
[    1.509247] scsi host0: Virtio SCSI HBA
[    1.542796] scsi 0:0:1:0: Direct-Access     Google   PersistentDisk   1    PQ: 0 ANSI: 6
[    1.694243] virtio_net virtio1 ens4: renamed from eth0
[    1.696345] sd 0:0:1:0: [sda] 20971520 512-byte logical blocks: (10.7 GB/10.0 GiB)
[    1.697407] sd 0:0:1:0: [sda] 4096-byte physical blocks
[    1.698317] sd 0:0:1:0: [sda] Write Protect is off
[    1.699186] sd 0:0:1:0: [sda] Mode Sense: 1f 00 00 08
[    1.699233] sd 0:0:1:0: [sda] Write cache: enabled, read cache: enabled, doesn't support DPO or FUA
[    1.732755]  sda: sda1 sda14 sda15
[    1.761425] sd 0:0:1:0: [sda] Attached SCSI disk
[    1.807192] gce-disk-expand: Resizing partition on 
[    1.825786] gce-disk-expand: Disk /dev/sda1 doesn't need resizing.
[    1.897540] EXT4-fs (sda1): mounted filesystem with ordered data mode. Opts: (null)
[    1.924279] Not activating Mandatory Access Control as /sbin/tomoyo-init does not exist.
[    2.092869] systemd[1]: Inserted module 'autofs4'
[    2.274278] systemd[1]: systemd 247.3-7+deb11u4 running in system mode. (+PAM +AUDIT +SELINUX +IMA +APPARMOR +SMACK +SYSVINIT +UTMP +LIBCRYPTSETUP +GCRYPT +GNUTLS +ACL +XZ +LZ4 +ZSTD +SECCOMP +BLKID +ELFUTILS +KMOD +IDN2 -IDN +PCRE2 default-hierarchy=unified)
[    2.277421] systemd[1]: Detected virtualization kvm.
[    2.278096] systemd[1]: Detected architecture x86-64.
[    2.293669] systemd[1]: Set hostname to <debian>.
[    2.296844] systemd[1]: Initializing machine ID from KVM UUID.
[    2.297700] systemd[1]: Installed transient /etc/machine-id file.
[    2.571741] systemd[1]: Condition check resulted in Root Slice being skipped.
[    2.572770] systemd[1]: Condition check resulted in System Slice being skipped.
[    2.574651] systemd[1]: Queued start job for default target Graphical Interface.
[    2.577098] systemd[1]: Created slice system-getty.slice.
[    2.589375] systemd[1]: Created slice system-modprobe.slice.
[    2.601483] systemd[1]: Created slice system-serial\x2dgetty.slice.
[    2.613303] systemd[1]: Created slice system-systemd\x2dgrowfs.slice.
[    2.625295] systemd[1]: Created slice User and Session Slice.
[    2.637132] systemd[1]: Started Dispatch Password Requests to Console Directory Watch.
[    2.649129] systemd[1]: Started Forward Password Requests to Wall Directory Watch.
[    2.661250] systemd[1]: Set up automount Arbitrary Executable File Formats File System Automount Point.
[    2.673109] systemd[1]: Reached target Local Encrypted Volumes.
[    2.685106] systemd[1]: Reached target Paths.
[    2.697091] systemd[1]: Reached target Remote File Systems.
[    2.709082] systemd[1]: Reached target Slices.
[    2.721109] systemd[1]: Reached target Swap.
[    2.733091] systemd[1]: Reached target System Time Set.
[    2.745200] systemd[1]: Listening on Syslog Socket.
[    2.757157] systemd[1]: Listening on fsck to fsckd communication Socket.
[    2.769125] systemd[1]: Listening on initctl Compatibility Named Pipe.
[    2.781212] systemd[1]: Listening on Journal Audit Socket.
[    2.793159] systemd[1]: Listening on Journal Socket (/dev/log).
[    2.805176] systemd[1]: Listening on Journal Socket.
[    2.817958] systemd[1]: Listening on udev Control Socket.
[    2.829154] systemd[1]: Listening on udev Kernel Socket.
[    2.841817] systemd[1]: Mounting Huge Pages File System...
[    2.853703] systemd[1]: Mounting POSIX Message Queue File System...
[    2.865722] systemd[1]: Mounting Kernel Debug File System...
[    2.877797] systemd[1]: Mounting Kernel Trace File System...
[    2.889821] systemd[1]: Starting Create list of static device nodes for the current kernel...
[    2.901715] systemd[1]: Starting Load Kernel Module configfs...
[    2.913878] systemd[1]: Starting Load Kernel Module drm...
[    2.925723] systemd[1]: Starting Load Kernel Module fuse...
[    2.937942] systemd[1]: Condition check resulted in Set Up Additional Binary Formats being skipped.
[    2.939199] systemd[1]: Condition check resulted in File System Check on Root Device being skipped.
[    2.940967] fuse: init (API version 7.32)
[    2.942614] systemd[1]: Starting Journal Service...
[    2.955304] systemd[1]: Starting Load Kernel Modules...
[    2.969724] systemd[1]: Starting Remount Root and Kernel File Systems...
[    2.981850] systemd[1]: Starting Coldplug All udev Devices...
[    2.983564] EXT4-fs (sda1): re-mounted. Opts: discard,errors=remount-ro
[    2.994223] systemd[1]: Started Journal Service.
[    3.154612] EXT4-fs (sda1): resizing filesystem from 2588667 to 2588667 blocks
[    3.167807] systemd-journald[481]: Received client request to flush runtime journal.
[    3.428135] input: Power Button as /devices/LNXSYSTM:00/LNXPWRBN:00/input/input2
[    3.437278] pstore: Using crash dump compression: deflate
[    3.438056] pstore: Registered efi as persistent store backend
[    3.449150] ACPI: Power Button [PWRF]
[    3.449761] input: Sleep Button as /devices/LNXSYSTM:00/LNXSLPBN:00/input/input3
[    3.450772] ACPI: Sleep Button [SLPF]
[    3.451031] tpm_tis MSFT0101:00: 2.0 TPM (device-id 0x9009, rev-id 0)
[    3.455741] sd 0:0:1:0: Attached scsi generic sg0 type 0
[    3.627305] RAPL PMU: API unit is 2^-32 Joules, 0 fixed counters, 10737418240 ms ovfl timer
[    3.635690] cryptd: max_cpu_qlen set to 1000
[    3.661820] AVX2 version of gcm_enc/dec engaged.
[    3.662531] AES CTR mode by8 optimization enabled
[    4.034946] audit: type=1400 audit(1703124972.247:2): apparmor="STATUS" operation="profile_load" profile="unconfined" name="/usr/sbin/haveged" pid=672 comm="apparmor_parser"
[    4.044336] audit: type=1400 audit(1703124972.255:3): apparmor="STATUS" operation="profile_load" profile="unconfined" name="lsb_release" pid=676 comm="apparmor_parser"
[    4.048563] audit: type=1400 audit(1703124972.259:4): apparmor="STATUS" operation="profile_load" profile="unconfined" name="nvidia_modprobe" pid=671 comm="apparmor_parser"
[    4.050586] audit: type=1400 audit(1703124972.263:5): apparmor="STATUS" operation="profile_load" profile="unconfined" name="nvidia_modprobe//kmod" pid=671 comm="apparmor_parser"
[    4.063474] audit: type=1400 audit(1703124972.275:6): apparmor="STATUS" operation="profile_load" profile="unconfined" name="/usr/bin/man" pid=673 comm="apparmor_parser"
[    4.065467] audit: type=1400 audit(1703124972.275:7): apparmor="STATUS" operation="profile_load" profile="unconfined" name="man_filter" pid=673 comm="apparmor_parser"
[    4.067439] audit: type=1400 audit(1703124972.275:8): apparmor="STATUS" operation="profile_load" profile="unconfined" name="man_groff" pid=673 comm="apparmor_parser"
[    4.079548] audit: type=1400 audit(1703124972.291:9): apparmor="STATUS" operation="profile_load" profile="unconfined" name="/usr/sbin/chronyd" pid=675 comm="apparmor_parser"
[    4.110002] audit: type=1400 audit(1703124972.323:10): apparmor="STATUS" operation="profile_load" profile="unconfined" name="tcpdump" pid=674 comm="apparmor_parser"
[ 2747.796559] RPC: Registered named UNIX socket transport module.
[ 2747.803163] RPC: Registered udp transport module.
[ 2747.808056] RPC: Registered tcp transport module.
[ 2747.812870] RPC: Registered tcp NFSv4.1 backchannel transport module.
[ 2747.864455] Installing knfsd (copyright (C) 1996 okir@monad.swb.de).
[ 2749.483716] NFSD: Using UMH upcall client tracking operations.
[ 2749.490847] NFSD: starting 90-second grace period (net f0000098)
[78868.246840] nfsd: last server has exited, flushing export cache
[78869.279328] FS-Cache: Loaded
[78869.308217] FS-Cache: Netfs 'nfs' registered for caching
[78869.316578] Key type dns_resolver registered
[78869.469803] NFS: Registering the id_resolver key type
[78869.475008] Key type id_resolver registered
[78869.479323] Key type id_legacy registered
[79203.739412] sh (94896): drop_caches: 3
