[    0.000000] Linux version 5.18.18-CJFS-xfstests-perf (harshads@harshads.c.googlers.com) (gcc (Debian 13.2.0-5) 13.2.0, GNU ld (GNU Binutils for Debian) 2.41) #1 SMP PREEMPT_DYNAMIC Thu Jan 4 03:50:07 UTC 2024
[    0.000000] Command line: root=/dev/sda1 console=tty0 console=ttyS0,115200 earlyprintk=ttyS0,115200 consoleblank=0 intel_iommu=off
[    0.000000] x86/fpu: Supporting XSAVE feature 0x001: 'x87 floating point registers'
[    0.000000] x86/fpu: Supporting XSAVE feature 0x002: 'SSE registers'
[    0.000000] x86/fpu: Supporting XSAVE feature 0x004: 'AVX registers'
[    0.000000] x86/fpu: Supporting XSAVE feature 0x020: 'AVX-512 opmask'
[    0.000000] x86/fpu: Supporting XSAVE feature 0x040: 'AVX-512 Hi256'
[    0.000000] x86/fpu: Supporting XSAVE feature 0x080: 'AVX-512 ZMM_Hi256'
[    0.000000] x86/fpu: xstate_offset[2]:  576, xstate_sizes[2]:  256
[    0.000000] x86/fpu: xstate_offset[5]:  832, xstate_sizes[5]:   64
[    0.000000] x86/fpu: xstate_offset[6]:  896, xstate_sizes[6]:  512
[    0.000000] x86/fpu: xstate_offset[7]: 1408, xstate_sizes[7]: 1024
[    0.000000] x86/fpu: Enabled xstate features 0xe7, context size is 2432 bytes, using 'compacted' format.
[    0.000000] signal: max sigframe size: 3632
[    0.000000] BIOS-provided physical RAM map:
[    0.000000] BIOS-e820: [mem 0x0000000000000000-0x0000000000000fff] reserved
[    0.000000] BIOS-e820: [mem 0x0000000000001000-0x0000000000054fff] usable
[    0.000000] BIOS-e820: [mem 0x0000000000055000-0x000000000005ffff] reserved
[    0.000000] BIOS-e820: [mem 0x0000000000060000-0x0000000000097fff] usable
[    0.000000] BIOS-e820: [mem 0x0000000000098000-0x000000000009ffff] reserved
[    0.000000] BIOS-e820: [mem 0x0000000000100000-0x00000000bf6ecfff] usable
[    0.000000] BIOS-e820: [mem 0x00000000bf6ed000-0x00000000bf96cfff] reserved
[    0.000000] BIOS-e820: [mem 0x00000000bf96d000-0x00000000bf97efff] ACPI data
[    0.000000] BIOS-e820: [mem 0x00000000bf97f000-0x00000000bf9fefff] ACPI NVS
[    0.000000] BIOS-e820: [mem 0x00000000bf9ff000-0x00000000bffdffff] usable
[    0.000000] BIOS-e820: [mem 0x00000000bffe0000-0x00000000bfffffff] reserved
[    0.000000] BIOS-e820: [mem 0x0000000100000000-0x000000203fffffff] usable
[    0.000000] printk: bootconsole [earlyser0] enabled
[    0.000000] NX (Execute Disable) protection: active
[    0.000000] e820: update [mem 0x00100000-0x0010006f] usable ==> usable
[    0.000000] extended physical RAM map:
[    0.000000] reserve setup_data: [mem 0x0000000000000000-0x0000000000000fff] reserved
[    0.000000] reserve setup_data: [mem 0x0000000000001000-0x0000000000054fff] usable
[    0.000000] reserve setup_data: [mem 0x0000000000055000-0x000000000005ffff] reserved
[    0.000000] reserve setup_data: [mem 0x0000000000060000-0x0000000000097fff] usable
[    0.000000] reserve setup_data: [mem 0x0000000000098000-0x000000000009ffff] reserved
[    0.000000] reserve setup_data: [mem 0x0000000000100000-0x000000000010006f] usable
[    0.000000] reserve setup_data: [mem 0x0000000000100070-0x00000000bf6ecfff] usable
[    0.000000] reserve setup_data: [mem 0x00000000bf6ed000-0x00000000bf96cfff] reserved
[    0.000000] reserve setup_data: [mem 0x00000000bf96d000-0x00000000bf97efff] ACPI data
[    0.000000] reserve setup_data: [mem 0x00000000bf97f000-0x00000000bf9fefff] ACPI NVS
[    0.000000] reserve setup_data: [mem 0x00000000bf9ff000-0x00000000bffdffff] usable
[    0.000000] reserve setup_data: [mem 0x00000000bffe0000-0x00000000bfffffff] reserved
[    0.000000] reserve setup_data: [mem 0x0000000100000000-0x000000203fffffff] usable
[    0.000000] efi: EFI v2.70 by EDK II
[    0.000000] efi: TPMFinalLog=0xbf9f7000 ACPI=0xbf97e000 ACPI 2.0=0xbf97e014 SMBIOS=0xbf7ca000 MEMATTR=0xbe17b018 
[    0.000000] SMBIOS 2.4 present.
[    0.000000] DMI: Google Google Compute Engine/Google Compute Engine, BIOS Google 11/17/2023
[    0.000000] Hypervisor detected: KVM
[    0.000000] kvm-clock: Using msrs 4b564d01 and 4b564d00
[    0.000001] kvm-clock: using sched offset of 404483570974 cycles
[    0.000677] clocksource: kvm-clock: mask: 0xffffffffffffffff max_cycles: 0x1cd42e4dffb, max_idle_ns: 881590591483 ns
[    0.002808] tsc: Detected 2800.260 MHz processor
[    0.003414] e820: update [mem 0x00000000-0x00000fff] usable ==> reserved
[    0.003417] e820: remove [mem 0x000a0000-0x000fffff] usable
[    0.003423] last_pfn = 0x2040000 max_arch_pfn = 0x400000000
[    0.004186] x86/PAT: Configuration [0-7]: WB  WC  UC- UC  WB  WP  UC- WT  
[    0.005490] x2apic: enabled by BIOS, switching to x2apic ops
[    0.006209] last_pfn = 0xbffe0 max_arch_pfn = 0x400000000
[    0.019344] Using GB pages for direct mapping
[    0.020306] Secure boot could not be determined
[    0.020892] ACPI: Early table checksum verification disabled
[    0.021615] ACPI: RSDP 0x00000000BF97E014 000024 (v02 Google)
[    0.022348] ACPI: XSDT 0x00000000BF97D0E8 00005C (v01 Google GOOGFACP 00000001      01000013)
[    0.023438] ACPI: FACP 0x00000000BF978000 0000F4 (v02 Google GOOGFACP 00000001 GOOG 00000001)
[    0.024528] ACPI: DSDT 0x00000000BF979000 001A64 (v01 Google GOOGDSDT 00000001 GOOG 00000001)
[    0.025615] ACPI: FACS 0x00000000BF9F1000 000040
[    0.026224] ACPI: SSDT 0x00000000BF97C000 000316 (v02 GOOGLE Tpm2Tabl 00001000 INTL 20211217)
[    0.027313] ACPI: TPM2 0x00000000BF97B000 000034 (v04 GOOGLE          00000001 GOOG 00000001)
[    0.028401] ACPI: SRAT 0x00000000BF977000 0002D0 (v03 Google GOOGSRAT 00000001 GOOG 00000001)
[    0.029491] ACPI: APIC 0x00000000BF976000 000166 (v05 Google GOOGAPIC 00000001 GOOG 00000001)
[    0.030578] ACPI: SSDT 0x00000000BF974000 0014DE (v01 Google GOOGSSDT 00000001 GOOG 00000001)
[    0.031685] ACPI: WAET 0x00000000BF973000 000028 (v01 Google GOOGWAET 00000001 GOOG 00000001)
[    0.032773] ACPI: Reserving FACP table memory at [mem 0xbf978000-0xbf9780f3]
[    0.033673] ACPI: Reserving DSDT table memory at [mem 0xbf979000-0xbf97aa63]
[    0.034572] ACPI: Reserving FACS table memory at [mem 0xbf9f1000-0xbf9f103f]
[    0.035472] ACPI: Reserving SSDT table memory at [mem 0xbf97c000-0xbf97c315]
[    0.036373] ACPI: Reserving TPM2 table memory at [mem 0xbf97b000-0xbf97b033]
[    0.037272] ACPI: Reserving SRAT table memory at [mem 0xbf977000-0xbf9772cf]
[    0.038171] ACPI: Reserving APIC table memory at [mem 0xbf976000-0xbf976165]
[    0.039072] ACPI: Reserving SSDT table memory at [mem 0xbf974000-0xbf9754dd]
[    0.040490] ACPI: Reserving WAET table memory at [mem 0xbf973000-0xbf973027]
[    0.041409] Setting APIC routing to cluster x2apic.
[    0.042051] SRAT: PXM 0 -> APIC 0x00 -> Node 0
[    0.042626] SRAT: PXM 0 -> APIC 0x01 -> Node 0
[    0.043192] SRAT: PXM 0 -> APIC 0x02 -> Node 0
[    0.043758] SRAT: PXM 0 -> APIC 0x03 -> Node 0
[    0.044324] SRAT: PXM 0 -> APIC 0x04 -> Node 0
[    0.044892] SRAT: PXM 0 -> APIC 0x05 -> Node 0
[    0.045458] SRAT: PXM 0 -> APIC 0x06 -> Node 0
[    0.046025] SRAT: PXM 0 -> APIC 0x07 -> Node 0
[    0.046591] SRAT: PXM 0 -> APIC 0x08 -> Node 0
[    0.047158] SRAT: PXM 0 -> APIC 0x09 -> Node 0
[    0.047726] SRAT: PXM 0 -> APIC 0x0a -> Node 0
[    0.048295] SRAT: PXM 0 -> APIC 0x0b -> Node 0
[    0.048859] SRAT: PXM 0 -> APIC 0x0c -> Node 0
[    0.049440] SRAT: PXM 0 -> APIC 0x0d -> Node 0
[    0.050007] SRAT: PXM 0 -> APIC 0x0e -> Node 0
[    0.050574] SRAT: PXM 0 -> APIC 0x0f -> Node 0
[    0.051159] SRAT: PXM 1 -> APIC 0x10 -> Node 1
[    0.051725] SRAT: PXM 1 -> APIC 0x11 -> Node 1
[    0.052293] SRAT: PXM 1 -> APIC 0x12 -> Node 1
[    0.052857] SRAT: PXM 1 -> APIC 0x13 -> Node 1
[    0.053425] SRAT: PXM 1 -> APIC 0x14 -> Node 1
[    0.053991] SRAT: PXM 1 -> APIC 0x15 -> Node 1
[    0.054557] SRAT: PXM 1 -> APIC 0x16 -> Node 1
[    0.055125] SRAT: PXM 1 -> APIC 0x17 -> Node 1
[    0.055692] SRAT: PXM 1 -> APIC 0x18 -> Node 1
[    0.056258] SRAT: PXM 1 -> APIC 0x19 -> Node 1
[    0.056824] SRAT: PXM 1 -> APIC 0x1a -> Node 1
[    0.057390] SRAT: PXM 1 -> APIC 0x1b -> Node 1
[    0.057956] SRAT: PXM 1 -> APIC 0x1c -> Node 1
[    0.058524] SRAT: PXM 1 -> APIC 0x1d -> Node 1
[    0.059089] SRAT: PXM 1 -> APIC 0x1e -> Node 1
[    0.059657] SRAT: PXM 1 -> APIC 0x1f -> Node 1
[    0.060225] ACPI: SRAT: Node 0 PXM 0 [mem 0x00000000-0x0009ffff]
[    0.060990] ACPI: SRAT: Node 0 PXM 0 [mem 0x00100000-0xbfffffff]
[    0.061756] ACPI: SRAT: Node 0 PXM 0 [mem 0x100000000-0x103fffffff]
[    0.062556] ACPI: SRAT: Node 1 PXM 1 [mem 0x1040000000-0x203fffffff]
[    0.063369] NUMA: Node 0 [mem 0x00000000-0x0009ffff] + [mem 0x00100000-0xbfffffff] -> [mem 0x00000000-0xbfffffff]
[    0.064678] NUMA: Node 0 [mem 0x00000000-0xbfffffff] + [mem 0x100000000-0x103fffffff] -> [mem 0x00000000-0x103fffffff]
[    0.066095] NODE_DATA(0) allocated [mem 0x103fffb000-0x103fffffff]
[    0.066882] NODE_DATA(1) allocated [mem 0x203fffb000-0x203fffffff]
[    0.067796] Zone ranges:
[    0.068151]   DMA      [mem 0x0000000000001000-0x0000000000ffffff]
[    0.068940]   DMA32    [mem 0x0000000001000000-0x00000000ffffffff]
[    0.069729]   Normal   [mem 0x0000000100000000-0x000000203fffffff]
[    0.070517]   Device   empty
[    0.070884] Movable zone start for each node
[    0.071428] Early memory node ranges
[    0.071884]   node   0: [mem 0x0000000000001000-0x0000000000054fff]
[    0.072702]   node   0: [mem 0x0000000000060000-0x0000000000097fff]
[    0.073502]   node   0: [mem 0x0000000000100000-0x00000000bf6ecfff]
[    0.074303]   node   0: [mem 0x00000000bf9ff000-0x00000000bffdffff]
[    0.075102]   node   0: [mem 0x0000000100000000-0x000000103fffffff]
[    0.075905]   node   1: [mem 0x0000001040000000-0x000000203fffffff]
[    0.076707] Initmem setup node 0 [mem 0x0000000000001000-0x000000103fffffff]
[    0.077603] Initmem setup node 1 [mem 0x0000001040000000-0x000000203fffffff]
[    0.078503] On node 0, zone DMA: 1 pages in unavailable ranges
[    0.078506] On node 0, zone DMA: 11 pages in unavailable ranges
[    0.079279] On node 0, zone DMA: 104 pages in unavailable ranges
[    0.085933] On node 0, zone DMA32: 786 pages in unavailable ranges
[    0.207583] On node 0, zone Normal: 32 pages in unavailable ranges
[    0.391993] ACPI: PM-Timer IO Port: 0xb008
[    0.393437] ACPI: LAPIC_NMI (acpi_id[0xff] dfl dfl lint[0x1])
[    0.394242] IOAPIC[0]: apic_id 0, version 17, address 0xfec00000, GSI 0-23
[    0.395130] ACPI: INT_SRC_OVR (bus 0 bus_irq 5 global_irq 5 high level)
[    0.395974] ACPI: INT_SRC_OVR (bus 0 bus_irq 9 global_irq 9 high level)
[    0.396818] ACPI: INT_SRC_OVR (bus 0 bus_irq 10 global_irq 10 high level)
[    0.397683] ACPI: INT_SRC_OVR (bus 0 bus_irq 11 global_irq 11 high level)
[    0.398563] ACPI: Using ACPI (MADT) for SMP configuration information
[    0.399494] smpboot: Allowing 32 CPUs, 0 hotplug CPUs
[    0.400180] [mem 0xc0000000-0xffffffff] available for PCI devices
[    0.401000] Booting paravirtualized kernel on KVM
[    0.401601] clocksource: refined-jiffies: mask: 0xffffffff max_cycles: 0xffffffff, max_idle_ns: 6370452778343963 ns
[    0.408036] setup_percpu: NR_CPUS:48 nr_cpumask_bits:48 nr_cpu_ids:32 nr_node_ids:2
[    0.411738] percpu: Embedded 51 pages/cpu s178920 r0 d29976 u262144
[    0.412573] pcpu-alloc: s178920 r0 d29976 u262144 alloc=1*2097152
[    0.412576] pcpu-alloc: [0] 00 01 02 03 04 05 06 07 [0] 16 17 18 19 20 21 22 23 
[    0.412585] pcpu-alloc: [1] 08 09 10 11 12 13 14 15 [1] 24 25 26 27 28 29 30 31 
[    0.412612] kvm-guest: PV spinlocks enabled
[    0.413154] PV qspinlock hash table entries: 256 (order: 0, 4096 bytes, linear)
[    0.414156] Fallback order for Node 0: 0 1 
[    0.414701] Fallback order for Node 1: 1 0 
[    0.415237] Built 2 zonelists, mobility grouping on.  Total pages: 33029080
[    0.416139] Policy zone: Normal
[    0.416540] Kernel command line: root=/dev/sda1 console=tty0 console=ttyS0,115200 earlyprintk=ttyS0,115200 consoleblank=0 intel_iommu=off
[    0.418192] Unknown kernel command line parameters "intel_iommu=off", will be passed to user space.
[    0.419400] printk: log_buf_len individual max cpu contribution: 4096 bytes
[    0.420305] printk: log_buf_len total cpu_extra contributions: 126976 bytes
[    0.421197] printk: log_buf_len min size: 131072 bytes
[    0.422322] printk: log_buf_len: 262144 bytes
[    0.422939] printk: early log buf free: 119760(91%)
[    0.424036] mem auto-init: stack:all(zero), heap alloc:off, heap free:off
[    0.739120] Memory: 132009036K/134213992K available (16401K kernel code, 2625K rwdata, 3408K rodata, 1764K init, 972K bss, 2204696K reserved, 0K cma-reserved)
[    0.742085] ftrace: allocating 44360 entries in 174 pages
[    0.753609] ftrace: allocated 174 pages with 5 groups
[    0.755933] Dynamic Preempt: none
[    0.756531] rcu: Preemptible hierarchical RCU implementation.
[    0.757287] rcu: 	RCU event tracing is enabled.
[    0.757866] rcu: 	RCU restricting CPUs from NR_CPUS=48 to nr_cpu_ids=32.
[    0.758722] 	Trampoline variant of Tasks RCU enabled.
[    0.759366] 	Rude variant of Tasks RCU enabled.
[    0.759943] 	Tracing variant of Tasks RCU enabled.
[    0.760554] rcu: RCU calculated value of scheduler-enlistment delay is 30 jiffies.
[    0.761521] rcu: Adjusting geometry for rcu_fanout_leaf=16, nr_cpu_ids=32
[    0.767665] NR_IRQS: 4352, nr_irqs: 680, preallocated irqs: 16
[    0.768900] random: crng init done
[    0.769406] Spurious LAPIC timer interrupt on cpu 0
[    0.771019] Console: colour dummy device 80x25
[    0.771841] printk: console [tty0] enabled
[    0.772425] printk: console [ttyS0] enabled
[    0.773547] printk: bootconsole [earlyser0] disabled
[    0.774945] ACPI: Core revision 20211217
[    0.775599] APIC: Switch to symmetric I/O mode setup
[    0.779543] Switched APIC routing to physical x2apic.
[    0.784268] ..TIMER: vector=0x30 apic1=0 pin1=0 apic2=-1 pin2=-1
[    0.785370] clocksource: tsc-early: mask: 0xffffffffffffffff max_cycles: 0x285d3648b46, max_idle_ns: 440795316815 ns
[    0.786853] Calibrating delay loop (skipped) preset value.. 5602.87 BogoMIPS (lpj=9334200)
[    0.788035] pid_max: default: 32768 minimum: 301
[    0.790226] LSM: Security Framework initializing
[    0.801370] Dentry cache hash table entries: 8388608 (order: 14, 67108864 bytes, vmalloc hugepage)
[    0.807911] Inode-cache hash table entries: 4194304 (order: 13, 33554432 bytes, vmalloc hugepage)
[    0.809317] Mount-cache hash table entries: 131072 (order: 8, 1048576 bytes, vmalloc)
[    0.810348] Mountpoint-cache hash table entries: 131072 (order: 8, 1048576 bytes, vmalloc)
[    0.812543] Last level iTLB entries: 4KB 64, 2MB 8, 4MB 8
[    0.813521] Last level dTLB entries: 4KB 64, 2MB 0, 4MB 0, 1GB 4
[    0.814350] Spectre V1 : Mitigation: usercopy/swapgs barriers and __user pointer sanitization
[    0.815521] Spectre V2 : Mitigation: Enhanced IBRS
[    0.816184] Spectre V2 : Spectre v2 / SpectreRSB mitigation: Filling RSB on context switch
[    0.816851] Spectre V2 : Spectre v2 / PBRSB-eIBRS: Retire a single CALL on VMEXIT
[    0.817992] RETBleed: Mitigation: Enhanced IBRS
[    0.818620] Spectre V2 : mitigation: Enabling conditional Indirect Branch Prediction Barrier
[    0.820184] Speculative Store Bypass: Mitigation: Speculative Store Bypass disabled via prctl
[    0.821357] MDS: Mitigation: Clear CPU buffers
[    0.821992] TAA: Mitigation: Clear CPU buffers
[    0.822610] MMIO Stale Data: Vulnerable: Clear CPU buffers attempted, no microcode
[    0.842077] Freeing SMP alternatives memory: 48K
[    0.949835] smpboot: CPU0: Intel(R) Xeon(R) CPU @ 2.80GHz (family: 0x6, model: 0x55, stepping: 0x7)
[    0.950183] cblist_init_generic: Setting adjustable number of callback queues.
[    0.950183] cblist_init_generic: Setting shift to 5 and lim to 1.
[    0.950183] cblist_init_generic: Setting shift to 5 and lim to 1.
[    0.950204] cblist_init_generic: Setting shift to 5 and lim to 1.
[    0.951049] Performance Events: unsupported p6 CPU model 85 no PMU driver, software events only.
[    0.952261] rcu: Hierarchical SRCU implementation.
[    0.953603] NMI watchdog: Perf NMI watchdog permanently disabled
[    0.954824] smp: Bringing up secondary CPUs ...
[    0.955565] x86: Booting SMP configuration:
[    0.956138] .... node  #0, CPUs:        #1  #2  #3  #4  #5  #6  #7
[    0.961222] .... node  #1, CPUs:    #8
[    0.014626] smpboot: CPU 8 Converting physical 0 to logical die 1
[    0.967053]   #9 #10 #11 #12 #13 #14 #15
[    0.971048] .... node  #0, CPUs:   #16
[    0.971618] MDS CPU bug present and SMT on, data leak possible. See https://www.kernel.org/doc/html/latest/admin-guide/hw-vuln/mds.html for more details.
[    0.975469] TAA CPU bug present and SMT on, data leak possible. See https://www.kernel.org/doc/html/latest/admin-guide/hw-vuln/tsx_async_abort.html for more details.
[    0.976853] MMIO Stale Data CPU bug present and SMT on, data leak possible. See https://www.kernel.org/doc/html/latest/admin-guide/hw-vuln/processor_mmio_stale_data.html for more details.
[    0.980221]  #17 #18 #19 #20 #21 #22 #23
[    0.984252] .... node  #1, CPUs:   #24 #25 #26 #27 #28 #29 #30 #31
[    0.990241] smp: Brought up 2 nodes, 32 CPUs
[    0.991770] smpboot: Max logical packages: 2
[    0.992397] smpboot: Total of 32 processors activated (179288.00 BogoMIPS)
[    0.999277] devtmpfs: initialized
[    0.999277] x86/mm: Memory block size: 1024MB
[    1.000986] clocksource: jiffies: mask: 0xffffffff max_cycles: 0xffffffff, max_idle_ns: 6370867519511994 ns
[    1.001546] futex hash table entries: 8192 (order: 7, 524288 bytes, vmalloc)
[    1.003813] NET: Registered PF_NETLINK/PF_ROUTE protocol family
[    1.004830] thermal_sys: Registered thermal governor 'step_wise'
[    1.004852] cpuidle: using governor menu
[    1.005031] PCI: Using configuration type 1 for base access
[    1.008257] cryptd: max_cpu_qlen set to 1000
[    1.063518] raid6: avx512x4 gen() 18523 MB/s
[    1.120184] raid6: avx512x2 gen() 18568 MB/s
[    1.176851] raid6: avx512x1 gen() 18606 MB/s
[    1.233518] raid6: avx2x4   gen() 18500 MB/s
[    1.290185] raid6: avx2x2   gen() 18538 MB/s
[    1.346851] raid6: avx2x1   gen() 13993 MB/s
[    1.347503] raid6: using algorithm avx512x1 gen() 18606 MB/s
[    1.403519] raid6: .... xor() 23764 MB/s, rmw enabled
[    1.404252] raid6: using avx512x2 recovery algorithm
[    1.405002] ACPI: Added _OSI(Module Device)
[    1.405591] ACPI: Added _OSI(Processor Device)
[    1.406196] ACPI: Added _OSI(3.0 _SCP Extensions)
[    1.406851] ACPI: Added _OSI(Processor Aggregator Device)
[    1.407608] ACPI: Added _OSI(Linux-Dell-Video)
[    1.408273] ACPI: Added _OSI(Linux-Lenovo-NV-HDMI-Audio)
[    1.409086] ACPI: Added _OSI(Linux-HPI-Hybrid-Graphics)
[    1.411282] ACPI: 3 ACPI AML tables successfully acquired and loaded
[    1.414556] ACPI: Interpreter enabled
[    1.415083] ACPI: PM: (supports S0 S5)
[    1.415647] ACPI: Using IOAPIC for interrupt routing
[    1.416362] PCI: Using host bridge windows from ACPI; if necessary, use "pci=nocrs" and report a bug
[    1.417033] ACPI: Enabled 16 GPEs in block 00 to 0F
[    1.421479] ACPI: PCI Root Bridge [PCI0] (domain 0000 [bus 00-ff])
[    1.422365] acpi PNP0A03:00: _OSC: OS supports [ASPM ClockPM Segments MSI HPX-Type3]
[    1.423413] acpi PNP0A03:00: PCIe port services disabled; not requesting _OSC control
[    1.423639] PCI host bridge to bus 0000:00
[    1.424272] pci_bus 0000:00: Unknown NUMA node; performance will be reduced
[    1.425217] pci_bus 0000:00: root bus resource [io  0x0000-0x0cf7 window]
[    1.426852] pci_bus 0000:00: root bus resource [io  0x0d00-0xffff window]
[    1.427839] pci_bus 0000:00: root bus resource [mem 0x000a0000-0x000bffff window]
[    1.428858] pci_bus 0000:00: root bus resource [mem 0xc0000000-0xfebfefff window]
[    1.429880] pci_bus 0000:00: root bus resource [bus 00-ff]
[    1.430230] pci 0000:00:00.0: [8086:1237] type 00 class 0x060000
[    1.437179] pci 0000:00:01.0: [8086:7110] type 00 class 0x060100
[    1.477040] pci 0000:00:01.3: [8086:7113] type 00 class 0x068000
[    1.513551] pci 0000:00:01.3: quirk: [io  0xb000-0xb03f] claimed by PIIX4 ACPI
[    1.514750] pci 0000:00:03.0: [1af4:1004] type 00 class 0x000000
[    1.530186] pci 0000:00:03.0: reg 0x10: [io  0xc040-0xc07f]
[    1.540185] pci 0000:00:03.0: reg 0x14: [mem 0xc0102000-0xc010207f]
[    1.567062] pci 0000:00:04.0: [1ae0:001f] type 00 class 0x010802
[    1.585707] pci 0000:00:04.0: reg 0x10: [mem 0xc0000000-0xc0003fff 64bit]
[    1.603519] pci 0000:00:04.0: reg 0x20: [mem 0xc0101000-0xc01011ff]
[    1.613808] pci 0000:00:05.0: [1af4:1000] type 00 class 0x020000
[    1.626852] pci 0000:00:05.0: reg 0x10: [io  0xc000-0xc03f]
[    1.639500] pci 0000:00:05.0: reg 0x14: [mem 0xc0100000-0xc01007ff]
[    1.669254] pci 0000:00:06.0: [1af4:1005] type 00 class 0x00ff00
[    1.683518] pci 0000:00:06.0: reg 0x10: [io  0xc080-0xc09f]
[    1.693518] pci 0000:00:06.0: reg 0x14: [mem 0xc0103000-0xc010303f]
[    1.720896] ACPI: PCI: Interrupt link LNKA configured for IRQ 10
[    1.723604] ACPI: PCI: Interrupt link LNKB configured for IRQ 11
[    1.729098] ACPI: PCI: Interrupt link LNKC configured for IRQ 10
[    1.730244] ACPI: PCI: Interrupt link LNKD configured for IRQ 11
[    1.733547] ACPI: PCI: Interrupt link LNKS configured for IRQ 9
[    1.738737] SCSI subsystem initialized
[    1.738737] Registered efivars operations
[    1.738737] PCI: Using ACPI for IRQ routing
[    1.740808] PCI: pci_cache_line_size set to 64 bytes
[    1.740905] e820: reserve RAM buffer [mem 0x00055000-0x0005ffff]
[    1.740907] e820: reserve RAM buffer [mem 0x00098000-0x0009ffff]
[    1.740908] e820: reserve RAM buffer [mem 0xbf6ed000-0xbfffffff]
[    1.740910] e820: reserve RAM buffer [mem 0xbffe0000-0xbfffffff]
[    1.740926] vgaarb: loaded
[    1.740926] clocksource: Switched to clocksource kvm-clock
[    1.756613] VFS: Disk quotas dquot_6.6.0
[    1.757243] VFS: Dquot-cache hash table entries: 512 (order 0, 4096 bytes)
[    1.758225] pnp: PnP ACPI init
[    1.759086] pnp: PnP ACPI: found 7 devices
[    1.765769] clocksource: acpi_pm: mask: 0xffffff max_cycles: 0xffffff, max_idle_ns: 2085701024 ns
[    1.767249] NET: Registered PF_INET protocol family
[    1.768639] IP idents hash table entries: 262144 (order: 9, 2097152 bytes, vmalloc)
[    1.771208] tcp_listen_portaddr_hash hash table entries: 65536 (order: 8, 1048576 bytes, vmalloc)
[    1.772602] Table-perturb hash table entries: 65536 (order: 6, 262144 bytes, vmalloc)
[    1.773707] TCP established hash table entries: 524288 (order: 10, 4194304 bytes, vmalloc hugepage)
[    1.775676] TCP bind hash table entries: 65536 (order: 8, 1048576 bytes, vmalloc)
[    1.776883] TCP: Hash tables configured (established 524288 bind 65536)
[    1.777885] UDP hash table entries: 65536 (order: 9, 2097152 bytes, vmalloc)
[    1.779189] UDP-Lite hash table entries: 65536 (order: 9, 2097152 bytes, vmalloc)
[    1.780638] NET: Registered PF_UNIX/PF_LOCAL protocol family
[    1.781610] RPC: Registered named UNIX socket transport module.
[    1.782424] RPC: Registered udp transport module.
[    1.783092] RPC: Registered tcp transport module.
[    1.783769] RPC: Registered tcp NFSv4.1 backchannel transport module.
[    1.784914] pci_bus 0000:00: resource 4 [io  0x0000-0x0cf7 window]
[    1.785743] pci_bus 0000:00: resource 5 [io  0x0d00-0xffff window]
[    1.786584] pci_bus 0000:00: resource 6 [mem 0x000a0000-0x000bffff window]
[    1.787522] pci_bus 0000:00: resource 7 [mem 0xc0000000-0xfebfefff window]
[    1.788480] pci 0000:00:00.0: Limiting direct PCI/PCI transfers
[    1.789329] PCI: CLS 0 bytes, default 64
[    1.789892] PCI-DMA: Using software bounce buffering for IO (SWIOTLB)
[    1.790758] software IO TLB: mapped [mem 0x00000000ba17b000-0x00000000be17b000] (64MB)
[    1.859572] RAPL PMU: API unit is 2^-32 Joules, 0 fixed counters, 10737418240 ms ovfl timer
[    1.860756] clocksource: tsc: mask: 0xffffffffffffffff max_cycles: 0x285d3648b46, max_idle_ns: 440795316815 ns
[    1.862261] clocksource: Switched to clocksource tsc
[    1.863389] Initialise system trusted keyrings
[    1.864177] workingset: timestamp_bits=40 max_order=25 bucket_order=0
[    1.866382] NFS: Registering the id_resolver key type
[    1.867088] Key type id_resolver registered
[    1.867657] Key type id_legacy registered
[    1.868222] Installing knfsd (copyright (C) 1996 okir@monad.swb.de).
[    1.869259] ntfs: driver 2.1.32 [Flags: R/W].
[    1.869962] fuse: init (API version 7.36)
[    1.870700] JFS: nTxBlock = 8192, nTxLock = 65536
[    1.873644] SGI XFS with ACLs, security attributes, realtime, scrub, repair, quota, no debug enabled
[    1.875231] 9p: Installing v9fs 9p2000 file system support
[    1.876048] NILFS version 2 loaded
[    1.876593] ocfs2: Registered cluster interface o2cb
[    1.877351] OCFS2 User DLM kernel interface loaded
[    1.878218] xor: automatically using best checksumming function   avx       
[    1.879160] Key type asymmetric registered
[    1.879734] Asymmetric key parser 'x509' registered
[    1.880464] Block layer SCSI generic (bsg) driver version 0.4 loaded (major 249)
[    1.881479] io scheduler mq-deadline registered
[    1.882109] io scheduler kyber registered
[    1.884564] input: Power Button as /devices/LNXSYSTM:00/LNXPWRBN:00/input/input0
[    1.885573] ACPI: button: Power Button [PWRF]
[    1.886223] input: Sleep Button as /devices/LNXSYSTM:00/LNXSLPBN:00/input/input1
[    1.887227] ACPI: button: Sleep Button [SLPF]
[    1.892474] ACPI: \_SB_.LNKC: Enabled at IRQ 10
[    1.895181] virtio-pci 0000:00:03.0: virtio_pci: leaving for legacy driver
[    1.905297] ACPI: \_SB_.LNKA: Enabled at IRQ 11
[    1.907904] virtio-pci 0000:00:05.0: virtio_pci: leaving for legacy driver
[    1.919075] ACPI: \_SB_.LNKB: Enabled at IRQ 11
[    1.921735] virtio-pci 0000:00:06.0: virtio_pci: leaving for legacy driver
[    1.929660] Serial: 8250/16550 driver, 32 ports, IRQ sharing disabled
[    1.930701] 00:03: ttyS0 at I/O 0x3f8 (irq = 4, base_baud = 115200) is a 16550A
[    1.931854] 00:04: ttyS1 at I/O 0x2f8 (irq = 3, base_baud = 115200) is a 16550A
[    1.932945] 00:05: ttyS2 at I/O 0x3e8 (irq = 6, base_baud = 115200) is a 16550A
[    1.934055] 00:06: ttyS3 at I/O 0x2e8 (irq = 7, base_baud = 115200) is a 16550A
[    1.957308] tpm_tis MSFT0101:00: 2.0 TPM (device-id 0x9009, rev-id 0)
[    1.969905] loop: module loaded
[    1.988461] scsi host0: Virtio SCSI HBA
[    1.993545] scsi 0:0:1:0: Direct-Access     Google   PersistentDisk   1    PQ: 0 ANSI: 6
[    1.994973] scsi 0:0:2:0: Direct-Access     Google   PersistentDisk   1    PQ: 0 ANSI: 6
[    2.019897] nvme nvme0: pci function 0000:00:04.0
[    2.019911] sd 0:0:2:0: [sdb] 10485760000 512-byte logical blocks: (5.37 TB/4.88 TiB)
[    2.019914] sd 0:0:1:0: [sda] 20971520 512-byte logical blocks: (10.7 GB/10.0 GiB)
[    2.019916] sd 0:0:1:0: [sda] 4096-byte physical blocks
[    2.019946] sd 0:0:1:0: [sda] Write Protect is off
[    2.019948] sd 0:0:1:0: [sda] Mode Sense: 1f 00 00 08
[    2.020003] sd 0:0:1:0: [sda] Write cache: enabled, read cache: enabled, doesn't support DPO or FUA
[    2.029118] ACPI: \_SB_.LNKD: Enabled at IRQ 10
[    2.030129] sd 0:0:2:0: [sdb] 4096-byte physical blocks
[    2.048647] sd 0:0:2:0: [sdb] Write Protect is off
[    2.048667]  sda: sda1 sda14 sda15
[    2.054104] sd 0:0:2:0: [sdb] Mode Sense: 1f 00 00 08
[    2.054231] sd 0:0:2:0: [sdb] Write cache: enabled, read cache: enabled, doesn't support DPO or FUA
[    2.056009] sd 0:0:1:0: [sda] Attached SCSI disk
[    2.096912]  sdb: sdb1 sdb2
[    2.103695] sd 0:0:2:0: [sdb] Attached SCSI disk
[    2.157565] nvme nvme0: 15/0/0 default/read/poll queues
[    2.192726]  nvme0n1: p1 p2
[    2.316796] i8042: PNP: PS/2 Controller [PNP0303:KBD,PNP0f13:MOU] at 0x60,0x64 irq 1,12
[    2.318018] i8042: Warning: Keylock active
[    2.320346] serio: i8042 KBD port at 0x60,0x64 irq 1
[    2.321113] serio: i8042 AUX port at 0x60,0x64 irq 12
[    2.321821] device-mapper: core: CONFIG_IMA_DISABLE_HTABLE is disabled. Duplicate IMA measurements will not be recorded in the IMA log.
[    2.323602] device-mapper: ioctl: 4.46.0-ioctl (2022-02-22) initialised: dm-devel@redhat.com
[    2.324847] intel_pstate: CPU model not supported
[    2.325509] EFI Variables Facility v0.08 2004-May-17
[    2.334526] NET: Registered PF_INET6 protocol family
[    2.335598] Segment Routing with IPv6
[    2.336127] In-situ OAM (IOAM) with IPv6
[    2.336681] sit: IPv6, IPv4 and MPLS over IPv4 tunneling driver
[    2.337671] NET: Registered PF_PACKET protocol family
[    2.338407] 9pnet: Installing 9P2000 support
[    2.339005] Key type dns_resolver registered
[    2.342528] IPI shorthand broadcast: enabled
[    2.343162] AVX2 version of gcm_enc/dec engaged.
[    2.344408] AES CTR mode by8 optimization enabled
[    2.345664] sched_clock: Marking stable (2334358705, 11293553)->(2378727534, -33075276)
[    2.347813] Loading compiled-in X.509 certificates
[    2.348731] Key type ._fscrypt registered
[    2.349283] Key type .fscrypt registered
[    2.349819] Key type fscrypt-provisioning registered
[    2.352192] Btrfs loaded, crc32c=crc32c-intel, assert=on, zoned=no, fsverity=yes
[    2.353789] Key type encrypted registered
[    2.354371] ima: Allocated hash algorithm: sha1
[    2.384622] ima: No architecture policies found
[    2.385603] evm: Initialising EVM extended attributes:
[    2.386296] evm: security.selinux (disabled)
[    2.386898] evm: security.SMACK64 (disabled)
[    2.387493] evm: security.SMACK64EXEC (disabled)
[    2.388164] evm: security.SMACK64TRANSMUTE (disabled)
[    2.388865] evm: security.SMACK64MMAP (disabled)
[    2.389513] evm: security.apparmor (disabled)
[    2.390510] evm: security.ima
[    2.390990] evm: security.capability
[    2.391515] evm: HMAC attrs: 0x1
[    2.527136] input: AT Translated Set 2 keyboard as /devices/platform/i8042/serio0/input/input2
[    2.645522] EXT4-fs (sda1): INFO: recovery required on readonly filesystem
[    2.646504] EXT4-fs (sda1): write access will be enabled during recovery
[    2.911531] EXT4-fs (sda1): recovery complete
[    2.913496] EXT4-fs (sda1): mounted filesystem with ordered data mode. Quota mode: none.
[    2.914654] VFS: Mounted root (ext4 filesystem) readonly on device 8:1.
[    2.916793] Freeing unused kernel image (initmem) memory: 1764K
[    2.917680] Write protecting the kernel read-only data: 22528k
[    2.919712] Freeing unused kernel image (text/rodata gap) memory: 2028K
[    2.921028] Freeing unused kernel image (rodata/data gap) memory: 688K
[    2.921923] Run /sbin/init as init process
[    2.922500]   with arguments:
[    2.922501]     /sbin/init
[    2.922501]   with environment:
[    2.922502]     HOME=/
[    2.922502]     TERM=linux
[    2.922503]     intel_iommu=off
[    3.352172] systemd[1]: systemd 247.3-7+deb11u4 running in system mode. (+PAM +AUDIT +SELINUX +IMA +APPARMOR +SMACK +SYSVINIT +UTMP +LIBCRYPTSETUP +GCRYPT +GNUTLS +ACL +XZ +LZ4 +ZSTD +SECCOMP +BLKID +ELFUTILS +KMOD +IDN2 -IDN +PCRE2 default-hierarchy=unified)
[    3.355293] systemd[1]: Detected virtualization kvm.
[    3.355989] systemd[1]: Detected architecture x86-64.
[    3.384092] systemd[1]: Set hostname to <debian>.
[    4.086753] systemd[1]: Queued start job for default target Graphical Interface.
[    4.089076] systemd[1]: Created slice system-getty.slice.
[    4.103817] systemd[1]: Created slice system-modprobe.slice.
[    4.117090] systemd[1]: Created slice system-serial\x2dgetty.slice.
[    4.130427] systemd[1]: Created slice system-systemd\x2dgrowfs.slice.
[    4.143744] systemd[1]: Created slice User and Session Slice.
[    4.156934] systemd[1]: Started Dispatch Password Requests to Console Directory Watch.
[    4.170265] systemd[1]: Started Forward Password Requests to Wall Directory Watch.
[    4.183593] systemd[1]: Condition check resulted in Arbitrary Executable File Formats File System Automount Point being skipped.
[    4.185392] systemd[1]: Reached target Local Encrypted Volumes.
[    4.200253] systemd[1]: Reached target Paths.
[    4.213565] systemd[1]: Reached target Slices.
[    4.226888] systemd[1]: Reached target Swap.
[    4.240222] systemd[1]: Reached target System Time Set.
[    4.256691] systemd[1]: Listening on RPCbind Server Activation Socket.
[    4.282326] systemd[1]: Listening on Syslog Socket.
[    4.296984] systemd[1]: Listening on fsck to fsckd communication Socket.
[    4.310270] systemd[1]: Listening on initctl Compatibility Named Pipe.
[    4.323635] systemd[1]: Condition check resulted in Journal Audit Socket being skipped.
[    4.324923] systemd[1]: Listening on Journal Socket (/dev/log).
[    4.337027] systemd[1]: Listening on Journal Socket.
[    4.351864] systemd[1]: Listening on udev Control Socket.
[    4.366988] systemd[1]: Listening on udev Kernel Socket.
[    4.380350] systemd[1]: Condition check resulted in Huge Pages File System being skipped.
[    4.382302] systemd[1]: Mounting POSIX Message Queue File System...
[    4.397498] systemd[1]: Mounting NFSD configuration filesystem...
[    4.410877] systemd[1]: Mounting RPC Pipe File System...
[    4.424157] systemd[1]: Mounting Kernel Debug File System...
[    4.437480] systemd[1]: Mounting Kernel Trace File System...
[    4.450252] systemd[1]: Condition check resulted in Kernel Module supporting RPCSEC_GSS being skipped.
[    4.451955] systemd[1]: Condition check resulted in Create list of static device nodes for the current kernel being skipped.
[    4.454080] systemd[1]: Starting Load Kernel Module configfs...
[    4.467496] systemd[1]: Starting Load Kernel Module drm...
[    4.480800] systemd[1]: Starting Load Kernel Module fuse...
[    4.494476] systemd[1]: Condition check resulted in Set Up Additional Binary Formats being skipped.
[    4.496502] systemd[1]: Starting File System Check on Root Device...
[    4.512276] systemd[1]: Starting Journal Service...
[    4.514806] systemd[1]: Starting Load Kernel Modules...
[    4.516330] systemd[1]: Starting Coldplug All udev Devices...
[    4.518424] systemd[1]: Mounted POSIX Message Queue File System.
[    4.519341] systemd[1]: Mounted NFSD configuration filesystem.
[    4.520399] systemd[1]: Mounted RPC Pipe File System.
[    4.521209] systemd[1]: Mounted Kernel Debug File System.
[    4.522109] systemd[1]: Mounted Kernel Trace File System.
[    4.523111] systemd[1]: modprobe@configfs.service: Succeeded.
[    4.524107] systemd[1]: Finished Load Kernel Module configfs.
[    4.525093] systemd[1]: modprobe@drm.service: Succeeded.
[    4.525981] systemd[1]: Finished Load Kernel Module drm.
[    4.527084] systemd[1]: modprobe@fuse.service: Succeeded.
[    4.528100] systemd[1]: Finished Load Kernel Module fuse.
[    4.529084] systemd[1]: Finished Load Kernel Modules.
[    4.530671] systemd[1]: Mounting FUSE Control File System...
[    4.532264] systemd[1]: Mounting Kernel Configuration File System...
[    4.567461] systemd[1]: Starting pNFS block layout mapping daemon...
[    4.584193] systemd[1]: Started File System Check Daemon to report status.
[    4.597477] systemd[1]: Starting Apply Kernel Variables...
[    4.610759] systemd[1]: Started Journal Service.
[    4.834977] EXT4-fs (sda1): re-mounted. Quota mode: none.
[    4.869873] systemd-journald[392]: Received client request to flush runtime journal.
[    4.904331] systemd-journald[392]: File /var/log/journal/7cd7951d724011c5f4b8de4df5d46544/system.journal corrupted or uncleanly shut down, renaming and replacing.
[    5.085617] virtio_net virtio1 enp0s5: renamed from eth0
[    5.155993] FAT-fs (sda15): Volume was not properly unmounted. Some data may be corrupt. Please run fsck.
[    8.892900] NFSD: Using UMH upcall client tracking operations.
[    8.893725] NFSD: starting 90-second grace period (net f0000000)
[   89.992944] systemd-journald[392]: File /var/log/journal/7cd7951d724011c5f4b8de4df5d46544/user-1000.journal corrupted or uncleanly shut down, renaming and replacing.
[  219.372025] nfsd: last server has exited, flushing export cache
[  219.802820] EXT4-fs (sdb1): mounted filesystem with ordered data mode. Quota mode: none.
[  220.939995] NFSD: Using UMH upcall client tracking operations.
[  220.945970] NFSD: starting 90-second grace period (net f0000000)
[  221.001671] sh (1712): drop_caches: 3
