[    0.000000] Linux version 5.10.0-26-cloud-amd64 (debian-kernel@lists.debian.org) (gcc-10 (Debian 10.2.1-6) 10.2.1 20210110, GNU ld (GNU Binutils for Debian) 2.35.2) #1 SMP Debian 5.10.197-1 (2023-09-29)
[    0.000000] Command line: BOOT_IMAGE=/boot/vmlinuz-5.10.0-26-cloud-amd64 root=UUID=1225d994-3cdc-4e39-8ca0-3245d6035b43 ro console=tty0 console=ttyS0,115200 earlyprintk=ttyS0,115200 consoleblank=0 intel_iommu=off
[    0.000000] BIOS-provided physical RAM map:
[    0.000000] BIOS-e820: [mem 0x0000000000000000-0x0000000000000fff] reserved
[    0.000000] BIOS-e820: [mem 0x0000000000001000-0x0000000000054fff] usable
[    0.000000] BIOS-e820: [mem 0x0000000000055000-0x000000000005ffff] reserved
[    0.000000] BIOS-e820: [mem 0x0000000000060000-0x0000000000097fff] usable
[    0.000000] BIOS-e820: [mem 0x0000000000098000-0x000000000009ffff] reserved
[    0.000000] BIOS-e820: [mem 0x0000000000100000-0x00000000bf6ecfff] usable
[    0.000000] BIOS-e820: [mem 0x00000000bf6ed000-0x00000000bf7ecfff] reserved
[    0.000000] BIOS-e820: [mem 0x00000000bf7ed000-0x00000000bf8ecfff] type 20
[    0.000000] BIOS-e820: [mem 0x00000000bf8ed000-0x00000000bf96cfff] reserved
[    0.000000] BIOS-e820: [mem 0x00000000bf96d000-0x00000000bf97efff] ACPI data
[    0.000000] BIOS-e820: [mem 0x00000000bf97f000-0x00000000bf9fefff] ACPI NVS
[    0.000000] BIOS-e820: [mem 0x00000000bf9ff000-0x00000000bffdffff] usable
[    0.000000] BIOS-e820: [mem 0x00000000bffe0000-0x00000000bfffffff] reserved
[    0.000000] BIOS-e820: [mem 0x0000000100000000-0x000000203fffffff] usable
[    0.000000] printk: bootconsole [earlyser0] enabled
[    0.000000] NX (Execute Disable) protection: active
[    0.000000] efi: EFI v2.70 by EDK II
[    0.000000] efi: TPMFinalLog=0xbf9f7000 ACPI=0xbf97e000 ACPI 2.0=0xbf97e014 SMBIOS=0xbf7ca000 MEMATTR=0xbdf7f018 
[    0.000000] secureboot: Secure boot disabled
[    0.000000] SMBIOS 2.4 present.
[    0.000000] DMI: Google Google Compute Engine/Google Compute Engine, BIOS Google 11/17/2023
[    0.000000] Hypervisor detected: KVM
[    0.000000] kvm-clock: Using msrs 4b564d01 and 4b564d00
[    0.000000] kvm-clock: cpu 0, msr 1116601001, primary cpu clock
[    0.000000] kvm-clock: using sched offset of 5892747248 cycles
[    0.000755] clocksource: kvm-clock: mask: 0xffffffffffffffff max_cycles: 0x1cd42e4dffb, max_idle_ns: 881590591483 ns
[    0.002867] tsc: Detected 2800.284 MHz processor
[    0.003516] e820: update [mem 0x00000000-0x00000fff] usable ==> reserved
[    0.003519] e820: remove [mem 0x000a0000-0x000fffff] usable
[    0.003525] last_pfn = 0x2040000 max_arch_pfn = 0x400000000
[    0.004275] MTRR default type: write-back
[    0.004276] MTRR fixed ranges enabled:
[    0.004277]   00000-9FFFF write-back
[    0.004278]   A0000-FFFFF uncachable
[    0.004279] MTRR variable ranges enabled:
[    0.004280]   0 base 0000C0000000 mask 3FFFC0000000 uncachable
[    0.004281]   1 disabled
[    0.004282]   2 disabled
[    0.004282]   3 disabled
[    0.004283]   4 disabled
[    0.004283]   5 disabled
[    0.004284]   6 disabled
[    0.004284]   7 disabled
[    0.004294] x86/PAT: Configuration [0-7]: WB  WC  UC- UC  WB  WP  UC- WT  
[    0.005608] last_pfn = 0xbffe0 max_arch_pfn = 0x400000000
[    0.006337] Using GB pages for direct mapping
[    0.007192] RAMDISK: [mem 0x364eb000-0x3726cfff]
[    0.007787] ACPI: Early table checksum verification disabled
[    0.008532] ACPI: RSDP 0x00000000BF97E014 000024 (v02 Google)
[    0.009264] ACPI: XSDT 0x00000000BF97D0E8 00005C (v01 Google GOOGFACP 00000001      01000013)
[    0.010380] ACPI: FACP 0x00000000BF978000 0000F4 (v02 Google GOOGFACP 00000001 GOOG 00000001)
[    0.011468] ACPI: DSDT 0x00000000BF979000 001A64 (v01 Google GOOGDSDT 00000001 GOOG 00000001)
[    0.012557] ACPI: FACS 0x00000000BF9F1000 000040
[    0.013146] ACPI: SSDT 0x00000000BF97C000 000316 (v02 GOOGLE Tpm2Tabl 00001000 INTL 20211217)
[    0.014261] ACPI: TPM2 0x00000000BF97B000 000034 (v04 GOOGLE          00000001 GOOG 00000001)
[    0.015383] ACPI: SRAT 0x00000000BF977000 0002D0 (v03 Google GOOGSRAT 00000001 GOOG 00000001)
[    0.016513] ACPI: APIC 0x00000000BF976000 000166 (v05 Google GOOGAPIC 00000001 GOOG 00000001)
[    0.017647] ACPI: SSDT 0x00000000BF974000 0014DE (v01 Google GOOGSSDT 00000001 GOOG 00000001)
[    0.018747] ACPI: WAET 0x00000000BF973000 000028 (v01 Google GOOGWAET 00000001 GOOG 00000001)
[    0.019836] ACPI: Reserving FACP table memory at [mem 0xbf978000-0xbf9780f3]
[    0.020734] ACPI: Reserving DSDT table memory at [mem 0xbf979000-0xbf97aa63]
[    0.021635] ACPI: Reserving FACS table memory at [mem 0xbf9f1000-0xbf9f103f]
[    0.022533] ACPI: Reserving SSDT table memory at [mem 0xbf97c000-0xbf97c315]
[    0.023433] ACPI: Reserving TPM2 table memory at [mem 0xbf97b000-0xbf97b033]
[    0.024334] ACPI: Reserving SRAT table memory at [mem 0xbf977000-0xbf9772cf]
[    0.025233] ACPI: Reserving APIC table memory at [mem 0xbf976000-0xbf976165]
[    0.026476] ACPI: Reserving SSDT table memory at [mem 0xbf974000-0xbf9754dd]
[    0.027378] ACPI: Reserving WAET table memory at [mem 0xbf973000-0xbf973027]
[    0.028293] ACPI: Local APIC address 0xfee00000
[    0.028325] SRAT: PXM 0 -> APIC 0x00 -> Node 0
[    0.028897] SRAT: PXM 0 -> APIC 0x01 -> Node 0
[    0.029464] SRAT: PXM 0 -> APIC 0x02 -> Node 0
[    0.030030] SRAT: PXM 0 -> APIC 0x03 -> Node 0
[    0.030597] SRAT: PXM 0 -> APIC 0x04 -> Node 0
[    0.031164] SRAT: PXM 0 -> APIC 0x05 -> Node 0
[    0.031730] SRAT: PXM 0 -> APIC 0x06 -> Node 0
[    0.032297] SRAT: PXM 0 -> APIC 0x07 -> Node 0
[    0.032864] SRAT: PXM 0 -> APIC 0x08 -> Node 0
[    0.033429] SRAT: PXM 0 -> APIC 0x09 -> Node 0
[    0.033996] SRAT: PXM 0 -> APIC 0x0a -> Node 0
[    0.034563] SRAT: PXM 0 -> APIC 0x0b -> Node 0
[    0.035129] SRAT: PXM 0 -> APIC 0x0c -> Node 0
[    0.035695] SRAT: PXM 0 -> APIC 0x0d -> Node 0
[    0.036262] SRAT: PXM 0 -> APIC 0x0e -> Node 0
[    0.036828] SRAT: PXM 0 -> APIC 0x0f -> Node 0
[    0.037395] SRAT: PXM 1 -> APIC 0x10 -> Node 1
[    0.037962] SRAT: PXM 1 -> APIC 0x11 -> Node 1
[    0.038545] SRAT: PXM 1 -> APIC 0x12 -> Node 1
[    0.039112] SRAT: PXM 1 -> APIC 0x13 -> Node 1
[    0.039679] SRAT: PXM 1 -> APIC 0x14 -> Node 1
[    0.040275] SRAT: PXM 1 -> APIC 0x15 -> Node 1
[    0.040864] SRAT: PXM 1 -> APIC 0x16 -> Node 1
[    0.041431] SRAT: PXM 1 -> APIC 0x17 -> Node 1
[    0.041998] SRAT: PXM 1 -> APIC 0x18 -> Node 1
[    0.042563] SRAT: PXM 1 -> APIC 0x19 -> Node 1
[    0.043130] SRAT: PXM 1 -> APIC 0x1a -> Node 1
[    0.043732] SRAT: PXM 1 -> APIC 0x1b -> Node 1
[    0.044296] SRAT: PXM 1 -> APIC 0x1c -> Node 1
[    0.044863] SRAT: PXM 1 -> APIC 0x1d -> Node 1
[    0.045430] SRAT: PXM 1 -> APIC 0x1e -> Node 1
[    0.045997] SRAT: PXM 1 -> APIC 0x1f -> Node 1
[    0.046577] ACPI: SRAT: Node 0 PXM 0 [mem 0x00000000-0x0009ffff]
[    0.047342] ACPI: SRAT: Node 0 PXM 0 [mem 0x00100000-0xbfffffff]
[    0.048108] ACPI: SRAT: Node 0 PXM 0 [mem 0x100000000-0x103fffffff]
[    0.048907] ACPI: SRAT: Node 1 PXM 1 [mem 0x1040000000-0x203fffffff]
[    0.049721] NUMA: Node 0 [mem 0x00000000-0x0009ffff] + [mem 0x00100000-0xbfffffff] -> [mem 0x00000000-0xbfffffff]
[    0.051029] NUMA: Node 0 [mem 0x00000000-0xbfffffff] + [mem 0x100000000-0x103fffffff] -> [mem 0x00000000-0x103fffffff]
[    0.052431] NODE_DATA(0) allocated [mem 0x103ffd6000-0x103fffffff]
[    0.053661] NODE_DATA(1) allocated [mem 0x203ffd6000-0x203fffffff]
[    0.055597] Zone ranges:
[    0.055924]   DMA      [mem 0x0000000000001000-0x0000000000ffffff]
[    0.056714]   DMA32    [mem 0x0000000001000000-0x00000000ffffffff]
[    0.057502]   Normal   [mem 0x0000000100000000-0x000000203fffffff]
[    0.058292]   Device   empty
[    0.058657] Movable zone start for each node
[    0.059207] Early memory node ranges
[    0.059658]   node   0: [mem 0x0000000000001000-0x0000000000054fff]
[    0.060457]   node   0: [mem 0x0000000000060000-0x0000000000097fff]
[    0.061257]   node   0: [mem 0x0000000000100000-0x00000000bf6ecfff]
[    0.062057]   node   0: [mem 0x00000000bf9ff000-0x00000000bffdffff]
[    0.062856]   node   0: [mem 0x0000000100000000-0x000000103fffffff]
[    0.063662]   node   1: [mem 0x0000001040000000-0x000000203fffffff]
[    0.064462] Initmem setup node 0 [mem 0x0000000000001000-0x000000103fffffff]
[    0.065372] On node 0 totalpages: 16776282
[    0.065373]   DMA zone: 64 pages used for memmap
[    0.065374]   DMA zone: 3121 pages reserved
[    0.065375]   DMA zone: 3980 pages, LIFO batch:0
[    0.065376]   DMA32 zone: 12212 pages used for memmap
[    0.065377]   DMA32 zone: 781518 pages, LIFO batch:63
[    0.065377]   Normal zone: 249856 pages used for memmap
[    0.065378]   Normal zone: 15990784 pages, LIFO batch:63
[    0.065379] Initmem setup node 1 [mem 0x0000001040000000-0x000000203fffffff]
[    0.066271] On node 1 totalpages: 16777216
[    0.066272]   Normal zone: 262144 pages used for memmap
[    0.066273]   Normal zone: 16777216 pages, LIFO batch:63
[    0.066702] On node 0, zone DMA: 1 pages in unavailable ranges
[    0.066704] On node 0, zone DMA: 11 pages in unavailable ranges
[    0.067487] On node 0, zone DMA: 104 pages in unavailable ranges
[    0.084396] On node 0, zone DMA32: 786 pages in unavailable ranges
[    0.086257] On node 0, zone Normal: 32 pages in unavailable ranges
[    0.088513] ACPI: PM-Timer IO Port: 0xb008
[    0.089846] ACPI: Local APIC address 0xfee00000
[    0.089861] ACPI: LAPIC_NMI (acpi_id[0xff] dfl dfl lint[0x1])
[    0.090651] IOAPIC[0]: apic_id 0, version 17, address 0xfec00000, GSI 0-23
[    0.091536] ACPI: INT_SRC_OVR (bus 0 bus_irq 5 global_irq 5 high level)
[    0.092378] ACPI: INT_SRC_OVR (bus 0 bus_irq 9 global_irq 9 high level)
[    0.093224] ACPI: INT_SRC_OVR (bus 0 bus_irq 10 global_irq 10 high level)
[    0.094090] ACPI: INT_SRC_OVR (bus 0 bus_irq 11 global_irq 11 high level)
[    0.095133] ACPI: IRQ5 used by override.
[    0.095134] ACPI: IRQ9 used by override.
[    0.095135] ACPI: IRQ10 used by override.
[    0.095136] ACPI: IRQ11 used by override.
[    0.095138] Using ACPI (MADT) for SMP configuration information
[    0.095986] smpboot: Allowing 32 CPUs, 0 hotplug CPUs
[    0.096692] PM: hibernation: Registered nosave memory: [mem 0x00000000-0x00000fff]
[    0.097666] PM: hibernation: Registered nosave memory: [mem 0x00055000-0x0005ffff]
[    0.098632] PM: hibernation: Registered nosave memory: [mem 0x00098000-0x0009ffff]
[    0.099598] PM: hibernation: Registered nosave memory: [mem 0x000a0000-0x000fffff]
[    0.100584] PM: hibernation: Registered nosave memory: [mem 0xbf6ed000-0xbf7ecfff]
[    0.101569] PM: hibernation: Registered nosave memory: [mem 0xbf7ed000-0xbf8ecfff]
[    0.102536] PM: hibernation: Registered nosave memory: [mem 0xbf8ed000-0xbf96cfff]
[    0.103590] PM: hibernation: Registered nosave memory: [mem 0xbf96d000-0xbf97efff]
[    0.104555] PM: hibernation: Registered nosave memory: [mem 0xbf97f000-0xbf9fefff]
[    0.105522] PM: hibernation: Registered nosave memory: [mem 0xbffe0000-0xbfffffff]
[    0.106490] PM: hibernation: Registered nosave memory: [mem 0xc0000000-0xffffffff]
[    0.107456] [mem 0xc0000000-0xffffffff] available for PCI devices
[    0.108235] Booting paravirtualized kernel on KVM
[    0.108835] clocksource: refined-jiffies: mask: 0xffffffff max_cycles: 0xffffffff, max_idle_ns: 7645519600211568 ns
[    0.113818] setup_percpu: NR_CPUS:8192 nr_cpumask_bits:32 nr_cpu_ids:32 nr_node_ids:2
[    0.118027] percpu: Embedded 63 pages/cpu s221184 r8192 d28672 u262144
[    0.118895] pcpu-alloc: s221184 r8192 d28672 u262144 alloc=1*2097152
[    0.118896] pcpu-alloc: [0] 00 01 02 03 04 05 06 07 [0] 16 17 18 19 20 21 22 23 
[    0.118904] pcpu-alloc: [1] 08 09 10 11 12 13 14 15 [1] 24 25 26 27 28 29 30 31 
[    0.118943] kvm-guest: PV spinlocks enabled
[    0.119486] PV qspinlock hash table entries: 256 (order: 0, 4096 bytes, linear)
[    0.120426] Built 2 zonelists, mobility grouping on.  Total pages: 33026101
[    0.121321] Policy zone: Normal
[    0.121721] Kernel command line: BOOT_IMAGE=/boot/vmlinuz-5.10.0-26-cloud-amd64 root=UUID=1225d994-3cdc-4e39-8ca0-3245d6035b43 ro console=tty0 console=ttyS0,115200 earlyprintk=ttyS0,115200 consoleblank=0 intel_iommu=off
[    0.124313] DMAR: IOMMU disabled
[    0.124755] printk: log_buf_len individual max cpu contribution: 4096 bytes
[    0.125638] printk: log_buf_len total cpu_extra contributions: 126976 bytes
[    0.126527] printk: log_buf_len min size: 131072 bytes
[    0.127583] printk: log_buf_len: 262144 bytes
[    0.128158] printk: early log buf free: 119472(91%)
[    0.129237] mem auto-init: stack:off, heap alloc:on, heap free:off
[    0.191779] Memory: 3278620K/134213992K available (12296K kernel code, 2552K rwdata, 6956K rodata, 2468K init, 3724K bss, 2267344K reserved, 0K cma-reserved)
[    0.195001] SLUB: HWalign=64, Order=0-3, MinObjects=0, CPUs=32, Nodes=2
[    0.196297] ftrace: allocating 33918 entries in 133 pages
[    0.214881] ftrace: allocated 133 pages with 3 groups
[    0.216300] rcu: Hierarchical RCU implementation.
[    0.216957] rcu: 	RCU restricting CPUs from NR_CPUS=8192 to nr_cpu_ids=32.
[    0.217851] 	Rude variant of Tasks RCU enabled.
[    0.218426] 	Tracing variant of Tasks RCU enabled.
[    0.219039] rcu: RCU calculated value of scheduler-enlistment delay is 25 jiffies.
[    0.220005] rcu: Adjusting geometry for rcu_fanout_leaf=16, nr_cpu_ids=32
[    0.224566] NR_IRQS: 524544, nr_irqs: 680, preallocated irqs: 16
[    0.225637] random: crng init done
[    0.226141] Console: colour dummy device 80x25
[    0.226908] printk: console [tty0] enabled
[    0.227479] printk: console [ttyS0] enabled
[    0.228583] printk: bootconsole [earlyser0] disabled
[    0.229946] mempolicy: Enabling automatic NUMA balancing. Configure with numa_balancing= or the kernel.numa_balancing sysctl
[    0.231418] ACPI: Core revision 20200925
[    0.232051] APIC: Switch to symmetric I/O mode setup
[    0.233130] x2apic enabled
[    0.235948] Switched APIC routing to physical x2apic.
[    0.240126] ..TIMER: vector=0x30 apic1=0 pin1=0 apic2=-1 pin2=-1
[    0.241136] clocksource: tsc-early: mask: 0xffffffffffffffff max_cycles: 0x285d4cf4ff7, max_idle_ns: 440795209573 ns
[    0.242660] Calibrating delay loop (skipped) preset value.. 5600.56 BogoMIPS (lpj=11201136)
[    0.243851] Last level iTLB entries: 4KB 64, 2MB 8, 4MB 8
[    0.246662] Last level dTLB entries: 4KB 64, 2MB 0, 4MB 0, 1GB 4
[    0.247467] Spectre V1 : Mitigation: usercopy/swapgs barriers and __user pointer sanitization
[    0.248618] Spectre V2 : Mitigation: Enhanced IBRS
[    0.249271] Spectre V2 : Spectre v2 / SpectreRSB mitigation: Filling RSB on context switch
[    0.250661] Spectre V2 : Spectre v2 / PBRSB-eIBRS: Retire a single CALL on VMEXIT
[    0.251655] RETBleed: Mitigation: Enhanced IBRS
[    0.252268] Spectre V2 : mitigation: Enabling conditional Indirect Branch Prediction Barrier
[    0.253380] Speculative Store Bypass: Mitigation: Speculative Store Bypass disabled via prctl and seccomp
[    0.254665] MDS: Mitigation: Clear CPU buffers
[    0.255266] TAA: Mitigation: Clear CPU buffers
[    0.255865] MMIO Stale Data: Vulnerable: Clear CPU buffers attempted, no microcode
[    0.256867] GDS: Unknown: Dependent on hypervisor status
[    0.257614] x86/fpu: Supporting XSAVE feature 0x001: 'x87 floating point registers'
[    0.258658] x86/fpu: Supporting XSAVE feature 0x002: 'SSE registers'
[    0.259502] x86/fpu: Supporting XSAVE feature 0x004: 'AVX registers'
[    0.260348] x86/fpu: Supporting XSAVE feature 0x020: 'AVX-512 opmask'
[    0.261204] x86/fpu: Supporting XSAVE feature 0x040: 'AVX-512 Hi256'
[    0.262048] x86/fpu: Supporting XSAVE feature 0x080: 'AVX-512 ZMM_Hi256'
[    0.262666] x86/fpu: xstate_offset[2]:  576, xstate_sizes[2]:  256
[    0.263490] x86/fpu: xstate_offset[5]:  832, xstate_sizes[5]:   64
[    0.264313] x86/fpu: xstate_offset[6]:  896, xstate_sizes[6]:  512
[    0.265135] x86/fpu: xstate_offset[7]: 1408, xstate_sizes[7]: 1024
[    0.265959] x86/fpu: Enabled xstate features 0xe7, context size is 2432 bytes, using 'compacted' format.
[    0.280820] Freeing SMP alternatives memory: 32K
[    0.283192] pid_max: default: 32768 minimum: 301
[    0.295627] LSM: Security Framework initializing
[    0.296435] Yama: disabled by default; enable with sysctl kernel.yama.*
[    0.297344] AppArmor: AppArmor initialized
[    0.297901] TOMOYO Linux initialized
[    0.324344] Dentry cache hash table entries: 8388608 (order: 14, 67108864 bytes, vmalloc)
[    0.338688] Inode-cache hash table entries: 4194304 (order: 13, 33554432 bytes, vmalloc)
[    0.340331] Mount-cache hash table entries: 131072 (order: 8, 1048576 bytes, vmalloc)
[    0.341484] Mountpoint-cache hash table entries: 131072 (order: 8, 1048576 bytes, vmalloc)
[    0.451168] smpboot: CPU0: Intel(R) Xeon(R) CPU @ 2.80GHz (family: 0x6, model: 0x55, stepping: 0x7)
[    0.452533] Performance Events: unsupported p6 CPU model 85 no PMU driver, software events only.
[    0.453743] rcu: Hierarchical SRCU implementation.
[    0.454657] NMI watchdog: Perf NMI watchdog permanently disabled
[    0.454938] smp: Bringing up secondary CPUs ...
[    0.456097] x86: Booting SMP configuration:
[    0.456667] .... node  #0, CPUs:        #1
[    0.017029] kvm-clock: cpu 1, msr 1116601041, secondary cpu clock
[    0.457582]   #2
[    0.017029] kvm-clock: cpu 2, msr 1116601081, secondary cpu clock
[    0.459171]   #3
[    0.017029] kvm-clock: cpu 3, msr 11166010c1, secondary cpu clock
[    0.460082]   #4
[    0.017029] kvm-clock: cpu 4, msr 1116601101, secondary cpu clock
[    0.460082]   #5
[    0.017029] kvm-clock: cpu 5, msr 1116601141, secondary cpu clock
[    0.463147]   #6
[    0.017029] kvm-clock: cpu 6, msr 1116601181, secondary cpu clock
[    0.464039]   #7
[    0.017029] kvm-clock: cpu 7, msr 11166011c1, secondary cpu clock

[    0.467800] .... node  #1, CPUs:    #8
[    0.017029] kvm-clock: cpu 8, msr 1116601201, secondary cpu clock
[    0.017029] smpboot: CPU 8 Converting physical 0 to logical die 1
[    0.474770]   #9
[    0.017029] kvm-clock: cpu 9, msr 1116601241, secondary cpu clock
[    0.475564]  #10
[    0.017029] kvm-clock: cpu 10, msr 1116601281, secondary cpu clock
[    0.476189]  #11
[    0.017029] kvm-clock: cpu 11, msr 11166012c1, secondary cpu clock
[    0.479485]  #12
[    0.017029] kvm-clock: cpu 12, msr 1116601301, secondary cpu clock
[    0.480175]  #13
[    0.017029] kvm-clock: cpu 13, msr 1116601341, secondary cpu clock
[    0.482870]  #14
[    0.017029] kvm-clock: cpu 14, msr 1116601381, secondary cpu clock
[    0.484129]  #15
[    0.017029] kvm-clock: cpu 15, msr 11166013c1, secondary cpu clock

[    0.486881] .... node  #0, CPUs:   #16
[    0.017029] kvm-clock: cpu 16, msr 1116601401, secondary cpu clock
[    0.487697] MDS CPU bug present and SMT on, data leak possible. See https://www.kernel.org/doc/html/latest/admin-guide/hw-vuln/mds.html for more details.
[    0.490665] TAA CPU bug present and SMT on, data leak possible. See https://www.kernel.org/doc/html/latest/admin-guide/hw-vuln/tsx_async_abort.html for more details.
[    0.492610] MMIO Stale Data CPU bug present and SMT on, data leak possible. See https://www.kernel.org/doc/html/latest/admin-guide/hw-vuln/processor_mmio_stale_data.html for more details.
[    0.494750]  #17
[    0.017029] kvm-clock: cpu 17, msr 1116601441, secondary cpu clock
[    0.495234]  #18
[    0.017029] kvm-clock: cpu 18, msr 1116601481, secondary cpu clock
[    0.496073]  #19
[    0.017029] kvm-clock: cpu 19, msr 11166014c1, secondary cpu clock
[    0.499158]  #20
[    0.017029] kvm-clock: cpu 20, msr 1116601501, secondary cpu clock
[    0.500059]  #21
[    0.017029] kvm-clock: cpu 21, msr 1116601541, secondary cpu clock
[    0.500064]  #22
[    0.017029] kvm-clock: cpu 22, msr 1116601581, secondary cpu clock
[    0.503158]  #23
[    0.017029] kvm-clock: cpu 23, msr 11166015c1, secondary cpu clock

[    0.504049] .... node  #1, CPUs:   #24
[    0.017029] kvm-clock: cpu 24, msr 1116601601, secondary cpu clock
[    0.507023]  #25
[    0.017029] kvm-clock: cpu 25, msr 1116601641, secondary cpu clock
[    0.508142]  #26
[    0.017029] kvm-clock: cpu 26, msr 1116601681, secondary cpu clock
[    0.508166]  #27
[    0.017029] kvm-clock: cpu 27, msr 11166016c1, secondary cpu clock
[    0.511489]  #28
[    0.017029] kvm-clock: cpu 28, msr 1116601701, secondary cpu clock
[    0.512162]  #29
[    0.017029] kvm-clock: cpu 29, msr 1116601741, secondary cpu clock
[    0.515308]  #30
[    0.017029] kvm-clock: cpu 30, msr 1116601781, secondary cpu clock
[    0.516138]  #31
[    0.017029] kvm-clock: cpu 31, msr 11166017c1, secondary cpu clock
[    0.519261] smp: Brought up 2 nodes, 32 CPUs
[    0.520292] smpboot: Max logical packages: 2
[    0.520924] smpboot: Total of 32 processors activated (179218.17 BogoMIPS)
[    0.566708] node 0 deferred pages initialised in 44ms
[    0.570674] node 1 deferred pages initialised in 48ms
[    0.578721] devtmpfs: initialized
[    0.579205] x86/mm: Memory block size: 1024MB
[    0.579453] PM: Registering ACPI NVS region [mem 0xbf97f000-0xbf9fefff] (524288 bytes)
[    0.579935] clocksource: jiffies: mask: 0xffffffff max_cycles: 0xffffffff, max_idle_ns: 7645041785100000 ns
[    0.582838] futex hash table entries: 8192 (order: 7, 524288 bytes, vmalloc)
[    0.584449] NET: Registered protocol family 16
[    0.586413] DMA: preallocated 4096 KiB GFP_KERNEL pool for atomic allocations
[    0.588255] DMA: preallocated 4096 KiB GFP_KERNEL|GFP_DMA pool for atomic allocations
[    0.592729] DMA: preallocated 4096 KiB GFP_KERNEL|GFP_DMA32 pool for atomic allocations
[    0.594022] audit: initializing netlink subsys (disabled)
[    0.594685] audit: type=2000 audit(1704334819.392:1): state=initialized audit_enabled=0 res=1
[    0.594775] thermal_sys: Registered thermal governor 'fair_share'
[    0.596005] thermal_sys: Registered thermal governor 'bang_bang'
[    0.596949] thermal_sys: Registered thermal governor 'step_wise'
[    0.597883] thermal_sys: Registered thermal governor 'user_space'
[    0.598660] thermal_sys: Registered thermal governor 'power_allocator'
[    0.599587] cpuidle: using governor ladder
[    0.602681] cpuidle: using governor menu
[    0.602707] ACPI: bus type PCI registered
[    0.603282] acpiphp: ACPI Hot Plug PCI Controller Driver version: 0.5
[    0.604331] PCI: Using configuration type 1 for base access
[    0.607047] Kprobes globally optimized
[    0.607609] HugeTLB registered 1.00 GiB page size, pre-allocated 0 pages
[    0.607609] HugeTLB registered 2.00 MiB page size, pre-allocated 0 pages
[    0.718832] ACPI: Added _OSI(Module Device)
[    0.719410] ACPI: Added _OSI(Processor Device)
[    0.719410] ACPI: Added _OSI(3.0 _SCP Extensions)
[    0.719410] ACPI: Added _OSI(Processor Aggregator Device)
[    0.720018] ACPI: Added _OSI(Linux-Dell-Video)
[    0.720647] ACPI: Added _OSI(Linux-Lenovo-NV-HDMI-Audio)
[    0.721360] ACPI: Added _OSI(Linux-HPI-Hybrid-Graphics)
[    0.723245] ACPI: 3 ACPI AML tables successfully acquired and loaded
[    0.725941] ACPI: Interpreter enabled
[    0.726460] ACPI: (supports S0 S3 S4 S5)
[    0.726659] ACPI: Using IOAPIC for interrupt routing
[    0.727342] PCI: Using host bridge windows from ACPI; if necessary, use "pci=nocrs" and report a bug
[    0.728704] ACPI: Enabled 16 GPEs in block 00 to 0F
[    0.732344] ACPI: PCI Root Bridge [PCI0] (domain 0000 [bus 00-ff])
[    0.733210] acpi PNP0A03:00: _OSC: OS supports [ASPM ClockPM Segments MSI HPX-Type3]
[    0.734271] acpi PNP0A03:00: fail to add MMCONFIG information, can't access extended PCI configuration space under this bridge.
[    0.735155] PCI host bridge to bus 0000:00
[    0.735713] pci_bus 0000:00: Unknown NUMA node; performance will be reduced
[    0.736636] pci_bus 0000:00: root bus resource [io  0x0000-0x0cf7 window]
[    0.738665] pci_bus 0000:00: root bus resource [io  0x0d00-0xffff window]
[    0.739566] pci_bus 0000:00: root bus resource [mem 0x000a0000-0x000bffff window]
[    0.740558] pci_bus 0000:00: root bus resource [mem 0xc0000000-0xfebfefff window]
[    0.741548] pci_bus 0000:00: root bus resource [bus 00-ff]
[    0.742316] pci 0000:00:00.0: [8086:1237] type 00 class 0x060000
[    0.749768] pci 0000:00:01.0: [8086:7110] type 00 class 0x060100
[    0.785048] pci 0000:00:01.3: [8086:7113] type 00 class 0x068000
[    0.826697] pci 0000:00:01.3: quirk: [io  0xb000-0xb03f] claimed by PIIX4 ACPI
[    0.827934] pci 0000:00:03.0: [1af4:1004] type 00 class 0x000000
[    0.842662] pci 0000:00:03.0: reg 0x10: [io  0xc040-0xc07f]
[    0.852964] pci 0000:00:03.0: reg 0x14: [mem 0xc0102000-0xc010207f]
[    0.877080] pci 0000:00:04.0: [1ae0:001f] type 00 class 0x010802
[    0.894664] pci 0000:00:04.0: reg 0x10: [mem 0xc0000000-0xc0003fff 64bit]
[    0.922664] pci 0000:00:04.0: reg 0x20: [mem 0xc0101000-0xc01011ff]
[    0.934919] pci 0000:00:05.0: [1af4:1000] type 00 class 0x020000
[    0.946662] pci 0000:00:05.0: reg 0x10: [io  0xc000-0xc03f]
[    0.957312] pci 0000:00:05.0: reg 0x14: [mem 0xc0100000-0xc01007ff]
[    0.988967] pci 0000:00:06.0: [1af4:1005] type 00 class 0x00ff00
[    1.002662] pci 0000:00:06.0: reg 0x10: [io  0xc080-0xc09f]
[    1.012896] pci 0000:00:06.0: reg 0x14: [mem 0xc0103000-0xc010303f]
[    1.041922] ACPI: PCI Interrupt Link [LNKA] (IRQs 5 *10 11)
[    1.044999] ACPI: PCI Interrupt Link [LNKB] (IRQs 5 *10 11)
[    1.050725] ACPI: PCI Interrupt Link [LNKC] (IRQs 5 10 *11)
[    1.050728] ACPI: PCI Interrupt Link [LNKD] (IRQs 5 10 *11)
[    1.053644] ACPI: PCI Interrupt Link [LNKS] (IRQs *9)
[    1.056795] iommu: Default domain type: Translated 
[    1.058703] vgaarb: loaded
[    1.058715] Registered efivars operations
[    1.059439] NetLabel: Initializing
[    1.059911] NetLabel:  domain hash size = 128
[    1.060515] NetLabel:  protocols = UNLABELED CIPSOv4 CALIPSO
[    1.061285] NetLabel:  unlabeled traffic allowed by default
[    1.062031] PCI: Using ACPI for IRQ routing
[    1.062598] PCI: pci_cache_line_size set to 64 bytes
[    1.062693] e820: reserve RAM buffer [mem 0x00055000-0x0005ffff]
[    1.062694] e820: reserve RAM buffer [mem 0x00098000-0x0009ffff]
[    1.062695] e820: reserve RAM buffer [mem 0xbf6ed000-0xbfffffff]
[    1.062696] e820: reserve RAM buffer [mem 0xbffe0000-0xbfffffff]
[    1.062911] clocksource: Switched to clocksource kvm-clock
[    1.076972] VFS: Disk quotas dquot_6.6.0
[    1.077599] VFS: Dquot-cache hash table entries: 512 (order 0, 4096 bytes)
[    1.078696] AppArmor: AppArmor Filesystem Enabled
[    1.079421] pnp: PnP ACPI init
[    1.079888] pnp 00:00: Plug and Play ACPI device, IDs PNP0b00 (active)
[    1.079925] pnp 00:01: Plug and Play ACPI device, IDs PNP0303 (active)
[    1.079953] pnp 00:02: Plug and Play ACPI device, IDs PNP0f13 (active)
[    1.079987] pnp 00:03: Plug and Play ACPI device, IDs PNP0501 (active)
[    1.080013] pnp 00:04: Plug and Play ACPI device, IDs PNP0501 (active)
[    1.080044] pnp 00:05: Plug and Play ACPI device, IDs PNP0501 (active)
[    1.080072] pnp 00:06: Plug and Play ACPI device, IDs PNP0501 (active)
[    1.080205] pnp: PnP ACPI: found 7 devices
[    1.087243] clocksource: acpi_pm: mask: 0xffffff max_cycles: 0xffffff, max_idle_ns: 2085701024 ns
[    1.088514] NET: Registered protocol family 2
[    1.089778] IP idents hash table entries: 262144 (order: 9, 2097152 bytes, vmalloc)
[    1.094025] tcp_listen_portaddr_hash hash table entries: 65536 (order: 8, 1048576 bytes, vmalloc)
[    1.097009] TCP established hash table entries: 524288 (order: 10, 4194304 bytes, vmalloc)
[    1.099065] TCP bind hash table entries: 65536 (order: 8, 1048576 bytes, vmalloc)
[    1.100266] TCP: Hash tables configured (established 524288 bind 65536)
[    1.101581] UDP hash table entries: 65536 (order: 9, 2097152 bytes, vmalloc)
[    1.104403] UDP-Lite hash table entries: 65536 (order: 9, 2097152 bytes, vmalloc)
[    1.105837] NET: Registered protocol family 1
[    1.106440] NET: Registered protocol family 44
[    1.107056] pci_bus 0000:00: resource 4 [io  0x0000-0x0cf7 window]
[    1.108003] pci_bus 0000:00: resource 5 [io  0x0d00-0xffff window]
[    1.108840] pci_bus 0000:00: resource 6 [mem 0x000a0000-0x000bffff window]
[    1.109770] pci_bus 0000:00: resource 7 [mem 0xc0000000-0xfebfefff window]
[    1.110712] pci 0000:00:00.0: Limiting direct PCI/PCI transfers
[    1.111571] PCI: CLS 0 bytes, default 64
[    1.112170] Trying to unpack rootfs image as initramfs...
[    1.291513] Freeing initrd memory: 13832K
[    1.292105] PCI-DMA: Using software bounce buffering for IO (SWIOTLB)
[    1.292973] software IO TLB: mapped [mem 0x00000000b7ff7000-0x00000000bbff7000] (64MB)
[    1.294137] clocksource: tsc: mask: 0xffffffffffffffff max_cycles: 0x285d4cf4ff7, max_idle_ns: 440795209573 ns
[    1.295640] clocksource: Switched to clocksource tsc
[    1.297250] Initialise system trusted keyrings
[    1.297867] Key type blacklist registered
[    1.298569] workingset: timestamp_bits=36 max_order=25 bucket_order=0
[    1.300238] zbud: loaded
[    1.301343] Key type asymmetric registered
[    1.301964] Asymmetric key parser 'x509' registered
[    1.302627] Block layer SCSI generic (bsg) driver version 0.4 loaded (major 252)
[    1.303728] io scheduler mq-deadline registered
[    1.307237] Serial: 8250/16550 driver, 4 ports, IRQ sharing enabled
[    1.308975] 00:03: ttyS0 at I/O 0x3f8 (irq = 4, base_baud = 115200) is a 16550A
[    1.310219] 00:04: ttyS1 at I/O 0x2f8 (irq = 3, base_baud = 115200) is a 16550A
[    1.311357] 00:05: ttyS2 at I/O 0x3e8 (irq = 6, base_baud = 115200) is a 16550A
[    1.312508] 00:06: ttyS3 at I/O 0x2e8 (irq = 7, base_baud = 115200) is a 16550A
[    1.317387] nvme nvme0: pci function 0000:00:04.0
[    1.318095] i8042: PNP: PS/2 Controller [PNP0303:KBD,PNP0f13:MOU] at 0x60,0x64 irq 1,12
[    1.321746] PCI Interrupt Link [LNKD] enabled at IRQ 11
[    1.322406] i8042: Warning: Keylock active
[    1.332180] serio: i8042 KBD port at 0x60,0x64 irq 1
[    1.332924] serio: i8042 AUX port at 0x60,0x64 irq 12
[    1.333736] rtc_cmos 00:00: RTC can wake from S4
[    1.335104] rtc_cmos 00:00: registered as rtc0
[    1.337886] rtc_cmos 00:00: setting system clock to 2024-01-04T02:20:20 UTC (1704334820)
[    1.342629] rtc_cmos 00:00: alarms up to one day, 114 bytes nvram
[    1.345536] intel_pstate: CPU model not supported
[    1.350986] NET: Registered protocol family 10
[    1.359348] Segment Routing with IPv6
[    1.359892] mip6: Mobile IPv6
[    1.360309] NET: Registered protocol family 17
[    1.361021] IPI shorthand broadcast: enabled
[    1.361656] sched_clock: Marking stable (1348600175, 13029611)->(1378303909, -16674123)
[    1.363085] registered taskstats version 1
[    1.363715] Loading compiled-in X.509 certificates
[    1.366973] nvme nvme0: 15/0/0 default/read/poll queues
[    1.392503] Loaded X.509 cert 'Debian Secure Boot CA: 6ccece7e4c6c0d1f6149f3dd27dfcc5cbb419ea1'
[    1.393779] Loaded X.509 cert 'Debian Secure Boot Signer 2022 - linux: 14011249c2675ea8e5148542202005810584b25f'
[    1.395579] Key type .fscrypt registered
[    1.396178] Key type fscrypt-provisioning registered
[    1.397042] AppArmor: AppArmor sha1 policy hashing enabled
[    1.474414] Freeing unused decrypted memory: 2036K
[    1.475857] Freeing unused kernel image (initmem) memory: 2468K
[    1.476742] Write protecting the kernel read-only data: 22528k
[    1.478430] Freeing unused kernel image (text/rodata gap) memory: 2036K
[    1.479789] Freeing unused kernel image (rodata/data gap) memory: 1236K
[    1.481554] x86/mm: Checked W+X mappings: passed, no W+X pages found.
[    1.482490] Run /init as init process
[    1.483088]   with arguments:
[    1.483089]     /init
[    1.483089]   with environment:
[    1.483090]     HOME=/
[    1.483091]     TERM=linux
[    1.483091]     BOOT_IMAGE=/boot/vmlinuz-5.10.0-26-cloud-amd64
[    1.483092]     intel_iommu=off
[    1.533613] PCI Interrupt Link [LNKC] enabled at IRQ 10
[    1.534578] virtio-pci 0000:00:03.0: virtio_pci: leaving for legacy driver
[    1.541350] input: AT Translated Set 2 keyboard as /devices/platform/i8042/serio0/input/input0
[    1.544894] PCI Interrupt Link [LNKA] enabled at IRQ 10
[    1.546587] virtio-pci 0000:00:05.0: virtio_pci: leaving for legacy driver
[    1.556178] PCI Interrupt Link [LNKB] enabled at IRQ 11
[    1.556971] virtio-pci 0000:00:06.0: virtio_pci: leaving for legacy driver
[    1.598195] SCSI subsystem initialized
[    1.640677] scsi host0: Virtio SCSI HBA
[    1.680603] scsi 0:0:1:0: Direct-Access     Google   PersistentDisk   1    PQ: 0 ANSI: 6
[    1.823830] virtio_net virtio1 ens5: renamed from eth0
[    1.825786] sd 0:0:1:0: [sda] 20971520 512-byte logical blocks: (10.7 GB/10.0 GiB)
[    1.826840] sd 0:0:1:0: [sda] 4096-byte physical blocks
[    1.827655] sd 0:0:1:0: [sda] Write Protect is off
[    1.828610] sd 0:0:1:0: [sda] Mode Sense: 1f 00 00 08
[    1.828660] sd 0:0:1:0: [sda] Write cache: enabled, read cache: enabled, doesn't support DPO or FUA
[    1.857194]  sda: sda1 sda14 sda15
[    1.881568] sd 0:0:1:0: [sda] Attached SCSI disk
[    1.930932] gce-disk-expand: Resizing partition on 
[    1.949118] gce-disk-expand: Disk /dev/sda1 doesn't need resizing.
[    2.019854] EXT4-fs (sda1): mounted filesystem with ordered data mode. Opts: (null)
[    2.048629] Not activating Mandatory Access Control as /sbin/tomoyo-init does not exist.
[    2.237469] systemd[1]: Inserted module 'autofs4'
[    2.367780] systemd[1]: systemd 247.3-7+deb11u4 running in system mode. (+PAM +AUDIT +SELINUX +IMA +APPARMOR +SMACK +SYSVINIT +UTMP +LIBCRYPTSETUP +GCRYPT +GNUTLS +ACL +XZ +LZ4 +ZSTD +SECCOMP +BLKID +ELFUTILS +KMOD +IDN2 -IDN +PCRE2 default-hierarchy=unified)
[    2.371199] systemd[1]: Detected virtualization kvm.
[    2.372118] systemd[1]: Detected architecture x86-64.
[    2.385519] systemd[1]: Set hostname to <debian>.
[    2.388234] systemd[1]: Initializing machine ID from KVM UUID.
[    2.389347] systemd[1]: Installed transient /etc/machine-id file.
[    2.706947] systemd[1]: Condition check resulted in Root Slice being skipped.
[    2.708020] systemd[1]: Condition check resulted in System Slice being skipped.
[    2.709635] systemd[1]: Queued start job for default target Graphical Interface.
[    2.712167] systemd[1]: Created slice system-getty.slice.
[    2.725394] systemd[1]: Created slice system-modprobe.slice.
[    2.737570] systemd[1]: Created slice system-serial\x2dgetty.slice.
[    2.749386] systemd[1]: Created slice system-systemd\x2dgrowfs.slice.
[    2.761315] systemd[1]: Created slice User and Session Slice.
[    2.773200] systemd[1]: Started Dispatch Password Requests to Console Directory Watch.
[    2.785137] systemd[1]: Started Forward Password Requests to Wall Directory Watch.
[    2.797463] systemd[1]: Set up automount Arbitrary Executable File Formats File System Automount Point.
[    2.809149] systemd[1]: Reached target Local Encrypted Volumes.
[    2.821152] systemd[1]: Reached target Paths.
[    2.833141] systemd[1]: Reached target Remote File Systems.
[    2.845160] systemd[1]: Reached target Slices.
[    2.857092] systemd[1]: Reached target Swap.
[    2.869077] systemd[1]: Reached target System Time Set.
[    2.881229] systemd[1]: Listening on Syslog Socket.
[    2.893396] systemd[1]: Listening on fsck to fsckd communication Socket.
[    2.905127] systemd[1]: Listening on initctl Compatibility Named Pipe.
[    2.917401] systemd[1]: Listening on Journal Audit Socket.
[    2.929339] systemd[1]: Listening on Journal Socket (/dev/log).
[    2.941208] systemd[1]: Listening on Journal Socket.
[    2.953740] systemd[1]: Listening on udev Control Socket.
[    2.965368] systemd[1]: Listening on udev Kernel Socket.
[    2.977929] systemd[1]: Mounting Huge Pages File System...
[    2.990189] systemd[1]: Mounting POSIX Message Queue File System...
[    3.001972] systemd[1]: Mounting Kernel Debug File System...
[    3.013910] systemd[1]: Mounting Kernel Trace File System...
[    3.026025] systemd[1]: Starting Create list of static device nodes for the current kernel...
[    3.037839] systemd[1]: Starting Load Kernel Module configfs...
[    3.049959] systemd[1]: Starting Load Kernel Module drm...
[    3.061810] systemd[1]: Starting Load Kernel Module fuse...
[    3.073839] systemd[1]: Condition check resulted in Set Up Additional Binary Formats being skipped.
[    3.075218] systemd[1]: Condition check resulted in File System Check on Root Device being skipped.
[    3.076837] fuse: init (API version 7.32)
[    3.078572] systemd[1]: Starting Journal Service...
[    3.094729] systemd[1]: Starting Load Kernel Modules...
[    3.105815] systemd[1]: Starting Remount Root and Kernel File Systems...
[    3.116575] EXT4-fs (sda1): re-mounted. Opts: discard,errors=remount-ro
[    3.118281] systemd[1]: Starting Coldplug All udev Devices...
[    3.130196] systemd[1]: Started Journal Service.
[    3.291414] EXT4-fs (sda1): resizing filesystem from 2588667 to 2588667 blocks
[    3.306576] systemd-journald[478]: Received client request to flush runtime journal.
[    3.578902] input: Power Button as /devices/LNXSYSTM:00/LNXPWRBN:00/input/input2
[    3.585753] pstore: Using crash dump compression: deflate
[    3.586543] pstore: Registered efi as persistent store backend
[    3.597230] ACPI: Power Button [PWRF]
[    3.597889] input: Sleep Button as /devices/LNXSYSTM:00/LNXSLPBN:00/input/input3
[    3.599061] ACPI: Sleep Button [SLPF]
[    3.606244] sd 0:0:1:0: Attached scsi generic sg0 type 0
[    3.621501] RAPL PMU: API unit is 2^-32 Joules, 0 fixed counters, 10737418240 ms ovfl timer
[    3.734516] cryptd: max_cpu_qlen set to 1000
[    3.753905] tpm_tis MSFT0101:00: 2.0 TPM (device-id 0x9009, rev-id 0)
[    3.753997] AVX2 version of gcm_enc/dec engaged.
[    3.755427] AES CTR mode by8 optimization enabled
[    4.189921] audit: type=1400 audit(1704334823.351:2): apparmor="STATUS" operation="profile_load" profile="unconfined" name="/usr/sbin/haveged" pid=698 comm="apparmor_parser"
[    4.199995] audit: type=1400 audit(1704334823.359:3): apparmor="STATUS" operation="profile_load" profile="unconfined" name="lsb_release" pid=702 comm="apparmor_parser"
[    4.203826] audit: type=1400 audit(1704334823.363:4): apparmor="STATUS" operation="profile_load" profile="unconfined" name="nvidia_modprobe" pid=696 comm="apparmor_parser"
[    4.206345] audit: type=1400 audit(1704334823.363:5): apparmor="STATUS" operation="profile_load" profile="unconfined" name="nvidia_modprobe//kmod" pid=696 comm="apparmor_parser"
[    4.219598] audit: type=1400 audit(1704334823.379:6): apparmor="STATUS" operation="profile_load" profile="unconfined" name="/usr/bin/man" pid=699 comm="apparmor_parser"
[    4.222290] audit: type=1400 audit(1704334823.379:7): apparmor="STATUS" operation="profile_load" profile="unconfined" name="man_filter" pid=699 comm="apparmor_parser"
[    4.224936] audit: type=1400 audit(1704334823.379:8): apparmor="STATUS" operation="profile_load" profile="unconfined" name="man_groff" pid=699 comm="apparmor_parser"
[    4.234246] audit: type=1400 audit(1704334823.395:9): apparmor="STATUS" operation="profile_load" profile="unconfined" name="/usr/sbin/chronyd" pid=701 comm="apparmor_parser"
[    4.266259] audit: type=1400 audit(1704334823.427:10): apparmor="STATUS" operation="profile_load" profile="unconfined" name="tcpdump" pid=700 comm="apparmor_parser"
[    4.757280] IPv4: martian source 10.132.15.214 from 10.132.0.1, on dev ens5
[    4.758242] ll header: 00000000: ff ff ff ff ff ff 42 01 0a 84 00 01 08 06
[  145.915078] RPC: Registered named UNIX socket transport module.
[  145.921137] RPC: Registered udp transport module.
[  145.925960] RPC: Registered tcp transport module.
[  145.930774] RPC: Registered tcp NFSv4.1 backchannel transport module.
[  145.984956] Installing knfsd (copyright (C) 1996 okir@monad.swb.de).
[  147.585335] NFSD: Using UMH upcall client tracking operations.
[  147.592442] NFSD: starting 90-second grace period (net f0000098)
[ 4967.349438] nfsd: last server has exited, flushing export cache
[ 4968.379907] FS-Cache: Loaded
[ 4968.409311] FS-Cache: Netfs 'nfs' registered for caching
[ 4968.417752] Key type dns_resolver registered
[ 4968.570612] NFS: Registering the id_resolver key type
[ 4968.575797] Key type id_resolver registered
[ 4968.580094] Key type id_legacy registered
[ 4969.070486] sh (18701): drop_caches: 3
