[    0.000000] Linux version 5.18.18-CJFS-xfstests-perf (harshads@harshads.c.googlers.com) (gcc (Debian 13.2.0-5) 13.2.0, GNU ld (GNU Binutils for Debian) 2.41) #1 SMP PREEMPT_DYNAMIC Thu Jan 4 03:50:07 UTC 2024
[    0.000000] Command line: root=/dev/sda1 console=tty0 console=ttyS0,115200 earlyprintk=ttyS0,115200 consoleblank=0 intel_iommu=off
[    0.000000] x86/fpu: Supporting XSAVE feature 0x001: 'x87 floating point registers'
[    0.000000] x86/fpu: Supporting XSAVE feature 0x002: 'SSE registers'
[    0.000000] x86/fpu: Supporting XSAVE feature 0x004: 'AVX registers'
[    0.000000] x86/fpu: Supporting XSAVE feature 0x020: 'AVX-512 opmask'
[    0.000000] x86/fpu: Supporting XSAVE feature 0x040: 'AVX-512 Hi256'
[    0.000000] x86/fpu: Supporting XSAVE feature 0x080: 'AVX-512 ZMM_Hi256'
[    0.000000] x86/fpu: xstate_offset[2]:  576, xstate_sizes[2]:  256
[    0.000000] x86/fpu: xstate_offset[5]:  832, xstate_sizes[5]:   64
[    0.000000] x86/fpu: xstate_offset[6]:  896, xstate_sizes[6]:  512
[    0.000000] x86/fpu: xstate_offset[7]: 1408, xstate_sizes[7]: 1024
[    0.000000] x86/fpu: Enabled xstate features 0xe7, context size is 2432 bytes, using 'compacted' format.
[    0.000000] signal: max sigframe size: 3632
[    0.000000] BIOS-provided physical RAM map:
[    0.000000] BIOS-e820: [mem 0x0000000000000000-0x0000000000000fff] reserved
[    0.000000] BIOS-e820: [mem 0x0000000000001000-0x0000000000054fff] usable
[    0.000000] BIOS-e820: [mem 0x0000000000055000-0x000000000005ffff] reserved
[    0.000000] BIOS-e820: [mem 0x0000000000060000-0x0000000000097fff] usable
[    0.000000] BIOS-e820: [mem 0x0000000000098000-0x000000000009ffff] reserved
[    0.000000] BIOS-e820: [mem 0x0000000000100000-0x00000000bf6ecfff] usable
[    0.000000] BIOS-e820: [mem 0x00000000bf6ed000-0x00000000bf96cfff] reserved
[    0.000000] BIOS-e820: [mem 0x00000000bf96d000-0x00000000bf97efff] ACPI data
[    0.000000] BIOS-e820: [mem 0x00000000bf97f000-0x00000000bf9fefff] ACPI NVS
[    0.000000] BIOS-e820: [mem 0x00000000bf9ff000-0x00000000bffdffff] usable
[    0.000000] BIOS-e820: [mem 0x00000000bffe0000-0x00000000bfffffff] reserved
[    0.000000] BIOS-e820: [mem 0x0000000100000000-0x000000203fffffff] usable
[    0.000000] printk: bootconsole [earlyser0] enabled
[    0.000000] NX (Execute Disable) protection: active
[    0.000000] e820: update [mem 0x00100000-0x0010006f] usable ==> usable
[    0.000000] extended physical RAM map:
[    0.000000] reserve setup_data: [mem 0x0000000000000000-0x0000000000000fff] reserved
[    0.000000] reserve setup_data: [mem 0x0000000000001000-0x0000000000054fff] usable
[    0.000000] reserve setup_data: [mem 0x0000000000055000-0x000000000005ffff] reserved
[    0.000000] reserve setup_data: [mem 0x0000000000060000-0x0000000000097fff] usable
[    0.000000] reserve setup_data: [mem 0x0000000000098000-0x000000000009ffff] reserved
[    0.000000] reserve setup_data: [mem 0x0000000000100000-0x000000000010006f] usable
[    0.000000] reserve setup_data: [mem 0x0000000000100070-0x00000000bf6ecfff] usable
[    0.000000] reserve setup_data: [mem 0x00000000bf6ed000-0x00000000bf96cfff] reserved
[    0.000000] reserve setup_data: [mem 0x00000000bf96d000-0x00000000bf97efff] ACPI data
[    0.000000] reserve setup_data: [mem 0x00000000bf97f000-0x00000000bf9fefff] ACPI NVS
[    0.000000] reserve setup_data: [mem 0x00000000bf9ff000-0x00000000bffdffff] usable
[    0.000000] reserve setup_data: [mem 0x00000000bffe0000-0x00000000bfffffff] reserved
[    0.000000] reserve setup_data: [mem 0x0000000100000000-0x000000203fffffff] usable
[    0.000000] efi: EFI v2.70 by EDK II
[    0.000000] efi: TPMFinalLog=0xbf9f7000 ACPI=0xbf97e000 ACPI 2.0=0xbf97e014 SMBIOS=0xbf7ca000 MEMATTR=0xbe17b018 
[    0.000000] SMBIOS 2.4 present.
[    0.000000] DMI: Google Google Compute Engine/Google Compute Engine, BIOS Google 11/17/2023
[    0.000000] Hypervisor detected: KVM
[    0.000000] kvm-clock: Using msrs 4b564d01 and 4b564d00
[    0.000001] kvm-clock: using sched offset of 6944623052336 cycles
[    0.000678] clocksource: kvm-clock: mask: 0xffffffffffffffff max_cycles: 0x1cd42e4dffb, max_idle_ns: 881590591483 ns
[    0.002797] tsc: Detected 2800.260 MHz processor
[    0.003405] e820: update [mem 0x00000000-0x00000fff] usable ==> reserved
[    0.003408] e820: remove [mem 0x000a0000-0x000fffff] usable
[    0.003413] last_pfn = 0x2040000 max_arch_pfn = 0x400000000
[    0.004193] x86/PAT: Configuration [0-7]: WB  WC  UC- UC  WB  WP  UC- WT  
[    0.005480] x2apic: enabled by BIOS, switching to x2apic ops
[    0.006246] last_pfn = 0xbffe0 max_arch_pfn = 0x400000000
[    0.019177] Using GB pages for direct mapping
[    0.019971] Secure boot could not be determined
[    0.020600] ACPI: Early table checksum verification disabled
[    0.021324] ACPI: RSDP 0x00000000BF97E014 000024 (v02 Google)
[    0.022057] ACPI: XSDT 0x00000000BF97D0E8 00005C (v01 Google GOOGFACP 00000001      01000013)
[    0.023147] ACPI: FACP 0x00000000BF978000 0000F4 (v02 Google GOOGFACP 00000001 GOOG 00000001)
[    0.024248] ACPI: DSDT 0x00000000BF979000 001A64 (v01 Google GOOGDSDT 00000001 GOOG 00000001)
[    0.025334] ACPI: FACS 0x00000000BF9F1000 000040
[    0.025926] ACPI: SSDT 0x00000000BF97C000 000316 (v02 GOOGLE Tpm2Tabl 00001000 INTL 20211217)
[    0.027011] ACPI: TPM2 0x00000000BF97B000 000034 (v04 GOOGLE          00000001 GOOG 00000001)
[    0.028101] ACPI: SRAT 0x00000000BF977000 0002D0 (v03 Google GOOGSRAT 00000001 GOOG 00000001)
[    0.029189] ACPI: APIC 0x00000000BF976000 000166 (v05 Google GOOGAPIC 00000001 GOOG 00000001)
[    0.030278] ACPI: SSDT 0x00000000BF974000 0014DE (v01 Google GOOGSSDT 00000001 GOOG 00000001)
[    0.031366] ACPI: WAET 0x00000000BF973000 000028 (v01 Google GOOGWAET 00000001 GOOG 00000001)
[    0.032453] ACPI: Reserving FACP table memory at [mem 0xbf978000-0xbf9780f3]
[    0.033353] ACPI: Reserving DSDT table memory at [mem 0xbf979000-0xbf97aa63]
[    0.034253] ACPI: Reserving FACS table memory at [mem 0xbf9f1000-0xbf9f103f]
[    0.035154] ACPI: Reserving SSDT table memory at [mem 0xbf97c000-0xbf97c315]
[    0.036054] ACPI: Reserving TPM2 table memory at [mem 0xbf97b000-0xbf97b033]
[    0.036953] ACPI: Reserving SRAT table memory at [mem 0xbf977000-0xbf9772cf]
[    0.037854] ACPI: Reserving APIC table memory at [mem 0xbf976000-0xbf976165]
[    0.038751] ACPI: Reserving SSDT table memory at [mem 0xbf974000-0xbf9754dd]
[    0.040161] ACPI: Reserving WAET table memory at [mem 0xbf973000-0xbf973027]
[    0.041080] Setting APIC routing to cluster x2apic.
[    0.041730] SRAT: PXM 0 -> APIC 0x00 -> Node 0
[    0.042304] SRAT: PXM 0 -> APIC 0x01 -> Node 0
[    0.042871] SRAT: PXM 0 -> APIC 0x02 -> Node 0
[    0.043438] SRAT: PXM 0 -> APIC 0x03 -> Node 0
[    0.044004] SRAT: PXM 0 -> APIC 0x04 -> Node 0
[    0.044571] SRAT: PXM 0 -> APIC 0x05 -> Node 0
[    0.045137] SRAT: PXM 0 -> APIC 0x06 -> Node 0
[    0.045703] SRAT: PXM 0 -> APIC 0x07 -> Node 0
[    0.046271] SRAT: PXM 0 -> APIC 0x08 -> Node 0
[    0.046837] SRAT: PXM 0 -> APIC 0x09 -> Node 0
[    0.047403] SRAT: PXM 0 -> APIC 0x0a -> Node 0
[    0.047971] SRAT: PXM 0 -> APIC 0x0b -> Node 0
[    0.048536] SRAT: PXM 0 -> APIC 0x0c -> Node 0
[    0.049120] SRAT: PXM 0 -> APIC 0x0d -> Node 0
[    0.049750] SRAT: PXM 0 -> APIC 0x0e -> Node 0
[    0.050432] SRAT: PXM 0 -> APIC 0x0f -> Node 0
[    0.050997] SRAT: PXM 1 -> APIC 0x10 -> Node 1
[    0.051564] SRAT: PXM 1 -> APIC 0x11 -> Node 1
[    0.052131] SRAT: PXM 1 -> APIC 0x12 -> Node 1
[    0.052696] SRAT: PXM 1 -> APIC 0x13 -> Node 1
[    0.053263] SRAT: PXM 1 -> APIC 0x14 -> Node 1
[    0.053832] SRAT: PXM 1 -> APIC 0x15 -> Node 1
[    0.054397] SRAT: PXM 1 -> APIC 0x16 -> Node 1
[    0.054966] SRAT: PXM 1 -> APIC 0x17 -> Node 1
[    0.055529] SRAT: PXM 1 -> APIC 0x18 -> Node 1
[    0.056097] SRAT: PXM 1 -> APIC 0x19 -> Node 1
[    0.056663] SRAT: PXM 1 -> APIC 0x1a -> Node 1
[    0.057231] SRAT: PXM 1 -> APIC 0x1b -> Node 1
[    0.057796] SRAT: PXM 1 -> APIC 0x1c -> Node 1
[    0.058364] SRAT: PXM 1 -> APIC 0x1d -> Node 1
[    0.058931] SRAT: PXM 1 -> APIC 0x1e -> Node 1
[    0.059495] SRAT: PXM 1 -> APIC 0x1f -> Node 1
[    0.060067] ACPI: SRAT: Node 0 PXM 0 [mem 0x00000000-0x0009ffff]
[    0.060830] ACPI: SRAT: Node 0 PXM 0 [mem 0x00100000-0xbfffffff]
[    0.061613] ACPI: SRAT: Node 0 PXM 0 [mem 0x100000000-0x103fffffff]
[    0.062413] ACPI: SRAT: Node 1 PXM 1 [mem 0x1040000000-0x203fffffff]
[    0.063226] NUMA: Node 0 [mem 0x00000000-0x0009ffff] + [mem 0x00100000-0xbfffffff] -> [mem 0x00000000-0xbfffffff]
[    0.064534] NUMA: Node 0 [mem 0x00000000-0xbfffffff] + [mem 0x100000000-0x103fffffff] -> [mem 0x00000000-0x103fffffff]
[    0.065904] NODE_DATA(0) allocated [mem 0x103fffb000-0x103fffffff]
[    0.066694] NODE_DATA(1) allocated [mem 0x203fffb000-0x203fffffff]
[    0.067608] Zone ranges:
[    0.067938]   DMA      [mem 0x0000000000001000-0x0000000000ffffff]
[    0.068727]   DMA32    [mem 0x0000000001000000-0x00000000ffffffff]
[    0.069514]   Normal   [mem 0x0000000100000000-0x000000203fffffff]
[    0.070304]   Device   empty
[    0.070669] Movable zone start for each node
[    0.071215] Early memory node ranges
[    0.071670]   node   0: [mem 0x0000000000001000-0x0000000000054fff]
[    0.072469]   node   0: [mem 0x0000000000060000-0x0000000000097fff]
[    0.073270]   node   0: [mem 0x0000000000100000-0x00000000bf6ecfff]
[    0.074069]   node   0: [mem 0x00000000bf9ff000-0x00000000bffdffff]
[    0.074870]   node   0: [mem 0x0000000100000000-0x000000103fffffff]
[    0.075674]   node   1: [mem 0x0000001040000000-0x000000203fffffff]
[    0.076475] Initmem setup node 0 [mem 0x0000000000001000-0x000000103fffffff]
[    0.077371] Initmem setup node 1 [mem 0x0000001040000000-0x000000203fffffff]
[    0.078271] On node 0, zone DMA: 1 pages in unavailable ranges
[    0.078274] On node 0, zone DMA: 11 pages in unavailable ranges
[    0.079042] On node 0, zone DMA: 104 pages in unavailable ranges
[    0.085596] On node 0, zone DMA32: 786 pages in unavailable ranges
[    0.204680] On node 0, zone Normal: 32 pages in unavailable ranges
[    0.378140] ACPI: PM-Timer IO Port: 0xb008
[    0.379490] ACPI: LAPIC_NMI (acpi_id[0xff] dfl dfl lint[0x1])
[    0.380280] IOAPIC[0]: apic_id 0, version 17, address 0xfec00000, GSI 0-23
[    0.381168] ACPI: INT_SRC_OVR (bus 0 bus_irq 5 global_irq 5 high level)
[    0.382029] ACPI: INT_SRC_OVR (bus 0 bus_irq 9 global_irq 9 high level)
[    0.382874] ACPI: INT_SRC_OVR (bus 0 bus_irq 10 global_irq 10 high level)
[    0.383740] ACPI: INT_SRC_OVR (bus 0 bus_irq 11 global_irq 11 high level)
[    0.384610] ACPI: Using ACPI (MADT) for SMP configuration information
[    0.385431] smpboot: Allowing 32 CPUs, 0 hotplug CPUs
[    0.386098] [mem 0xc0000000-0xffffffff] available for PCI devices
[    0.386885] Booting paravirtualized kernel on KVM
[    0.387487] clocksource: refined-jiffies: mask: 0xffffffff max_cycles: 0xffffffff, max_idle_ns: 6370452778343963 ns
[    0.393894] setup_percpu: NR_CPUS:48 nr_cpumask_bits:48 nr_cpu_ids:32 nr_node_ids:2
[    0.397226] percpu: Embedded 51 pages/cpu s178920 r0 d29976 u262144
[    0.398045] pcpu-alloc: s178920 r0 d29976 u262144 alloc=1*2097152
[    0.398048] pcpu-alloc: [0] 00 01 02 03 04 05 06 07 [0] 16 17 18 19 20 21 22 23 
[    0.398058] pcpu-alloc: [1] 08 09 10 11 12 13 14 15 [1] 24 25 26 27 28 29 30 31 
[    0.398084] kvm-guest: PV spinlocks enabled
[    0.398642] PV qspinlock hash table entries: 256 (order: 0, 4096 bytes, linear)
[    0.399583] Fallback order for Node 0: 0 1 
[    0.400127] Fallback order for Node 1: 1 0 
[    0.400662] Built 2 zonelists, mobility grouping on.  Total pages: 33029080
[    0.401548] Policy zone: Normal
[    0.401947] Kernel command line: root=/dev/sda1 console=tty0 console=ttyS0,115200 earlyprintk=ttyS0,115200 consoleblank=0 intel_iommu=off
[    0.403583] Unknown kernel command line parameters "intel_iommu=off", will be passed to user space.
[    0.404745] printk: log_buf_len individual max cpu contribution: 4096 bytes
[    0.405634] printk: log_buf_len total cpu_extra contributions: 126976 bytes
[    0.406522] printk: log_buf_len min size: 131072 bytes
[    0.407575] printk: log_buf_len: 262144 bytes
[    0.408140] printk: early log buf free: 119760(91%)
[    0.409221] mem auto-init: stack:all(zero), heap alloc:off, heap free:off
[    0.721536] Memory: 132009036K/134213992K available (16401K kernel code, 2625K rwdata, 3408K rodata, 1764K init, 972K bss, 2204696K reserved, 0K cma-reserved)
[    0.724218] ftrace: allocating 44360 entries in 174 pages
[    0.735601] ftrace: allocated 174 pages with 5 groups
[    0.737842] Dynamic Preempt: none
[    0.738446] rcu: Preemptible hierarchical RCU implementation.
[    0.739188] rcu: 	RCU event tracing is enabled.
[    0.739765] rcu: 	RCU restricting CPUs from NR_CPUS=48 to nr_cpu_ids=32.
[    0.740621] 	Trampoline variant of Tasks RCU enabled.
[    0.741265] 	Rude variant of Tasks RCU enabled.
[    0.741863] 	Tracing variant of Tasks RCU enabled.
[    0.742475] rcu: RCU calculated value of scheduler-enlistment delay is 30 jiffies.
[    0.743440] rcu: Adjusting geometry for rcu_fanout_leaf=16, nr_cpu_ids=32
[    0.749258] NR_IRQS: 4352, nr_irqs: 680, preallocated irqs: 16
[    0.750406] random: crng init done
[    0.751767] Console: colour dummy device 80x25
[    0.752583] printk: console [tty0] enabled
[    0.753153] printk: console [ttyS0] enabled
[    0.754274] printk: bootconsole [earlyser0] disabled
[    0.755698] ACPI: Core revision 20211217
[    0.756370] APIC: Switch to symmetric I/O mode setup
[    0.760504] Switched APIC routing to physical x2apic.
[    0.765092] ..TIMER: vector=0x30 apic1=0 pin1=0 apic2=-1 pin2=-1
[    0.766216] clocksource: tsc-early: mask: 0xffffffffffffffff max_cycles: 0x285d3648b46, max_idle_ns: 440795316815 ns
[    0.767673] Calibrating delay loop (skipped) preset value.. 5602.87 BogoMIPS (lpj=9334200)
[    0.768769] pid_max: default: 32768 minimum: 301
[    0.769558] LSM: Security Framework initializing
[    0.781692] Dentry cache hash table entries: 8388608 (order: 14, 67108864 bytes, vmalloc hugepage)
[    0.788225] Inode-cache hash table entries: 4194304 (order: 13, 33554432 bytes, vmalloc hugepage)
[    0.789876] Mount-cache hash table entries: 131072 (order: 8, 1048576 bytes, vmalloc)
[    0.791098] Mountpoint-cache hash table entries: 131072 (order: 8, 1048576 bytes, vmalloc)
[    0.793266] Last level iTLB entries: 4KB 64, 2MB 8, 4MB 8
[    0.794085] Last level dTLB entries: 4KB 64, 2MB 0, 4MB 0, 1GB 4
[    0.794346] Spectre V1 : Mitigation: usercopy/swapgs barriers and __user pointer sanitization
[    0.795473] Spectre V2 : Mitigation: Enhanced IBRS
[    0.796181] Spectre V2 : Spectre v2 / SpectreRSB mitigation: Filling RSB on context switch
[    0.797670] Spectre V2 : Spectre v2 / PBRSB-eIBRS: Retire a single CALL on VMEXIT
[    0.798729] RETBleed: Mitigation: Enhanced IBRS
[    0.799375] Spectre V2 : mitigation: Enabling conditional Indirect Branch Prediction Barrier
[    0.800609] Speculative Store Bypass: Mitigation: Speculative Store Bypass disabled via prctl
[    0.801012] MDS: Mitigation: Clear CPU buffers
[    0.801636] TAA: Mitigation: Clear CPU buffers
[    0.802239] MMIO Stale Data: Vulnerable: Clear CPU buffers attempted, no microcode
[    0.822539] Freeing SMP alternatives memory: 48K
[    0.930256] smpboot: CPU0: Intel(R) Xeon(R) CPU @ 2.80GHz (family: 0x6, model: 0x55, stepping: 0x7)
[    0.931002] cblist_init_generic: Setting adjustable number of callback queues.
[    0.931002] cblist_init_generic: Setting shift to 5 and lim to 1.
[    0.931015] cblist_init_generic: Setting shift to 5 and lim to 1.
[    0.931849] cblist_init_generic: Setting shift to 5 and lim to 1.
[    0.932679] Performance Events: unsupported p6 CPU model 85 no PMU driver, software events only.
[    0.933891] rcu: Hierarchical SRCU implementation.
[    0.934414] NMI watchdog: Perf NMI watchdog permanently disabled
[    0.935611] smp: Bringing up secondary CPUs ...
[    0.936351] x86: Booting SMP configuration:
[    0.936941] .... node  #0, CPUs:        #1  #2  #3  #4  #5  #6  #7
[    0.942186] .... node  #1, CPUs:    #8
[    0.013939] smpboot: CPU 8 Converting physical 0 to logical die 1
[    0.947856]   #9 #10 #11 #12 #13 #14 #15
[    0.951911] .... node  #0, CPUs:   #16
[    0.954340] MDS CPU bug present and SMT on, data leak possible. See https://www.kernel.org/doc/html/latest/admin-guide/hw-vuln/mds.html for more details.
[    0.956701] TAA CPU bug present and SMT on, data leak possible. See https://www.kernel.org/doc/html/latest/admin-guide/hw-vuln/tsx_async_abort.html for more details.
[    0.957673] MMIO Stale Data CPU bug present and SMT on, data leak possible. See https://www.kernel.org/doc/html/latest/admin-guide/hw-vuln/processor_mmio_stale_data.html for more details.
[    0.961144]  #17 #18 #19 #20 #21 #22 #23
[    0.965095] .... node  #1, CPUs:   #24 #25 #26 #27 #28 #29 #30 #31
[    0.971183] smp: Brought up 2 nodes, 32 CPUs
[    0.972628] smpboot: Max logical packages: 2
[    0.973227] smpboot: Total of 32 processors activated (179288.00 BogoMIPS)
[    0.979791] devtmpfs: initialized
[    0.979791] x86/mm: Memory block size: 1024MB
[    0.981792] clocksource: jiffies: mask: 0xffffffff max_cycles: 0xffffffff, max_idle_ns: 6370867519511994 ns
[    0.982366] futex hash table entries: 8192 (order: 7, 524288 bytes, vmalloc)
[    0.984554] NET: Registered PF_NETLINK/PF_ROUTE protocol family
[    0.985548] thermal_sys: Registered thermal governor 'step_wise'
[    0.985571] cpuidle: using governor menu
[    0.985798] PCI: Using configuration type 1 for base access
[    0.989100] cryptd: max_cpu_qlen set to 1000
[    1.044337] raid6: avx512x4 gen() 18299 MB/s
[    1.101004] raid6: avx512x2 gen() 18289 MB/s
[    1.157671] raid6: avx512x1 gen() 18415 MB/s
[    1.214338] raid6: avx2x4   gen() 17949 MB/s
[    1.271004] raid6: avx2x2   gen() 18633 MB/s
[    1.327670] raid6: avx2x1   gen() 14097 MB/s
[    1.328279] raid6: using algorithm avx2x2 gen() 18633 MB/s
[    1.384338] raid6: .... xor() 19524 MB/s, rmw enabled
[    1.385379] raid6: using avx512x2 recovery algorithm
[    1.386110] ACPI: Added _OSI(Module Device)
[    1.386698] ACPI: Added _OSI(Processor Device)
[    1.387320] ACPI: Added _OSI(3.0 _SCP Extensions)
[    1.387671] ACPI: Added _OSI(Processor Aggregator Device)
[    1.388415] ACPI: Added _OSI(Linux-Dell-Video)
[    1.389073] ACPI: Added _OSI(Linux-Lenovo-NV-HDMI-Audio)
[    1.389805] ACPI: Added _OSI(Linux-HPI-Hybrid-Graphics)
[    1.392285] ACPI: 3 ACPI AML tables successfully acquired and loaded
[    1.395525] ACPI: Interpreter enabled
[    1.396108] ACPI: PM: (supports S0 S5)
[    1.396642] ACPI: Using IOAPIC for interrupt routing
[    1.397344] PCI: Using host bridge windows from ACPI; if necessary, use "pci=nocrs" and report a bug
[    1.397859] ACPI: Enabled 16 GPEs in block 00 to 0F
[    1.402488] ACPI: PCI Root Bridge [PCI0] (domain 0000 [bus 00-ff])
[    1.403376] acpi PNP0A03:00: _OSC: OS supports [ASPM ClockPM Segments MSI HPX-Type3]
[    1.404338] acpi PNP0A03:00: PCIe port services disabled; not requesting _OSC control
[    1.405509] PCI host bridge to bus 0000:00
[    1.406107] pci_bus 0000:00: Unknown NUMA node; performance will be reduced
[    1.407049] pci_bus 0000:00: root bus resource [io  0x0000-0x0cf7 window]
[    1.407671] pci_bus 0000:00: root bus resource [io  0x0d00-0xffff window]
[    1.408650] pci_bus 0000:00: root bus resource [mem 0x000a0000-0x000bffff window]
[    1.409676] pci_bus 0000:00: root bus resource [mem 0xc0000000-0xfebfefff window]
[    1.411005] pci_bus 0000:00: root bus resource [bus 00-ff]
[    1.411880] pci 0000:00:00.0: [8086:1237] type 00 class 0x060000
[    1.418004] pci 0000:00:01.0: [8086:7110] type 00 class 0x060100
[    1.457868] pci 0000:00:01.3: [8086:7113] type 00 class 0x068000
[    1.497710] pci 0000:00:01.3: quirk: [io  0xb000-0xb03f] claimed by PIIX4 ACPI
[    1.499141] pci 0000:00:03.0: [1af4:1004] type 00 class 0x000000
[    1.514344] pci 0000:00:03.0: reg 0x10: [io  0xc040-0xc07f]
[    1.524340] pci 0000:00:03.0: reg 0x14: [mem 0xc0102000-0xc010207f]
[    1.554345] pci 0000:00:04.0: [1ae0:001f] type 00 class 0x010802
[    1.574339] pci 0000:00:04.0: reg 0x10: [mem 0xc0000000-0xc0003fff 64bit]
[    1.594340] pci 0000:00:04.0: reg 0x20: [mem 0xc0101000-0xc01011ff]
[    1.604659] pci 0000:00:05.0: [1af4:1000] type 00 class 0x020000
[    1.621006] pci 0000:00:05.0: reg 0x10: [io  0xc000-0xc03f]
[    1.634004] pci 0000:00:05.0: reg 0x14: [mem 0xc0100000-0xc01007ff]
[    1.667916] pci 0000:00:06.0: [1af4:1005] type 00 class 0x00ff00
[    1.681006] pci 0000:00:06.0: reg 0x10: [io  0xc080-0xc09f]
[    1.693498] pci 0000:00:06.0: reg 0x14: [mem 0xc0103000-0xc010303f]
[    1.725069] ACPI: PCI: Interrupt link LNKA configured for IRQ 11
[    1.727758] ACPI: PCI: Interrupt link LNKB configured for IRQ 11
[    1.731070] ACPI: PCI: Interrupt link LNKC configured for IRQ 10
[    1.734420] ACPI: PCI: Interrupt link LNKD configured for IRQ 10
[    1.737700] ACPI: PCI: Interrupt link LNKS configured for IRQ 9
[    1.742177] SCSI subsystem initialized
[    1.742177] Registered efivars operations
[    1.742414] PCI: Using ACPI for IRQ routing
[    1.743005] PCI: pci_cache_line_size set to 64 bytes
[    1.743098] e820: reserve RAM buffer [mem 0x00055000-0x0005ffff]
[    1.743101] e820: reserve RAM buffer [mem 0x00098000-0x0009ffff]
[    1.743102] e820: reserve RAM buffer [mem 0xbf6ed000-0xbfffffff]
[    1.743103] e820: reserve RAM buffer [mem 0xbffe0000-0xbfffffff]
[    1.744359] vgaarb: loaded
[    1.744821] clocksource: Switched to clocksource kvm-clock
[    1.760895] VFS: Disk quotas dquot_6.6.0
[    1.761513] VFS: Dquot-cache hash table entries: 512 (order 0, 4096 bytes)
[    1.762720] pnp: PnP ACPI init
[    1.763589] pnp: PnP ACPI: found 7 devices
[    1.770180] clocksource: acpi_pm: mask: 0xffffff max_cycles: 0xffffff, max_idle_ns: 2085701024 ns
[    1.771472] NET: Registered PF_INET protocol family
[    1.772728] IP idents hash table entries: 262144 (order: 9, 2097152 bytes, vmalloc)
[    1.775264] tcp_listen_portaddr_hash hash table entries: 65536 (order: 8, 1048576 bytes, vmalloc)
[    1.776699] Table-perturb hash table entries: 65536 (order: 6, 262144 bytes, vmalloc)
[    1.777788] TCP established hash table entries: 524288 (order: 10, 4194304 bytes, vmalloc hugepage)
[    1.779612] TCP bind hash table entries: 65536 (order: 8, 1048576 bytes, vmalloc)
[    1.780786] TCP: Hash tables configured (established 524288 bind 65536)
[    1.781794] UDP hash table entries: 65536 (order: 9, 2097152 bytes, vmalloc)
[    1.783124] UDP-Lite hash table entries: 65536 (order: 9, 2097152 bytes, vmalloc)
[    1.784532] NET: Registered PF_UNIX/PF_LOCAL protocol family
[    1.785540] RPC: Registered named UNIX socket transport module.
[    1.786379] RPC: Registered udp transport module.
[    1.787065] RPC: Registered tcp transport module.
[    1.787755] RPC: Registered tcp NFSv4.1 backchannel transport module.
[    1.788908] pci_bus 0000:00: resource 4 [io  0x0000-0x0cf7 window]
[    1.789753] pci_bus 0000:00: resource 5 [io  0x0d00-0xffff window]
[    1.790597] pci_bus 0000:00: resource 6 [mem 0x000a0000-0x000bffff window]
[    1.791628] pci_bus 0000:00: resource 7 [mem 0xc0000000-0xfebfefff window]
[    1.792619] pci 0000:00:00.0: Limiting direct PCI/PCI transfers
[    1.793487] PCI: CLS 0 bytes, default 64
[    1.794097] PCI-DMA: Using software bounce buffering for IO (SWIOTLB)
[    1.795050] software IO TLB: mapped [mem 0x00000000ba17b000-0x00000000be17b000] (64MB)
[    1.864727] RAPL PMU: API unit is 2^-32 Joules, 0 fixed counters, 10737418240 ms ovfl timer
[    1.865953] clocksource: tsc: mask: 0xffffffffffffffff max_cycles: 0x285d3648b46, max_idle_ns: 440795316815 ns
[    1.867474] clocksource: Switched to clocksource tsc
[    1.868594] Initialise system trusted keyrings
[    1.869380] workingset: timestamp_bits=40 max_order=25 bucket_order=0
[    1.871682] NFS: Registering the id_resolver key type
[    1.872382] Key type id_resolver registered
[    1.872952] Key type id_legacy registered
[    1.873502] Installing knfsd (copyright (C) 1996 okir@monad.swb.de).
[    1.874544] ntfs: driver 2.1.32 [Flags: R/W].
[    1.875255] fuse: init (API version 7.36)
[    1.875948] JFS: nTxBlock = 8192, nTxLock = 65536
[    1.879198] SGI XFS with ACLs, security attributes, realtime, scrub, repair, quota, no debug enabled
[    1.880728] 9p: Installing v9fs 9p2000 file system support
[    1.881542] NILFS version 2 loaded
[    1.882053] ocfs2: Registered cluster interface o2cb
[    1.882828] OCFS2 User DLM kernel interface loaded
[    1.883675] xor: automatically using best checksumming function   avx       
[    1.884628] Key type asymmetric registered
[    1.885188] Asymmetric key parser 'x509' registered
[    1.885857] Block layer SCSI generic (bsg) driver version 0.4 loaded (major 249)
[    1.886839] io scheduler mq-deadline registered
[    1.887452] io scheduler kyber registered
[    1.890052] input: Power Button as /devices/LNXSYSTM:00/LNXPWRBN:00/input/input0
[    1.891053] ACPI: button: Power Button [PWRF]
[    1.891686] input: Sleep Button as /devices/LNXSYSTM:00/LNXSLPBN:00/input/input1
[    1.892667] ACPI: button: Sleep Button [SLPF]
[    1.898530] ACPI: \_SB_.LNKC: Enabled at IRQ 10
[    1.901713] virtio-pci 0000:00:03.0: virtio_pci: leaving for legacy driver
[    1.912416] ACPI: \_SB_.LNKA: Enabled at IRQ 11
[    1.915610] virtio-pci 0000:00:05.0: virtio_pci: leaving for legacy driver
[    1.927374] ACPI: \_SB_.LNKB: Enabled at IRQ 11
[    1.930126] virtio-pci 0000:00:06.0: virtio_pci: leaving for legacy driver
[    1.938076] Serial: 8250/16550 driver, 32 ports, IRQ sharing disabled
[    1.939079] 00:03: ttyS0 at I/O 0x3f8 (irq = 4, base_baud = 115200) is a 16550A
[    1.940225] 00:04: ttyS1 at I/O 0x2f8 (irq = 3, base_baud = 115200) is a 16550A
[    1.941357] 00:05: ttyS2 at I/O 0x3e8 (irq = 6, base_baud = 115200) is a 16550A
[    1.942476] 00:06: ttyS3 at I/O 0x2e8 (irq = 7, base_baud = 115200) is a 16550A
[    1.969381] tpm_tis MSFT0101:00: 2.0 TPM (device-id 0x9009, rev-id 0)
[    1.983630] loop: module loaded
[    2.002676] scsi host0: Virtio SCSI HBA
[    2.008737] scsi 0:0:1:0: Direct-Access     Google   PersistentDisk   1    PQ: 0 ANSI: 6
[    2.010147] scsi 0:0:2:0: Direct-Access     Google   PersistentDisk   1    PQ: 0 ANSI: 6
[    2.033943] sd 0:0:1:0: [sda] 20971520 512-byte logical blocks: (10.7 GB/10.0 GiB)
[    2.034032] sd 0:0:2:0: [sdb] 10485760000 512-byte logical blocks: (5.37 TB/4.88 TiB)
[    2.034140] nvme nvme0: pci function 0000:00:04.0
[    2.036595] ACPI: \_SB_.LNKD: Enabled at IRQ 10
[    2.039921] sd 0:0:1:0: [sda] 4096-byte physical blocks
[    2.044297] sd 0:0:2:0: [sdb] 4096-byte physical blocks
[    2.048063] sd 0:0:1:0: [sda] Write Protect is off
[    2.051155] sd 0:0:2:0: [sdb] Write Protect is off
[    2.054013] sd 0:0:1:0: [sda] Mode Sense: 1f 00 00 08
[    2.057330] sd 0:0:2:0: [sdb] Mode Sense: 1f 00 00 08
[    2.064335] sd 0:0:1:0: [sda] Write cache: enabled, read cache: enabled, doesn't support DPO or FUA
[    2.064539] sd 0:0:2:0: [sdb] Write cache: enabled, read cache: enabled, doesn't support DPO or FUA
[    2.126851] nvme nvme0: 15/0/0 default/read/poll queues
[    2.153638]  nvme0n1: p1 p2
[    2.342768] i8042: PNP: PS/2 Controller [PNP0303:KBD,PNP0f13:MOU] at 0x60,0x64 irq 1,12
[    2.344024] i8042: Warning: Keylock active
[    2.345313]  sdb: sdb1 sdb2
[    2.346489] serio: i8042 KBD port at 0x60,0x64 irq 1
[    2.346706] sd 0:0:2:0: [sdb] Attached SCSI disk
[    2.347215] serio: i8042 AUX port at 0x60,0x64 irq 12
[    2.347334]  sda: sda1 sda14 sda15
[    2.348071] sd 0:0:1:0: [sda] Attached SCSI disk
[    2.348787] device-mapper: core: CONFIG_IMA_DISABLE_HTABLE is disabled. Duplicate IMA measurements will not be recorded in the IMA log.
[    2.351947] device-mapper: ioctl: 4.46.0-ioctl (2022-02-22) initialised: dm-devel@redhat.com
[    2.353198] intel_pstate: CPU model not supported
[    2.353914] EFI Variables Facility v0.08 2004-May-17
[    2.361596] NET: Registered PF_INET6 protocol family
[    2.362742] Segment Routing with IPv6
[    2.363272] In-situ OAM (IOAM) with IPv6
[    2.363834] sit: IPv6, IPv4 and MPLS over IPv4 tunneling driver
[    2.364832] NET: Registered PF_PACKET protocol family
[    2.365604] 9pnet: Installing 9P2000 support
[    2.366223] Key type dns_resolver registered
[    2.369764] IPI shorthand broadcast: enabled
[    2.370375] AVX2 version of gcm_enc/dec engaged.
[    2.371617] AES CTR mode by8 optimization enabled
[    2.372665] sched_clock: Marking stable (2362048493, 10606556)->(2397925086, -25270037)
[    2.374808] Loading compiled-in X.509 certificates
[    2.375738] Key type ._fscrypt registered
[    2.376339] Key type .fscrypt registered
[    2.376912] Key type fscrypt-provisioning registered
[    2.379193] Btrfs loaded, crc32c=crc32c-intel, assert=on, zoned=no, fsverity=yes
[    2.380835] Key type encrypted registered
[    2.381454] ima: Allocated hash algorithm: sha1
[    2.401757] ima: No architecture policies found
[    2.402804] evm: Initialising EVM extended attributes:
[    2.403595] evm: security.selinux (disabled)
[    2.404194] evm: security.SMACK64 (disabled)
[    2.404799] evm: security.SMACK64EXEC (disabled)
[    2.405456] evm: security.SMACK64TRANSMUTE (disabled)
[    2.406190] evm: security.SMACK64MMAP (disabled)
[    2.406842] evm: security.apparmor (disabled)
[    2.407763] evm: security.ima
[    2.408218] evm: security.capability
[    2.408833] evm: HMAC attrs: 0x1
[    2.554632] input: AT Translated Set 2 keyboard as /devices/platform/i8042/serio0/input/input2
[    2.631075] EXT4-fs (sda1): INFO: recovery required on readonly filesystem
[    2.632022] EXT4-fs (sda1): write access will be enabled during recovery
[    3.196543] EXT4-fs (sda1): orphan cleanup on readonly fs
[    3.197566] EXT4-fs (sda1): 2 orphan inodes deleted
[    3.198266] EXT4-fs (sda1): recovery complete
[    3.206441] EXT4-fs (sda1): mounted filesystem with ordered data mode. Quota mode: none.
[    3.207656] VFS: Mounted root (ext4 filesystem) readonly on device 8:1.
[    3.209815] Freeing unused kernel image (initmem) memory: 1764K
[    3.210922] Write protecting the kernel read-only data: 22528k
[    3.212946] Freeing unused kernel image (text/rodata gap) memory: 2028K
[    3.214291] Freeing unused kernel image (rodata/data gap) memory: 688K
[    3.215187] Run /sbin/init as init process
[    3.215795]   with arguments:
[    3.215795]     /sbin/init
[    3.215796]   with environment:
[    3.215796]     HOME=/
[    3.215797]     TERM=linux
[    3.215797]     intel_iommu=off
[    3.818527] systemd[1]: systemd 247.3-7+deb11u4 running in system mode. (+PAM +AUDIT +SELINUX +IMA +APPARMOR +SMACK +SYSVINIT +UTMP +LIBCRYPTSETUP +GCRYPT +GNUTLS +ACL +XZ +LZ4 +ZSTD +SECCOMP +BLKID +ELFUTILS +KMOD +IDN2 -IDN +PCRE2 default-hierarchy=unified)
[    3.821728] systemd[1]: Detected virtualization kvm.
[    3.822441] systemd[1]: Detected architecture x86-64.
[    3.854896] systemd[1]: Set hostname to <debian>.
[    4.605200] systemd[1]: Condition check resulted in System Slice being skipped.
[    4.606371] systemd[1]: Condition check resulted in Root Slice being skipped.
[    4.607859] systemd[1]: Queued start job for default target Graphical Interface.
[    4.610125] systemd[1]: Created slice system-getty.slice.
[    4.624645] systemd[1]: Created slice system-modprobe.slice.
[    4.637918] systemd[1]: Created slice system-serial\x2dgetty.slice.
[    4.651300] systemd[1]: Created slice system-systemd\x2dgrowfs.slice.
[    4.664589] systemd[1]: Created slice User and Session Slice.
[    4.677756] systemd[1]: Started Dispatch Password Requests to Console Directory Watch.
[    4.691082] systemd[1]: Started Forward Password Requests to Wall Directory Watch.
[    4.704412] systemd[1]: Condition check resulted in Arbitrary Executable File Formats File System Automount Point being skipped.
[    4.706000] systemd[1]: Reached target Local Encrypted Volumes.
[    4.721075] systemd[1]: Reached target Paths.
[    4.734383] systemd[1]: Reached target Slices.
[    4.747715] systemd[1]: Reached target Swap.
[    4.761044] systemd[1]: Reached target System Time Set.
[    4.777574] systemd[1]: Listening on RPCbind Server Activation Socket.
[    4.791788] systemd[1]: Listening on Syslog Socket.
[    4.804466] systemd[1]: Listening on fsck to fsckd communication Socket.
[    4.817757] systemd[1]: Listening on initctl Compatibility Named Pipe.
[    4.831116] systemd[1]: Condition check resulted in Journal Audit Socket being skipped.
[    4.832383] systemd[1]: Listening on Journal Socket (/dev/log).
[    4.844467] systemd[1]: Listening on Journal Socket.
[    4.860125] systemd[1]: Listening on udev Control Socket.
[    4.874447] systemd[1]: Listening on udev Kernel Socket.
[    4.887810] systemd[1]: Condition check resulted in Huge Pages File System being skipped.
[    4.889729] systemd[1]: Mounting POSIX Message Queue File System...
[    4.904976] systemd[1]: Mounting NFSD configuration filesystem...
[    4.918284] systemd[1]: Mounting RPC Pipe File System...
[    4.931664] systemd[1]: Mounting Kernel Debug File System...
[    4.945055] systemd[1]: Mounting Kernel Trace File System...
[    4.957738] systemd[1]: Condition check resulted in Kernel Module supporting RPCSEC_GSS being skipped.
[    4.959463] systemd[1]: Condition check resulted in Create list of static device nodes for the current kernel being skipped.
[    4.961644] systemd[1]: Starting Load Kernel Module configfs...
[    4.975109] systemd[1]: Starting Load Kernel Module drm...
[    4.988361] systemd[1]: Starting Load Kernel Module fuse...
[    5.001817] systemd[1]: Condition check resulted in Set Up Additional Binary Formats being skipped.
[    5.003909] systemd[1]: Starting File System Check on Root Device...
[    5.019721] systemd[1]: Starting Journal Service...
[    5.022667] systemd[1]: Starting Load Kernel Modules...
[    5.024188] systemd[1]: Starting Coldplug All udev Devices...
[    5.026223] systemd[1]: Mounted POSIX Message Queue File System.
[    5.027141] systemd[1]: Mounted NFSD configuration filesystem.
[    5.028203] systemd[1]: Mounted RPC Pipe File System.
[    5.029003] systemd[1]: Mounted Kernel Debug File System.
[    5.029921] systemd[1]: Mounted Kernel Trace File System.
[    5.030919] systemd[1]: modprobe@configfs.service: Succeeded.
[    5.031920] systemd[1]: Finished Load Kernel Module configfs.
[    5.032943] systemd[1]: modprobe@drm.service: Succeeded.
[    5.033959] systemd[1]: Finished Load Kernel Module drm.
[    5.034961] systemd[1]: modprobe@fuse.service: Succeeded.
[    5.036009] systemd[1]: Finished Load Kernel Module fuse.
[    5.037073] systemd[1]: Finished Load Kernel Modules.
[    5.039196] systemd[1]: Mounting FUSE Control File System...
[    5.040735] systemd[1]: Mounting Kernel Configuration File System...
[    5.075036] systemd[1]: Starting pNFS block layout mapping daemon...
[    5.088323] systemd[1]: Started File System Check Daemon to report status.
[    5.101650] systemd[1]: Starting Apply Kernel Variables...
[    5.114939] systemd[1]: Started Journal Service.
[    5.479262] EXT4-fs (sda1): re-mounted. Quota mode: none.
[    5.518714] systemd-journald[392]: Received client request to flush runtime journal.
[    5.565142] systemd-journald[392]: File /var/log/journal/7cd7951d724011c5f4b8de4df5d46544/system.journal corrupted or uncleanly shut down, renaming and replacing.
[    5.787453] virtio_net virtio1 enp0s5: renamed from eth0
[    5.849787] FAT-fs (sda15): Volume was not properly unmounted. Some data may be corrupt. Please run fsck.
[    9.609366] NFSD: Using UMH upcall client tracking operations.
[    9.610183] NFSD: starting 90-second grace period (net f0000000)
[  100.839273] nfsd: last server has exited, flushing export cache
[  107.618507] EXT4-fs (nvme0n1p1): mounted filesystem with ordered data mode. Quota mode: none.
[  107.663354] sh (1733): drop_caches: 3
