

==== Start experiment of filebench-varmail with 20 ====
==== Format /dev/sdb1 on /mnt ====
umount: /mnt: not mounted.
umount: /dev/sdb1: not mounted.
umount: /mnt: not mounted.
meta-data=/dev/sdb1              isize=512    agcount=4, agsize=67108864 blks
         =                       sectsz=4096  attr=2, projid32bit=1
         =                       crc=1        finobt=1, sparse=1, rmapbt=0
         =                       reflink=1    bigtime=0
data     =                       bsize=4096   blocks=268435456, imaxpct=5
         =                       sunit=0      swidth=0 blks
naming   =version 2              bsize=4096   ascii-ci=0, ftype=1
log      =/dev/sdb2              bsize=4096   blocks=262144, version=2
         =                       sectsz=4096  sunit=1 blks, lazy-count=1
realtime =none                   extsz=4096   blocks=0, rtextents=0
Discarding blocks...Done.
Discarding blocks...Done.
==== Format complete ====
This is a NFS Sever, with 20 threads.
enp0s4: flags=4163<UP,BROADCAST,RUNNING,MULTICAST>  mtu 1460
        inet 10.132.15.205  netmask 255.255.255.255  broadcast 10.132.15.205
        inet6 fe80::4001:aff:fe84:fcd  prefixlen 64  scopeid 0x20<link>
        ether 42:01:0a:84:0f:cd  txqueuelen 1000  (Ethernet)
        RX packets 879879  bytes 1109727588 (1.0 GiB)
        RX errors 0  dropped 0  overruns 0  frame 0
        TX packets 827388  bytes 206638414 (197.0 MiB)
        TX errors 0  dropped 0 overruns 0  carrier 0  collisions 0

lo: flags=73<UP,LOOPBACK,RUNNING>  mtu 65536
        inet 127.0.0.1  netmask 255.0.0.0
        inet6 ::1  prefixlen 128  scopeid 0x10<host>
        loop  txqueuelen 1000  (Local Loopback)
        RX packets 10038  bytes 629336 (614.5 KiB)
        RX errors 0  dropped 0  overruns 0  frame 0
        TX packets 10038  bytes 629336 (614.5 KiB)
        TX errors 0  dropped 0 overruns 0  carrier 0  collisions 0

==== Run workload ====
cat: /proc/fs/jbd2/sdb2/info: No such file or directory
0.000000/0.000000 => -nan
./parse.sh: line 49: syntax error near unexpected token `else'
./parse.sh: line 49: `else'
==== Workload complete ====
==== End the experiment ====


awk: cannot open /root/results/summary_total (No such file or directory)
Find results in: /root/results/1704147277
