[    0.000000] Linux version 5.19.0-rc5-xfstests-perf-00989-g119d2587483a-dirty (harshads@harshads.c.googlers.com) (gcc (Debian 13.2.0-5) 13.2.0, GNU ld (GNU Binutils for Debian) 2.41) #143 SMP PREEMPT_DYNAMIC Sun Jan 14 01:42:57 UTC 2024
[    0.000000] Command line: root=/dev/sda1 console=tty0 console=ttyS0,115200 earlyprintk=ttyS0,115200 consoleblank=0 intel_iommu=off
[    0.000000] x86/fpu: Supporting XSAVE feature 0x001: 'x87 floating point registers'
[    0.000000] x86/fpu: Supporting XSAVE feature 0x002: 'SSE registers'
[    0.000000] x86/fpu: Supporting XSAVE feature 0x004: 'AVX registers'
[    0.000000] x86/fpu: Supporting XSAVE feature 0x020: 'AVX-512 opmask'
[    0.000000] x86/fpu: Supporting XSAVE feature 0x040: 'AVX-512 Hi256'
[    0.000000] x86/fpu: Supporting XSAVE feature 0x080: 'AVX-512 ZMM_Hi256'
[    0.000000] x86/fpu: xstate_offset[2]:  576, xstate_sizes[2]:  256
[    0.000000] x86/fpu: xstate_offset[5]:  832, xstate_sizes[5]:   64
[    0.000000] x86/fpu: xstate_offset[6]:  896, xstate_sizes[6]:  512
[    0.000000] x86/fpu: xstate_offset[7]: 1408, xstate_sizes[7]: 1024
[    0.000000] x86/fpu: Enabled xstate features 0xe7, context size is 2432 bytes, using 'compacted' format.
[    0.000000] signal: max sigframe size: 3632
[    0.000000] BIOS-provided physical RAM map:
[    0.000000] BIOS-e820: [mem 0x0000000000000000-0x0000000000000fff] reserved
[    0.000000] BIOS-e820: [mem 0x0000000000001000-0x0000000000054fff] usable
[    0.000000] BIOS-e820: [mem 0x0000000000055000-0x000000000005ffff] reserved
[    0.000000] BIOS-e820: [mem 0x0000000000060000-0x0000000000097fff] usable
[    0.000000] BIOS-e820: [mem 0x0000000000098000-0x000000000009ffff] reserved
[    0.000000] BIOS-e820: [mem 0x0000000000100000-0x00000000bf6ecfff] usable
[    0.000000] BIOS-e820: [mem 0x00000000bf6ed000-0x00000000bf96cfff] reserved
[    0.000000] BIOS-e820: [mem 0x00000000bf96d000-0x00000000bf97efff] ACPI data
[    0.000000] BIOS-e820: [mem 0x00000000bf97f000-0x00000000bf9fefff] ACPI NVS
[    0.000000] BIOS-e820: [mem 0x00000000bf9ff000-0x00000000bffdffff] usable
[    0.000000] BIOS-e820: [mem 0x00000000bffe0000-0x00000000bfffffff] reserved
[    0.000000] BIOS-e820: [mem 0x0000000100000000-0x000000203fffffff] usable
[    0.000000] printk: bootconsole [earlyser0] enabled
[    0.000000] NX (Execute Disable) protection: active
[    0.000000] e820: update [mem 0x00100000-0x0010006f] usable ==> usable
[    0.000000] extended physical RAM map:
[    0.000000] reserve setup_data: [mem 0x0000000000000000-0x0000000000000fff] reserved
[    0.000000] reserve setup_data: [mem 0x0000000000001000-0x0000000000054fff] usable
[    0.000000] reserve setup_data: [mem 0x0000000000055000-0x000000000005ffff] reserved
[    0.000000] reserve setup_data: [mem 0x0000000000060000-0x0000000000097fff] usable
[    0.000000] reserve setup_data: [mem 0x0000000000098000-0x000000000009ffff] reserved
[    0.000000] reserve setup_data: [mem 0x0000000000100000-0x000000000010006f] usable
[    0.000000] reserve setup_data: [mem 0x0000000000100070-0x00000000bf6ecfff] usable
[    0.000000] reserve setup_data: [mem 0x00000000bf6ed000-0x00000000bf96cfff] reserved
[    0.000000] reserve setup_data: [mem 0x00000000bf96d000-0x00000000bf97efff] ACPI data
[    0.000000] reserve setup_data: [mem 0x00000000bf97f000-0x00000000bf9fefff] ACPI NVS
[    0.000000] reserve setup_data: [mem 0x00000000bf9ff000-0x00000000bffdffff] usable
[    0.000000] reserve setup_data: [mem 0x00000000bffe0000-0x00000000bfffffff] reserved
[    0.000000] reserve setup_data: [mem 0x0000000100000000-0x000000203fffffff] usable
[    0.000000] efi: EFI v2.70 by EDK II
[    0.000000] efi: TPMFinalLog=0xbf9f7000 ACPI=0xbf97e000 ACPI 2.0=0xbf97e014 SMBIOS=0xbf7ca000 MEMATTR=0xbdf59018 
[    0.000000] SMBIOS 2.4 present.
[    0.000000] DMI: Google Google Compute Engine/Google Compute Engine, BIOS Google 11/17/2023
[    0.000000] Hypervisor detected: KVM
[    0.000000] kvm-clock: Using msrs 4b564d01 and 4b564d00
[    0.000001] kvm-clock: using sched offset of 261869212907511 cycles
[    0.000679] clocksource: kvm-clock: mask: 0xffffffffffffffff max_cycles: 0x1cd42e4dffb, max_idle_ns: 881590591483 ns
[    0.002839] tsc: Detected 2800.246 MHz processor
[    0.003438] e820: update [mem 0x00000000-0x00000fff] usable ==> reserved
[    0.003441] e820: remove [mem 0x000a0000-0x000fffff] usable
[    0.003445] last_pfn = 0x2040000 max_arch_pfn = 0x400000000
[    0.004233] Disabled
[    0.004519] x86/PAT: MTRRs disabled, skipping PAT initialization too.
[    0.005351] CPU MTRRs all blank - virtualized system.
[    0.006004] x86/PAT: Configuration [0-7]: WB  WC  UC- UC  WB  WP  UC- WT  
[    0.007282] x2apic: enabled by BIOS, switching to x2apic ops
[    0.008001] last_pfn = 0xbffe0 max_arch_pfn = 0x400000000
[    0.020287] Using GB pages for direct mapping
[    0.021042] Secure boot could not be determined
[    0.021644] ACPI: Early table checksum verification disabled
[    0.022367] ACPI: RSDP 0x00000000BF97E014 000024 (v02 Google)
[    0.023100] ACPI: XSDT 0x00000000BF97D0E8 00005C (v01 Google GOOGFACP 00000001      01000013)
[    0.024190] ACPI: FACP 0x00000000BF978000 0000F4 (v02 Google GOOGFACP 00000001 GOOG 00000001)
[    0.025290] ACPI: DSDT 0x00000000BF979000 001A64 (v01 Google GOOGDSDT 00000001 GOOG 00000001)
[    0.026783] ACPI: FACS 0x00000000BF9F1000 000040
[    0.027372] ACPI: SSDT 0x00000000BF97C000 000316 (v02 GOOGLE Tpm2Tabl 00001000 INTL 20211217)
[    0.028462] ACPI: TPM2 0x00000000BF97B000 000034 (v04 GOOGLE          00000001 GOOG 00000001)
[    0.029549] ACPI: SRAT 0x00000000BF977000 0002D0 (v03 Google GOOGSRAT 00000001 GOOG 00000001)
[    0.030637] ACPI: APIC 0x00000000BF976000 000166 (v05 Google GOOGAPIC 00000001 GOOG 00000001)
[    0.031728] ACPI: SSDT 0x00000000BF974000 0014DE (v01 Google GOOGSSDT 00000001 GOOG 00000001)
[    0.032815] ACPI: WAET 0x00000000BF973000 000028 (v01 Google GOOGWAET 00000001 GOOG 00000001)
[    0.034072] ACPI: Reserving FACP table memory at [mem 0xbf978000-0xbf9780f3]
[    0.034973] ACPI: Reserving DSDT table memory at [mem 0xbf979000-0xbf97aa63]
[    0.035871] ACPI: Reserving FACS table memory at [mem 0xbf9f1000-0xbf9f103f]
[    0.036771] ACPI: Reserving SSDT table memory at [mem 0xbf97c000-0xbf97c315]
[    0.037671] ACPI: Reserving TPM2 table memory at [mem 0xbf97b000-0xbf97b033]
[    0.038571] ACPI: Reserving SRAT table memory at [mem 0xbf977000-0xbf9772cf]
[    0.039470] ACPI: Reserving APIC table memory at [mem 0xbf976000-0xbf976165]
[    0.040370] ACPI: Reserving SSDT table memory at [mem 0xbf974000-0xbf9754dd]
[    0.041271] ACPI: Reserving WAET table memory at [mem 0xbf973000-0xbf973027]
[    0.042190] Setting APIC routing to cluster x2apic.
[    0.043134] SRAT: PXM 0 -> APIC 0x00 -> Node 0
[    0.043708] SRAT: PXM 0 -> APIC 0x01 -> Node 0
[    0.044275] SRAT: PXM 0 -> APIC 0x02 -> Node 0
[    0.044841] SRAT: PXM 0 -> APIC 0x03 -> Node 0
[    0.045408] SRAT: PXM 0 -> APIC 0x04 -> Node 0
[    0.045975] SRAT: PXM 0 -> APIC 0x05 -> Node 0
[    0.046542] SRAT: PXM 0 -> APIC 0x06 -> Node 0
[    0.047106] SRAT: PXM 0 -> APIC 0x07 -> Node 0
[    0.047674] SRAT: PXM 0 -> APIC 0x08 -> Node 0
[    0.048241] SRAT: PXM 0 -> APIC 0x09 -> Node 0
[    0.048870] SRAT: PXM 0 -> APIC 0x0a -> Node 0
[    0.049436] SRAT: PXM 0 -> APIC 0x0b -> Node 0
[    0.050003] SRAT: PXM 0 -> APIC 0x0c -> Node 0
[    0.050569] SRAT: PXM 0 -> APIC 0x0d -> Node 0
[    0.051136] SRAT: PXM 0 -> APIC 0x0e -> Node 0
[    0.051703] SRAT: PXM 0 -> APIC 0x0f -> Node 0
[    0.052270] SRAT: PXM 1 -> APIC 0x10 -> Node 1
[    0.052862] SRAT: PXM 1 -> APIC 0x11 -> Node 1
[    0.053428] SRAT: PXM 1 -> APIC 0x12 -> Node 1
[    0.053994] SRAT: PXM 1 -> APIC 0x13 -> Node 1
[    0.054562] SRAT: PXM 1 -> APIC 0x14 -> Node 1
[    0.055128] SRAT: PXM 1 -> APIC 0x15 -> Node 1
[    0.055694] SRAT: PXM 1 -> APIC 0x16 -> Node 1
[    0.056262] SRAT: PXM 1 -> APIC 0x17 -> Node 1
[    0.056827] SRAT: PXM 1 -> APIC 0x18 -> Node 1
[    0.057393] SRAT: PXM 1 -> APIC 0x19 -> Node 1
[    0.057960] SRAT: PXM 1 -> APIC 0x1a -> Node 1
[    0.058527] SRAT: PXM 1 -> APIC 0x1b -> Node 1
[    0.059093] SRAT: PXM 1 -> APIC 0x1c -> Node 1
[    0.059660] SRAT: PXM 1 -> APIC 0x1d -> Node 1
[    0.060226] SRAT: PXM 1 -> APIC 0x1e -> Node 1
[    0.060793] SRAT: PXM 1 -> APIC 0x1f -> Node 1
[    0.061360] ACPI: SRAT: Node 0 PXM 0 [mem 0x00000000-0x0009ffff]
[    0.062126] ACPI: SRAT: Node 0 PXM 0 [mem 0x00100000-0xbfffffff]
[    0.062929] ACPI: SRAT: Node 0 PXM 0 [mem 0x100000000-0x103fffffff]
[    0.063727] ACPI: SRAT: Node 1 PXM 1 [mem 0x1040000000-0x203fffffff]
[    0.064539] NUMA: Node 0 [mem 0x00000000-0x0009ffff] + [mem 0x00100000-0xbfffffff] -> [mem 0x00000000-0xbfffffff]
[    0.065848] NUMA: Node 0 [mem 0x00000000-0xbfffffff] + [mem 0x100000000-0x103fffffff] -> [mem 0x00000000-0x103fffffff]
[    0.067217] NODE_DATA(0) allocated [mem 0x103fffb000-0x103fffffff]
[    0.068009] NODE_DATA(1) allocated [mem 0x203fffb000-0x203fffffff]
[    0.068911] Zone ranges:
[    0.069240]   DMA      [mem 0x0000000000001000-0x0000000000ffffff]
[    0.070028]   DMA32    [mem 0x0000000001000000-0x00000000ffffffff]
[    0.070819]   Normal   [mem 0x0000000100000000-0x000000203fffffff]
[    0.071605]   Device   empty
[    0.071972] Movable zone start for each node
[    0.072517] Early memory node ranges
[    0.072973]   node   0: [mem 0x0000000000001000-0x0000000000054fff]
[    0.073774]   node   0: [mem 0x0000000000060000-0x0000000000097fff]
[    0.074572]   node   0: [mem 0x0000000000100000-0x00000000bf6ecfff]
[    0.075372]   node   0: [mem 0x00000000bf9ff000-0x00000000bffdffff]
[    0.076173]   node   0: [mem 0x0000000100000000-0x000000103fffffff]
[    0.076977]   node   1: [mem 0x0000001040000000-0x000000203fffffff]
[    0.077776] Initmem setup node 0 [mem 0x0000000000001000-0x000000103fffffff]
[    0.078673] Initmem setup node 1 [mem 0x0000001040000000-0x000000203fffffff]
[    0.079594] On node 0, zone DMA: 1 pages in unavailable ranges
[    0.079596] On node 0, zone DMA: 11 pages in unavailable ranges
[    0.080376] On node 0, zone DMA: 104 pages in unavailable ranges
[    0.087211] On node 0, zone DMA32: 786 pages in unavailable ranges
[    0.212756] On node 0, zone Normal: 32 pages in unavailable ranges
[    0.400020] ACPI: PM-Timer IO Port: 0xb008
[    0.401367] ACPI: LAPIC_NMI (acpi_id[0xff] dfl dfl lint[0x1])
[    0.402169] IOAPIC[0]: apic_id 0, version 17, address 0xfec00000, GSI 0-23
[    0.403145] ACPI: INT_SRC_OVR (bus 0 bus_irq 5 global_irq 5 high level)
[    0.403988] ACPI: INT_SRC_OVR (bus 0 bus_irq 9 global_irq 9 high level)
[    0.404832] ACPI: INT_SRC_OVR (bus 0 bus_irq 10 global_irq 10 high level)
[    0.405699] ACPI: INT_SRC_OVR (bus 0 bus_irq 11 global_irq 11 high level)
[    0.406569] ACPI: Using ACPI (MADT) for SMP configuration information
[    0.407390] smpboot: Allowing 32 CPUs, 0 hotplug CPUs
[    0.408055] [mem 0xc0000000-0xffffffff] available for PCI devices
[    0.408855] Booting paravirtualized kernel on KVM
[    0.409455] clocksource: refined-jiffies: mask: 0xffffffff max_cycles: 0xffffffff, max_idle_ns: 6370452778343963 ns
[    0.415885] setup_percpu: NR_CPUS:48 nr_cpumask_bits:48 nr_cpu_ids:32 nr_node_ids:2
[    0.419433] percpu: Embedded 51 pages/cpu s179048 r0 d29848 u262144
[    0.420379] pcpu-alloc: s179048 r0 d29848 u262144 alloc=1*2097152
[    0.420382] pcpu-alloc: [0] 00 01 02 03 04 05 06 07 [0] 16 17 18 19 20 21 22 23 
[    0.420391] pcpu-alloc: [1] 08 09 10 11 12 13 14 15 [1] 24 25 26 27 28 29 30 31 
[    0.420417] kvm-guest: PV spinlocks enabled
[    0.420974] PV qspinlock hash table entries: 256 (order: 0, 4096 bytes, linear)
[    0.421912] Fallback order for Node 0: 0 1 
[    0.422439] Fallback order for Node 1: 1 0 
[    0.422975] Built 2 zonelists, mobility grouping on.  Total pages: 33029080
[    0.423862] Policy zone: Normal
[    0.424260] Kernel command line: root=/dev/sda1 console=tty0 console=ttyS0,115200 earlyprintk=ttyS0,115200 consoleblank=0 intel_iommu=off
[    0.425900] Unknown kernel command line parameters "intel_iommu=off", will be passed to user space.
[    0.427100] printk: log_buf_len individual max cpu contribution: 4096 bytes
[    0.427989] printk: log_buf_len total cpu_extra contributions: 126976 bytes
[    0.428876] printk: log_buf_len min size: 131072 bytes
[    0.429933] printk: log_buf_len: 262144 bytes
[    0.430498] printk: early log buf free: 119592(91%)
[    0.431554] mem auto-init: stack:all(zero), heap alloc:off, heap free:off
[    0.747100] Memory: 132009036K/134213992K available (16401K kernel code, 2641K rwdata, 3428K rodata, 1540K init, 1152K bss, 2204696K reserved, 0K cma-reserved)
[    0.749948] ftrace: allocating 44543 entries in 174 pages
[    0.761397] ftrace: allocated 174 pages with 5 groups
[    0.763686] Dynamic Preempt: none
[    0.764296] rcu: Preemptible hierarchical RCU implementation.
[    0.765053] rcu: 	RCU event tracing is enabled.
[    0.765630] rcu: 	RCU restricting CPUs from NR_CPUS=48 to nr_cpu_ids=32.
[    0.766486] 	Trampoline variant of Tasks RCU enabled.
[    0.767129] 	Rude variant of Tasks RCU enabled.
[    0.767706] 	Tracing variant of Tasks RCU enabled.
[    0.768320] rcu: RCU calculated value of scheduler-enlistment delay is 30 jiffies.
[    0.769284] rcu: Adjusting geometry for rcu_fanout_leaf=16, nr_cpu_ids=32
[    0.774816] NR_IRQS: 4352, nr_irqs: 680, preallocated irqs: 16
[    0.775882] rcu: srcu_init: Setting srcu_struct sizes based on contention.
[    0.776836] random: crng init done
[    0.777332] __common_interrupt: 0.37 No irq handler for vector
[    0.778955] Console: colour dummy device 80x25
[    0.779754] printk: console [tty0] enabled
[    0.780322] printk: console [ttyS0] enabled
[    0.781465] printk: bootconsole [earlyser0] disabled
[    0.782963] ACPI: Core revision 20220331
[    0.783618] APIC: Switch to symmetric I/O mode setup
[    0.787611] Switched APIC routing to physical x2apic.
[    0.792506] ..TIMER: vector=0x30 apic1=0 pin1=0 apic2=-1 pin2=-1
[    0.793573] clocksource: tsc-early: mask: 0xffffffffffffffff max_cycles: 0x285d298e329, max_idle_ns: 440795345114 ns
[    0.794991] Calibrating delay loop (skipped) preset value.. 5602.84 BogoMIPS (lpj=9334153)
[    0.796122] pid_max: default: 32768 minimum: 301
[    0.796902] LSM: Security Framework initializing
[    0.810450] Dentry cache hash table entries: 8388608 (order: 14, 67108864 bytes, vmalloc hugepage)
[    0.817284] Inode-cache hash table entries: 4194304 (order: 13, 33554432 bytes, vmalloc hugepage)
[    0.818538] Mount-cache hash table entries: 131072 (order: 8, 1048576 bytes, vmalloc)
[    0.819756] Mountpoint-cache hash table entries: 131072 (order: 8, 1048576 bytes, vmalloc)
[    0.822388] Last level iTLB entries: 4KB 64, 2MB 8, 4MB 8
[    0.823120] Last level dTLB entries: 4KB 64, 2MB 0, 4MB 0, 1GB 4
[    0.823968] Spectre V1 : Mitigation: usercopy/swapgs barriers and __user pointer sanitization
[    0.824992] Spectre V2 : Mitigation: Enhanced IBRS
[    0.825714] Spectre V2 : Spectre v2 / SpectreRSB mitigation: Filling RSB on context switch
[    0.826950] Spectre V2 : mitigation: Enabling conditional Indirect Branch Prediction Barrier
[    0.828325] Speculative Store Bypass: Mitigation: Speculative Store Bypass disabled via prctl
[    0.829538] MDS: Mitigation: Clear CPU buffers
[    0.830162] TAA: Mitigation: Clear CPU buffers
[    0.830809] MMIO Stale Data: Vulnerable: Clear CPU buffers attempted, no microcode
[    0.835881] Freeing SMP alternatives memory: 48K
[    0.943333] smpboot: CPU0: Intel(R) Xeon(R) CPU @ 2.80GHz (family: 0x6, model: 0x55, stepping: 0x7)
[    0.944753] cblist_init_generic: Setting adjustable number of callback queues.
[    0.944988] cblist_init_generic: Setting shift to 5 and lim to 1.
[    0.945001] cblist_init_generic: Setting shift to 5 and lim to 1.
[    0.945851] cblist_init_generic: Setting shift to 5 and lim to 1.
[    0.946682] Performance Events: unsupported p6 CPU model 85 no PMU driver, software events only.
[    0.947911] rcu: Hierarchical SRCU implementation.
[    0.948398] NMI watchdog: Perf NMI watchdog permanently disabled
[    0.949615] smp: Bringing up secondary CPUs ...
[    0.950391] x86: Booting SMP configuration:
[    0.951010] .... node  #0, CPUs:        #1  #2  #3  #4  #5  #6  #7
[    0.956013] .... node  #1, CPUs:    #8
[    0.014844] smpboot: CPU 8 Converting physical 0 to logical die 1
[    0.961833]   #9 #10 #11 #12 #13 #14 #15
[    0.965739] .... node  #0, CPUs:   #16
[    0.966307] MDS CPU bug present and SMT on, data leak possible. See https://www.kernel.org/doc/html/latest/admin-guide/hw-vuln/mds.html for more details.
[    0.970135] TAA CPU bug present and SMT on, data leak possible. See https://www.kernel.org/doc/html/latest/admin-guide/hw-vuln/tsx_async_abort.html for more details.
[    0.971661] MMIO Stale Data CPU bug present and SMT on, data leak possible. See https://www.kernel.org/doc/html/latest/admin-guide/hw-vuln/processor_mmio_stale_data.html for more details.
[    0.973977]  #17 #18 #19 #20 #21 #22 #23
[    0.979074] .... node  #1, CPUs:   #24 #25 #26 #27 #28 #29 #30 #31
[    0.982242] smp: Brought up 2 nodes, 32 CPUs
[    0.985588] smpboot: Max logical packages: 2
[    0.986249] smpboot: Total of 32 processors activated (179287.06 BogoMIPS)
[    0.991082] __common_interrupt: 0.37 No irq handler for vector
[    0.991917] devtmpfs: initialized
[    0.992176] x86/mm: Memory block size: 1024MB
[    0.993588] clocksource: jiffies: mask: 0xffffffff max_cycles: 0xffffffff, max_idle_ns: 6370867519511994 ns
[    0.995011] futex hash table entries: 8192 (order: 7, 524288 bytes, vmalloc)
[    0.996290] NET: Registered PF_NETLINK/PF_ROUTE protocol family
[    0.997297] thermal_sys: Registered thermal governor 'step_wise'
[    0.997318] cpuidle: using governor menu
[    0.998965] PCI: Using configuration type 1 for base access
[    1.001827] cryptd: max_cpu_qlen set to 1000
[    1.058323] raid6: avx512x4 gen() 26198 MB/s
[    1.114990] raid6: avx512x2 gen() 26261 MB/s
[    1.171656] raid6: avx512x1 gen() 26640 MB/s
[    1.228323] raid6: avx2x4   gen() 23325 MB/s
[    1.284990] raid6: avx2x2   gen() 23269 MB/s
[    1.341656] raid6: avx2x1   gen() 21113 MB/s
[    1.342448] raid6: using algorithm avx512x1 gen() 26640 MB/s
[    1.398323] raid6: .... xor() 24005 MB/s, rmw enabled
[    1.399037] raid6: using avx512x2 recovery algorithm
[    1.399781] ACPI: Added _OSI(Module Device)
[    1.400383] ACPI: Added _OSI(Processor Device)
[    1.401002] ACPI: Added _OSI(3.0 _SCP Extensions)
[    1.401658] ACPI: Added _OSI(Processor Aggregator Device)
[    1.402402] ACPI: Added _OSI(Linux-Dell-Video)
[    1.403017] ACPI: Added _OSI(Linux-Lenovo-NV-HDMI-Audio)
[    1.403751] ACPI: Added _OSI(Linux-HPI-Hybrid-Graphics)
[    1.405968] ACPI: 3 ACPI AML tables successfully acquired and loaded
[    1.409267] ACPI: Interpreter enabled
[    1.409799] ACPI: PM: (supports S0 S5)
[    1.410332] ACPI: Using IOAPIC for interrupt routing
[    1.411018] PCI: Using host bridge windows from ACPI; if necessary, use "pci=nocrs" and report a bug
[    1.411659] PCI: Ignoring E820 reservations for host bridge windows
[    1.412705] ACPI: Enabled 16 GPEs in block 00 to 0F
[    1.416985] ACPI: PCI Root Bridge [PCI0] (domain 0000 [bus 00-ff])
[    1.417836] acpi PNP0A03:00: _OSC: OS supports [ASPM ClockPM Segments MSI HPX-Type3]
[    1.418325] acpi PNP0A03:00: PCIe port services disabled; not requesting _OSC control
[    1.419502] PCI host bridge to bus 0000:00
[    1.420080] pci_bus 0000:00: Unknown NUMA node; performance will be reduced
[    1.421659] pci_bus 0000:00: root bus resource [io  0x0000-0x0cf7 window]
[    1.422598] pci_bus 0000:00: root bus resource [io  0x0d00-0xffff window]
[    1.423518] pci_bus 0000:00: root bus resource [mem 0x000a0000-0x000bffff window]
[    1.424526] pci_bus 0000:00: root bus resource [mem 0xc0000000-0xfebfefff window]
[    1.424992] pci_bus 0000:00: root bus resource [bus 00-ff]
[    1.425846] pci 0000:00:00.0: [8086:1237] type 00 class 0x060000
[    1.428324] __common_interrupt: 0.37 No irq handler for vector
[    1.428323] __common_interrupt: 16.36 No irq handler for vector
[    1.428323] __common_interrupt: 1.38 No irq handler for vector
[    1.428323] __common_interrupt: 17.38 No irq handler for vector
[    1.428323] __common_interrupt: 18.38 No irq handler for vector
[    1.428323] __common_interrupt: 2.36 No irq handler for vector
[    1.428323] __common_interrupt: 3.37 No irq handler for vector
[    1.428323] __common_interrupt: 4.36 No irq handler for vector
[    1.431978] pci 0000:00:01.0: [8086:7110] type 00 class 0x060100
[    1.488532] pci 0000:00:01.3: [8086:7113] type 00 class 0x068000
[    1.548367] pci 0000:00:01.3: quirk: [io  0xb000-0xb03f] claimed by PIIX4 ACPI
[    1.551901] pci 0000:00:03.0: [1af4:1004] type 00 class 0x000000
[    1.571662] pci 0000:00:03.0: reg 0x10: [io  0xc040-0xc07f]
[    1.588326] pci 0000:00:03.0: reg 0x14: [mem 0xc0102000-0xc010207f]
[    1.625209] pci 0000:00:04.0: [1ae0:001f] type 00 class 0x010802
[    1.651667] pci 0000:00:04.0: reg 0x10: [mem 0xc0000000-0xc0003fff 64bit]
[    1.678326] pci 0000:00:04.0: reg 0x20: [mem 0xc0101000-0xc01011ff]
[    1.695295] pci 0000:00:05.0: [1af4:1000] type 00 class 0x020000
[    1.718325] pci 0000:00:05.0: reg 0x10: [io  0xc000-0xc03f]
[    1.731658] pci 0000:00:05.0: reg 0x14: [mem 0xc0100000-0xc01007ff]
[    1.778324] pci 0000:00:06.0: [1af4:1005] type 00 class 0x00ff00
[    1.798324] pci 0000:00:06.0: reg 0x10: [io  0xc080-0xc09f]
[    1.814991] pci 0000:00:06.0: reg 0x14: [mem 0xc0103000-0xc010303f]
[    1.852328] ACPI: PCI: Interrupt link LNKA configured for IRQ 11
[    1.855053] ACPI: PCI: Interrupt link LNKB configured for IRQ 11
[    1.858382] ACPI: PCI: Interrupt link LNKC configured for IRQ 10
[    1.861715] ACPI: PCI: Interrupt link LNKD configured for IRQ 10
[    1.865018] ACPI: PCI: Interrupt link LNKS configured for IRQ 9
[    1.869144] SCSI subsystem initialized
[    1.869144] Registered efivars operations
[    1.869727] PCI: Using ACPI for IRQ routing
[    1.870300] PCI: pci_cache_line_size set to 64 bytes
[    1.870395] e820: reserve RAM buffer [mem 0x00055000-0x0005ffff]
[    1.870397] e820: reserve RAM buffer [mem 0x00098000-0x0009ffff]
[    1.870399] e820: reserve RAM buffer [mem 0xbf6ed000-0xbfffffff]
[    1.870401] e820: reserve RAM buffer [mem 0xbffe0000-0xbfffffff]
[    1.870416] vgaarb: loaded
[    1.871803] clocksource: Switched to clocksource kvm-clock
[    1.872660] VFS: Disk quotas dquot_6.6.0
[    1.873230] VFS: Dquot-cache hash table entries: 512 (order 0, 4096 bytes)
[    1.874188] pnp: PnP ACPI init
[    1.875057] pnp: PnP ACPI: found 7 devices
[    1.881612] clocksource: acpi_pm: mask: 0xffffff max_cycles: 0xffffff, max_idle_ns: 2085701024 ns
[    1.882864] NET: Registered PF_INET protocol family
[    1.884143] IP idents hash table entries: 262144 (order: 9, 2097152 bytes, vmalloc)
[    1.887663] tcp_listen_portaddr_hash hash table entries: 65536 (order: 8, 1048576 bytes, vmalloc)
[    1.889046] Table-perturb hash table entries: 65536 (order: 6, 262144 bytes, vmalloc)
[    1.890122] TCP established hash table entries: 524288 (order: 10, 4194304 bytes, vmalloc hugepage)
[    1.892022] TCP bind hash table entries: 65536 (order: 8, 1048576 bytes, vmalloc)
[    1.893184] TCP: Hash tables configured (established 524288 bind 65536)
[    1.894169] UDP hash table entries: 65536 (order: 9, 2097152 bytes, vmalloc)
[    1.895455] UDP-Lite hash table entries: 65536 (order: 9, 2097152 bytes, vmalloc)
[    1.896873] NET: Registered PF_UNIX/PF_LOCAL protocol family
[    1.897884] RPC: Registered named UNIX socket transport module.
[    1.898702] RPC: Registered udp transport module.
[    1.899377] RPC: Registered tcp transport module.
[    1.900011] RPC: Registered tcp NFSv4.1 backchannel transport module.
[    1.900875] pci_bus 0000:00: resource 4 [io  0x0000-0x0cf7 window]
[    1.901710] pci_bus 0000:00: resource 5 [io  0x0d00-0xffff window]
[    1.902583] pci_bus 0000:00: resource 6 [mem 0x000a0000-0x000bffff window]
[    1.903508] pci_bus 0000:00: resource 7 [mem 0xc0000000-0xfebfefff window]
[    1.904462] pci 0000:00:00.0: Limiting direct PCI/PCI transfers
[    1.905370] PCI: CLS 0 bytes, default 64
[    1.905925] PCI-DMA: Using software bounce buffering for IO (SWIOTLB)
[    1.906782] software IO TLB: mapped [mem 0x00000000b9f59000-0x00000000bdf59000] (64MB)
[    1.908932] RAPL PMU: API unit is 2^-32 Joules, 0 fixed counters, 10737418240 ms ovfl timer
[    1.910115] clocksource: tsc: mask: 0xffffffffffffffff max_cycles: 0x285d298e329, max_idle_ns: 440795345114 ns
[    1.911640] clocksource: Switched to clocksource tsc
[    1.912787] Initialise system trusted keyrings
[    1.913543] workingset: timestamp_bits=40 max_order=25 bucket_order=0
[    1.915713] NFS: Registering the id_resolver key type
[    1.916862] Key type id_resolver registered
[    1.917434] Key type id_legacy registered
[    1.918004] Installing knfsd (copyright (C) 1996 okir@monad.swb.de).
[    1.919119] ntfs: driver 2.1.32 [Flags: R/W].
[    1.919885] fuse: init (API version 7.36)
[    1.920611] JFS: nTxBlock = 8192, nTxLock = 65536
[    1.923806] SGI XFS with ACLs, security attributes, realtime, scrub, repair, quota, no debug enabled
[    1.925408] 9p: Installing v9fs 9p2000 file system support
[    1.926213] NILFS version 2 loaded
[    1.926726] ocfs2: Registered cluster interface o2cb
[    1.927537] OCFS2 User DLM kernel interface loaded
[    1.928437] xor: automatically using best checksumming function   avx       
[    1.929378] Key type asymmetric registered
[    1.929950] Asymmetric key parser 'x509' registered
[    1.930620] Block layer SCSI generic (bsg) driver version 0.4 loaded (major 249)
[    1.931637] io scheduler mq-deadline registered
[    1.932285] io scheduler kyber registered
[    1.934645] input: Power Button as /devices/LNXSYSTM:00/LNXPWRBN:00/input/input0
[    1.935644] ACPI: button: Power Button [PWRF]
[    1.936292] input: Sleep Button as /devices/LNXSYSTM:00/LNXSLPBN:00/input/input1
[    1.937285] ACPI: button: Sleep Button [SLPF]
[    1.959336] ACPI: \_SB_.LNKC: Enabled at IRQ 10
[    2.087389] virtio-pci 0000:00:03.0: virtio_pci: leaving for legacy driver
[    2.163667] ACPI: \_SB_.LNKA: Enabled at IRQ 11
[    2.182625] virtio-pci 0000:00:05.0: virtio_pci: leaving for legacy driver
[    2.216988] ACPI: \_SB_.LNKB: Enabled at IRQ 11
[    2.219724] virtio-pci 0000:00:06.0: virtio_pci: leaving for legacy driver
[    2.227264] Serial: 8250/16550 driver, 32 ports, IRQ sharing disabled
[    2.228250] 00:03: ttyS0 at I/O 0x3f8 (irq = 4, base_baud = 115200) is a 16550A
[    2.229352] 00:04: ttyS1 at I/O 0x2f8 (irq = 3, base_baud = 115200) is a 16550A
[    2.230465] 00:05: ttyS2 at I/O 0x3e8 (irq = 6, base_baud = 115200) is a 16550A
[    2.231568] 00:06: ttyS3 at I/O 0x2e8 (irq = 7, base_baud = 115200) is a 16550A
[    2.258998] tpm_tis MSFT0101:00: 2.0 TPM (device-id 0x9009, rev-id 0)
[    2.272619] loop: module loaded
[    2.289891] scsi host0: Virtio SCSI HBA
[    2.294495] scsi 0:0:1:0: Direct-Access     Google   PersistentDisk   1    PQ: 0 ANSI: 6
[    2.295912] scsi 0:0:2:0: Direct-Access     Google   PersistentDisk   1    PQ: 0 ANSI: 6
[    2.297220] scsi 0:0:3:0: Direct-Access     Google   PersistentDisk   1    PQ: 0 ANSI: 6
[    2.311767] sd 0:0:1:0: [sda] 20971520 512-byte logical blocks: (10.7 GB/10.0 GiB)
[    2.311857] sd 0:0:2:0: [sdb] 10485760000 512-byte logical blocks: (5.37 TB/4.88 TiB)
[    2.311894] sd 0:0:3:0: [sdc] 4294967296 512-byte logical blocks: (2.20 TB/2.00 TiB)
[    2.311897] sd 0:0:3:0: [sdc] 4096-byte physical blocks
[    2.311900] nvme nvme0: pci function 0000:00:04.0
[    2.311923] sd 0:0:3:0: [sdc] Write Protect is off
[    2.311925] sd 0:0:3:0: [sdc] Mode Sense: 1f 00 00 08
[    2.311975] sd 0:0:3:0: [sdc] Write cache: enabled, read cache: enabled, doesn't support DPO or FUA
[    2.318035] sd 0:0:1:0: [sda] 4096-byte physical blocks
[    2.318091] sd 0:0:1:0: [sda] Write Protect is off
[    2.320447] ACPI: \_SB_.LNKD: Enabled at IRQ 10
[    2.328969] sd 0:0:2:0: [sdb] 4096-byte physical blocks
[    2.332412] sd 0:0:1:0: [sda] Mode Sense: 1f 00 00 08
[    2.332547] sd 0:0:1:0: [sda] Write cache: enabled, read cache: enabled, doesn't support DPO or FUA
[    2.335032] sd 0:0:2:0: [sdb] Write Protect is off
[    2.366258] sd 0:0:2:0: [sdb] Mode Sense: 1f 00 00 08
[    2.366381] sd 0:0:2:0: [sdb] Write cache: enabled, read cache: enabled, doesn't support DPO or FUA
[    2.394543]  sdc: sdc1 sdc2
[    2.394879]  sda: sda1 sda14 sda15
[    2.400065] sd 0:0:3:0: [sdc] Attached SCSI disk
[    2.400165] sd 0:0:1:0: [sda] Attached SCSI disk
[    2.418424] nvme nvme0: 15/0/0 default/read/poll queues
[    2.444778]  nvme0n1: p1 p2
[    2.445125]  sdb: sdb1 sdb2
[    2.448433] sd 0:0:2:0: [sdb] Attached SCSI disk
[    2.598121] i8042: PNP: PS/2 Controller [PNP0303:KBD,PNP0f13:MOU] at 0x60,0x64 irq 1,12
[    2.599346] i8042: Warning: Keylock active
[    2.601608] serio: i8042 KBD port at 0x60,0x64 irq 1
[    2.602311] serio: i8042 AUX port at 0x60,0x64 irq 12
[    2.603043] device-mapper: core: CONFIG_IMA_DISABLE_HTABLE is disabled. Duplicate IMA measurements will not be recorded in the IMA log.
[    2.604844] device-mapper: ioctl: 4.46.0-ioctl (2022-02-22) initialised: dm-devel@redhat.com
[    2.606111] intel_pstate: CPU model not supported
[    2.606755] EFI Variables Facility v0.08 2004-May-17
[    2.613668] NET: Registered PF_INET6 protocol family
[    2.614866] Segment Routing with IPv6
[    2.615385] In-situ OAM (IOAM) with IPv6
[    2.615941] sit: IPv6, IPv4 and MPLS over IPv4 tunneling driver
[    2.616844] NET: Registered PF_PACKET protocol family
[    2.617560] 9pnet: Installing 9P2000 support
[    2.618182] Key type dns_resolver registered
[    2.622051] IPI shorthand broadcast: enabled
[    2.622641] AVX2 version of gcm_enc/dec engaged.
[    2.623813] AES CTR mode by8 optimization enabled
[    2.625376] sched_clock: Marking stable (2613838545, 11511492)->(4542631709, -1917281672)
[    2.627562] Loading compiled-in X.509 certificates
[    2.628440] Key type ._fscrypt registered
[    2.629001] Key type .fscrypt registered
[    2.629537] Key type fscrypt-provisioning registered
[    2.631845] Btrfs loaded, crc32c=crc32c-intel, assert=on, zoned=no, fsverity=yes
[    2.633453] Key type encrypted registered
[    2.634010] ima: Allocated hash algorithm: sha1
[    2.656806] ima: No architecture policies found
[    2.657814] evm: Initialising EVM extended attributes:
[    2.658510] evm: security.selinux (disabled)
[    2.659091] evm: security.SMACK64 (disabled)
[    2.659670] evm: security.SMACK64EXEC (disabled)
[    2.660296] evm: security.SMACK64TRANSMUTE (disabled)
[    2.660975] evm: security.SMACK64MMAP (disabled)
[    2.661598] evm: security.apparmor (disabled)
[    2.662192] evm: security.ima
[    2.662605] evm: security.capability
[    2.663105] evm: HMAC attrs: 0x1
[    2.805290] input: AT Translated Set 2 keyboard as /devices/platform/i8042/serio0/input/input2
[    2.922106] EXT4-fs (sda1): INFO: recovery required on readonly filesystem
[    2.923031] EXT4-fs (sda1): write access will be enabled during recovery
[    2.982545] EXT4-fs (sda1): orphan cleanup on readonly fs
[    3.042695] EXT4-fs (sda1): 1 orphan inode deleted
[    3.043516] EXT4-fs (sda1): recovery complete
[    3.060959] EXT4-fs (sda1): mounted filesystem with ordered data mode. Quota mode: none.
[    3.062073] VFS: Mounted root (ext4 filesystem) readonly on device 8:1.
[    3.064190] Freeing unused kernel image (initmem) memory: 1540K
[    3.065012] Write protecting the kernel read-only data: 22528k
[    3.067069] Freeing unused kernel image (text/rodata gap) memory: 2028K
[    3.068418] Freeing unused kernel image (rodata/data gap) memory: 668K
[    3.069295] Run /sbin/init as init process
[    3.069855]   with arguments:
[    3.069856]     /sbin/init
[    3.069857]   with environment:
[    3.069857]     HOME=/
[    3.069858]     TERM=linux
[    3.069859]     intel_iommu=off
[    3.721336] systemd[1]: systemd 247.3-7+deb11u4 running in system mode. (+PAM +AUDIT +SELINUX +IMA +APPARMOR +SMACK +SYSVINIT +UTMP +LIBCRYPTSETUP +GCRYPT +GNUTLS +ACL +XZ +LZ4 +ZSTD +SECCOMP +BLKID +ELFUTILS +KMOD +IDN2 -IDN +PCRE2 default-hierarchy=unified)
[    3.724445] systemd[1]: Detected virtualization kvm.
[    3.725142] systemd[1]: Detected architecture x86-64.
[    3.763554] systemd[1]: Set hostname to <debian>.
[    4.477689] systemd[1]: Condition check resulted in System Slice being skipped.
[    4.479196] systemd[1]: Queued start job for default target Graphical Interface.
[    4.481513] systemd[1]: Created slice system-getty.slice.
[    4.495267] systemd[1]: Created slice system-modprobe.slice.
[    4.508580] systemd[1]: Created slice system-serial\x2dgetty.slice.
[    4.521882] systemd[1]: Created slice system-systemd\x2dgrowfs.slice.
[    4.535195] systemd[1]: Created slice User and Session Slice.
[    4.548405] systemd[1]: Started Dispatch Password Requests to Console Directory Watch.
[    4.561733] systemd[1]: Started Forward Password Requests to Wall Directory Watch.
[    4.575060] systemd[1]: Condition check resulted in Arbitrary Executable File Formats File System Automount Point being skipped.
[    4.576617] systemd[1]: Reached target Local Encrypted Volumes.
[    4.591718] systemd[1]: Reached target Paths.
[    4.605038] systemd[1]: Reached target Slices.
[    4.618369] systemd[1]: Reached target Swap.
[    4.631693] systemd[1]: Reached target System Time Set.
[    4.648056] systemd[1]: Listening on RPCbind Server Activation Socket.
[    4.662356] systemd[1]: Listening on Syslog Socket.
[    4.675107] systemd[1]: Listening on fsck to fsckd communication Socket.
[    4.688400] systemd[1]: Listening on initctl Compatibility Named Pipe.
[    4.701760] systemd[1]: Condition check resulted in Journal Audit Socket being skipped.
[    4.702986] systemd[1]: Listening on Journal Socket (/dev/log).
[    4.715116] systemd[1]: Listening on Journal Socket.
[    4.767099] systemd[1]: Listening on udev Control Socket.
[    4.781761] systemd[1]: Listening on udev Kernel Socket.
[    4.795129] systemd[1]: Condition check resulted in Huge Pages File System being skipped.
[    4.796833] systemd[1]: Mounting POSIX Message Queue File System...
[    4.812232] systemd[1]: Mounting NFSD configuration filesystem...
[    4.825572] systemd[1]: Mounting RPC Pipe File System...
[    4.838950] systemd[1]: Mounting Kernel Debug File System...
[    4.852270] systemd[1]: Mounting Kernel Trace File System...
[    4.865055] systemd[1]: Condition check resulted in Kernel Module supporting RPCSEC_GSS being skipped.
[    4.866376] systemd[1]: Condition check resulted in Create list of static device nodes for the current kernel being skipped.
[    4.868494] systemd[1]: Starting Load Kernel Module configfs...
[    4.882306] systemd[1]: Starting Load Kernel Module drm...
[    4.895758] systemd[1]: Starting Load Kernel Module fuse...
[    4.909418] systemd[1]: Condition check resulted in Set Up Additional Binary Formats being skipped.
[    4.911185] systemd[1]: Starting File System Check on Root Device...
[    4.927017] systemd[1]: Starting Journal Service...
[    4.929470] systemd[1]: Starting Load Kernel Modules...
[    4.931140] systemd[1]: Starting Coldplug All udev Devices...
[    4.933188] systemd[1]: Mounted POSIX Message Queue File System.
[    4.934088] systemd[1]: Mounted NFSD configuration filesystem.
[    4.935110] systemd[1]: Mounted RPC Pipe File System.
[    4.935964] systemd[1]: Mounted Kernel Debug File System.
[    4.936899] systemd[1]: Mounted Kernel Trace File System.
[    4.937879] systemd[1]: modprobe@configfs.service: Succeeded.
[    4.938834] systemd[1]: Finished Load Kernel Module configfs.
[    4.939828] systemd[1]: modprobe@drm.service: Succeeded.
[    4.940860] systemd[1]: Finished Load Kernel Module drm.
[    4.941869] systemd[1]: modprobe@fuse.service: Succeeded.
[    4.942900] systemd[1]: Finished Load Kernel Module fuse.
[    4.943912] systemd[1]: Finished Load Kernel Modules.
[    4.945538] systemd[1]: Mounting FUSE Control File System...
[    4.946991] systemd[1]: Mounting Kernel Configuration File System...
[    4.948601] systemd[1]: Starting pNFS block layout mapping daemon...
[    4.950303] systemd[1]: Started File System Check Daemon to report status.
[    4.952057] systemd[1]: Starting Apply Kernel Variables...
[    4.954203] systemd[1]: Mounted FUSE Control File System.
[    4.955210] systemd[1]: Mounted Kernel Configuration File System.
[    4.961126] systemd[1]: Finished Apply Kernel Variables.
[    4.971595] systemd[1]: Started pNFS block layout mapping daemon.
[    4.973938] systemd[1]: Started Journal Service.
[    5.894599] EXT4-fs (sda1): re-mounted. Quota mode: none.
[    5.933072] systemd-journald[396]: Received client request to flush runtime journal.
[    6.025603] systemd-journald[396]: File /var/log/journal/28342918c0f637adf7806cb468149743/system.journal corrupted or uncleanly shut down, renaming and replacing.
[    6.194402] virtio_net virtio1 enp0s5: renamed from eth0
[    6.264335] FAT-fs (sda15): Volume was not properly unmounted. Some data may be corrupt. Please run fsck.
[    9.768681] NFSD: Using UMH upcall client tracking operations.
[    9.769499] NFSD: starting 90-second grace period (net f0000000)
[ 1493.034093] nfsd: last server has exited, flushing export cache
[ 1499.746795] EXT4-fs (nvme0n1p1): mounted filesystem with ordered data mode. Quota mode: none.
[ 1500.854709] NFSD: Using UMH upcall client tracking operations.
[ 1500.860695] NFSD: starting 90-second grace period (net f0000000)
[ 1500.942580] sh (2038): drop_caches: 3
