[    0.000000] Linux version 5.18.18-CJFS-xfstests-perf (harshads@harshads.c.googlers.com) (gcc (Debian 13.2.0-5) 13.2.0, GNU ld (GNU Binutils for Debian) 2.41) #1 SMP PREEMPT_DYNAMIC Thu Jan 4 03:50:07 UTC 2024
[    0.000000] Command line: root=/dev/sda1 console=tty0 console=ttyS0,115200 earlyprintk=ttyS0,115200 consoleblank=0 intel_iommu=off
[    0.000000] x86/fpu: Supporting XSAVE feature 0x001: 'x87 floating point registers'
[    0.000000] x86/fpu: Supporting XSAVE feature 0x002: 'SSE registers'
[    0.000000] x86/fpu: Supporting XSAVE feature 0x004: 'AVX registers'
[    0.000000] x86/fpu: Supporting XSAVE feature 0x020: 'AVX-512 opmask'
[    0.000000] x86/fpu: Supporting XSAVE feature 0x040: 'AVX-512 Hi256'
[    0.000000] x86/fpu: Supporting XSAVE feature 0x080: 'AVX-512 ZMM_Hi256'
[    0.000000] x86/fpu: xstate_offset[2]:  576, xstate_sizes[2]:  256
[    0.000000] x86/fpu: xstate_offset[5]:  832, xstate_sizes[5]:   64
[    0.000000] x86/fpu: xstate_offset[6]:  896, xstate_sizes[6]:  512
[    0.000000] x86/fpu: xstate_offset[7]: 1408, xstate_sizes[7]: 1024
[    0.000000] x86/fpu: Enabled xstate features 0xe7, context size is 2432 bytes, using 'compacted' format.
[    0.000000] signal: max sigframe size: 3632
[    0.000000] BIOS-provided physical RAM map:
[    0.000000] BIOS-e820: [mem 0x0000000000000000-0x0000000000000fff] reserved
[    0.000000] BIOS-e820: [mem 0x0000000000001000-0x0000000000054fff] usable
[    0.000000] BIOS-e820: [mem 0x0000000000055000-0x000000000005ffff] reserved
[    0.000000] BIOS-e820: [mem 0x0000000000060000-0x0000000000097fff] usable
[    0.000000] BIOS-e820: [mem 0x0000000000098000-0x000000000009ffff] reserved
[    0.000000] BIOS-e820: [mem 0x0000000000100000-0x00000000bf6ecfff] usable
[    0.000000] BIOS-e820: [mem 0x00000000bf6ed000-0x00000000bf96cfff] reserved
[    0.000000] BIOS-e820: [mem 0x00000000bf96d000-0x00000000bf97efff] ACPI data
[    0.000000] BIOS-e820: [mem 0x00000000bf97f000-0x00000000bf9fefff] ACPI NVS
[    0.000000] BIOS-e820: [mem 0x00000000bf9ff000-0x00000000bffdffff] usable
[    0.000000] BIOS-e820: [mem 0x00000000bffe0000-0x00000000bfffffff] reserved
[    0.000000] BIOS-e820: [mem 0x0000000100000000-0x000000203fffffff] usable
[    0.000000] printk: bootconsole [earlyser0] enabled
[    0.000000] NX (Execute Disable) protection: active
[    0.000000] e820: update [mem 0x00100000-0x0010006f] usable ==> usable
[    0.000000] extended physical RAM map:
[    0.000000] reserve setup_data: [mem 0x0000000000000000-0x0000000000000fff] reserved
[    0.000000] reserve setup_data: [mem 0x0000000000001000-0x0000000000054fff] usable
[    0.000000] reserve setup_data: [mem 0x0000000000055000-0x000000000005ffff] reserved
[    0.000000] reserve setup_data: [mem 0x0000000000060000-0x0000000000097fff] usable
[    0.000000] reserve setup_data: [mem 0x0000000000098000-0x000000000009ffff] reserved
[    0.000000] reserve setup_data: [mem 0x0000000000100000-0x000000000010006f] usable
[    0.000000] reserve setup_data: [mem 0x0000000000100070-0x00000000bf6ecfff] usable
[    0.000000] reserve setup_data: [mem 0x00000000bf6ed000-0x00000000bf96cfff] reserved
[    0.000000] reserve setup_data: [mem 0x00000000bf96d000-0x00000000bf97efff] ACPI data
[    0.000000] reserve setup_data: [mem 0x00000000bf97f000-0x00000000bf9fefff] ACPI NVS
[    0.000000] reserve setup_data: [mem 0x00000000bf9ff000-0x00000000bffdffff] usable
[    0.000000] reserve setup_data: [mem 0x00000000bffe0000-0x00000000bfffffff] reserved
[    0.000000] reserve setup_data: [mem 0x0000000100000000-0x000000203fffffff] usable
[    0.000000] efi: EFI v2.70 by EDK II
[    0.000000] efi: TPMFinalLog=0xbf9f7000 ACPI=0xbf97e000 ACPI 2.0=0xbf97e014 SMBIOS=0xbf7ca000 MEMATTR=0xbe17b018 
[    0.000000] SMBIOS 2.4 present.
[    0.000000] DMI: Google Google Compute Engine/Google Compute Engine, BIOS Google 11/17/2023
[    0.000000] Hypervisor detected: KVM
[    0.000000] kvm-clock: Using msrs 4b564d01 and 4b564d00
[    0.000002] kvm-clock: using sched offset of 13239828556043 cycles
[    0.000675] clocksource: kvm-clock: mask: 0xffffffffffffffff max_cycles: 0x1cd42e4dffb, max_idle_ns: 881590591483 ns
[    0.002824] tsc: Detected 2800.246 MHz processor
[    0.003433] e820: update [mem 0x00000000-0x00000fff] usable ==> reserved
[    0.003437] e820: remove [mem 0x000a0000-0x000fffff] usable
[    0.003443] last_pfn = 0x2040000 max_arch_pfn = 0x400000000
[    0.004205] x86/PAT: Configuration [0-7]: WB  WC  UC- UC  WB  WP  UC- WT  
[    0.005490] x2apic: enabled by BIOS, switching to x2apic ops
[    0.006211] last_pfn = 0xbffe0 max_arch_pfn = 0x400000000
[    0.019133] Using GB pages for direct mapping
[    0.019924] Secure boot could not be determined
[    0.020508] ACPI: Early table checksum verification disabled
[    0.021245] ACPI: RSDP 0x00000000BF97E014 000024 (v02 Google)
[    0.021978] ACPI: XSDT 0x00000000BF97D0E8 00005C (v01 Google GOOGFACP 00000001      01000013)
[    0.023070] ACPI: FACP 0x00000000BF978000 0000F4 (v02 Google GOOGFACP 00000001 GOOG 00000001)
[    0.024158] ACPI: DSDT 0x00000000BF979000 001A64 (v01 Google GOOGDSDT 00000001 GOOG 00000001)
[    0.025259] ACPI: FACS 0x00000000BF9F1000 000040
[    0.025848] ACPI: SSDT 0x00000000BF97C000 000316 (v02 GOOGLE Tpm2Tabl 00001000 INTL 20211217)
[    0.026938] ACPI: TPM2 0x00000000BF97B000 000034 (v04 GOOGLE          00000001 GOOG 00000001)
[    0.028026] ACPI: SRAT 0x00000000BF977000 0002D0 (v03 Google GOOGSRAT 00000001 GOOG 00000001)
[    0.029116] ACPI: APIC 0x00000000BF976000 000166 (v05 Google GOOGAPIC 00000001 GOOG 00000001)
[    0.030203] ACPI: SSDT 0x00000000BF974000 0014DE (v01 Google GOOGSSDT 00000001 GOOG 00000001)
[    0.031305] ACPI: WAET 0x00000000BF973000 000028 (v01 Google GOOGWAET 00000001 GOOG 00000001)
[    0.032403] ACPI: Reserving FACP table memory at [mem 0xbf978000-0xbf9780f3]
[    0.033399] ACPI: Reserving DSDT table memory at [mem 0xbf979000-0xbf97aa63]
[    0.034347] ACPI: Reserving FACS table memory at [mem 0xbf9f1000-0xbf9f103f]
[    0.035244] ACPI: Reserving SSDT table memory at [mem 0xbf97c000-0xbf97c315]
[    0.036210] ACPI: Reserving TPM2 table memory at [mem 0xbf97b000-0xbf97b033]
[    0.037111] ACPI: Reserving SRAT table memory at [mem 0xbf977000-0xbf9772cf]
[    0.038010] ACPI: Reserving APIC table memory at [mem 0xbf976000-0xbf976165]
[    0.038910] ACPI: Reserving SSDT table memory at [mem 0xbf974000-0xbf9754dd]
[    0.039810] ACPI: Reserving WAET table memory at [mem 0xbf973000-0xbf973027]
[    0.041244] Setting APIC routing to cluster x2apic.
[    0.041895] SRAT: PXM 0 -> APIC 0x00 -> Node 0
[    0.042468] SRAT: PXM 0 -> APIC 0x01 -> Node 0
[    0.043035] SRAT: PXM 0 -> APIC 0x02 -> Node 0
[    0.043600] SRAT: PXM 0 -> APIC 0x03 -> Node 0
[    0.044182] SRAT: PXM 0 -> APIC 0x04 -> Node 0
[    0.044749] SRAT: PXM 0 -> APIC 0x05 -> Node 0
[    0.045315] SRAT: PXM 0 -> APIC 0x06 -> Node 0
[    0.045883] SRAT: PXM 0 -> APIC 0x07 -> Node 0
[    0.046448] SRAT: PXM 0 -> APIC 0x08 -> Node 0
[    0.047016] SRAT: PXM 0 -> APIC 0x09 -> Node 0
[    0.047581] SRAT: PXM 0 -> APIC 0x0a -> Node 0
[    0.048149] SRAT: PXM 0 -> APIC 0x0b -> Node 0
[    0.048715] SRAT: PXM 0 -> APIC 0x0c -> Node 0
[    0.049282] SRAT: PXM 0 -> APIC 0x0d -> Node 0
[    0.049864] SRAT: PXM 0 -> APIC 0x0e -> Node 0
[    0.050447] SRAT: PXM 0 -> APIC 0x0f -> Node 0
[    0.051012] SRAT: PXM 1 -> APIC 0x10 -> Node 1
[    0.051579] SRAT: PXM 1 -> APIC 0x11 -> Node 1
[    0.052145] SRAT: PXM 1 -> APIC 0x12 -> Node 1
[    0.052713] SRAT: PXM 1 -> APIC 0x13 -> Node 1
[    0.053279] SRAT: PXM 1 -> APIC 0x14 -> Node 1
[    0.053847] SRAT: PXM 1 -> APIC 0x15 -> Node 1
[    0.054412] SRAT: PXM 1 -> APIC 0x16 -> Node 1
[    0.054979] SRAT: PXM 1 -> APIC 0x17 -> Node 1
[    0.055545] SRAT: PXM 1 -> APIC 0x18 -> Node 1
[    0.056112] SRAT: PXM 1 -> APIC 0x19 -> Node 1
[    0.056679] SRAT: PXM 1 -> APIC 0x1a -> Node 1
[    0.057245] SRAT: PXM 1 -> APIC 0x1b -> Node 1
[    0.057813] SRAT: PXM 1 -> APIC 0x1c -> Node 1
[    0.058377] SRAT: PXM 1 -> APIC 0x1d -> Node 1
[    0.058946] SRAT: PXM 1 -> APIC 0x1e -> Node 1
[    0.059526] SRAT: PXM 1 -> APIC 0x1f -> Node 1
[    0.060120] ACPI: SRAT: Node 0 PXM 0 [mem 0x00000000-0x0009ffff]
[    0.060885] ACPI: SRAT: Node 0 PXM 0 [mem 0x00100000-0xbfffffff]
[    0.061679] ACPI: SRAT: Node 0 PXM 0 [mem 0x100000000-0x103fffffff]
[    0.062480] ACPI: SRAT: Node 1 PXM 1 [mem 0x1040000000-0x203fffffff]
[    0.063293] NUMA: Node 0 [mem 0x00000000-0x0009ffff] + [mem 0x00100000-0xbfffffff] -> [mem 0x00000000-0xbfffffff]
[    0.064623] NUMA: Node 0 [mem 0x00000000-0xbfffffff] + [mem 0x100000000-0x103fffffff] -> [mem 0x00000000-0x103fffffff]
[    0.065995] NODE_DATA(0) allocated [mem 0x103fffb000-0x103fffffff]
[    0.066783] NODE_DATA(1) allocated [mem 0x203fffb000-0x203fffffff]
[    0.067696] Zone ranges:
[    0.068023]   DMA      [mem 0x0000000000001000-0x0000000000ffffff]
[    0.068811]   DMA32    [mem 0x0000000001000000-0x00000000ffffffff]
[    0.069601]   Normal   [mem 0x0000000100000000-0x000000203fffffff]
[    0.070405]   Device   empty
[    0.070772] Movable zone start for each node
[    0.071317] Early memory node ranges
[    0.071773]   node   0: [mem 0x0000000000001000-0x0000000000054fff]
[    0.072572]   node   0: [mem 0x0000000000060000-0x0000000000097fff]
[    0.073371]   node   0: [mem 0x0000000000100000-0x00000000bf6ecfff]
[    0.074172]   node   0: [mem 0x00000000bf9ff000-0x00000000bffdffff]
[    0.074982]   node   0: [mem 0x0000000100000000-0x000000103fffffff]
[    0.075803]   node   1: [mem 0x0000001040000000-0x000000203fffffff]
[    0.076604] Initmem setup node 0 [mem 0x0000000000001000-0x000000103fffffff]
[    0.077499] Initmem setup node 1 [mem 0x0000001040000000-0x000000203fffffff]
[    0.078415] On node 0, zone DMA: 1 pages in unavailable ranges
[    0.078417] On node 0, zone DMA: 11 pages in unavailable ranges
[    0.079186] On node 0, zone DMA: 104 pages in unavailable ranges
[    0.085750] On node 0, zone DMA32: 786 pages in unavailable ranges
[    0.205032] On node 0, zone Normal: 32 pages in unavailable ranges
[    0.384279] ACPI: PM-Timer IO Port: 0xb008
[    0.385624] ACPI: LAPIC_NMI (acpi_id[0xff] dfl dfl lint[0x1])
[    0.386435] IOAPIC[0]: apic_id 0, version 17, address 0xfec00000, GSI 0-23
[    0.387322] ACPI: INT_SRC_OVR (bus 0 bus_irq 5 global_irq 5 high level)
[    0.388165] ACPI: INT_SRC_OVR (bus 0 bus_irq 9 global_irq 9 high level)
[    0.389009] ACPI: INT_SRC_OVR (bus 0 bus_irq 10 global_irq 10 high level)
[    0.389888] ACPI: INT_SRC_OVR (bus 0 bus_irq 11 global_irq 11 high level)
[    0.390765] ACPI: Using ACPI (MADT) for SMP configuration information
[    0.391586] smpboot: Allowing 32 CPUs, 0 hotplug CPUs
[    0.392255] [mem 0xc0000000-0xffffffff] available for PCI devices
[    0.393054] Booting paravirtualized kernel on KVM
[    0.393654] clocksource: refined-jiffies: mask: 0xffffffff max_cycles: 0xffffffff, max_idle_ns: 6370452778343963 ns
[    0.400066] setup_percpu: NR_CPUS:48 nr_cpumask_bits:48 nr_cpu_ids:32 nr_node_ids:2
[    0.403209] percpu: Embedded 51 pages/cpu s178920 r0 d29976 u262144
[    0.404036] pcpu-alloc: s178920 r0 d29976 u262144 alloc=1*2097152
[    0.404040] pcpu-alloc: [0] 00 01 02 03 04 05 06 07 [0] 16 17 18 19 20 21 22 23 
[    0.404049] pcpu-alloc: [1] 08 09 10 11 12 13 14 15 [1] 24 25 26 27 28 29 30 31 
[    0.404076] kvm-guest: PV spinlocks enabled
[    0.404615] PV qspinlock hash table entries: 256 (order: 0, 4096 bytes, linear)
[    0.405555] Fallback order for Node 0: 0 1 
[    0.406097] Fallback order for Node 1: 1 0 
[    0.406643] Built 2 zonelists, mobility grouping on.  Total pages: 33029080
[    0.407575] Policy zone: Normal
[    0.407975] Kernel command line: root=/dev/sda1 console=tty0 console=ttyS0,115200 earlyprintk=ttyS0,115200 consoleblank=0 intel_iommu=off
[    0.409616] Unknown kernel command line parameters "intel_iommu=off", will be passed to user space.
[    0.410779] printk: log_buf_len individual max cpu contribution: 4096 bytes
[    0.411668] printk: log_buf_len total cpu_extra contributions: 126976 bytes
[    0.412570] printk: log_buf_len min size: 131072 bytes
[    0.413628] printk: log_buf_len: 262144 bytes
[    0.414191] printk: early log buf free: 119760(91%)
[    0.415270] mem auto-init: stack:all(zero), heap alloc:off, heap free:off
[    0.733231] Memory: 132009036K/134213992K available (16401K kernel code, 2625K rwdata, 3408K rodata, 1764K init, 972K bss, 2204696K reserved, 0K cma-reserved)
[    0.735951] ftrace: allocating 44360 entries in 174 pages
[    0.747591] ftrace: allocated 174 pages with 5 groups
[    0.749824] Dynamic Preempt: none
[    0.750408] rcu: Preemptible hierarchical RCU implementation.
[    0.751175] rcu: 	RCU event tracing is enabled.
[    0.751753] rcu: 	RCU restricting CPUs from NR_CPUS=48 to nr_cpu_ids=32.
[    0.752609] 	Trampoline variant of Tasks RCU enabled.
[    0.753277] 	Rude variant of Tasks RCU enabled.
[    0.753855] 	Tracing variant of Tasks RCU enabled.
[    0.754467] rcu: RCU calculated value of scheduler-enlistment delay is 30 jiffies.
[    0.755434] rcu: Adjusting geometry for rcu_fanout_leaf=16, nr_cpu_ids=32
[    0.761259] NR_IRQS: 4352, nr_irqs: 680, preallocated irqs: 16
[    0.762370] random: crng init done
[    0.763697] Console: colour dummy device 80x25
[    0.764517] printk: console [tty0] enabled
[    0.765083] printk: console [ttyS0] enabled
[    0.766190] printk: bootconsole [earlyser0] disabled
[    0.767562] ACPI: Core revision 20211217
[    0.768208] APIC: Switch to symmetric I/O mode setup
[    0.772133] Switched APIC routing to physical x2apic.
[    0.776678] ..TIMER: vector=0x30 apic1=0 pin1=0 apic2=-1 pin2=-1
[    0.777737] clocksource: tsc-early: mask: 0xffffffffffffffff max_cycles: 0x285d298e329, max_idle_ns: 440795345114 ns
[    0.779143] Calibrating delay loop (skipped) preset value.. 5602.84 BogoMIPS (lpj=9334153)
[    0.780238] pid_max: default: 32768 minimum: 301
[    0.781014] LSM: Security Framework initializing
[    0.792994] Dentry cache hash table entries: 8388608 (order: 14, 67108864 bytes, vmalloc hugepage)
[    0.799807] Inode-cache hash table entries: 4194304 (order: 13, 33554432 bytes, vmalloc hugepage)
[    0.801191] Mount-cache hash table entries: 131072 (order: 8, 1048576 bytes, vmalloc)
[    0.802396] Mountpoint-cache hash table entries: 131072 (order: 8, 1048576 bytes, vmalloc)
[    0.803498] Last level iTLB entries: 4KB 64, 2MB 8, 4MB 8
[    0.804229] Last level dTLB entries: 4KB 64, 2MB 0, 4MB 0, 1GB 4
[    0.805816] Spectre V1 : Mitigation: usercopy/swapgs barriers and __user pointer sanitization
[    0.806942] Spectre V2 : Mitigation: Enhanced IBRS
[    0.807590] Spectre V2 : Spectre v2 / SpectreRSB mitigation: Filling RSB on context switch
[    0.808680] Spectre V2 : Spectre v2 / PBRSB-eIBRS: Retire a single CALL on VMEXIT
[    0.809139] RETBleed: Mitigation: Enhanced IBRS
[    0.809756] Spectre V2 : mitigation: Enabling conditional Indirect Branch Prediction Barrier
[    0.810888] Speculative Store Bypass: Mitigation: Speculative Store Bypass disabled via prctl
[    0.812482] MDS: Mitigation: Clear CPU buffers
[    0.813107] TAA: Mitigation: Clear CPU buffers
[    0.813708] MMIO Stale Data: Vulnerable: Clear CPU buffers attempted, no microcode
[    0.833667] Freeing SMP alternatives memory: 48K
[    0.941346] smpboot: CPU0: Intel(R) Xeon(R) CPU @ 2.80GHz (family: 0x6, model: 0x55, stepping: 0x7)
[    0.942472] cblist_init_generic: Setting adjustable number of callback queues.
[    0.942472] cblist_init_generic: Setting shift to 5 and lim to 1.
[    0.942472] cblist_init_generic: Setting shift to 5 and lim to 1.
[    0.942492] cblist_init_generic: Setting shift to 5 and lim to 1.
[    0.943354] Performance Events: unsupported p6 CPU model 85 no PMU driver, software events only.
[    0.944554] rcu: Hierarchical SRCU implementation.
[    0.945905] NMI watchdog: Perf NMI watchdog permanently disabled
[    0.947202] smp: Bringing up secondary CPUs ...
[    0.947970] x86: Booting SMP configuration:
[    0.948559] .... node  #0, CPUs:        #1  #2  #3  #4  #5  #6  #7
[    0.953513] .... node  #1, CPUs:    #8
[    0.013448] smpboot: CPU 8 Converting physical 0 to logical die 1
[    0.959329]   #9 #10 #11 #12 #13 #14 #15
[    0.963316] .... node  #0, CPUs:   #16
[    0.963889] MDS CPU bug present and SMT on, data leak possible. See https://www.kernel.org/doc/html/latest/admin-guide/hw-vuln/mds.html for more details.
[    0.967620] TAA CPU bug present and SMT on, data leak possible. See https://www.kernel.org/doc/html/latest/admin-guide/hw-vuln/tsx_async_abort.html for more details.
[    0.969142] MMIO Stale Data CPU bug present and SMT on, data leak possible. See https://www.kernel.org/doc/html/latest/admin-guide/hw-vuln/processor_mmio_stale_data.html for more details.
[    0.971466]  #17 #18 #19 #20 #21 #22 #23
[    0.976522] .... node  #1, CPUs:   #24 #25 #26 #27 #28 #29 #30 #31
[    0.982541] smp: Brought up 2 nodes, 32 CPUs
[    0.984071] smpboot: Max logical packages: 2
[    0.984667] smpboot: Total of 32 processors activated (179287.06 BogoMIPS)
[    0.991280] devtmpfs: initialized
[    0.991280] x86/mm: Memory block size: 1024MB
[    0.993255] clocksource: jiffies: mask: 0xffffffff max_cycles: 0xffffffff, max_idle_ns: 6370867519511994 ns
[    0.993879] futex hash table entries: 8192 (order: 7, 524288 bytes, vmalloc)
[    0.996065] NET: Registered PF_NETLINK/PF_ROUTE protocol family
[    0.997043] thermal_sys: Registered thermal governor 'step_wise'
[    0.997068] cpuidle: using governor menu
[    0.997256] PCI: Using configuration type 1 for base access
[    1.000559] cryptd: max_cpu_qlen set to 1000
[    1.055807] raid6: avx512x4 gen() 18674 MB/s
[    1.112474] raid6: avx512x2 gen() 18644 MB/s
[    1.169140] raid6: avx512x1 gen() 18591 MB/s
[    1.225807] raid6: avx2x4   gen() 18580 MB/s
[    1.282474] raid6: avx2x2   gen() 18366 MB/s
[    1.339140] raid6: avx2x1   gen() 13833 MB/s
[    1.339780] raid6: using algorithm avx512x4 gen() 18674 MB/s
[    1.395807] raid6: .... xor() 7896 MB/s, rmw enabled
[    1.396552] raid6: using avx512x2 recovery algorithm
[    1.397276] ACPI: Added _OSI(Module Device)
[    1.397847] ACPI: Added _OSI(Processor Device)
[    1.398450] ACPI: Added _OSI(3.0 _SCP Extensions)
[    1.399085] ACPI: Added _OSI(Processor Aggregator Device)
[    1.399140] ACPI: Added _OSI(Linux-Dell-Video)
[    1.399765] ACPI: Added _OSI(Linux-Lenovo-NV-HDMI-Audio)
[    1.400490] ACPI: Added _OSI(Linux-HPI-Hybrid-Graphics)
[    1.403344] ACPI: 3 ACPI AML tables successfully acquired and loaded
[    1.406571] ACPI: Interpreter enabled
[    1.407087] ACPI: PM: (supports S0 S5)
[    1.407645] ACPI: Using IOAPIC for interrupt routing
[    1.408353] PCI: Using host bridge windows from ACPI; if necessary, use "pci=nocrs" and report a bug
[    1.409321] ACPI: Enabled 16 GPEs in block 00 to 0F
[    1.413461] ACPI: PCI Root Bridge [PCI0] (domain 0000 [bus 00-ff])
[    1.414317] acpi PNP0A03:00: _OSC: OS supports [ASPM ClockPM Segments MSI HPX-Type3]
[    1.415383] acpi PNP0A03:00: PCIe port services disabled; not requesting _OSC control
[    1.415927] PCI host bridge to bus 0000:00
[    1.416505] pci_bus 0000:00: Unknown NUMA node; performance will be reduced
[    1.417457] pci_bus 0000:00: root bus resource [io  0x0000-0x0cf7 window]
[    1.418413] pci_bus 0000:00: root bus resource [io  0x0d00-0xffff window]
[    1.419140] pci_bus 0000:00: root bus resource [mem 0x000a0000-0x000bffff window]
[    1.420149] pci_bus 0000:00: root bus resource [mem 0xc0000000-0xfebfefff window]
[    1.421164] pci_bus 0000:00: root bus resource [bus 00-ff]
[    1.422514] pci 0000:00:00.0: [8086:1237] type 00 class 0x060000
[    1.429468] pci 0000:00:01.0: [8086:7110] type 00 class 0x060100
[    1.468482] pci 0000:00:01.3: [8086:7113] type 00 class 0x068000
[    1.505842] pci 0000:00:01.3: quirk: [io  0xb000-0xb03f] claimed by PIIX4 ACPI
[    1.507048] pci 0000:00:03.0: [1af4:1004] type 00 class 0x000000
[    1.522476] pci 0000:00:03.0: reg 0x10: [io  0xc040-0xc07f]
[    1.532474] pci 0000:00:03.0: reg 0x14: [mem 0xc0102000-0xc010207f]
[    1.562690] pci 0000:00:04.0: [1ae0:001f] type 00 class 0x010802
[    1.581475] pci 0000:00:04.0: reg 0x10: [mem 0xc0000000-0xc0003fff 64bit]
[    1.599144] pci 0000:00:04.0: reg 0x20: [mem 0xc0101000-0xc01011ff]
[    1.609453] pci 0000:00:05.0: [1af4:1000] type 00 class 0x020000
[    1.625807] pci 0000:00:05.0: reg 0x10: [io  0xc000-0xc03f]
[    1.635807] pci 0000:00:05.0: reg 0x14: [mem 0xc0100000-0xc01007ff]
[    1.668230] pci 0000:00:06.0: [1af4:1005] type 00 class 0x00ff00
[    1.682474] pci 0000:00:06.0: reg 0x10: [io  0xc080-0xc09f]
[    1.692475] pci 0000:00:06.0: reg 0x14: [mem 0xc0103000-0xc010303f]
[    1.721980] ACPI: PCI: Interrupt link LNKA configured for IRQ 11
[    1.725023] ACPI: PCI: Interrupt link LNKB configured for IRQ 11
[    1.727912] ACPI: PCI: Interrupt link LNKC configured for IRQ 10
[    1.731261] ACPI: PCI: Interrupt link LNKD configured for IRQ 10
[    1.732494] ACPI: PCI: Interrupt link LNKS configured for IRQ 9
[    1.737772] SCSI subsystem initialized
[    1.737772] Registered efivars operations
[    1.739248] PCI: Using ACPI for IRQ routing
[    1.739840] PCI: pci_cache_line_size set to 64 bytes
[    1.739934] e820: reserve RAM buffer [mem 0x00055000-0x0005ffff]
[    1.739937] e820: reserve RAM buffer [mem 0x00098000-0x0009ffff]
[    1.739938] e820: reserve RAM buffer [mem 0xbf6ed000-0xbfffffff]
[    1.739939] e820: reserve RAM buffer [mem 0xbffe0000-0xbfffffff]
[    1.739955] vgaarb: loaded
[    1.739955] clocksource: Switched to clocksource kvm-clock
[    1.755406] VFS: Disk quotas dquot_6.6.0
[    1.756003] VFS: Dquot-cache hash table entries: 512 (order 0, 4096 bytes)
[    1.756951] pnp: PnP ACPI init
[    1.757809] pnp: PnP ACPI: found 7 devices
[    1.764636] clocksource: acpi_pm: mask: 0xffffff max_cycles: 0xffffff, max_idle_ns: 2085701024 ns
[    1.765916] NET: Registered PF_INET protocol family
[    1.767164] IP idents hash table entries: 262144 (order: 9, 2097152 bytes, vmalloc)
[    1.769686] tcp_listen_portaddr_hash hash table entries: 65536 (order: 8, 1048576 bytes, vmalloc)
[    1.771029] Table-perturb hash table entries: 65536 (order: 6, 262144 bytes, vmalloc)
[    1.772144] TCP established hash table entries: 524288 (order: 10, 4194304 bytes, vmalloc hugepage)
[    1.773963] TCP bind hash table entries: 65536 (order: 8, 1048576 bytes, vmalloc)
[    1.775138] TCP: Hash tables configured (established 524288 bind 65536)
[    1.776118] UDP hash table entries: 65536 (order: 9, 2097152 bytes, vmalloc)
[    1.777382] UDP-Lite hash table entries: 65536 (order: 9, 2097152 bytes, vmalloc)
[    1.778773] NET: Registered PF_UNIX/PF_LOCAL protocol family
[    1.779778] RPC: Registered named UNIX socket transport module.
[    1.780571] RPC: Registered udp transport module.
[    1.781208] RPC: Registered tcp transport module.
[    1.781889] RPC: Registered tcp NFSv4.1 backchannel transport module.
[    1.782760] pci_bus 0000:00: resource 4 [io  0x0000-0x0cf7 window]
[    1.783938] pci_bus 0000:00: resource 5 [io  0x0d00-0xffff window]
[    1.784763] pci_bus 0000:00: resource 6 [mem 0x000a0000-0x000bffff window]
[    1.785691] pci_bus 0000:00: resource 7 [mem 0xc0000000-0xfebfefff window]
[    1.786637] pci 0000:00:00.0: Limiting direct PCI/PCI transfers
[    1.787498] PCI: CLS 0 bytes, default 64
[    1.788043] PCI-DMA: Using software bounce buffering for IO (SWIOTLB)
[    1.788961] software IO TLB: mapped [mem 0x00000000ba17b000-0x00000000be17b000] (64MB)
[    1.859325] RAPL PMU: API unit is 2^-32 Joules, 0 fixed counters, 10737418240 ms ovfl timer
[    1.860598] clocksource: tsc: mask: 0xffffffffffffffff max_cycles: 0x285d298e329, max_idle_ns: 440795345114 ns
[    1.862125] clocksource: Switched to clocksource tsc
[    1.863276] Initialise system trusted keyrings
[    1.864083] workingset: timestamp_bits=40 max_order=25 bucket_order=0
[    1.866357] NFS: Registering the id_resolver key type
[    1.867066] Key type id_resolver registered
[    1.867657] Key type id_legacy registered
[    1.868341] Installing knfsd (copyright (C) 1996 okir@monad.swb.de).
[    1.869395] ntfs: driver 2.1.32 [Flags: R/W].
[    1.870268] fuse: init (API version 7.36)
[    1.871000] JFS: nTxBlock = 8192, nTxLock = 65536
[    1.874297] SGI XFS with ACLs, security attributes, realtime, scrub, repair, quota, no debug enabled
[    1.875860] 9p: Installing v9fs 9p2000 file system support
[    1.876682] NILFS version 2 loaded
[    1.877200] ocfs2: Registered cluster interface o2cb
[    1.877960] OCFS2 User DLM kernel interface loaded
[    1.878834] xor: automatically using best checksumming function   avx       
[    1.879818] Key type asymmetric registered
[    1.880380] Asymmetric key parser 'x509' registered
[    1.881073] Block layer SCSI generic (bsg) driver version 0.4 loaded (major 249)
[    1.882162] io scheduler mq-deadline registered
[    1.882799] io scheduler kyber registered
[    1.885496] input: Power Button as /devices/LNXSYSTM:00/LNXPWRBN:00/input/input0
[    1.886539] ACPI: button: Power Button [PWRF]
[    1.887245] input: Sleep Button as /devices/LNXSYSTM:00/LNXSLPBN:00/input/input1
[    1.888267] ACPI: button: Sleep Button [SLPF]
[    1.894168] ACPI: \_SB_.LNKC: Enabled at IRQ 10
[    1.897774] virtio-pci 0000:00:03.0: virtio_pci: leaving for legacy driver
[    1.908559] ACPI: \_SB_.LNKA: Enabled at IRQ 11
[    1.911523] virtio-pci 0000:00:05.0: virtio_pci: leaving for legacy driver
[    1.923154] ACPI: \_SB_.LNKB: Enabled at IRQ 11
[    1.925943] virtio-pci 0000:00:06.0: virtio_pci: leaving for legacy driver
[    1.933855] Serial: 8250/16550 driver, 32 ports, IRQ sharing disabled
[    1.934846] 00:03: ttyS0 at I/O 0x3f8 (irq = 4, base_baud = 115200) is a 16550A
[    1.936002] 00:04: ttyS1 at I/O 0x2f8 (irq = 3, base_baud = 115200) is a 16550A
[    1.937157] 00:05: ttyS2 at I/O 0x3e8 (irq = 6, base_baud = 115200) is a 16550A
[    1.938292] 00:06: ttyS3 at I/O 0x2e8 (irq = 7, base_baud = 115200) is a 16550A
[    1.964990] tpm_tis MSFT0101:00: 2.0 TPM (device-id 0x9009, rev-id 0)
[    1.978631] loop: module loaded
[    1.997289] scsi host0: Virtio SCSI HBA
[    2.003296] scsi 0:0:1:0: Direct-Access     Google   PersistentDisk   1    PQ: 0 ANSI: 6
[    2.004852] scsi 0:0:2:0: Direct-Access     Google   PersistentDisk   1    PQ: 0 ANSI: 6
[    2.028574] sd 0:0:1:0: [sda] 20971520 512-byte logical blocks: (10.7 GB/10.0 GiB)
[    2.028675] sd 0:0:2:0: [sdb] 10485760000 512-byte logical blocks: (5.37 TB/4.88 TiB)
[    2.028728] nvme nvme0: pci function 0000:00:04.0
[    2.034127] sd 0:0:1:0: [sda] 4096-byte physical blocks
[    2.034182] sd 0:0:1:0: [sda] Write Protect is off
[    2.040018] ACPI: \_SB_.LNKD: Enabled at IRQ 10
[    2.042515] sd 0:0:2:0: [sdb] 4096-byte physical blocks
[    2.045342] sd 0:0:1:0: [sda] Mode Sense: 1f 00 00 08
[    2.049587] sd 0:0:2:0: [sdb] Write Protect is off
[    2.052789] sd 0:0:1:0: [sda] Write cache: enabled, read cache: enabled, doesn't support DPO or FUA
[    2.055566] sd 0:0:2:0: [sdb] Mode Sense: 1f 00 00 08
[    2.055641] sd 0:0:2:0: [sdb] Write cache: enabled, read cache: enabled, doesn't support DPO or FUA
[    2.124580] nvme nvme0: 15/0/0 default/read/poll queues
[    2.155753]  nvme0n1: p1 p2
[    2.325129] i8042: PNP: PS/2 Controller [PNP0303:KBD,PNP0f13:MOU] at 0x60,0x64 irq 1,12
[    2.326348] i8042: Warning: Keylock active
[    2.328939] serio: i8042 KBD port at 0x60,0x64 irq 1
[    2.329684] serio: i8042 AUX port at 0x60,0x64 irq 12
[    2.330405] device-mapper: core: CONFIG_IMA_DISABLE_HTABLE is disabled. Duplicate IMA measurements will not be recorded in the IMA log.
[    2.332107] device-mapper: ioctl: 4.46.0-ioctl (2022-02-22) initialised: dm-devel@redhat.com
[    2.333415] intel_pstate: CPU model not supported
[    2.334101] EFI Variables Facility v0.08 2004-May-17
[    2.334819]  sda: sda1 sda14 sda15
[    2.335896] sd 0:0:1:0: [sda] Attached SCSI disk
[    2.342779] NET: Registered PF_INET6 protocol family
[    2.343872] Segment Routing with IPv6
[    2.344405] In-situ OAM (IOAM) with IPv6
[    2.344973] sit: IPv6, IPv4 and MPLS over IPv4 tunneling driver
[    2.345929] NET: Registered PF_PACKET protocol family
[    2.346682] 9pnet: Installing 9P2000 support
[    2.347330] Key type dns_resolver registered
[    2.350803] IPI shorthand broadcast: enabled
[    2.351415] AVX2 version of gcm_enc/dec engaged.
[    2.352797] AES CTR mode by8 optimization enabled
[    2.354087] sched_clock: Marking stable (2343961853, 10114698)->(2380102255, -26025704)
[    2.356210] Loading compiled-in X.509 certificates
[    2.357099] Key type ._fscrypt registered
[    2.357683] Key type .fscrypt registered
[    2.358232] Key type fscrypt-provisioning registered
[    2.360380] Btrfs loaded, crc32c=crc32c-intel, assert=on, zoned=no, fsverity=yes
[    2.361978] Key type encrypted registered
[    2.362599] ima: Allocated hash algorithm: sha1
[    2.365115]  sdb: sdb1 sdb2
[    2.366052] sd 0:0:2:0: [sdb] Attached SCSI disk
[    2.384372] ima: No architecture policies found
[    2.385384] evm: Initialising EVM extended attributes:
[    2.386087] evm: security.selinux (disabled)
[    2.386674] evm: security.SMACK64 (disabled)
[    2.387273] evm: security.SMACK64EXEC (disabled)
[    2.387917] evm: security.SMACK64TRANSMUTE (disabled)
[    2.388666] evm: security.SMACK64MMAP (disabled)
[    2.389301] evm: security.apparmor (disabled)
[    2.389912] evm: security.ima
[    2.390327] evm: security.capability
[    2.390822] evm: HMAC attrs: 0x1
[    2.532757] input: AT Translated Set 2 keyboard as /devices/platform/i8042/serio0/input/input2
[    2.657037] EXT4-fs (sda1): INFO: recovery required on readonly filesystem
[    2.657978] EXT4-fs (sda1): write access will be enabled during recovery
[    2.998877] EXT4-fs (sda1): recovery complete
[    3.000510] EXT4-fs (sda1): mounted filesystem with ordered data mode. Quota mode: none.
[    3.001646] VFS: Mounted root (ext4 filesystem) readonly on device 8:1.
[    3.003691] Freeing unused kernel image (initmem) memory: 1764K
[    3.004553] Write protecting the kernel read-only data: 22528k
[    3.006245] Freeing unused kernel image (text/rodata gap) memory: 2028K
[    3.007511] Freeing unused kernel image (rodata/data gap) memory: 688K
[    3.008408] Run /sbin/init as init process
[    3.008993]   with arguments:
[    3.008994]     /sbin/init
[    3.008994]   with environment:
[    3.008995]     HOME=/
[    3.008995]     TERM=linux
[    3.008996]     intel_iommu=off
[    3.728548] systemd[1]: systemd 247.3-7+deb11u4 running in system mode. (+PAM +AUDIT +SELINUX +IMA +APPARMOR +SMACK +SYSVINIT +UTMP +LIBCRYPTSETUP +GCRYPT +GNUTLS +ACL +XZ +LZ4 +ZSTD +SECCOMP +BLKID +ELFUTILS +KMOD +IDN2 -IDN +PCRE2 default-hierarchy=unified)
[    3.731645] systemd[1]: Detected virtualization kvm.
[    3.732333] systemd[1]: Detected architecture x86-64.
[    3.772897] systemd[1]: Set hostname to <debian>.
[    4.362053] systemd[1]: Queued start job for default target Graphical Interface.
[    4.364293] systemd[1]: Created slice system-getty.slice.
[    4.379429] systemd[1]: Created slice system-modprobe.slice.
[    4.392742] systemd[1]: Created slice system-serial\x2dgetty.slice.
[    4.406043] systemd[1]: Created slice system-systemd\x2dgrowfs.slice.
[    4.419364] systemd[1]: Created slice User and Session Slice.
[    4.432665] systemd[1]: Started Dispatch Password Requests to Console Directory Watch.
[    4.445886] systemd[1]: Started Forward Password Requests to Wall Directory Watch.
[    4.459218] systemd[1]: Condition check resulted in Arbitrary Executable File Formats File System Automount Point being skipped.
[    4.460782] systemd[1]: Reached target Local Encrypted Volumes.
[    4.475869] systemd[1]: Reached target Paths.
[    4.489192] systemd[1]: Reached target Slices.
[    4.502579] systemd[1]: Reached target Swap.
[    4.515850] systemd[1]: Reached target System Time Set.
[    4.532145] systemd[1]: Listening on RPCbind Server Activation Socket.
[    4.546737] systemd[1]: Listening on Syslog Socket.
[    4.559252] systemd[1]: Listening on fsck to fsckd communication Socket.
[    4.572662] systemd[1]: Listening on initctl Compatibility Named Pipe.
[    4.586064] systemd[1]: Condition check resulted in Journal Audit Socket being skipped.
[    4.587347] systemd[1]: Listening on Journal Socket (/dev/log).
[    4.599287] systemd[1]: Listening on Journal Socket.
[    4.615929] systemd[1]: Listening on udev Control Socket.
[    4.629408] systemd[1]: Listening on udev Kernel Socket.
[    4.642618] systemd[1]: Condition check resulted in Huge Pages File System being skipped.
[    4.644561] systemd[1]: Mounting POSIX Message Queue File System...
[    4.659937] systemd[1]: Mounting NFSD configuration filesystem...
[    4.673066] systemd[1]: Mounting RPC Pipe File System...
[    4.686428] systemd[1]: Mounting Kernel Debug File System...
[    4.699737] systemd[1]: Mounting Kernel Trace File System...
[    4.712684] systemd[1]: Condition check resulted in Kernel Module supporting RPCSEC_GSS being skipped.
[    4.714227] systemd[1]: Condition check resulted in Create list of static device nodes for the current kernel being skipped.
[    4.716353] systemd[1]: Starting Load Kernel Module configfs...
[    4.730104] systemd[1]: Starting Load Kernel Module drm...
[    4.743290] systemd[1]: Starting Load Kernel Module fuse...
[    4.756821] systemd[1]: Condition check resulted in Set Up Additional Binary Formats being skipped.
[    4.758734] systemd[1]: Starting File System Check on Root Device...
[    4.774545] systemd[1]: Starting Journal Service...
[    4.776916] systemd[1]: Starting Load Kernel Modules...
[    4.778480] systemd[1]: Starting Coldplug All udev Devices...
[    4.780677] systemd[1]: Mounted POSIX Message Queue File System.
[    4.781615] systemd[1]: Mounted NFSD configuration filesystem.
[    4.782702] systemd[1]: Mounted RPC Pipe File System.
[    4.783571] systemd[1]: Mounted Kernel Debug File System.
[    4.784481] systemd[1]: Mounted Kernel Trace File System.
[    4.785473] systemd[1]: modprobe@configfs.service: Succeeded.
[    4.786504] systemd[1]: Finished Load Kernel Module configfs.
[    4.787553] systemd[1]: modprobe@drm.service: Succeeded.
[    4.788583] systemd[1]: Finished Load Kernel Module drm.
[    4.789604] systemd[1]: modprobe@fuse.service: Succeeded.
[    4.790625] systemd[1]: Finished Load Kernel Module fuse.
[    4.791660] systemd[1]: Finished Load Kernel Modules.
[    4.793232] systemd[1]: Mounting FUSE Control File System...
[    4.794707] systemd[1]: Mounting Kernel Configuration File System...
[    4.796474] systemd[1]: Starting pNFS block layout mapping daemon...
[    4.798127] systemd[1]: Started File System Check Daemon to report status.
[    4.799884] systemd[1]: Starting Apply Kernel Variables...
[    4.801991] systemd[1]: Mounted FUSE Control File System.
[    4.832679] systemd[1]: Started Journal Service.
[    5.130525] EXT4-fs (sda1): re-mounted. Quota mode: none.
[    5.172048] systemd-journald[392]: Received client request to flush runtime journal.
[    5.214724] systemd-journald[392]: File /var/log/journal/7cd7951d724011c5f4b8de4df5d46544/system.journal corrupted or uncleanly shut down, renaming and replacing.
[    5.399004] virtio_net virtio1 enp0s5: renamed from eth0
[    5.472841] FAT-fs (sda15): Volume was not properly unmounted. Some data may be corrupt. Please run fsck.
[    9.006946] NFSD: Using UMH upcall client tracking operations.
[    9.007831] NFSD: starting 90-second grace period (net f0000000)
[   32.325422] systemd-journald[392]: File /var/log/journal/7cd7951d724011c5f4b8de4df5d46544/user-1000.journal corrupted or uncleanly shut down, renaming and replacing.
[   65.120721] nfsd: last server has exited, flushing export cache
[   71.856615] EXT4-fs (nvme0n1p1): mounted filesystem with ordered data mode. Quota mode: none.
[   71.904822] sh (1600): drop_caches: 3
